@TheoremT.Continuum.second_directional_fderiv_evaluation.{u_1,
    u_2} : ∀ {E : Type u_1} {G : Type u_2} [inst : NormedAddCommGroup.{u_1} E]
  [inst_1 : @NormedSpace.{0, u_1} Real E _ _] [inst_2 : NormedAddCommGroup.{u_2} G]
  [inst_3 : @NormedSpace.{0, u_2} Real G _ _] {φ : E → G}
  (hφ : @ContDiff.{0, u_1, u_2} Real _ E _ _ G _ _ (@OfNat.ofNat.{0} (WithTop.{0} ENat) (nat_lit 2) _) φ) (x v w : E),
  @Eq.{u_2 + 1} G
    (@DFunLike.coe.{max (u_1 + 1) (u_2 + 1), u_1 + 1, u_2 + 1}
      (@ContinuousLinearMap.{0, 0, u_1, u_2} Real Real _ _ (@RingHom.id.{0} Real _) E _ _ G _ _ _ _) E
      (fun (x : E) => G) _
      (@fderiv.{0, u_1, u_2} Real _ E _ _ _ G _ _ _
        (fun (z : E) =>
          @DFunLike.coe.{max (u_1 + 1) (u_2 + 1), u_1 + 1, u_2 + 1}
            (@ContinuousLinearMap.{0, 0, u_1, u_2} Real Real _ _ (@RingHom.id.{0} Real _) E _ _ G _ _ _ _) E
            (fun (x : E) => G) _ (@fderiv.{0, u_1, u_2} Real _ E _ _ _ G _ _ _ φ z) v)
        x)
      w)
    (@DFunLike.coe.{max (u_1 + 1) (u_2 + 1), u_1 + 1, u_2 + 1}
      (@ContinuousLinearMap.{0, 0, u_1, u_2} Real Real _ _ (@RingHom.id.{0} Real _) E _ _ G _ _ _ _) E
      (fun (x : E) => G) _
      (@DFunLike.coe.{max (u_1 + 1) (u_2 + 1), u_1 + 1, max (u_1 + 1) (u_2 + 1)}
        (@ContinuousLinearMap.{0, 0, u_1, max u_2 u_1} Real Real _ _ (@RingHom.id.{0} Real _) E _ _
          (@ContinuousLinearMap.{0, 0, u_1, u_2} Real Real _ _ (@RingHom.id.{0} Real _) E _ _ G _ _ _ _) _ _ _ _)
        E (fun (x : E) => @ContinuousLinearMap.{0, 0, u_1, u_2} Real Real _ _ (@RingHom.id.{0} Real _) E _ _ G _ _ _ _)
        _
        (@fderiv.{0, u_1, max u_2 u_1} Real _ E _ _ _
          (@ContinuousLinearMap.{0, 0, u_1, u_2} Real Real _ _ (@RingHom.id.{0} Real _) E _ _ G _ _ _ _) _ _ _
          (fun (z : E) => @fderiv.{0, u_1, u_2} Real _ E _ _ _ G _ _ _ φ z) x)
        w)
      v)
@TheoremT.Continuum.ks_laplacian_composition.{u_1} : ∀ {G : Type u_1} [inst : NormedAddCommGroup.{u_1} G]
  [inst_1 : @NormedSpace.{0, u_1} Real G _ _] {φ : TheoremT.Continuum.Position → G}
  (hφ :
    @ContDiff.{0, 0, u_1} Real _ TheoremT.Continuum.Position _ _ G _ _
      (@OfNat.ofNat.{0} (WithTop.{0} ENat) (nat_lit 2) _) φ)
  (y : TheoremT.Continuum.KSSpace),
  @Eq.{u_1 + 1} G
    (@Finset.sum.{0, u_1} (Fin (@OfNat.ofNat.{0} Nat (nat_lit 4) _)) G _
      (@Finset.univ.{0} (Fin (@OfNat.ofNat.{0} Nat (nat_lit 4) _)) _)
      fun (k : Fin (@OfNat.ofNat.{0} Nat (nat_lit 4) _)) =>
      @DFunLike.coe.{u_1 + 1, 1, u_1 + 1}
        (@ContinuousLinearMap.{0, 0, 0, u_1} Real Real _ _ (@RingHom.id.{0} Real _) TheoremT.Continuum.KSSpace _ _ G _ _
          _ _)
        TheoremT.Continuum.KSSpace (fun (x : TheoremT.Continuum.KSSpace) => G) _
        (@fderiv.{0, 0, u_1} Real _ TheoremT.Continuum.KSSpace _ _ _ G _ _ _
          (fun (x : TheoremT.Continuum.KSSpace) =>
            @DFunLike.coe.{u_1 + 1, 1, u_1 + 1}
              (@ContinuousLinearMap.{0, 0, 0, u_1} Real Real _ _ (@RingHom.id.{0} Real _) TheoremT.Continuum.KSSpace _ _
                G _ _ _ _)
              TheoremT.Continuum.KSSpace (fun (x : TheoremT.Continuum.KSSpace) => G) _
              (@fderiv.{0, 0, u_1} Real _ TheoremT.Continuum.KSSpace _ _ _ G _ _ _
                (@Function.comp.{1, 1, u_1 + 1} TheoremT.Continuum.KSSpace TheoremT.Continuum.Position G φ
                  TheoremT.Continuum.ksMap)
                x)
              (TheoremT.Continuum.ksBasis k))
          y)
        (TheoremT.Continuum.ksBasis k))
    (@HSMul.hSMul.{0, u_1, u_1} Real G G _
      (@HMul.hMul.{0, 0, 0} Real Real Real _ (@OfNat.ofNat.{0} Real (nat_lit 4) _)
        (@HPow.hPow.{0, 0, 0} Real Nat Real _ (@Norm.norm.{0} TheoremT.Continuum.KSSpace _ y)
          (@OfNat.ofNat.{0} Nat (nat_lit 2) _)))
      (@Finset.sum.{0, u_1} (Fin (@OfNat.ofNat.{0} Nat (nat_lit 3) _)) G _
        (@Finset.univ.{0} (Fin (@OfNat.ofNat.{0} Nat (nat_lit 3) _)) _)
        fun (i : Fin (@OfNat.ofNat.{0} Nat (nat_lit 3) _)) =>
        @DFunLike.coe.{u_1 + 1, 1, u_1 + 1}
          (@ContinuousLinearMap.{0, 0, 0, u_1} Real Real _ _ (@RingHom.id.{0} Real _) TheoremT.Continuum.Position _ _ G
            _ _ _ _)
          TheoremT.Continuum.Position (fun (x : TheoremT.Continuum.Position) => G) _
          (@fderiv.{0, 0, u_1} Real _ TheoremT.Continuum.Position _ _ _ G _ _ _
            (fun (x : TheoremT.Continuum.Position) =>
              @DFunLike.coe.{u_1 + 1, 1, u_1 + 1}
                (@ContinuousLinearMap.{0, 0, 0, u_1} Real Real _ _ (@RingHom.id.{0} Real _) TheoremT.Continuum.Position
                  _ _ G _ _ _ _)
                TheoremT.Continuum.Position (fun (x : TheoremT.Continuum.Position) => G) _
                (@fderiv.{0, 0, u_1} Real _ TheoremT.Continuum.Position _ _ _ G _ _ _ φ x)
                (TheoremT.Continuum.ksTargetBasis i))
            (TheoremT.Continuum.ksMap y))
          (TheoremT.Continuum.ksTargetBasis i)))
'TheoremT.Continuum.second_directional_fderiv_evaluation' depends on axioms: [propext, Classical.choice, Quot.sound]
'TheoremT.Continuum.ks_laplacian_composition' depends on axioms: [propext, Classical.choice, Quot.sound]
