@TheoremT.Continuum.WeakGrushin.mixed_grushin_y_equations : ∀ {κ : Type} [inst : Fintype.{0} κ]
  [inst_1 : DecidableEq.{1} κ] (c : Real) {Ω : Set.{0} (@TheoremT.Continuum.WeakGrushin.Space κ _)}
  (hΩ : @IsOpen.{0} (@TheoremT.Continuum.WeakGrushin.Space κ _) _ Ω)
  {B : @TheoremT.Continuum.WeakGrushin.Space κ _ → Real}
  (hB :
    @ContDiffOn.{0, 0, 0} Real _ (@TheoremT.Continuum.WeakGrushin.Space κ _) _ _ Real _ _
      (@WithTop.some.{0} ENat (@Top.top.{0} ENat _)) B Ω)
  {r m : Nat}
  (F S :
    List.{0} (Fin (@OfNat.ofNat.{0} Nat (nat_lit 4) _)) →
      List.{0} κ → @TheoremT.Continuum.WeakGrushin.Space κ _ → Complex)
  (hF :
    ∀ (a : List.{0} (Fin (@OfNat.ofNat.{0} Nat (nat_lit 4) _))) (b : List.{0} κ),
      @LE.le.{0} Nat _ (@List.length.{0} (Fin (@OfNat.ofNat.{0} Nat (nat_lit 4) _)) a) r →
        @LE.le.{0} Nat _
            (@HAdd.hAdd.{0, 0, 0} Nat Nat Nat _ (@List.length.{0} (Fin (@OfNat.ofNat.{0} Nat (nat_lit 4) _)) a)
              (@List.length.{0} κ b))
            m →
          @TheoremT.Continuum.ProductLocallyL2On.{0, 0}
            (EuclideanSpace.{0, 0} Real (Fin (@OfNat.ofNat.{0} Nat (nat_lit 4) _))) (EuclideanSpace.{0, 0} Real κ) _ _ _
            _ _ _ _ _ _ _ (F a b) Ω)
  (hY :
    ∀ (a : List.{0} (Fin (@OfNat.ofNat.{0} Nat (nat_lit 4) _))) (b : List.{0} κ)
      (i : Fin (@OfNat.ofNat.{0} Nat (nat_lit 4) _)),
      @LT.lt.{0} Nat _ (@List.length.{0} (Fin (@OfNat.ofNat.{0} Nat (nat_lit 4) _)) a) r →
        @LT.lt.{0} Nat _
            (@HAdd.hAdd.{0, 0, 0} Nat Nat Nat _ (@List.length.{0} (Fin (@OfNat.ofNat.{0} Nat (nat_lit 4) _)) a)
              (@List.length.{0} κ b))
            m →
          @TheoremT.Continuum.ProductLocalWeakDirectional.{0, 0}
            (EuclideanSpace.{0, 0} Real (Fin (@OfNat.ofNat.{0} Nat (nat_lit 4) _))) (EuclideanSpace.{0, 0} Real κ) _ _ _
            _ _ _ _ _ _ _ Ω (F a b) (F (@List.cons.{0} (Fin (@OfNat.ofNat.{0} Nat (nat_lit 4) _)) i a) b)
            (@TheoremT.Continuum.WeakGrushin.yDir κ _ i))
  (hT :
    ∀ (b : List.{0} κ) (j : κ),
      @LT.lt.{0} Nat _ (@List.length.{0} κ b) m →
        @TheoremT.Continuum.ProductLocalWeakDirectional.{0, 0}
          (EuclideanSpace.{0, 0} Real (Fin (@OfNat.ofNat.{0} Nat (nat_lit 4) _))) (EuclideanSpace.{0, 0} Real κ) _ _ _ _
          _ _ _ _ _ _ Ω (F (@List.nil.{0} (Fin (@OfNat.ofNat.{0} Nat (nat_lit 4) _))) b)
          (F (@List.nil.{0} (Fin (@OfNat.ofNat.{0} Nat (nat_lit 4) _))) (@List.cons.{0} κ j b))
          (@TheoremT.Continuum.WeakGrushin.tDir κ _ _ j))
  (hS :
    ∀ (a : List.{0} (Fin (@OfNat.ofNat.{0} Nat (nat_lit 4) _))) (b : List.{0} κ),
      @LE.le.{0} Nat _
          (@HAdd.hAdd.{0, 0, 0} Nat Nat Nat _
            (@HAdd.hAdd.{0, 0, 0} Nat Nat Nat _ (@List.length.{0} (Fin (@OfNat.ofNat.{0} Nat (nat_lit 4) _)) a)
              (@List.length.{0} κ b))
            (@OfNat.ofNat.{0} Nat (nat_lit 2) _))
          m →
        @TheoremT.Continuum.ProductLocallyL2On.{0, 0}
          (EuclideanSpace.{0, 0} Real (Fin (@OfNat.ofNat.{0} Nat (nat_lit 4) _))) (EuclideanSpace.{0, 0} Real κ) _ _ _ _
          _ _ _ _ _ _ (S a b) Ω)
  (hSY :
    ∀ (a : List.{0} (Fin (@OfNat.ofNat.{0} Nat (nat_lit 4) _))) (b : List.{0} κ)
      (i : Fin (@OfNat.ofNat.{0} Nat (nat_lit 4) _)),
      @LT.lt.{0} Nat _
          (@HAdd.hAdd.{0, 0, 0} Nat Nat Nat _
            (@HAdd.hAdd.{0, 0, 0} Nat Nat Nat _ (@List.length.{0} (Fin (@OfNat.ofNat.{0} Nat (nat_lit 4) _)) a)
              (@List.length.{0} κ b))
            (@OfNat.ofNat.{0} Nat (nat_lit 2) _))
          m →
        @TheoremT.Continuum.ProductLocalWeakDirectional.{0, 0}
          (EuclideanSpace.{0, 0} Real (Fin (@OfNat.ofNat.{0} Nat (nat_lit 4) _))) (EuclideanSpace.{0, 0} Real κ) _ _ _ _
          _ _ _ _ _ _ Ω (S a b) (S (@List.cons.{0} (Fin (@OfNat.ofNat.{0} Nat (nat_lit 4) _)) i a) b)
          (@TheoremT.Continuum.WeakGrushin.yDir κ _ i))
  (hST :
    ∀ (b : List.{0} κ) (j : κ),
      @LT.lt.{0} Nat _ (@HAdd.hAdd.{0, 0, 0} Nat Nat Nat _ (@List.length.{0} κ b) (@OfNat.ofNat.{0} Nat (nat_lit 2) _))
          m →
        @TheoremT.Continuum.ProductLocalWeakDirectional.{0, 0}
          (EuclideanSpace.{0, 0} Real (Fin (@OfNat.ofNat.{0} Nat (nat_lit 4) _))) (EuclideanSpace.{0, 0} Real κ) _ _ _ _
          _ _ _ _ _ _ Ω (S (@List.nil.{0} (Fin (@OfNat.ofNat.{0} Nat (nat_lit 4) _))) b)
          (S (@List.nil.{0} (Fin (@OfNat.ofNat.{0} Nat (nat_lit 4) _))) (@List.cons.{0} κ j b))
          (@TheoremT.Continuum.WeakGrushin.tDir κ _ _ j))
  (hP :
    ∀ (φ : @TheoremT.Continuum.WeakGrushin.Space κ _ → Real),
      @ContDiff.{0, 0, 0} Real _ (@TheoremT.Continuum.WeakGrushin.Space κ _) _ _ Real _ _
          (@WithTop.some.{0} ENat (@Top.top.{0} ENat _)) φ →
        @HasCompactSupport.{0, 0} (@TheoremT.Continuum.WeakGrushin.Space κ _) Real _ _ φ →
          @LE.le.{0} (Set.{0} (@TheoremT.Continuum.WeakGrushin.Space κ _)) _
              (@tsupport.{0, 0} (@TheoremT.Continuum.WeakGrushin.Space κ _) Real _ _ φ) Ω →
            @Eq.{1} Complex
              (@MeasureTheory.integral.{0, 0} (Prod.{0, 0} TheoremT.Continuum.KSSpace (EuclideanSpace.{0, 0} Real κ))
                Complex _ _
                (@MeasureTheory.MeasureSpace.toMeasurableSpace.{0}
                  (Prod.{0, 0} TheoremT.Continuum.KSSpace (EuclideanSpace.{0, 0} Real κ)) _)
                (@MeasureTheory.MeasureSpace.volume.{0}
                  (Prod.{0, 0} TheoremT.Continuum.KSSpace (EuclideanSpace.{0, 0} Real κ)) _)
                fun (p : Prod.{0, 0} TheoremT.Continuum.KSSpace (EuclideanSpace.{0, 0} Real κ)) =>
                @HSMul.hSMul.{0, 0, 0} Real Complex Complex _
                  (@TheoremT.Continuum.splitGrushin.{0, 0} (EuclideanSpace.{0, 0} Real κ) _ _ κ _ c
                    (@TheoremT.Continuum.oscillatorBasis.{0} κ _) B φ p)
                  (F (@List.nil.{0} (Fin (@OfNat.ofNat.{0} Nat (nat_lit 4) _))) (@List.nil.{0} κ) p))
              (@MeasureTheory.integral.{0, 0} (@TheoremT.Continuum.WeakGrushin.Space κ _) Complex _ _
                (@MeasureTheory.MeasureSpace.toMeasurableSpace.{0} (@TheoremT.Continuum.WeakGrushin.Space κ _) _)
                (@MeasureTheory.MeasureSpace.volume.{0} (@TheoremT.Continuum.WeakGrushin.Space κ _) _)
                fun (p : @TheoremT.Continuum.WeakGrushin.Space κ _) =>
                @HSMul.hSMul.{0, 0, 0} Real Complex Complex _ (φ p)
                  (S (@List.nil.{0} (Fin (@OfNat.ofNat.{0} Nat (nat_lit 4) _))) (@List.nil.{0} κ) p)))
  (a : List.{0} (Fin (@OfNat.ofNat.{0} Nat (nat_lit 4) _))) (b : List.{0} κ),
  @LE.le.{0} Nat _ (@List.length.{0} (Fin (@OfNat.ofNat.{0} Nat (nat_lit 4) _)) a) r →
    @LE.le.{0} Nat _
        (@HAdd.hAdd.{0, 0, 0} Nat Nat Nat _
          (@HAdd.hAdd.{0, 0, 0} Nat Nat Nat _ (@List.length.{0} (Fin (@OfNat.ofNat.{0} Nat (nat_lit 4) _)) a)
            (@List.length.{0} κ b))
          (@OfNat.ofNat.{0} Nat (nat_lit 2) _))
        m →
      And
        (@TheoremT.Continuum.ProductLocallyL2On.{0, 0}
          (EuclideanSpace.{0, 0} Real (Fin (@OfNat.ofNat.{0} Nat (nat_lit 4) _))) (EuclideanSpace.{0, 0} Real κ) _ _ _ _
          _ _ _ _ _ _ (@TheoremT.Continuum.WeakGrushin.mixedYEquationSource κ _ _ c B F S a b) Ω)
        (∀ (φ : @TheoremT.Continuum.WeakGrushin.Space κ _ → Real),
          @ContDiff.{0, 0, 0} Real _ (@TheoremT.Continuum.WeakGrushin.Space κ _) _ _ Real _ _
              (@WithTop.some.{0} ENat (@Top.top.{0} ENat _)) φ →
            @HasCompactSupport.{0, 0} (@TheoremT.Continuum.WeakGrushin.Space κ _) Real _ _ φ →
              @LE.le.{0} (Set.{0} (@TheoremT.Continuum.WeakGrushin.Space κ _)) _
                  (@tsupport.{0, 0} (@TheoremT.Continuum.WeakGrushin.Space κ _) Real _ _ φ) Ω →
                And
                  (@MeasureTheory.Integrable.{0, 0} Complex _ _
                    (Prod.{0, 0} TheoremT.Continuum.KSSpace (EuclideanSpace.{0, 0} Real κ))
                    (@Prod.instMeasurableSpace.{0, 0} TheoremT.Continuum.KSSpace (EuclideanSpace.{0, 0} Real κ) _ _)
                    (fun (p : Prod.{0, 0} TheoremT.Continuum.KSSpace (EuclideanSpace.{0, 0} Real κ)) =>
                      @HSMul.hSMul.{0, 0, 0} Real Complex Complex _
                        (@TheoremT.Continuum.splitGrushin.{0, 0} (EuclideanSpace.{0, 0} Real κ) _ _ κ _
                          (@OfNat.ofNat.{0} Real (nat_lit 0) _) (@TheoremT.Continuum.oscillatorBasis.{0} κ _)
                          (fun (x : Prod.{0, 0} TheoremT.Continuum.KSSpace (EuclideanSpace.{0, 0} Real κ)) =>
                            @OfNat.ofNat.{0} Real (nat_lit 0) _)
                          φ p)
                        (F a b p))
                    (@MeasureTheory.MeasureSpace.volume.{0}
                      (Prod.{0, 0} TheoremT.Continuum.KSSpace (EuclideanSpace.{0, 0} Real κ)) _))
                  (And
                    (@MeasureTheory.Integrable.{0, 0} Complex _ _ (@TheoremT.Continuum.WeakGrushin.Space κ _)
                      (@Prod.instMeasurableSpace.{0, 0}
                        (EuclideanSpace.{0, 0} Real (Fin (@OfNat.ofNat.{0} Nat (nat_lit 4) _)))
                        (EuclideanSpace.{0, 0} Real κ) _ _)
                      (fun (p : @TheoremT.Continuum.WeakGrushin.Space κ _) =>
                        @HSMul.hSMul.{0, 0, 0} Real Complex Complex _ (φ p)
                          (@TheoremT.Continuum.WeakGrushin.mixedYEquationSource κ _ _ c B F S a b p))
                      (@MeasureTheory.MeasureSpace.volume.{0} (@TheoremT.Continuum.WeakGrushin.Space κ _) _))
                    (@Eq.{1} Complex
                      (@MeasureTheory.integral.{0, 0}
                        (Prod.{0, 0} TheoremT.Continuum.KSSpace (EuclideanSpace.{0, 0} Real κ)) Complex _ _
                        (@MeasureTheory.MeasureSpace.toMeasurableSpace.{0}
                          (Prod.{0, 0} TheoremT.Continuum.KSSpace (EuclideanSpace.{0, 0} Real κ)) _)
                        (@MeasureTheory.MeasureSpace.volume.{0}
                          (Prod.{0, 0} TheoremT.Continuum.KSSpace (EuclideanSpace.{0, 0} Real κ)) _)
                        fun (p : Prod.{0, 0} TheoremT.Continuum.KSSpace (EuclideanSpace.{0, 0} Real κ)) =>
                        @HSMul.hSMul.{0, 0, 0} Real Complex Complex _
                          (@TheoremT.Continuum.splitGrushin.{0, 0} (EuclideanSpace.{0, 0} Real κ) _ _ κ _
                            (@OfNat.ofNat.{0} Real (nat_lit 0) _) (@TheoremT.Continuum.oscillatorBasis.{0} κ _)
                            (fun (x : Prod.{0, 0} TheoremT.Continuum.KSSpace (EuclideanSpace.{0, 0} Real κ)) =>
                              @OfNat.ofNat.{0} Real (nat_lit 0) _)
                            φ p)
                          (F a b p))
                      (@MeasureTheory.integral.{0, 0} (@TheoremT.Continuum.WeakGrushin.Space κ _) Complex _ _
                        (@MeasureTheory.MeasureSpace.toMeasurableSpace.{0} (@TheoremT.Continuum.WeakGrushin.Space κ _)
                          _)
                        (@MeasureTheory.MeasureSpace.volume.{0} (@TheoremT.Continuum.WeakGrushin.Space κ _) _)
                        fun (p : @TheoremT.Continuum.WeakGrushin.Space κ _) =>
                        @HSMul.hSMul.{0, 0, 0} Real Complex Complex _ (φ p)
                          (@TheoremT.Continuum.WeakGrushin.mixedYEquationSource κ _ _ c B F S a b p)))))
'TheoremT.Continuum.WeakGrushin.mixed_grushin_y_equations' depends on axioms: [propext, Classical.choice, Quot.sound]
