TheoremT.Continuum.ksMap_coordinate_fderiv : ∀ (y v : TheoremT.Continuum.KSSpace)
  (i : Fin (@OfNat.ofNat.{0} Nat (nat_lit 3) _)),
  @Eq.{1} ((fun (x : Fin (@OfNat.ofNat.{0} Nat (nat_lit 3) _)) => Real) i)
    (@DFunLike.coe.{1, 1, 1}
      (@ContinuousLinearMap.{0, 0, 0, 0} Real Real _ _ (@RingHom.id.{0} Real _) TheoremT.Continuum.KSSpace _ _
        ((fun (x : Fin (@OfNat.ofNat.{0} Nat (nat_lit 3) _)) => Real) i) _ _ _ _)
      TheoremT.Continuum.KSSpace
      (fun (x : TheoremT.Continuum.KSSpace) => (fun (x : Fin (@OfNat.ofNat.{0} Nat (nat_lit 3) _)) => Real) i) _
      (@fderiv.{0, 0, 0} Real _ TheoremT.Continuum.KSSpace _ _ _
        ((fun (x : Fin (@OfNat.ofNat.{0} Nat (nat_lit 3) _)) => Real) i) _ _ _
        (fun (x : TheoremT.Continuum.KSSpace) =>
          @WithLp.ofLp.{0} (@OfNat.ofNat.{0} ENNReal (nat_lit 2) _)
            ((i : Fin (@OfNat.ofNat.{0} Nat (nat_lit 3) _)) →
              (fun (x : Fin (@OfNat.ofNat.{0} Nat (nat_lit 3) _)) => Real) i)
            (TheoremT.Continuum.ksMap x) i)
        y)
      v)
    (@Finset.sum.{0, 0} (Fin (@OfNat.ofNat.{0} Nat (nat_lit 4) _)) Real _
      (@Finset.univ.{0} (Fin (@OfNat.ofNat.{0} Nat (nat_lit 4) _)) _)
      fun (k : Fin (@OfNat.ofNat.{0} Nat (nat_lit 4) _)) =>
      @HMul.hMul.{0, 0, 0} Real ((fun (x : Fin (@OfNat.ofNat.{0} Nat (nat_lit 4) _)) => Real) k) Real _
        (TheoremT.Continuum.ksJacobian y i k)
        (@WithLp.ofLp.{0} (@OfNat.ofNat.{0} ENNReal (nat_lit 2) _)
          ((i : Fin (@OfNat.ofNat.{0} Nat (nat_lit 4) _)) →
            (fun (x : Fin (@OfNat.ofNat.{0} Nat (nat_lit 4) _)) => Real) i)
          v k))
'TheoremT.Continuum.ksMap_coordinate_fderiv' depends on axioms: [propext, Classical.choice, Quot.sound]
