def TheoremT.Continuum.PhysicalKSBoxFactorialData : (f :
    @TheoremT.Continuum.WeakGrushin.Space (Fin (@OfNat.ofNat.{0} Nat (nat_lit 3) _)) _ → Complex) →
  (t0 : TheoremT.Continuum.Position) → (M A F0 W : Real) → Prop :=
fun (f : @TheoremT.Continuum.WeakGrushin.Space (Fin (@OfNat.ofNat.{0} Nat (nat_lit 3) _)) _ → Complex)
    (t0 : TheoremT.Continuum.Position) (M A F0 W : Real) =>
  @Exists.{1} TheoremT.Continuum.WeakGrushin.FactorialRawJetFamily
    fun (F : TheoremT.Continuum.WeakGrushin.FactorialRawJetFamily) =>
    And
      (@Eq.{1} (@TheoremT.Continuum.WeakGrushin.Space (Fin (@OfNat.ofNat.{0} Nat (nat_lit 3) _)) _ → Complex)
        (F (@OfNat.ofNat.{0} (Fin (@OfNat.ofNat.{0} Nat (nat_lit 4) _) → Nat) (nat_lit 0) _)
          (@OfNat.ofNat.{0} (Fin (@OfNat.ofNat.{0} Nat (nat_lit 3) _) → Nat) (nat_lit 0) _))
        f)
      (And
        (∀ (m : Nat),
          @Exists.{1} Real fun (V : Real) =>
            And (@LE.le.{0} Real _ (@OfNat.ofNat.{0} Real (nat_lit 0) _) V)
              (∀ (α : Fin (@OfNat.ofNat.{0} Nat (nat_lit 4) _) → Nat)
                (β : Fin (@OfNat.ofNat.{0} Nat (nat_lit 3) _) → Nat),
                @LE.le.{0} Nat _
                    (@HAdd.hAdd.{0, 0, 0} Nat Nat Nat _
                      (@Finset.sum.{0, 0} (Fin (@OfNat.ofNat.{0} Nat (nat_lit 4) _)) Nat _
                        (@Finset.univ.{0} (Fin (@OfNat.ofNat.{0} Nat (nat_lit 4) _)) _)
                        fun (i : Fin (@OfNat.ofNat.{0} Nat (nat_lit 4) _)) => α i)
                      (@Finset.sum.{0, 0} (Fin (@OfNat.ofNat.{0} Nat (nat_lit 3) _)) Nat _
                        (@Finset.univ.{0} (Fin (@OfNat.ofNat.{0} Nat (nat_lit 3) _)) _)
                        fun (j : Fin (@OfNat.ofNat.{0} Nat (nat_lit 3) _)) => β j))
                    m →
                  @TheoremT.Continuum.WeakGrushin.RegionL2Budget (Fin (@OfNat.ofNat.{0} Nat (nat_lit 3) _)) _ (F α β)
                    (TheoremT.Continuum.WeakGrushin.rectangularOpenBox
                      (@Prod.mk.{0, 0} (EuclideanSpace.{0, 0} Real (Fin (@OfNat.ofNat.{0} Nat (nat_lit 4) _)))
                        (EuclideanSpace.{0, 0} Real (Fin (@OfNat.ofNat.{0} Nat (nat_lit 3) _)))
                        (@OfNat.ofNat.{0} (EuclideanSpace.{0, 0} Real (Fin (@OfNat.ofNat.{0} Nat (nat_lit 4) _)))
                          (nat_lit 0) _)
                        t0)
                      (@HDiv.hDiv.{0, 0, 0} Real Real Real _ (@OfNat.ofNat.{0} Real (nat_lit 1) _)
                        (@OfNat.ofNat.{0} Real (nat_lit 128) _))
                      (@HDiv.hDiv.{0, 0, 0} Real Real Real _ (@OfNat.ofNat.{0} Real (nat_lit 1) _)
                        (@OfNat.ofNat.{0} Real (nat_lit 128) _)))
                    V))
        (And
          (∀ (α : Fin (@OfNat.ofNat.{0} Nat (nat_lit 4) _) → Nat) (β : Fin (@OfNat.ofNat.{0} Nat (nat_lit 3) _) → Nat)
            (i : Fin (@OfNat.ofNat.{0} Nat (nat_lit 4) _)),
            @TheoremT.Continuum.ProductLocalWeakDirectional.{0, 0}
              (EuclideanSpace.{0, 0} Real (Fin (@OfNat.ofNat.{0} Nat (nat_lit 4) _)))
              (EuclideanSpace.{0, 0} Real (Fin (@OfNat.ofNat.{0} Nat (nat_lit 3) _))) _ _ _ _ _ _ _ _ _ _
              (TheoremT.Continuum.WeakGrushin.rectangularOpenBox
                (@Prod.mk.{0, 0} (EuclideanSpace.{0, 0} Real (Fin (@OfNat.ofNat.{0} Nat (nat_lit 4) _)))
                  (EuclideanSpace.{0, 0} Real (Fin (@OfNat.ofNat.{0} Nat (nat_lit 3) _)))
                  (@OfNat.ofNat.{0} (EuclideanSpace.{0, 0} Real (Fin (@OfNat.ofNat.{0} Nat (nat_lit 4) _))) (nat_lit 0)
                    _)
                  t0)
                (@HDiv.hDiv.{0, 0, 0} Real Real Real _ (@OfNat.ofNat.{0} Real (nat_lit 1) _)
                  (@OfNat.ofNat.{0} Real (nat_lit 128) _))
                (@HDiv.hDiv.{0, 0, 0} Real Real Real _ (@OfNat.ofNat.{0} Real (nat_lit 1) _)
                  (@OfNat.ofNat.{0} Real (nat_lit 128) _)))
              (F α β)
              (F
                (@HAdd.hAdd.{0, 0, 0} (Fin (@OfNat.ofNat.{0} Nat (nat_lit 4) _) → Nat)
                  ((j : Fin (@OfNat.ofNat.{0} Nat (nat_lit 4) _)) → Nat)
                  (Fin (@OfNat.ofNat.{0} Nat (nat_lit 4) _) → Nat) _ α
                  (@Pi.single.{0, 0} (Fin (@OfNat.ofNat.{0} Nat (nat_lit 4) _))
                    (fun (j : Fin (@OfNat.ofNat.{0} Nat (nat_lit 4) _)) => Nat) _ _ i
                    (@OfNat.ofNat.{0} Nat (nat_lit 1) _)))
                β)
              (@TheoremT.Continuum.WeakGrushin.yDir (Fin (@OfNat.ofNat.{0} Nat (nat_lit 3) _)) _ i))
          (And
            (∀ (α : Fin (@OfNat.ofNat.{0} Nat (nat_lit 4) _) → Nat) (β : Fin (@OfNat.ofNat.{0} Nat (nat_lit 3) _) → Nat)
              (j : Fin (@OfNat.ofNat.{0} Nat (nat_lit 3) _)),
              @TheoremT.Continuum.ProductLocalWeakDirectional.{0, 0}
                (EuclideanSpace.{0, 0} Real (Fin (@OfNat.ofNat.{0} Nat (nat_lit 4) _)))
                (EuclideanSpace.{0, 0} Real (Fin (@OfNat.ofNat.{0} Nat (nat_lit 3) _))) _ _ _ _ _ _ _ _ _ _
                (TheoremT.Continuum.WeakGrushin.rectangularOpenBox
                  (@Prod.mk.{0, 0} (EuclideanSpace.{0, 0} Real (Fin (@OfNat.ofNat.{0} Nat (nat_lit 4) _)))
                    (EuclideanSpace.{0, 0} Real (Fin (@OfNat.ofNat.{0} Nat (nat_lit 3) _)))
                    (@OfNat.ofNat.{0} (EuclideanSpace.{0, 0} Real (Fin (@OfNat.ofNat.{0} Nat (nat_lit 4) _)))
                      (nat_lit 0) _)
                    t0)
                  (@HDiv.hDiv.{0, 0, 0} Real Real Real _ (@OfNat.ofNat.{0} Real (nat_lit 1) _)
                    (@OfNat.ofNat.{0} Real (nat_lit 128) _))
                  (@HDiv.hDiv.{0, 0, 0} Real Real Real _ (@OfNat.ofNat.{0} Real (nat_lit 1) _)
                    (@OfNat.ofNat.{0} Real (nat_lit 128) _)))
                (F α β)
                (F α
                  (@HAdd.hAdd.{0, 0, 0} (Fin (@OfNat.ofNat.{0} Nat (nat_lit 3) _) → Nat)
                    ((j : Fin (@OfNat.ofNat.{0} Nat (nat_lit 3) _)) → Nat)
                    (Fin (@OfNat.ofNat.{0} Nat (nat_lit 3) _) → Nat) _ β
                    (@Pi.single.{0, 0} (Fin (@OfNat.ofNat.{0} Nat (nat_lit 3) _))
                      (fun (j : Fin (@OfNat.ofNat.{0} Nat (nat_lit 3) _)) => Nat) _ _ j
                      (@OfNat.ofNat.{0} Nat (nat_lit 1) _))))
                (@TheoremT.Continuum.WeakGrushin.tDir (Fin (@OfNat.ofNat.{0} Nat (nat_lit 3) _)) _ _ j))
            (∀ (r : Nat),
              And
                (TheoremT.Continuum.WeakGrushin.FactorialLocalMemLp F
                  (TheoremT.Continuum.WeakGrushin.rectangularOpenBox
                    (@Prod.mk.{0, 0} (EuclideanSpace.{0, 0} Real (Fin (@OfNat.ofNat.{0} Nat (nat_lit 4) _)))
                      (EuclideanSpace.{0, 0} Real (Fin (@OfNat.ofNat.{0} Nat (nat_lit 3) _)))
                      (@OfNat.ofNat.{0} (EuclideanSpace.{0, 0} Real (Fin (@OfNat.ofNat.{0} Nat (nat_lit 4) _)))
                        (nat_lit 0) _)
                      t0)
                    (@HDiv.hDiv.{0, 0, 0} Real Real Real _ (@OfNat.ofNat.{0} Real (nat_lit 1) _)
                      (@OfNat.ofNat.{0} Real (nat_lit 256) _))
                    (@HDiv.hDiv.{0, 0, 0} Real Real Real _ (@OfNat.ofNat.{0} Real (nat_lit 1) _)
                      (@OfNat.ofNat.{0} Real (nat_lit 256) _)))
                  r)
                (have C : Real := TheoremT.Continuum.WeakGrushin.commonKSBoxFactorialConstant M;
                @LE.le.{0} Real _
                  (TheoremT.Continuum.WeakGrushin.factorialLocalProfile F
                    (TheoremT.Continuum.WeakGrushin.rectangularOpenBox
                      (@Prod.mk.{0, 0} (EuclideanSpace.{0, 0} Real (Fin (@OfNat.ofNat.{0} Nat (nat_lit 4) _)))
                        (EuclideanSpace.{0, 0} Real (Fin (@OfNat.ofNat.{0} Nat (nat_lit 3) _)))
                        (@OfNat.ofNat.{0} (EuclideanSpace.{0, 0} Real (Fin (@OfNat.ofNat.{0} Nat (nat_lit 4) _)))
                          (nat_lit 0) _)
                        t0)
                      (@HDiv.hDiv.{0, 0, 0} Real Real Real _ (@OfNat.ofNat.{0} Real (nat_lit 1) _)
                        (@OfNat.ofNat.{0} Real (nat_lit 256) _))
                      (@HDiv.hDiv.{0, 0, 0} Real Real Real _ (@OfNat.ofNat.{0} Real (nat_lit 1) _)
                        (@OfNat.ofNat.{0} Real (nat_lit 256) _)))
                    r)
                  (@HMul.hMul.{0, 0, 0} Real Real Real _
                    (@HMul.hMul.{0, 0, 0} Real Real Real _
                      (@HMul.hMul.{0, 0, 0} Real Real Real _
                        (@HMul.hMul.{0, 0, 0} Real Real Real _
                          (@HMul.hMul.{0, 0, 0} Real Real Real _ (@OfNat.ofNat.{0} Real (nat_lit 12) _) C) A)
                        (@HAdd.hAdd.{0, 0, 0} Real Real Real _ F0
                          (@HMul.hMul.{0, 0, 0} Real Real Real _ (@OfNat.ofNat.{0} Real (nat_lit 498) _)
                            (Real.sqrt W))))
                      (@HPow.hPow.{0, 0, 0} Real Nat Real _
                        (@HMul.hMul.{0, 0, 0} Real Real Real _
                          (@HMul.hMul.{0, 0, 0} Real Real Real _ (@OfNat.ofNat.{0} Real (nat_lit 3072) _) C) A)
                        r))
                    (@Nat.cast.{0} Real _ (Nat.factorial r))))))))
def TheoremT.Continuum.physicalKSUniformSourceVolume : Real :=
ENNReal.toReal
  (@DFunLike.coe.{1, 1, 1}
    (@MeasureTheory.Measure.{0} (@TheoremT.Continuum.WeakGrushin.Space (Fin (@OfNat.ofNat.{0} Nat (nat_lit 3) _)) _) _)
    (Set.{0} (@TheoremT.Continuum.WeakGrushin.Space (Fin (@OfNat.ofNat.{0} Nat (nat_lit 3) _)) _))
    (fun (x : Set.{0} (@TheoremT.Continuum.WeakGrushin.Space (Fin (@OfNat.ofNat.{0} Nat (nat_lit 3) _)) _)) => ENNReal)
    _
    (@MeasureTheory.MeasureSpace.volume.{0}
      (@TheoremT.Continuum.WeakGrushin.Space (Fin (@OfNat.ofNat.{0} Nat (nat_lit 3) _)) _) _)
    (@Metric.closedBall.{0} (@TheoremT.Continuum.WeakGrushin.Space (Fin (@OfNat.ofNat.{0} Nat (nat_lit 3) _)) _) _
      (@OfNat.ofNat.{0} (@TheoremT.Continuum.WeakGrushin.Space (Fin (@OfNat.ofNat.{0} Nat (nat_lit 3) _)) _) (nat_lit 0)
        _)
      (@OfNat.ofNat.{0} Real (nat_lit 2) _)))
