TheoremT.Continuum.WeakGrushin.factorialGraphCoefficient : (R c : Real) → Real
@TheoremT.Continuum.WeakGrushin.factorialGraphCoefficient_bounds : ∀ {R c : Real}
  (hR : @LT.lt.{0} Real _ (@OfNat.ofNat.{0} Real (nat_lit 0) _) R)
  (hc : @LT.lt.{0} Real _ (@OfNat.ofNat.{0} Real (nat_lit 0) _) c),
  And
    (@LE.le.{0} Real _
      (@HMul.hMul.{0, 0, 0} Real Real Real _ (@OfNat.ofNat.{0} Real (nat_lit 4) _)
        (@HPow.hPow.{0, 0, 0} Real Nat Real _ R (@OfNat.ofNat.{0} Nat (nat_lit 2) _)))
      (TheoremT.Continuum.WeakGrushin.factorialGraphCoefficient R c))
    (And
      (@LE.le.{0} Real _ (@HMul.hMul.{0, 0, 0} Real Real Real _ (@OfNat.ofNat.{0} Real (nat_lit 2) _) R)
        (TheoremT.Continuum.WeakGrushin.factorialGraphCoefficient R c))
      (And
        (@LE.le.{0} Real _ (@OfNat.ofNat.{0} Real (nat_lit 2) _)
          (TheoremT.Continuum.WeakGrushin.factorialGraphCoefficient R c))
        (@LE.le.{0} Real _ (@OfNat.ofNat.{0} Real (nat_lit 2) _)
          (@HMul.hMul.{0, 0, 0} Real Real Real _ c (TheoremT.Continuum.WeakGrushin.factorialGraphCoefficient R c)))))
@TheoremT.Continuum.WeakGrushin.positive_weighted_square_bound : ∀ {a b C E I : Real}
  (ha : @LT.lt.{0} Real _ (@OfNat.ofNat.{0} Real (nat_lit 0) _) a)
  (hE : @LE.le.{0} Real _ (@OfNat.ofNat.{0} Real (nat_lit 0) _) E)
  (hC :
    @LE.le.{0} Real _ b
      (@HMul.hMul.{0, 0, 0} Real Real Real _ a
        (@HPow.hPow.{0, 0, 0} Real Nat Real _ C (@OfNat.ofNat.{0} Nat (nat_lit 2) _))))
  (hI : @LE.le.{0} Real _ (@HMul.hMul.{0, 0, 0} Real Real Real _ a I) (@HMul.hMul.{0, 0, 0} Real Real Real _ b E)),
  @LE.le.{0} Real _ I
    (@HMul.hMul.{0, 0, 0} Real Real Real _ (@HPow.hPow.{0, 0, 0} Real Nat Real _ C (@OfNat.ofNat.{0} Nat (nat_lit 2) _))
      E)
'TheoremT.Continuum.WeakGrushin.factorialGraphCoefficient' depends on axioms: [propext, Classical.choice, Quot.sound]
'TheoremT.Continuum.WeakGrushin.factorialGraphCoefficient_bounds' depends on axioms: [propext,
 Classical.choice,
 Quot.sound]
'TheoremT.Continuum.WeakGrushin.positive_weighted_square_bound' depends on axioms: [propext,
 Classical.choice,
 Quot.sound]
