TheoremT.Continuum.physicalSpectatorReindexAt_localWeakDirectional : ∀ (i : Fin (@OfNat.ofNat.{0} Nat (nat_lit 2) _))
  {Ω : Set.{0} (@TheoremT.Continuum.WeakGrushin.Space (Fin (@OfNat.ofNat.{0} Nat (nat_lit 3) _)) _)}
  {f d : @TheoremT.Continuum.NuclearKSSpace (@OfNat.ofNat.{0} Nat (nat_lit 2) _) i → Complex}
  {v : @TheoremT.Continuum.WeakGrushin.Space (Fin (@OfNat.ofNat.{0} Nat (nat_lit 3) _)) _}
  (hd :
    @TheoremT.Continuum.ProductLocalWeakDirectional.{0, 0}
      (EuclideanSpace.{0, 0} Real (Fin (@OfNat.ofNat.{0} Nat (nat_lit 4) _)))
      (EuclideanSpace.{0, 0} Real (@TheoremT.Continuum.SpectatorCoordinate (@OfNat.ofNat.{0} Nat (nat_lit 2) _) i)) _ _
      _ _ _ _ _ _ _ _
      (@Set.preimage.{0, 0}
        (Prod.{0, 0} (EuclideanSpace.{0, 0} Real (Fin (@OfNat.ofNat.{0} Nat (nat_lit 4) _)))
          (EuclideanSpace.{0, 0} Real (@TheoremT.Continuum.SpectatorCoordinate (@OfNat.ofNat.{0} Nat (nat_lit 2) _) i)))
        (@TheoremT.Continuum.WeakGrushin.Space (Fin (@OfNat.ofNat.{0} Nat (nat_lit 3) _)) _)
        (@DFunLike.coe.{1, 1, 1}
          (@LinearIsometryEquiv.{0, 0, 0, 0} Real Real _ _ (@RingHom.id.{0} Real _) (@RingHom.id.{0} Real _) _ _
            (@TheoremT.Continuum.WeakGrushin.Space
              (@TheoremT.Continuum.SpectatorCoordinate (@OfNat.ofNat.{0} Nat (nat_lit 2) _) i) _)
            (@TheoremT.Continuum.WeakGrushin.Space (Fin (@OfNat.ofNat.{0} Nat (nat_lit 3) _)) _) _ _ _ _)
          (@TheoremT.Continuum.WeakGrushin.Space
            (@TheoremT.Continuum.SpectatorCoordinate (@OfNat.ofNat.{0} Nat (nat_lit 2) _) i) _)
          (fun
              (a :
                @TheoremT.Continuum.WeakGrushin.Space
                  (@TheoremT.Continuum.SpectatorCoordinate (@OfNat.ofNat.{0} Nat (nat_lit 2) _) i) _) =>
            @TheoremT.Continuum.WeakGrushin.Space (Fin (@OfNat.ofNat.{0} Nat (nat_lit 3) _)) _)
          _ (TheoremT.Continuum.physicalSpectatorReindexAt i))
        Ω)
      f d
      (@DFunLike.coe.{1, 1, 1}
        (@LinearIsometryEquiv.{0, 0, 0, 0} Real Real _ _ (@RingHom.id.{0} Real _) (@RingHom.id.{0} Real _) _ _
          (@TheoremT.Continuum.WeakGrushin.Space (Fin (@OfNat.ofNat.{0} Nat (nat_lit 3) _)) _)
          (@TheoremT.Continuum.WeakGrushin.Space
            (@TheoremT.Continuum.SpectatorCoordinate (@OfNat.ofNat.{0} Nat (nat_lit 2) _) i) _)
          _ _ _ _)
        (@TheoremT.Continuum.WeakGrushin.Space (Fin (@OfNat.ofNat.{0} Nat (nat_lit 3) _)) _)
        (fun (a : @TheoremT.Continuum.WeakGrushin.Space (Fin (@OfNat.ofNat.{0} Nat (nat_lit 3) _)) _) =>
          @TheoremT.Continuum.WeakGrushin.Space
            (@TheoremT.Continuum.SpectatorCoordinate (@OfNat.ofNat.{0} Nat (nat_lit 2) _) i) _)
        _
        (@LinearIsometryEquiv.symm.{0, 0, 0, 0} Real Real
          (@TheoremT.Continuum.WeakGrushin.Space
            (@TheoremT.Continuum.SpectatorCoordinate (@OfNat.ofNat.{0} Nat (nat_lit 2) _) i) _)
          (@TheoremT.Continuum.WeakGrushin.Space (Fin (@OfNat.ofNat.{0} Nat (nat_lit 3) _)) _) _ _
          (@RingHom.id.{0} Real _) (@RingHom.id.{0} Real _) _ _ _ _ _ _
          (TheoremT.Continuum.physicalSpectatorReindexAt i))
        v)),
  @TheoremT.Continuum.ProductLocalWeakDirectional.{0, 0}
    (EuclideanSpace.{0, 0} Real (Fin (@OfNat.ofNat.{0} Nat (nat_lit 4) _)))
    (EuclideanSpace.{0, 0} Real (Fin (@OfNat.ofNat.{0} Nat (nat_lit 3) _))) _ _ _ _ _ _ _ _ _ _ Ω
    (@Function.comp.{1, 1, 1}
      (Prod.{0, 0} (EuclideanSpace.{0, 0} Real (Fin (@OfNat.ofNat.{0} Nat (nat_lit 4) _)))
        (EuclideanSpace.{0, 0} Real (Fin (@OfNat.ofNat.{0} Nat (nat_lit 3) _))))
      (@TheoremT.Continuum.NuclearKSSpace (@OfNat.ofNat.{0} Nat (nat_lit 2) _) i) Complex f
      (@DFunLike.coe.{1, 1, 1}
        (@LinearIsometryEquiv.{0, 0, 0, 0} Real Real _ _ (@RingHom.id.{0} Real _) (@RingHom.id.{0} Real _) _ _
          (@TheoremT.Continuum.WeakGrushin.Space (Fin (@OfNat.ofNat.{0} Nat (nat_lit 3) _)) _)
          (@TheoremT.Continuum.WeakGrushin.Space
            (@TheoremT.Continuum.SpectatorCoordinate (@OfNat.ofNat.{0} Nat (nat_lit 2) _) i) _)
          _ _ _ _)
        (@TheoremT.Continuum.WeakGrushin.Space (Fin (@OfNat.ofNat.{0} Nat (nat_lit 3) _)) _)
        (fun (a : @TheoremT.Continuum.WeakGrushin.Space (Fin (@OfNat.ofNat.{0} Nat (nat_lit 3) _)) _) =>
          @TheoremT.Continuum.WeakGrushin.Space
            (@TheoremT.Continuum.SpectatorCoordinate (@OfNat.ofNat.{0} Nat (nat_lit 2) _) i) _)
        _
        (@LinearIsometryEquiv.symm.{0, 0, 0, 0} Real Real
          (@TheoremT.Continuum.WeakGrushin.Space
            (@TheoremT.Continuum.SpectatorCoordinate (@OfNat.ofNat.{0} Nat (nat_lit 2) _) i) _)
          (@TheoremT.Continuum.WeakGrushin.Space (Fin (@OfNat.ofNat.{0} Nat (nat_lit 3) _)) _) _ _
          (@RingHom.id.{0} Real _) (@RingHom.id.{0} Real _) _ _ _ _ _ _
          (TheoremT.Continuum.physicalSpectatorReindexAt i))))
    (@Function.comp.{1, 1, 1}
      (Prod.{0, 0} (EuclideanSpace.{0, 0} Real (Fin (@OfNat.ofNat.{0} Nat (nat_lit 4) _)))
        (EuclideanSpace.{0, 0} Real (Fin (@OfNat.ofNat.{0} Nat (nat_lit 3) _))))
      (@TheoremT.Continuum.NuclearKSSpace (@OfNat.ofNat.{0} Nat (nat_lit 2) _) i) Complex d
      (@DFunLike.coe.{1, 1, 1}
        (@LinearIsometryEquiv.{0, 0, 0, 0} Real Real _ _ (@RingHom.id.{0} Real _) (@RingHom.id.{0} Real _) _ _
          (@TheoremT.Continuum.WeakGrushin.Space (Fin (@OfNat.ofNat.{0} Nat (nat_lit 3) _)) _)
          (@TheoremT.Continuum.WeakGrushin.Space
            (@TheoremT.Continuum.SpectatorCoordinate (@OfNat.ofNat.{0} Nat (nat_lit 2) _) i) _)
          _ _ _ _)
        (@TheoremT.Continuum.WeakGrushin.Space (Fin (@OfNat.ofNat.{0} Nat (nat_lit 3) _)) _)
        (fun (a : @TheoremT.Continuum.WeakGrushin.Space (Fin (@OfNat.ofNat.{0} Nat (nat_lit 3) _)) _) =>
          @TheoremT.Continuum.WeakGrushin.Space
            (@TheoremT.Continuum.SpectatorCoordinate (@OfNat.ofNat.{0} Nat (nat_lit 2) _) i) _)
        _
        (@LinearIsometryEquiv.symm.{0, 0, 0, 0} Real Real
          (@TheoremT.Continuum.WeakGrushin.Space
            (@TheoremT.Continuum.SpectatorCoordinate (@OfNat.ofNat.{0} Nat (nat_lit 2) _) i) _)
          (@TheoremT.Continuum.WeakGrushin.Space (Fin (@OfNat.ofNat.{0} Nat (nat_lit 3) _)) _) _ _
          (@RingHom.id.{0} Real _) (@RingHom.id.{0} Real _) _ _ _ _ _ _
          (TheoremT.Continuum.physicalSpectatorReindexAt i))))
    v
TheoremT.Continuum.physicalSpectatorReindexAt_coordinateWeakHk : ∀ (i : Fin (@OfNat.ofNat.{0} Nat (nat_lit 2) _))
  {Ω : Set.{0} (@TheoremT.Continuum.WeakGrushin.Space (Fin (@OfNat.ofNat.{0} Nat (nat_lit 3) _)) _)}
  {f : @TheoremT.Continuum.NuclearKSSpace (@OfNat.ofNat.{0} Nat (nat_lit 2) _) i → Complex} {m : Nat} {W : Real}
  (hf :
    @TheoremT.Continuum.WeakGrushin.ProductCoordinateWeakHk
      (@TheoremT.Continuum.SpectatorCoordinate (@OfNat.ofNat.{0} Nat (nat_lit 2) _) i) _ _
      (@Set.preimage.{0, 0}
        (@TheoremT.Continuum.WeakGrushin.Space
          (@TheoremT.Continuum.SpectatorCoordinate (@OfNat.ofNat.{0} Nat (nat_lit 2) _) i) _)
        (@TheoremT.Continuum.WeakGrushin.Space (Fin (@OfNat.ofNat.{0} Nat (nat_lit 3) _)) _)
        (@DFunLike.coe.{1, 1, 1}
          (@LinearIsometryEquiv.{0, 0, 0, 0} Real Real _ _ (@RingHom.id.{0} Real _) (@RingHom.id.{0} Real _) _ _
            (@TheoremT.Continuum.WeakGrushin.Space
              (@TheoremT.Continuum.SpectatorCoordinate (@OfNat.ofNat.{0} Nat (nat_lit 2) _) i) _)
            (@TheoremT.Continuum.WeakGrushin.Space (Fin (@OfNat.ofNat.{0} Nat (nat_lit 3) _)) _) _ _ _ _)
          (@TheoremT.Continuum.WeakGrushin.Space
            (@TheoremT.Continuum.SpectatorCoordinate (@OfNat.ofNat.{0} Nat (nat_lit 2) _) i) _)
          (fun
              (a :
                @TheoremT.Continuum.WeakGrushin.Space
                  (@TheoremT.Continuum.SpectatorCoordinate (@OfNat.ofNat.{0} Nat (nat_lit 2) _) i) _) =>
            @TheoremT.Continuum.WeakGrushin.Space (Fin (@OfNat.ofNat.{0} Nat (nat_lit 3) _)) _)
          _ (TheoremT.Continuum.physicalSpectatorReindexAt i))
        Ω)
      f m W),
  @TheoremT.Continuum.WeakGrushin.ProductCoordinateWeakHk (Fin (@OfNat.ofNat.{0} Nat (nat_lit 3) _)) _ _ Ω
    (@Function.comp.{1, 1, 1} (@TheoremT.Continuum.WeakGrushin.Space (Fin (@OfNat.ofNat.{0} Nat (nat_lit 3) _)) _)
      (@TheoremT.Continuum.NuclearKSSpace (@OfNat.ofNat.{0} Nat (nat_lit 2) _) i) Complex f
      (@DFunLike.coe.{1, 1, 1}
        (@LinearIsometryEquiv.{0, 0, 0, 0} Real Real _ _ (@RingHom.id.{0} Real _) (@RingHom.id.{0} Real _) _ _
          (@TheoremT.Continuum.WeakGrushin.Space (Fin (@OfNat.ofNat.{0} Nat (nat_lit 3) _)) _)
          (@TheoremT.Continuum.WeakGrushin.Space
            (@TheoremT.Continuum.SpectatorCoordinate (@OfNat.ofNat.{0} Nat (nat_lit 2) _) i) _)
          _ _ _ _)
        (@TheoremT.Continuum.WeakGrushin.Space (Fin (@OfNat.ofNat.{0} Nat (nat_lit 3) _)) _)
        (fun (a : @TheoremT.Continuum.WeakGrushin.Space (Fin (@OfNat.ofNat.{0} Nat (nat_lit 3) _)) _) =>
          @TheoremT.Continuum.WeakGrushin.Space
            (@TheoremT.Continuum.SpectatorCoordinate (@OfNat.ofNat.{0} Nat (nat_lit 2) _) i) _)
        _
        (@LinearIsometryEquiv.symm.{0, 0, 0, 0} Real Real
          (@TheoremT.Continuum.WeakGrushin.Space
            (@TheoremT.Continuum.SpectatorCoordinate (@OfNat.ofNat.{0} Nat (nat_lit 2) _) i) _)
          (@TheoremT.Continuum.WeakGrushin.Space (Fin (@OfNat.ofNat.{0} Nat (nat_lit 3) _)) _) _ _
          (@RingHom.id.{0} Real _) (@RingHom.id.{0} Real _) _ _ _ _ _ _
          (TheoremT.Continuum.physicalSpectatorReindexAt i))))
    m W
TheoremT.Continuum.physicalSpectatorReindexAt_mixedMultiIndexWeakHk : ∀ (i : Fin (@OfNat.ofNat.{0} Nat (nat_lit 2) _))
  {Ω : Set.{0} (@TheoremT.Continuum.WeakGrushin.Space (Fin (@OfNat.ofNat.{0} Nat (nat_lit 3) _)) _)}
  (hΩ : @IsOpen.{0} (@TheoremT.Continuum.WeakGrushin.Space (Fin (@OfNat.ofNat.{0} Nat (nat_lit 3) _)) _) _ Ω)
  {f : @TheoremT.Continuum.NuclearKSSpace (@OfNat.ofNat.{0} Nat (nat_lit 2) _) i → Complex} {m : Nat} {W : Real}
  (hf :
    @TheoremT.Continuum.WeakGrushin.ProductCoordinateWeakHk
      (@TheoremT.Continuum.SpectatorCoordinate (@OfNat.ofNat.{0} Nat (nat_lit 2) _) i) _ _
      (@Set.preimage.{0, 0}
        (@TheoremT.Continuum.WeakGrushin.Space
          (@TheoremT.Continuum.SpectatorCoordinate (@OfNat.ofNat.{0} Nat (nat_lit 2) _) i) _)
        (@TheoremT.Continuum.WeakGrushin.Space (Fin (@OfNat.ofNat.{0} Nat (nat_lit 3) _)) _)
        (@DFunLike.coe.{1, 1, 1}
          (@LinearIsometryEquiv.{0, 0, 0, 0} Real Real _ _ (@RingHom.id.{0} Real _) (@RingHom.id.{0} Real _) _ _
            (@TheoremT.Continuum.WeakGrushin.Space
              (@TheoremT.Continuum.SpectatorCoordinate (@OfNat.ofNat.{0} Nat (nat_lit 2) _) i) _)
            (@TheoremT.Continuum.WeakGrushin.Space (Fin (@OfNat.ofNat.{0} Nat (nat_lit 3) _)) _) _ _ _ _)
          (@TheoremT.Continuum.WeakGrushin.Space
            (@TheoremT.Continuum.SpectatorCoordinate (@OfNat.ofNat.{0} Nat (nat_lit 2) _) i) _)
          (fun
              (a :
                @TheoremT.Continuum.WeakGrushin.Space
                  (@TheoremT.Continuum.SpectatorCoordinate (@OfNat.ofNat.{0} Nat (nat_lit 2) _) i) _) =>
            @TheoremT.Continuum.WeakGrushin.Space (Fin (@OfNat.ofNat.{0} Nat (nat_lit 3) _)) _)
          _ (TheoremT.Continuum.physicalSpectatorReindexAt i))
        Ω)
      f m W),
  TheoremT.Continuum.WeakGrushin.ProductMixedMultiIndexWeakHk Ω
    (@Function.comp.{1, 1, 1} (@TheoremT.Continuum.WeakGrushin.Space (Fin (@OfNat.ofNat.{0} Nat (nat_lit 3) _)) _)
      (@TheoremT.Continuum.NuclearKSSpace (@OfNat.ofNat.{0} Nat (nat_lit 2) _) i) Complex f
      (@DFunLike.coe.{1, 1, 1}
        (@LinearIsometryEquiv.{0, 0, 0, 0} Real Real _ _ (@RingHom.id.{0} Real _) (@RingHom.id.{0} Real _) _ _
          (@TheoremT.Continuum.WeakGrushin.Space (Fin (@OfNat.ofNat.{0} Nat (nat_lit 3) _)) _)
          (@TheoremT.Continuum.WeakGrushin.Space
            (@TheoremT.Continuum.SpectatorCoordinate (@OfNat.ofNat.{0} Nat (nat_lit 2) _) i) _)
          _ _ _ _)
        (@TheoremT.Continuum.WeakGrushin.Space (Fin (@OfNat.ofNat.{0} Nat (nat_lit 3) _)) _)
        (fun (a : @TheoremT.Continuum.WeakGrushin.Space (Fin (@OfNat.ofNat.{0} Nat (nat_lit 3) _)) _) =>
          @TheoremT.Continuum.WeakGrushin.Space
            (@TheoremT.Continuum.SpectatorCoordinate (@OfNat.ofNat.{0} Nat (nat_lit 2) _) i) _)
        _
        (@LinearIsometryEquiv.symm.{0, 0, 0, 0} Real Real
          (@TheoremT.Continuum.WeakGrushin.Space
            (@TheoremT.Continuum.SpectatorCoordinate (@OfNat.ofNat.{0} Nat (nat_lit 2) _) i) _)
          (@TheoremT.Continuum.WeakGrushin.Space (Fin (@OfNat.ofNat.{0} Nat (nat_lit 3) _)) _) _ _
          (@RingHom.id.{0} Real _) (@RingHom.id.{0} Real _) _ _ _ _ _ _
          (TheoremT.Continuum.physicalSpectatorReindexAt i))))
    m W
TheoremT.Continuum.physicalSpectatorReindexAt_mixedH12 : ∀ (i : Fin (@OfNat.ofNat.{0} Nat (nat_lit 2) _))
  {Ω : Set.{0} (@TheoremT.Continuum.WeakGrushin.Space (Fin (@OfNat.ofNat.{0} Nat (nat_lit 3) _)) _)}
  (hΩ : @IsOpen.{0} (@TheoremT.Continuum.WeakGrushin.Space (Fin (@OfNat.ofNat.{0} Nat (nat_lit 3) _)) _) _ Ω)
  {f : @TheoremT.Continuum.NuclearKSSpace (@OfNat.ofNat.{0} Nat (nat_lit 2) _) i → Complex} {W : Real}
  (hf :
    @TheoremT.Continuum.WeakGrushin.ProductCoordinateWeakHk
      (@TheoremT.Continuum.SpectatorCoordinate (@OfNat.ofNat.{0} Nat (nat_lit 2) _) i) _ _
      (@Set.preimage.{0, 0}
        (@TheoremT.Continuum.WeakGrushin.Space
          (@TheoremT.Continuum.SpectatorCoordinate (@OfNat.ofNat.{0} Nat (nat_lit 2) _) i) _)
        (@TheoremT.Continuum.WeakGrushin.Space (Fin (@OfNat.ofNat.{0} Nat (nat_lit 3) _)) _)
        (@DFunLike.coe.{1, 1, 1}
          (@LinearIsometryEquiv.{0, 0, 0, 0} Real Real _ _ (@RingHom.id.{0} Real _) (@RingHom.id.{0} Real _) _ _
            (@TheoremT.Continuum.WeakGrushin.Space
              (@TheoremT.Continuum.SpectatorCoordinate (@OfNat.ofNat.{0} Nat (nat_lit 2) _) i) _)
            (@TheoremT.Continuum.WeakGrushin.Space (Fin (@OfNat.ofNat.{0} Nat (nat_lit 3) _)) _) _ _ _ _)
          (@TheoremT.Continuum.WeakGrushin.Space
            (@TheoremT.Continuum.SpectatorCoordinate (@OfNat.ofNat.{0} Nat (nat_lit 2) _) i) _)
          (fun
              (a :
                @TheoremT.Continuum.WeakGrushin.Space
                  (@TheoremT.Continuum.SpectatorCoordinate (@OfNat.ofNat.{0} Nat (nat_lit 2) _) i) _) =>
            @TheoremT.Continuum.WeakGrushin.Space (Fin (@OfNat.ofNat.{0} Nat (nat_lit 3) _)) _)
          _ (TheoremT.Continuum.physicalSpectatorReindexAt i))
        Ω)
      f (@OfNat.ofNat.{0} Nat (nat_lit 12) _) W),
  TheoremT.Continuum.WeakGrushin.ProductMixedMultiIndexWeakHk Ω
    (@Function.comp.{1, 1, 1} (@TheoremT.Continuum.WeakGrushin.Space (Fin (@OfNat.ofNat.{0} Nat (nat_lit 3) _)) _)
      (@TheoremT.Continuum.NuclearKSSpace (@OfNat.ofNat.{0} Nat (nat_lit 2) _) i) Complex f
      (@DFunLike.coe.{1, 1, 1}
        (@LinearIsometryEquiv.{0, 0, 0, 0} Real Real _ _ (@RingHom.id.{0} Real _) (@RingHom.id.{0} Real _) _ _
          (@TheoremT.Continuum.WeakGrushin.Space (Fin (@OfNat.ofNat.{0} Nat (nat_lit 3) _)) _)
          (@TheoremT.Continuum.WeakGrushin.Space
            (@TheoremT.Continuum.SpectatorCoordinate (@OfNat.ofNat.{0} Nat (nat_lit 2) _) i) _)
          _ _ _ _)
        (@TheoremT.Continuum.WeakGrushin.Space (Fin (@OfNat.ofNat.{0} Nat (nat_lit 3) _)) _)
        (fun (a : @TheoremT.Continuum.WeakGrushin.Space (Fin (@OfNat.ofNat.{0} Nat (nat_lit 3) _)) _) =>
          @TheoremT.Continuum.WeakGrushin.Space
            (@TheoremT.Continuum.SpectatorCoordinate (@OfNat.ofNat.{0} Nat (nat_lit 2) _) i) _)
        _
        (@LinearIsometryEquiv.symm.{0, 0, 0, 0} Real Real
          (@TheoremT.Continuum.WeakGrushin.Space
            (@TheoremT.Continuum.SpectatorCoordinate (@OfNat.ofNat.{0} Nat (nat_lit 2) _) i) _)
          (@TheoremT.Continuum.WeakGrushin.Space (Fin (@OfNat.ofNat.{0} Nat (nat_lit 3) _)) _) _ _
          (@RingHom.id.{0} Real _) (@RingHom.id.{0} Real _) _ _ _ _ _ _
          (TheoremT.Continuum.physicalSpectatorReindexAt i))))
    (@OfNat.ofNat.{0} Nat (nat_lit 12) _) W
'TheoremT.Continuum.physicalSpectatorReindexAt_localWeakDirectional' depends on axioms: [propext,
 Classical.choice,
 Quot.sound]
'TheoremT.Continuum.physicalSpectatorReindexAt_coordinateWeakHk' depends on axioms: [propext,
 Classical.choice,
 Quot.sound]
'TheoremT.Continuum.physicalSpectatorReindexAt_mixedMultiIndexWeakHk' depends on axioms: [propext,
 Classical.choice,
 Quot.sound]
'TheoremT.Continuum.physicalSpectatorReindexAt_mixedH12' depends on axioms: [propext, Classical.choice, Quot.sound]
