@TheoremT.Continuum.complexPolynomial_eq_of_real_eval_eq.{u_1} : ∀ {σ : Type u_1}
  (P Q : @MvPolynomial.{u_1, 0} σ Complex _)
  (h :
    ∀ (x : σ → Real),
      @Eq.{1} Complex
        (@DFunLike.coe.{u_1 + 1, u_1 + 1, 1} (@RingHom.{u_1, 0} (@MvPolynomial.{u_1, 0} σ Complex _) Complex _ _)
          (@MvPolynomial.{u_1, 0} σ Complex _) (fun (x : @MvPolynomial.{u_1, 0} σ Complex _) => Complex) _
          (@MvPolynomial.eval.{0, u_1} Complex σ _ fun (i : σ) => Complex.ofReal (x i)) P)
        (@DFunLike.coe.{u_1 + 1, u_1 + 1, 1} (@RingHom.{u_1, 0} (@MvPolynomial.{u_1, 0} σ Complex _) Complex _ _)
          (@MvPolynomial.{u_1, 0} σ Complex _) (fun (x : @MvPolynomial.{u_1, 0} σ Complex _) => Complex) _
          (@MvPolynomial.eval.{0, u_1} Complex σ _ fun (i : σ) => Complex.ofReal (x i)) Q)),
  @Eq.{u_1 + 1} (@MvPolynomial.{u_1, 0} σ Complex _) P Q
TheoremT.Continuum.ksSpinorForwardPolynomial : Fin (@OfNat.ofNat.{0} Nat (nat_lit 4) _) →
  @MvPolynomial.{0, 0} (Fin (@OfNat.ofNat.{0} Nat (nat_lit 4) _)) Complex _
TheoremT.Continuum.ksSpinorPolynomialToReal : (P :
    @MvPolynomial.{0, 0} (Fin (@OfNat.ofNat.{0} Nat (nat_lit 4) _)) Complex _) →
  @MvPolynomial.{0, 0} (Fin (@OfNat.ofNat.{0} Nat (nat_lit 4) _)) Complex _
TheoremT.Continuum.ksSpinorForwardPolynomial_physical_eval : ∀ (y : TheoremT.Continuum.KSSpace)
  (i : Fin (@OfNat.ofNat.{0} Nat (nat_lit 4) _)),
  @Eq.{1} Complex
    (@DFunLike.coe.{1, 1, 1}
      (@RingHom.{0, 0} (@MvPolynomial.{0, 0} (Fin (@OfNat.ofNat.{0} Nat (nat_lit 4) _)) Complex _) Complex _ _)
      (@MvPolynomial.{0, 0} (Fin (@OfNat.ofNat.{0} Nat (nat_lit 4) _)) Complex _)
      (fun (x : @MvPolynomial.{0, 0} (Fin (@OfNat.ofNat.{0} Nat (nat_lit 4) _)) Complex _) => Complex) _
      (@MvPolynomial.eval.{0, 0} Complex (Fin (@OfNat.ofNat.{0} Nat (nat_lit 4) _)) _
        fun (k : Fin (@OfNat.ofNat.{0} Nat (nat_lit 4) _)) =>
        Complex.ofReal
          (@WithLp.ofLp.{0} (@OfNat.ofNat.{0} ENNReal (nat_lit 2) _)
            ((i : Fin (@OfNat.ofNat.{0} Nat (nat_lit 4) _)) →
              (fun (x : Fin (@OfNat.ofNat.{0} Nat (nat_lit 4) _)) => Real) i)
            y k))
      (TheoremT.Continuum.ksSpinorForwardPolynomial i))
    (@Matrix.vecCons.{0} Complex (Nat.succ (Nat.succ (Nat.succ (@OfNat.ofNat.{0} Nat (nat_lit 0) _))))
      (TheoremT.Continuum.ksSpinor y (@OfNat.ofNat.{0} (Fin (@OfNat.ofNat.{0} Nat (nat_lit 2) _)) (nat_lit 0) _))
      (@Matrix.vecCons.{0} Complex (Nat.succ (Nat.succ (@OfNat.ofNat.{0} Nat (nat_lit 0) _)))
        (TheoremT.Continuum.ksSpinor y (@OfNat.ofNat.{0} (Fin (@OfNat.ofNat.{0} Nat (nat_lit 2) _)) (nat_lit 1) _))
        (@Matrix.vecCons.{0} Complex (Nat.succ (@OfNat.ofNat.{0} Nat (nat_lit 0) _))
          (@Star.star.{0} Complex _
            (TheoremT.Continuum.ksSpinor y (@OfNat.ofNat.{0} (Fin (@OfNat.ofNat.{0} Nat (nat_lit 2) _)) (nat_lit 0) _)))
          (@Matrix.vecCons.{0} Complex (@OfNat.ofNat.{0} Nat (nat_lit 0) _)
            (@Star.star.{0} Complex _
              (TheoremT.Continuum.ksSpinor y
                (@OfNat.ofNat.{0} (Fin (@OfNat.ofNat.{0} Nat (nat_lit 2) _)) (nat_lit 1) _)))
            (@Matrix.vecEmpty.{0} Complex))))
      i)
TheoremT.Continuum.ksSpinorPolynomialToReal_physical_eval : ∀
  (P : @MvPolynomial.{0, 0} (Fin (@OfNat.ofNat.{0} Nat (nat_lit 4) _)) Complex _) (y : TheoremT.Continuum.KSSpace),
  @Eq.{1} Complex
    (@DFunLike.coe.{1, 1, 1}
      (@RingHom.{0, 0} (@MvPolynomial.{0, 0} (Fin (@OfNat.ofNat.{0} Nat (nat_lit 4) _)) Complex _) Complex _ _)
      (@MvPolynomial.{0, 0} (Fin (@OfNat.ofNat.{0} Nat (nat_lit 4) _)) Complex _)
      (fun (x : @MvPolynomial.{0, 0} (Fin (@OfNat.ofNat.{0} Nat (nat_lit 4) _)) Complex _) => Complex) _
      (@MvPolynomial.eval.{0, 0} Complex (Fin (@OfNat.ofNat.{0} Nat (nat_lit 4) _)) _
        fun (k : Fin (@OfNat.ofNat.{0} Nat (nat_lit 4) _)) =>
        Complex.ofReal
          (@WithLp.ofLp.{0} (@OfNat.ofNat.{0} ENNReal (nat_lit 2) _)
            ((i : Fin (@OfNat.ofNat.{0} Nat (nat_lit 4) _)) →
              (fun (x : Fin (@OfNat.ofNat.{0} Nat (nat_lit 4) _)) => Real) i)
            y k))
      (TheoremT.Continuum.ksSpinorPolynomialToReal P))
    (@DFunLike.coe.{1, 1, 1}
      (@RingHom.{0, 0}
        (@MvPolynomial.{0, 0} (Fin (Nat.succ (Nat.succ (Nat.succ (Nat.succ (@OfNat.ofNat.{0} Nat (nat_lit 0) _))))))
          Complex _)
        Complex _ _)
      (@MvPolynomial.{0, 0} (Fin (Nat.succ (Nat.succ (Nat.succ (Nat.succ (@OfNat.ofNat.{0} Nat (nat_lit 0) _))))))
        Complex _)
      (fun
          (x :
            @MvPolynomial.{0, 0} (Fin (Nat.succ (Nat.succ (Nat.succ (Nat.succ (@OfNat.ofNat.{0} Nat (nat_lit 0) _))))))
              Complex _) =>
        Complex)
      _
      (@MvPolynomial.eval.{0, 0} Complex
        (Fin (Nat.succ (Nat.succ (Nat.succ (Nat.succ (@OfNat.ofNat.{0} Nat (nat_lit 0) _)))))) _
        (@Matrix.vecCons.{0} Complex (Nat.succ (Nat.succ (Nat.succ (@OfNat.ofNat.{0} Nat (nat_lit 0) _))))
          (TheoremT.Continuum.ksSpinor y (@OfNat.ofNat.{0} (Fin (@OfNat.ofNat.{0} Nat (nat_lit 2) _)) (nat_lit 0) _))
          (@Matrix.vecCons.{0} Complex (Nat.succ (Nat.succ (@OfNat.ofNat.{0} Nat (nat_lit 0) _)))
            (TheoremT.Continuum.ksSpinor y (@OfNat.ofNat.{0} (Fin (@OfNat.ofNat.{0} Nat (nat_lit 2) _)) (nat_lit 1) _))
            (@Matrix.vecCons.{0} Complex (Nat.succ (@OfNat.ofNat.{0} Nat (nat_lit 0) _))
              (@Star.star.{0} Complex _
                (TheoremT.Continuum.ksSpinor y
                  (@OfNat.ofNat.{0} (Fin (@OfNat.ofNat.{0} Nat (nat_lit 2) _)) (nat_lit 0) _)))
              (@Matrix.vecCons.{0} Complex (@OfNat.ofNat.{0} Nat (nat_lit 0) _)
                (@Star.star.{0} Complex _
                  (TheoremT.Continuum.ksSpinor y
                    (@OfNat.ofNat.{0} (Fin (@OfNat.ofNat.{0} Nat (nat_lit 2) _)) (nat_lit 1) _)))
                (@Matrix.vecEmpty.{0} Complex))))))
      P)
TheoremT.Continuum.ksPolynomialCircleAction_physical_eval : ∀ (u : Complex)
  (P : @MvPolynomial.{0, 0} (Fin (@OfNat.ofNat.{0} Nat (nat_lit 4) _)) Complex _) (y : TheoremT.Continuum.KSSpace),
  @Eq.{1} Complex
    (@DFunLike.coe.{1, 1, 1}
      (@RingHom.{0, 0}
        (@MvPolynomial.{0, 0} (Fin (Nat.succ (Nat.succ (Nat.succ (Nat.succ (@OfNat.ofNat.{0} Nat (nat_lit 0) _))))))
          Complex _)
        Complex _ _)
      (@MvPolynomial.{0, 0} (Fin (Nat.succ (Nat.succ (Nat.succ (Nat.succ (@OfNat.ofNat.{0} Nat (nat_lit 0) _))))))
        Complex _)
      (fun
          (x :
            @MvPolynomial.{0, 0} (Fin (Nat.succ (Nat.succ (Nat.succ (Nat.succ (@OfNat.ofNat.{0} Nat (nat_lit 0) _))))))
              Complex _) =>
        Complex)
      _
      (@MvPolynomial.eval.{0, 0} Complex
        (Fin (Nat.succ (Nat.succ (Nat.succ (Nat.succ (@OfNat.ofNat.{0} Nat (nat_lit 0) _)))))) _
        (@Matrix.vecCons.{0} Complex (Nat.succ (Nat.succ (Nat.succ (@OfNat.ofNat.{0} Nat (nat_lit 0) _))))
          (TheoremT.Continuum.ksSpinor y (@OfNat.ofNat.{0} (Fin (@OfNat.ofNat.{0} Nat (nat_lit 2) _)) (nat_lit 0) _))
          (@Matrix.vecCons.{0} Complex (Nat.succ (Nat.succ (@OfNat.ofNat.{0} Nat (nat_lit 0) _)))
            (TheoremT.Continuum.ksSpinor y (@OfNat.ofNat.{0} (Fin (@OfNat.ofNat.{0} Nat (nat_lit 2) _)) (nat_lit 1) _))
            (@Matrix.vecCons.{0} Complex (Nat.succ (@OfNat.ofNat.{0} Nat (nat_lit 0) _))
              (@Star.star.{0} Complex _
                (TheoremT.Continuum.ksSpinor y
                  (@OfNat.ofNat.{0} (Fin (@OfNat.ofNat.{0} Nat (nat_lit 2) _)) (nat_lit 0) _)))
              (@Matrix.vecCons.{0} Complex (@OfNat.ofNat.{0} Nat (nat_lit 0) _)
                (@Star.star.{0} Complex _
                  (TheoremT.Continuum.ksSpinor y
                    (@OfNat.ofNat.{0} (Fin (@OfNat.ofNat.{0} Nat (nat_lit 2) _)) (nat_lit 1) _)))
                (@Matrix.vecEmpty.{0} Complex))))))
      (TheoremT.Continuum.ksPolynomialCircleAction u P))
    (@DFunLike.coe.{1, 1, 1}
      (@RingHom.{0, 0}
        (@MvPolynomial.{0, 0} (Fin (Nat.succ (Nat.succ (Nat.succ (Nat.succ (@OfNat.ofNat.{0} Nat (nat_lit 0) _))))))
          Complex _)
        Complex _ _)
      (@MvPolynomial.{0, 0} (Fin (Nat.succ (Nat.succ (Nat.succ (Nat.succ (@OfNat.ofNat.{0} Nat (nat_lit 0) _))))))
        Complex _)
      (fun
          (x :
            @MvPolynomial.{0, 0} (Fin (Nat.succ (Nat.succ (Nat.succ (Nat.succ (@OfNat.ofNat.{0} Nat (nat_lit 0) _))))))
              Complex _) =>
        Complex)
      _
      (@MvPolynomial.eval.{0, 0} Complex
        (Fin (Nat.succ (Nat.succ (Nat.succ (Nat.succ (@OfNat.ofNat.{0} Nat (nat_lit 0) _)))))) _
        (@Matrix.vecCons.{0} Complex (Nat.succ (Nat.succ (Nat.succ (@OfNat.ofNat.{0} Nat (nat_lit 0) _))))
          (TheoremT.Continuum.ksSpinor (TheoremT.Continuum.ksCircleAction (Complex.re u) (Complex.im u) y)
            (@OfNat.ofNat.{0} (Fin (@OfNat.ofNat.{0} Nat (nat_lit 2) _)) (nat_lit 0) _))
          (@Matrix.vecCons.{0} Complex (Nat.succ (Nat.succ (@OfNat.ofNat.{0} Nat (nat_lit 0) _)))
            (TheoremT.Continuum.ksSpinor (TheoremT.Continuum.ksCircleAction (Complex.re u) (Complex.im u) y)
              (@OfNat.ofNat.{0} (Fin (@OfNat.ofNat.{0} Nat (nat_lit 2) _)) (nat_lit 1) _))
            (@Matrix.vecCons.{0} Complex (Nat.succ (@OfNat.ofNat.{0} Nat (nat_lit 0) _))
              (@Star.star.{0} Complex _
                (TheoremT.Continuum.ksSpinor (TheoremT.Continuum.ksCircleAction (Complex.re u) (Complex.im u) y)
                  (@OfNat.ofNat.{0} (Fin (@OfNat.ofNat.{0} Nat (nat_lit 2) _)) (nat_lit 0) _)))
              (@Matrix.vecCons.{0} Complex (@OfNat.ofNat.{0} Nat (nat_lit 0) _)
                (@Star.star.{0} Complex _
                  (TheoremT.Continuum.ksSpinor (TheoremT.Continuum.ksCircleAction (Complex.re u) (Complex.im u) y)
                    (@OfNat.ofNat.{0} (Fin (@OfNat.ofNat.{0} Nat (nat_lit 2) _)) (nat_lit 1) _)))
                (@Matrix.vecEmpty.{0} Complex))))))
      P)
TheoremT.Continuum.ksSpinorForwardPolynomial_inverse : ∀ (i : Fin (@OfNat.ofNat.{0} Nat (nat_lit 4) _)),
  @Eq.{1} (@MvPolynomial.{0, 0} (Fin (@OfNat.ofNat.{0} Nat (nat_lit 4) _)) Complex _)
    (@MvPolynomial.eval₂.{0, 0, 0} Complex (@MvPolynomial.{0, 0} (Fin (@OfNat.ofNat.{0} Nat (nat_lit 4) _)) Complex _)
      (Fin (@OfNat.ofNat.{0} Nat (nat_lit 4) _)) _ _
      (@MvPolynomial.C.{0, 0} Complex (Fin (@OfNat.ofNat.{0} Nat (nat_lit 4) _)) _)
      TheoremT.Continuum.ksSpinorInversePolynomial (TheoremT.Continuum.ksSpinorForwardPolynomial i))
    (@MvPolynomial.X.{0, 0} Complex (Fin (@OfNat.ofNat.{0} Nat (nat_lit 4) _)) _ i)
TheoremT.Continuum.ksSpinorPolynomialToReal_left_inverse : ∀
  (P : @MvPolynomial.{0, 0} (Fin (@OfNat.ofNat.{0} Nat (nat_lit 4) _)) Complex _),
  @Eq.{1} (@MvPolynomial.{0, 0} (Fin (@OfNat.ofNat.{0} Nat (nat_lit 4) _)) Complex _)
    (TheoremT.Continuum.ksRealPolynomialToSpinor (TheoremT.Continuum.ksSpinorPolynomialToReal P)) P
TheoremT.Continuum.ksSpinorPolynomialToReal_injective : @Function.Injective.{1, 1}
  (@MvPolynomial.{0, 0} (Fin (@OfNat.ofNat.{0} Nat (nat_lit 4) _)) Complex _)
  (@MvPolynomial.{0, 0} (Fin (@OfNat.ofNat.{0} Nat (nat_lit 4) _)) Complex _)
  TheoremT.Continuum.ksSpinorPolynomialToReal
TheoremT.Continuum.ksPolynomial_eq_of_spinor_real_eval_eq : ∀
  (P Q : @MvPolynomial.{0, 0} (Fin (@OfNat.ofNat.{0} Nat (nat_lit 4) _)) Complex _)
  (h :
    ∀ (y : TheoremT.Continuum.KSSpace),
      @Eq.{1} Complex
        (@DFunLike.coe.{1, 1, 1}
          (@RingHom.{0, 0}
            (@MvPolynomial.{0, 0} (Fin (Nat.succ (Nat.succ (Nat.succ (Nat.succ (@OfNat.ofNat.{0} Nat (nat_lit 0) _))))))
              Complex _)
            Complex _ _)
          (@MvPolynomial.{0, 0} (Fin (Nat.succ (Nat.succ (Nat.succ (Nat.succ (@OfNat.ofNat.{0} Nat (nat_lit 0) _))))))
            Complex _)
          (fun
              (x :
                @MvPolynomial.{0, 0}
                  (Fin (Nat.succ (Nat.succ (Nat.succ (Nat.succ (@OfNat.ofNat.{0} Nat (nat_lit 0) _)))))) Complex _) =>
            Complex)
          _
          (@MvPolynomial.eval.{0, 0} Complex
            (Fin (Nat.succ (Nat.succ (Nat.succ (Nat.succ (@OfNat.ofNat.{0} Nat (nat_lit 0) _)))))) _
            (@Matrix.vecCons.{0} Complex (Nat.succ (Nat.succ (Nat.succ (@OfNat.ofNat.{0} Nat (nat_lit 0) _))))
              (TheoremT.Continuum.ksSpinor y
                (@OfNat.ofNat.{0} (Fin (@OfNat.ofNat.{0} Nat (nat_lit 2) _)) (nat_lit 0) _))
              (@Matrix.vecCons.{0} Complex (Nat.succ (Nat.succ (@OfNat.ofNat.{0} Nat (nat_lit 0) _)))
                (TheoremT.Continuum.ksSpinor y
                  (@OfNat.ofNat.{0} (Fin (@OfNat.ofNat.{0} Nat (nat_lit 2) _)) (nat_lit 1) _))
                (@Matrix.vecCons.{0} Complex (Nat.succ (@OfNat.ofNat.{0} Nat (nat_lit 0) _))
                  (@Star.star.{0} Complex _
                    (TheoremT.Continuum.ksSpinor y
                      (@OfNat.ofNat.{0} (Fin (@OfNat.ofNat.{0} Nat (nat_lit 2) _)) (nat_lit 0) _)))
                  (@Matrix.vecCons.{0} Complex (@OfNat.ofNat.{0} Nat (nat_lit 0) _)
                    (@Star.star.{0} Complex _
                      (TheoremT.Continuum.ksSpinor y
                        (@OfNat.ofNat.{0} (Fin (@OfNat.ofNat.{0} Nat (nat_lit 2) _)) (nat_lit 1) _)))
                    (@Matrix.vecEmpty.{0} Complex))))))
          P)
        (@DFunLike.coe.{1, 1, 1}
          (@RingHom.{0, 0}
            (@MvPolynomial.{0, 0} (Fin (Nat.succ (Nat.succ (Nat.succ (Nat.succ (@OfNat.ofNat.{0} Nat (nat_lit 0) _))))))
              Complex _)
            Complex _ _)
          (@MvPolynomial.{0, 0} (Fin (Nat.succ (Nat.succ (Nat.succ (Nat.succ (@OfNat.ofNat.{0} Nat (nat_lit 0) _))))))
            Complex _)
          (fun
              (x :
                @MvPolynomial.{0, 0}
                  (Fin (Nat.succ (Nat.succ (Nat.succ (Nat.succ (@OfNat.ofNat.{0} Nat (nat_lit 0) _)))))) Complex _) =>
            Complex)
          _
          (@MvPolynomial.eval.{0, 0} Complex
            (Fin (Nat.succ (Nat.succ (Nat.succ (Nat.succ (@OfNat.ofNat.{0} Nat (nat_lit 0) _)))))) _
            (@Matrix.vecCons.{0} Complex (Nat.succ (Nat.succ (Nat.succ (@OfNat.ofNat.{0} Nat (nat_lit 0) _))))
              (TheoremT.Continuum.ksSpinor y
                (@OfNat.ofNat.{0} (Fin (@OfNat.ofNat.{0} Nat (nat_lit 2) _)) (nat_lit 0) _))
              (@Matrix.vecCons.{0} Complex (Nat.succ (Nat.succ (@OfNat.ofNat.{0} Nat (nat_lit 0) _)))
                (TheoremT.Continuum.ksSpinor y
                  (@OfNat.ofNat.{0} (Fin (@OfNat.ofNat.{0} Nat (nat_lit 2) _)) (nat_lit 1) _))
                (@Matrix.vecCons.{0} Complex (Nat.succ (@OfNat.ofNat.{0} Nat (nat_lit 0) _))
                  (@Star.star.{0} Complex _
                    (TheoremT.Continuum.ksSpinor y
                      (@OfNat.ofNat.{0} (Fin (@OfNat.ofNat.{0} Nat (nat_lit 2) _)) (nat_lit 0) _)))
                  (@Matrix.vecCons.{0} Complex (@OfNat.ofNat.{0} Nat (nat_lit 0) _)
                    (@Star.star.{0} Complex _
                      (TheoremT.Continuum.ksSpinor y
                        (@OfNat.ofNat.{0} (Fin (@OfNat.ofNat.{0} Nat (nat_lit 2) _)) (nat_lit 1) _)))
                    (@Matrix.vecEmpty.{0} Complex))))))
          Q)),
  @Eq.{1} (@MvPolynomial.{0, 0} (Fin (@OfNat.ofNat.{0} Nat (nat_lit 4) _)) Complex _) P Q
TheoremT.Continuum.ksRealPolynomialToSpinor_circle_invariant : ∀
  (P : @MvPolynomial.{0, 0} (Fin (@OfNat.ofNat.{0} Nat (nat_lit 4) _)) Complex _)
  (hreal :
    ∀ (a b : Real),
      @Eq.{1} Real
          (@HAdd.hAdd.{0, 0, 0} Real Real Real _
            (@HPow.hPow.{0, 0, 0} Real Nat Real _ a (@OfNat.ofNat.{0} Nat (nat_lit 2) _))
            (@HPow.hPow.{0, 0, 0} Real Nat Real _ b (@OfNat.ofNat.{0} Nat (nat_lit 2) _)))
          (@OfNat.ofNat.{0} Real (nat_lit 1) _) →
        ∀ (y : TheoremT.Continuum.KSSpace),
          @Eq.{1} Complex
            (@DFunLike.coe.{1, 1, 1}
              (@RingHom.{0, 0} (@MvPolynomial.{0, 0} (Fin (@OfNat.ofNat.{0} Nat (nat_lit 4) _)) Complex _) Complex _ _)
              (@MvPolynomial.{0, 0} (Fin (@OfNat.ofNat.{0} Nat (nat_lit 4) _)) Complex _)
              (fun (x : @MvPolynomial.{0, 0} (Fin (@OfNat.ofNat.{0} Nat (nat_lit 4) _)) Complex _) => Complex) _
              (@MvPolynomial.eval.{0, 0} Complex (Fin (@OfNat.ofNat.{0} Nat (nat_lit 4) _)) _
                fun (i : Fin (@OfNat.ofNat.{0} Nat (nat_lit 4) _)) =>
                Complex.ofReal
                  (@WithLp.ofLp.{0} (@OfNat.ofNat.{0} ENNReal (nat_lit 2) _)
                    ((i : Fin (@OfNat.ofNat.{0} Nat (nat_lit 4) _)) →
                      (fun (x : Fin (@OfNat.ofNat.{0} Nat (nat_lit 4) _)) => Real) i)
                    (TheoremT.Continuum.ksCircleAction a b y) i))
              P)
            (@DFunLike.coe.{1, 1, 1}
              (@RingHom.{0, 0} (@MvPolynomial.{0, 0} (Fin (@OfNat.ofNat.{0} Nat (nat_lit 4) _)) Complex _) Complex _ _)
              (@MvPolynomial.{0, 0} (Fin (@OfNat.ofNat.{0} Nat (nat_lit 4) _)) Complex _)
              (fun (x : @MvPolynomial.{0, 0} (Fin (@OfNat.ofNat.{0} Nat (nat_lit 4) _)) Complex _) => Complex) _
              (@MvPolynomial.eval.{0, 0} Complex (Fin (@OfNat.ofNat.{0} Nat (nat_lit 4) _)) _
                fun (i : Fin (@OfNat.ofNat.{0} Nat (nat_lit 4) _)) =>
                Complex.ofReal
                  (@WithLp.ofLp.{0} (@OfNat.ofNat.{0} ENNReal (nat_lit 2) _)
                    ((i : Fin (@OfNat.ofNat.{0} Nat (nat_lit 4) _)) →
                      (fun (x : Fin (@OfNat.ofNat.{0} Nat (nat_lit 4) _)) => Real) i)
                    y i))
              P))
  (u : Complex),
  @Eq.{1} Real (@Norm.norm.{0} Complex _ u) (@OfNat.ofNat.{0} Real (nat_lit 1) _) →
    @Eq.{1} (@MvPolynomial.{0, 0} (Fin (@OfNat.ofNat.{0} Nat (nat_lit 4) _)) Complex _)
      (TheoremT.Continuum.ksPolynomialCircleAction u (TheoremT.Continuum.ksRealPolynomialToSpinor P))
      (TheoremT.Continuum.ksRealPolynomialToSpinor P)
TheoremT.Continuum.ksRealPolynomialToSpinor_balanced_support : ∀
  (P : @MvPolynomial.{0, 0} (Fin (@OfNat.ofNat.{0} Nat (nat_lit 4) _)) Complex _)
  (hreal :
    ∀ (a b : Real),
      @Eq.{1} Real
          (@HAdd.hAdd.{0, 0, 0} Real Real Real _
            (@HPow.hPow.{0, 0, 0} Real Nat Real _ a (@OfNat.ofNat.{0} Nat (nat_lit 2) _))
            (@HPow.hPow.{0, 0, 0} Real Nat Real _ b (@OfNat.ofNat.{0} Nat (nat_lit 2) _)))
          (@OfNat.ofNat.{0} Real (nat_lit 1) _) →
        ∀ (y : TheoremT.Continuum.KSSpace),
          @Eq.{1} Complex
            (@DFunLike.coe.{1, 1, 1}
              (@RingHom.{0, 0} (@MvPolynomial.{0, 0} (Fin (@OfNat.ofNat.{0} Nat (nat_lit 4) _)) Complex _) Complex _ _)
              (@MvPolynomial.{0, 0} (Fin (@OfNat.ofNat.{0} Nat (nat_lit 4) _)) Complex _)
              (fun (x : @MvPolynomial.{0, 0} (Fin (@OfNat.ofNat.{0} Nat (nat_lit 4) _)) Complex _) => Complex) _
              (@MvPolynomial.eval.{0, 0} Complex (Fin (@OfNat.ofNat.{0} Nat (nat_lit 4) _)) _
                fun (i : Fin (@OfNat.ofNat.{0} Nat (nat_lit 4) _)) =>
                Complex.ofReal
                  (@WithLp.ofLp.{0} (@OfNat.ofNat.{0} ENNReal (nat_lit 2) _)
                    ((i : Fin (@OfNat.ofNat.{0} Nat (nat_lit 4) _)) →
                      (fun (x : Fin (@OfNat.ofNat.{0} Nat (nat_lit 4) _)) => Real) i)
                    (TheoremT.Continuum.ksCircleAction a b y) i))
              P)
            (@DFunLike.coe.{1, 1, 1}
              (@RingHom.{0, 0} (@MvPolynomial.{0, 0} (Fin (@OfNat.ofNat.{0} Nat (nat_lit 4) _)) Complex _) Complex _ _)
              (@MvPolynomial.{0, 0} (Fin (@OfNat.ofNat.{0} Nat (nat_lit 4) _)) Complex _)
              (fun (x : @MvPolynomial.{0, 0} (Fin (@OfNat.ofNat.{0} Nat (nat_lit 4) _)) Complex _) => Complex) _
              (@MvPolynomial.eval.{0, 0} Complex (Fin (@OfNat.ofNat.{0} Nat (nat_lit 4) _)) _
                fun (i : Fin (@OfNat.ofNat.{0} Nat (nat_lit 4) _)) =>
                Complex.ofReal
                  (@WithLp.ofLp.{0} (@OfNat.ofNat.{0} ENNReal (nat_lit 2) _)
                    ((i : Fin (@OfNat.ofNat.{0} Nat (nat_lit 4) _)) →
                      (fun (x : Fin (@OfNat.ofNat.{0} Nat (nat_lit 4) _)) => Real) i)
                    y i))
              P))
  (d : @Finsupp.{0, 0} (Fin (@OfNat.ofNat.{0} Nat (nat_lit 4) _)) Nat _),
  @Membership.mem.{0, 0} (@Finsupp.{0, 0} (Fin (@OfNat.ofNat.{0} Nat (nat_lit 4) _)) Nat _)
      (Finset.{0} (@Finsupp.{0, 0} (Fin (@OfNat.ofNat.{0} Nat (nat_lit 4) _)) Nat _)) _
      (@MvPolynomial.support.{0, 0} Complex (Fin (@OfNat.ofNat.{0} Nat (nat_lit 4) _)) _
        (TheoremT.Continuum.ksRealPolynomialToSpinor P))
      d →
    @Eq.{1} Nat
      (@HAdd.hAdd.{0, 0, 0} Nat Nat Nat _
        (@DFunLike.coe.{1, 1, 1} (@Finsupp.{0, 0} (Fin (@OfNat.ofNat.{0} Nat (nat_lit 4) _)) Nat _)
          (Fin (@OfNat.ofNat.{0} Nat (nat_lit 4) _)) (fun (x : Fin (@OfNat.ofNat.{0} Nat (nat_lit 4) _)) => Nat) _ d
          (@OfNat.ofNat.{0} (Fin (@OfNat.ofNat.{0} Nat (nat_lit 4) _)) (nat_lit 0) _))
        (@DFunLike.coe.{1, 1, 1} (@Finsupp.{0, 0} (Fin (@OfNat.ofNat.{0} Nat (nat_lit 4) _)) Nat _)
          (Fin (@OfNat.ofNat.{0} Nat (nat_lit 4) _)) (fun (x : Fin (@OfNat.ofNat.{0} Nat (nat_lit 4) _)) => Nat) _ d
          (@OfNat.ofNat.{0} (Fin (@OfNat.ofNat.{0} Nat (nat_lit 4) _)) (nat_lit 1) _)))
      (@HAdd.hAdd.{0, 0, 0} Nat Nat Nat _
        (@DFunLike.coe.{1, 1, 1} (@Finsupp.{0, 0} (Fin (@OfNat.ofNat.{0} Nat (nat_lit 4) _)) Nat _)
          (Fin (@OfNat.ofNat.{0} Nat (nat_lit 4) _)) (fun (x : Fin (@OfNat.ofNat.{0} Nat (nat_lit 4) _)) => Nat) _ d
          (@OfNat.ofNat.{0} (Fin (@OfNat.ofNat.{0} Nat (nat_lit 4) _)) (nat_lit 2) _))
        (@DFunLike.coe.{1, 1, 1} (@Finsupp.{0, 0} (Fin (@OfNat.ofNat.{0} Nat (nat_lit 4) _)) Nat _)
          (Fin (@OfNat.ofNat.{0} Nat (nat_lit 4) _)) (fun (x : Fin (@OfNat.ofNat.{0} Nat (nat_lit 4) _)) => Nat) _ d
          (@OfNat.ofNat.{0} (Fin (@OfNat.ofNat.{0} Nat (nat_lit 4) _)) (nat_lit 3) _)))
'TheoremT.Continuum.complexPolynomial_eq_of_real_eval_eq' depends on axioms: [propext, Classical.choice, Quot.sound]
'TheoremT.Continuum.ksSpinorForwardPolynomial' depends on axioms: [propext, Classical.choice, Quot.sound]
'TheoremT.Continuum.ksSpinorPolynomialToReal' depends on axioms: [propext, Classical.choice, Quot.sound]
'TheoremT.Continuum.ksSpinorForwardPolynomial_physical_eval' depends on axioms: [propext, Classical.choice, Quot.sound]
'TheoremT.Continuum.ksSpinorPolynomialToReal_physical_eval' depends on axioms: [propext, Classical.choice, Quot.sound]
'TheoremT.Continuum.ksPolynomialCircleAction_physical_eval' depends on axioms: [propext, Classical.choice, Quot.sound]
'TheoremT.Continuum.ksSpinorForwardPolynomial_inverse' depends on axioms: [propext, Classical.choice, Quot.sound]
'TheoremT.Continuum.ksSpinorPolynomialToReal_left_inverse' depends on axioms: [propext, Classical.choice, Quot.sound]
'TheoremT.Continuum.ksSpinorPolynomialToReal_injective' depends on axioms: [propext, Classical.choice, Quot.sound]
'TheoremT.Continuum.ksPolynomial_eq_of_spinor_real_eval_eq' depends on axioms: [propext, Classical.choice, Quot.sound]
'TheoremT.Continuum.ksRealPolynomialToSpinor_circle_invariant' depends on axioms: [propext,
 Classical.choice,
 Quot.sound]
'TheoremT.Continuum.ksRealPolynomialToSpinor_balanced_support' depends on axioms: [propext,
 Classical.choice,
 Quot.sound]
