@TheoremT.Continuum.WeakGrushin.complexDirectionalWordDeriv : {κ : Type} →
  [inst : Fintype.{0} κ] →
    {ι : Type} →
      (dirs : ι → @TheoremT.Continuum.WeakGrushin.Space κ _) →
        (s : @TheoremT.Continuum.WeakGrushin.Space κ _ → Complex) →
          List.{0} ι → @TheoremT.Continuum.WeakGrushin.Space κ _ → Complex
@TheoremT.Continuum.WeakGrushin.complexDirectionalWordDeriv_contDiffOn : ∀ {κ : Type} [inst : Fintype.{0} κ]
  [DecidableEq.{1} κ] {ι : Type} (dirs : ι → @TheoremT.Continuum.WeakGrushin.Space κ _)
  {Ω : Set.{0} (@TheoremT.Continuum.WeakGrushin.Space κ _)}
  (hΩ : @IsOpen.{0} (@TheoremT.Continuum.WeakGrushin.Space κ _) _ Ω)
  {s : @TheoremT.Continuum.WeakGrushin.Space κ _ → Complex}
  (hs :
    @ContDiffOn.{0, 0, 0} Real _ (@TheoremT.Continuum.WeakGrushin.Space κ _) _ _ Complex _ _
      (@WithTop.some.{0} ENat (@Top.top.{0} ENat _)) s Ω)
  (w : List.{0} ι),
  @ContDiffOn.{0, 0, 0} Real _ (@TheoremT.Continuum.WeakGrushin.Space κ _) _ _ Complex _ _
    (@WithTop.some.{0} ENat (@Top.top.{0} ENat _))
    (@TheoremT.Continuum.WeakGrushin.complexDirectionalWordDeriv κ _ ι dirs s w) Ω
@TheoremT.Continuum.WeakGrushin.complex_smooth_local_weak_directional : ∀ {κ : Type} [inst : Fintype.{0} κ]
  [DecidableEq.{1} κ] {Ω : Set.{0} (@TheoremT.Continuum.WeakGrushin.Space κ _)}
  (hΩ : @IsOpen.{0} (@TheoremT.Continuum.WeakGrushin.Space κ _) _ Ω)
  {s : @TheoremT.Continuum.WeakGrushin.Space κ _ → Complex}
  (hs :
    @ContDiffOn.{0, 0, 0} Real _ (@TheoremT.Continuum.WeakGrushin.Space κ _) _ _ Complex _ _
      (@WithTop.some.{0} ENat (@Top.top.{0} ENat _)) s Ω)
  (v : @TheoremT.Continuum.WeakGrushin.Space κ _),
  @TheoremT.Continuum.ProductLocalWeakDirectional.{0, 0}
    (EuclideanSpace.{0, 0} Real (Fin (@OfNat.ofNat.{0} Nat (nat_lit 4) _))) (EuclideanSpace.{0, 0} Real κ) _ _ _ _ _ _ _
    _ _ _ Ω s
    (fun
        (p :
          Prod.{0, 0} (EuclideanSpace.{0, 0} Real (Fin (@OfNat.ofNat.{0} Nat (nat_lit 4) _)))
            (EuclideanSpace.{0, 0} Real κ)) =>
      @DFunLike.coe.{1, 1, 1}
        (@ContinuousLinearMap.{0, 0, 0, 0} Real Real _ _ (@RingHom.id.{0} Real _)
          (@TheoremT.Continuum.WeakGrushin.Space κ _) _ _ Complex _ _ _ _)
        (@TheoremT.Continuum.WeakGrushin.Space κ _) (fun (x : @TheoremT.Continuum.WeakGrushin.Space κ _) => Complex) _
        (@fderiv.{0, 0, 0} Real _ (@TheoremT.Continuum.WeakGrushin.Space κ _) _ _ _ Complex _ _ _ s p) v)
    v
@TheoremT.Continuum.WeakGrushin.complexMixedSourceWord : {κ : Type} →
  [inst : Fintype.{0} κ] →
    [DecidableEq.{1} κ] →
      (s : @TheoremT.Continuum.WeakGrushin.Space κ _ → Complex) →
        (ya : List.{0} (Fin (@OfNat.ofNat.{0} Nat (nat_lit 4) _))) →
          (tb : List.{0} κ) → @TheoremT.Continuum.WeakGrushin.Space κ _ → Complex
@TheoremT.Continuum.WeakGrushin.complexMixedSourceWord_nil : ∀ {κ : Type} [inst : Fintype.{0} κ]
  [inst_1 : DecidableEq.{1} κ] (s : @TheoremT.Continuum.WeakGrushin.Space κ _ → Complex),
  @Eq.{1} (@TheoremT.Continuum.WeakGrushin.Space κ _ → Complex)
    (@TheoremT.Continuum.WeakGrushin.complexMixedSourceWord κ _ _ s
      (@List.nil.{0} (Fin (@OfNat.ofNat.{0} Nat (nat_lit 4) _))) (@List.nil.{0} κ))
    s
@TheoremT.Continuum.WeakGrushin.complexMixedSourceWord_contDiffOn : ∀ {κ : Type} [inst : Fintype.{0} κ]
  [inst_1 : DecidableEq.{1} κ] {Ω : Set.{0} (@TheoremT.Continuum.WeakGrushin.Space κ _)}
  (hΩ : @IsOpen.{0} (@TheoremT.Continuum.WeakGrushin.Space κ _) _ Ω)
  {s : @TheoremT.Continuum.WeakGrushin.Space κ _ → Complex}
  (hs :
    @ContDiffOn.{0, 0, 0} Real _ (@TheoremT.Continuum.WeakGrushin.Space κ _) _ _ Complex _ _
      (@WithTop.some.{0} ENat (@Top.top.{0} ENat _)) s Ω)
  (ya : List.{0} (Fin (@OfNat.ofNat.{0} Nat (nat_lit 4) _))) (tb : List.{0} κ),
  @ContDiffOn.{0, 0, 0} Real _ (@TheoremT.Continuum.WeakGrushin.Space κ _) _ _ Complex _ _
    (@WithTop.some.{0} ENat (@Top.top.{0} ENat _))
    (@TheoremT.Continuum.WeakGrushin.complexMixedSourceWord κ _ _ s ya tb) Ω
@TheoremT.Continuum.WeakGrushin.complexMixedSourceWord_locallyL2 : ∀ {κ : Type} [inst : Fintype.{0} κ]
  [inst_1 : DecidableEq.{1} κ] {Ω : Set.{0} (@TheoremT.Continuum.WeakGrushin.Space κ _)}
  (hΩ : @IsOpen.{0} (@TheoremT.Continuum.WeakGrushin.Space κ _) _ Ω)
  {s : @TheoremT.Continuum.WeakGrushin.Space κ _ → Complex}
  (hs :
    @ContDiffOn.{0, 0, 0} Real _ (@TheoremT.Continuum.WeakGrushin.Space κ _) _ _ Complex _ _
      (@WithTop.some.{0} ENat (@Top.top.{0} ENat _)) s Ω)
  (ya : List.{0} (Fin (@OfNat.ofNat.{0} Nat (nat_lit 4) _))) (tb : List.{0} κ),
  @TheoremT.Continuum.ProductLocallyL2On.{0, 0} (EuclideanSpace.{0, 0} Real (Fin (@OfNat.ofNat.{0} Nat (nat_lit 4) _)))
    (EuclideanSpace.{0, 0} Real κ) _ _ _ _ _ _ _ _ _ _
    (@TheoremT.Continuum.WeakGrushin.complexMixedSourceWord κ _ _ s ya tb) Ω
@TheoremT.Continuum.WeakGrushin.complexMixedSourceWord_localY : ∀ {κ : Type} [inst : Fintype.{0} κ]
  [inst_1 : DecidableEq.{1} κ] {Ω : Set.{0} (@TheoremT.Continuum.WeakGrushin.Space κ _)}
  (hΩ : @IsOpen.{0} (@TheoremT.Continuum.WeakGrushin.Space κ _) _ Ω)
  {s : @TheoremT.Continuum.WeakGrushin.Space κ _ → Complex}
  (hs :
    @ContDiffOn.{0, 0, 0} Real _ (@TheoremT.Continuum.WeakGrushin.Space κ _) _ _ Complex _ _
      (@WithTop.some.{0} ENat (@Top.top.{0} ENat _)) s Ω)
  (ya : List.{0} (Fin (@OfNat.ofNat.{0} Nat (nat_lit 4) _))) (tb : List.{0} κ)
  (i : Fin (@OfNat.ofNat.{0} Nat (nat_lit 4) _)),
  @TheoremT.Continuum.ProductLocalWeakDirectional.{0, 0}
    (EuclideanSpace.{0, 0} Real (Fin (@OfNat.ofNat.{0} Nat (nat_lit 4) _))) (EuclideanSpace.{0, 0} Real κ) _ _ _ _ _ _ _
    _ _ _ Ω (@TheoremT.Continuum.WeakGrushin.complexMixedSourceWord κ _ _ s ya tb)
    (@TheoremT.Continuum.WeakGrushin.complexMixedSourceWord κ _ _ s
      (@List.cons.{0} (Fin (@OfNat.ofNat.{0} Nat (nat_lit 4) _)) i ya) tb)
    (@TheoremT.Continuum.WeakGrushin.yDir κ _ i)
@TheoremT.Continuum.WeakGrushin.complexMixedSourceWord_localT_zero : ∀ {κ : Type} [inst : Fintype.{0} κ]
  [inst_1 : DecidableEq.{1} κ] {Ω : Set.{0} (@TheoremT.Continuum.WeakGrushin.Space κ _)}
  (hΩ : @IsOpen.{0} (@TheoremT.Continuum.WeakGrushin.Space κ _) _ Ω)
  {s : @TheoremT.Continuum.WeakGrushin.Space κ _ → Complex}
  (hs :
    @ContDiffOn.{0, 0, 0} Real _ (@TheoremT.Continuum.WeakGrushin.Space κ _) _ _ Complex _ _
      (@WithTop.some.{0} ENat (@Top.top.{0} ENat _)) s Ω)
  (tb : List.{0} κ) (j : κ),
  @TheoremT.Continuum.ProductLocalWeakDirectional.{0, 0}
    (EuclideanSpace.{0, 0} Real (Fin (@OfNat.ofNat.{0} Nat (nat_lit 4) _))) (EuclideanSpace.{0, 0} Real κ) _ _ _ _ _ _ _
    _ _ _ Ω
    (@TheoremT.Continuum.WeakGrushin.complexMixedSourceWord κ _ _ s
      (@List.nil.{0} (Fin (@OfNat.ofNat.{0} Nat (nat_lit 4) _))) tb)
    (@TheoremT.Continuum.WeakGrushin.complexMixedSourceWord κ _ _ s
      (@List.nil.{0} (Fin (@OfNat.ofNat.{0} Nat (nat_lit 4) _))) (@List.cons.{0} κ j tb))
    (@TheoremT.Continuum.WeakGrushin.tDir κ _ _ j)
'TheoremT.Continuum.WeakGrushin.complexDirectionalWordDeriv' depends on axioms: [propext, Classical.choice, Quot.sound]
'TheoremT.Continuum.WeakGrushin.complexDirectionalWordDeriv_contDiffOn' depends on axioms: [propext,
 Classical.choice,
 Quot.sound]
'TheoremT.Continuum.WeakGrushin.complex_smooth_local_weak_directional' depends on axioms: [propext,
 Classical.choice,
 Quot.sound]
'TheoremT.Continuum.WeakGrushin.complexMixedSourceWord' depends on axioms: [propext, Classical.choice, Quot.sound]
'TheoremT.Continuum.WeakGrushin.complexMixedSourceWord_nil' depends on axioms: [propext, Classical.choice, Quot.sound]
'TheoremT.Continuum.WeakGrushin.complexMixedSourceWord_contDiffOn' depends on axioms: [propext,
 Classical.choice,
 Quot.sound]
'TheoremT.Continuum.WeakGrushin.complexMixedSourceWord_locallyL2' depends on axioms: [propext,
 Classical.choice,
 Quot.sound]
'TheoremT.Continuum.WeakGrushin.complexMixedSourceWord_localY' depends on axioms: [propext,
 Classical.choice,
 Quot.sound]
'TheoremT.Continuum.WeakGrushin.complexMixedSourceWord_localT_zero' depends on axioms: [propext,
 Classical.choice,
 Quot.sound]
