@TheoremT.Continuum.analytic_norm_coefficients_isometry_invariant.{u_1} : ∀ {E : Type u_1}
  [inst : NormedAddCommGroup.{u_1} E] [inst_1 : @NormedSpace.{0, u_1} Real E _ _] [Nontrivial.{u_1} E]
  {a b u : E → Complex} {r : Real} (hr : @LT.lt.{0} Real _ (@OfNat.ofNat.{0} Real (nat_lit 0) _) r)
  (ha :
    @AnalyticOnNhd.{0, u_1, 0} Real E Complex _ _ _ _ _ a
      (@Metric.ball.{u_1} E _ (@OfNat.ofNat.{u_1} E (nat_lit 0) _) r))
  (hb :
    @AnalyticOnNhd.{0, u_1, 0} Real E Complex _ _ _ _ _ b
      (@Metric.ball.{u_1} E _ (@OfNat.ofNat.{u_1} E (nat_lit 0) _) r))
  (hrep :
    ∀ (x : E),
      @Membership.mem.{u_1, u_1} E (Set.{u_1} E) _ (@Metric.ball.{u_1} E _ (@OfNat.ofNat.{u_1} E (nat_lit 0) _) r) x →
        @Eq.{1} Complex (u x)
          (@HAdd.hAdd.{0, 0, 0} Complex Complex Complex _ (a x)
            (@HSMul.hSMul.{0, 0, 0} Real Complex Complex _ (@Norm.norm.{u_1} E _ x) (b x))))
  (R :
    @LinearIsometryEquiv.{0, 0, u_1, u_1} Real Real _ _ (@RingHom.id.{0} Real _) (@RingHom.id.{0} Real _) _ _ E E _ _ _
      _)
  (hu :
    ∀ (x : E),
      @Membership.mem.{u_1, u_1} E (Set.{u_1} E) _ (@Metric.ball.{u_1} E _ (@OfNat.ofNat.{u_1} E (nat_lit 0) _) r) x →
        @Eq.{1} Complex
          (u
            (@DFunLike.coe.{u_1 + 1, u_1 + 1, u_1 + 1}
              (@LinearIsometryEquiv.{0, 0, u_1, u_1} Real Real _ _ (@RingHom.id.{0} Real _) (@RingHom.id.{0} Real _) _ _
                E E _ _ _ _)
              E (fun (a : E) => E) _ R x))
          (u x)),
  And
    (@Set.EqOn.{u_1, 0} E Complex
      (@Function.comp.{u_1 + 1, u_1 + 1, 1} E E Complex a
        (@DFunLike.coe.{u_1 + 1, u_1 + 1, u_1 + 1}
          (@LinearIsometryEquiv.{0, 0, u_1, u_1} Real Real _ _ (@RingHom.id.{0} Real _) (@RingHom.id.{0} Real _) _ _ E E
            _ _ _ _)
          E (fun (a : E) => E) _ R))
      a (@Metric.ball.{u_1} E _ (@OfNat.ofNat.{u_1} E (nat_lit 0) _) r))
    (@Set.EqOn.{u_1, 0} E Complex
      (@Function.comp.{u_1 + 1, u_1 + 1, 1} E E Complex b
        (@DFunLike.coe.{u_1 + 1, u_1 + 1, u_1 + 1}
          (@LinearIsometryEquiv.{0, 0, u_1, u_1} Real Real _ _ (@RingHom.id.{0} Real _) (@RingHom.id.{0} Real _) _ _ E E
            _ _ _ _)
          E (fun (a : E) => E) _ R))
      b (@Metric.ball.{u_1} E _ (@OfNat.ofNat.{u_1} E (nat_lit 0) _) r))
'TheoremT.Continuum.analytic_norm_coefficients_isometry_invariant' depends on axioms: [propext,
 Classical.choice,
 Quot.sound]
