@TheoremT.Continuum.analytic_norm_decomposition_zero_along_line.{u_1} : ∀ {E : Type u_1}
  [inst : NormedAddCommGroup.{u_1} E] [inst_1 : @NormedSpace.{0, u_1} Real E _ _] {f g : E → Complex} {r : Real}
  (hr : @LT.lt.{0} Real _ (@OfNat.ofNat.{0} Real (nat_lit 0) _) r)
  (hf :
    @AnalyticOnNhd.{0, u_1, 0} Real E Complex _ _ _ _ _ f
      (@Metric.ball.{u_1} E _ (@OfNat.ofNat.{u_1} E (nat_lit 0) _) r))
  (hg :
    @AnalyticOnNhd.{0, u_1, 0} Real E Complex _ _ _ _ _ g
      (@Metric.ball.{u_1} E _ (@OfNat.ofNat.{u_1} E (nat_lit 0) _) r))
  (hfg :
    ∀ (x : E),
      @Membership.mem.{u_1, u_1} E (Set.{u_1} E) _ (@Metric.ball.{u_1} E _ (@OfNat.ofNat.{u_1} E (nat_lit 0) _) r) x →
        @Eq.{1} Complex
          (@HAdd.hAdd.{0, 0, 0} Complex Complex Complex _ (f x)
            (@HSMul.hSMul.{0, 0, 0} Real Complex Complex _ (@Norm.norm.{u_1} E _ x) (g x)))
          (@OfNat.ofNat.{0} Complex (nat_lit 0) _))
  (v : E) (hv : @Ne.{u_1 + 1} E v (@OfNat.ofNat.{u_1} E (nat_lit 0) _)) (t : Real),
  @Membership.mem.{0, 0} Real (Set.{0} Real) _
      (@Set.Ioo.{0} Real _ (@Neg.neg.{0} Real _ (@HDiv.hDiv.{0, 0, 0} Real Real Real _ r (@Norm.norm.{u_1} E _ v)))
        (@HDiv.hDiv.{0, 0, 0} Real Real Real _ r (@Norm.norm.{u_1} E _ v)))
      t →
    And (@Eq.{1} Complex (f (@HSMul.hSMul.{0, u_1, u_1} Real E E _ t v)) (@OfNat.ofNat.{0} Complex (nat_lit 0) _))
      (@Eq.{1} Complex (g (@HSMul.hSMul.{0, u_1, u_1} Real E E _ t v)) (@OfNat.ofNat.{0} Complex (nat_lit 0) _))
@TheoremT.Continuum.analytic_norm_decomposition_zero.{u_1} : ∀ {E : Type u_1} [inst : NormedAddCommGroup.{u_1} E]
  [inst_1 : @NormedSpace.{0, u_1} Real E _ _] [Nontrivial.{u_1} E] {f g : E → Complex} {r : Real}
  (hr : @LT.lt.{0} Real _ (@OfNat.ofNat.{0} Real (nat_lit 0) _) r)
  (hf :
    @AnalyticOnNhd.{0, u_1, 0} Real E Complex _ _ _ _ _ f
      (@Metric.ball.{u_1} E _ (@OfNat.ofNat.{u_1} E (nat_lit 0) _) r))
  (hg :
    @AnalyticOnNhd.{0, u_1, 0} Real E Complex _ _ _ _ _ g
      (@Metric.ball.{u_1} E _ (@OfNat.ofNat.{u_1} E (nat_lit 0) _) r))
  (hfg :
    ∀ (x : E),
      @Membership.mem.{u_1, u_1} E (Set.{u_1} E) _ (@Metric.ball.{u_1} E _ (@OfNat.ofNat.{u_1} E (nat_lit 0) _) r) x →
        @Eq.{1} Complex
          (@HAdd.hAdd.{0, 0, 0} Complex Complex Complex _ (f x)
            (@HSMul.hSMul.{0, 0, 0} Real Complex Complex _ (@Norm.norm.{u_1} E _ x) (g x)))
          (@OfNat.ofNat.{0} Complex (nat_lit 0) _)),
  And
    (@Set.EqOn.{u_1, 0} E Complex f (@OfNat.ofNat.{u_1} (E → Complex) (nat_lit 0) _)
      (@Metric.ball.{u_1} E _ (@OfNat.ofNat.{u_1} E (nat_lit 0) _) r))
    (@Set.EqOn.{u_1, 0} E Complex g (@OfNat.ofNat.{u_1} (E → Complex) (nat_lit 0) _)
      (@Metric.ball.{u_1} E _ (@OfNat.ofNat.{u_1} E (nat_lit 0) _) r))
'TheoremT.Continuum.analytic_norm_decomposition_zero_along_line' depends on axioms: [propext,
 Classical.choice,
 Quot.sound]
'TheoremT.Continuum.analytic_norm_decomposition_zero' depends on axioms: [propext, Classical.choice, Quot.sound]
