TheoremT.Continuum.physical_boxCoordinate_abs_le_norm : ∀
  (i : Sum.{0, 0} (Fin (@OfNat.ofNat.{0} Nat (nat_lit 4) _)) (Fin (@OfNat.ofNat.{0} Nat (nat_lit 3) _)))
  (p : @TheoremT.Continuum.WeakGrushin.Space (Fin (@OfNat.ofNat.{0} Nat (nat_lit 3) _)) _),
  @LE.le.{0} Real _
    (@abs.{0} Real _ _
      (@DFunLike.coe.{1, 1, 1}
        (@ContinuousLinearMap.{0, 0, 0, 0} Real Real _ _ (@RingHom.id.{0} Real _)
          (@TheoremT.Continuum.WeakGrushin.Space (Fin (@OfNat.ofNat.{0} Nat (nat_lit 3) _)) _) _ _ Real _ _ _ _)
        (@TheoremT.Continuum.WeakGrushin.Space (Fin (@OfNat.ofNat.{0} Nat (nat_lit 3) _)) _)
        (fun (x : @TheoremT.Continuum.WeakGrushin.Space (Fin (@OfNat.ofNat.{0} Nat (nat_lit 3) _)) _) => Real) _
        (TheoremT.Continuum.WeakGrushin.boxCoordinate i) p))
    (@Norm.norm.{0} (@TheoremT.Continuum.WeakGrushin.Space (Fin (@OfNat.ofNat.{0} Nat (nat_lit 3) _)) _) _ p)
TheoremT.Continuum.physical_fixed_box_ball_room : ∀
  (z x : @TheoremT.Continuum.WeakGrushin.Space (Fin (@OfNat.ofNat.{0} Nat (nat_lit 3) _)) _)
  (hx :
    @Membership.mem.{0, 0} (@TheoremT.Continuum.WeakGrushin.Space (Fin (@OfNat.ofNat.{0} Nat (nat_lit 3) _)) _)
      (Set.{0} (@TheoremT.Continuum.WeakGrushin.Space (Fin (@OfNat.ofNat.{0} Nat (nat_lit 3) _)) _)) _
      (TheoremT.Continuum.WeakGrushin.rectangularClosedBox z
        (@HDiv.hDiv.{0, 0, 0} Real Real Real _ (@OfNat.ofNat.{0} Real (nat_lit 1) _)
          (@OfNat.ofNat.{0} Real (nat_lit 1024) _))
        (@HDiv.hDiv.{0, 0, 0} Real Real Real _ (@OfNat.ofNat.{0} Real (nat_lit 1) _)
          (@OfNat.ofNat.{0} Real (nat_lit 1024) _)))
      x),
  @LE.le.{0} (Set.{0} (@TheoremT.Continuum.WeakGrushin.Space (Fin (@OfNat.ofNat.{0} Nat (nat_lit 3) _)) _)) _
    (@Metric.ball.{0} (@TheoremT.Continuum.WeakGrushin.Space (Fin (@OfNat.ofNat.{0} Nat (nat_lit 3) _)) _) _ x
      (@HDiv.hDiv.{0, 0, 0} Real Real Real _ (@OfNat.ofNat.{0} Real (nat_lit 1) _)
        (@OfNat.ofNat.{0} Real (nat_lit 1024) _)))
    (TheoremT.Continuum.WeakGrushin.rectangularOpenBox z
      (@HDiv.hDiv.{0, 0, 0} Real Real Real _ (@OfNat.ofNat.{0} Real (nat_lit 1) _)
        (@OfNat.ofNat.{0} Real (nat_lit 512) _))
      (@HDiv.hDiv.{0, 0, 0} Real Real Real _ (@OfNat.ofNat.{0} Real (nat_lit 1) _)
        (@OfNat.ofNat.{0} Real (nat_lit 512) _)))
@TheoremT.Continuum.physicalKSBoxPointwiseData_common_radius : ∀
  {f : @TheoremT.Continuum.WeakGrushin.Space (Fin (@OfNat.ofNat.{0} Nat (nat_lit 3) _)) _ → Complex}
  {t0 : TheoremT.Continuum.Position} {M A F0 W : Real}
  (hdata : TheoremT.Continuum.PhysicalKSBoxPointwiseData f t0 M A F0 W)
  (hA : @LE.le.{0} Real _ (@OfNat.ofNat.{0} Real (nat_lit 1) _) A)
  (hF0 : @LE.le.{0} Real _ (@OfNat.ofNat.{0} Real (nat_lit 0) _) F0),
  @Exists.{1} NNReal fun (r : NNReal) =>
    And (@LT.lt.{0} NNReal _ (@OfNat.ofNat.{0} NNReal (nat_lit 0) _) r)
      (And
        (@Eq.{1} Real (NNReal.toReal r)
          (@Min.min.{0} Real _
            (@HDiv.hDiv.{0, 0, 0} Real Real Real _ (@OfNat.ofNat.{0} Real (nat_lit 1) _)
              (@OfNat.ofNat.{0} Real (nat_lit 1024) _))
            (@Inv.inv.{0} Real _
              (@HMul.hMul.{0, 0, 0} Real Real Real _ (@OfNat.ofNat.{0} Real (nat_lit 7) _)
                (TheoremT.Continuum.physicalKSPointwiseRate M A)))))
        (∀ (x : @TheoremT.Continuum.WeakGrushin.Space (Fin (@OfNat.ofNat.{0} Nat (nat_lit 3) _)) _),
          @Membership.mem.{0, 0} (@TheoremT.Continuum.WeakGrushin.Space (Fin (@OfNat.ofNat.{0} Nat (nat_lit 3) _)) _)
              (Set.{0} (@TheoremT.Continuum.WeakGrushin.Space (Fin (@OfNat.ofNat.{0} Nat (nat_lit 3) _)) _)) _
              (TheoremT.Continuum.WeakGrushin.rectangularClosedBox
                (@Prod.mk.{0, 0} (EuclideanSpace.{0, 0} Real (Fin (@OfNat.ofNat.{0} Nat (nat_lit 4) _)))
                  (EuclideanSpace.{0, 0} Real (Fin (@OfNat.ofNat.{0} Nat (nat_lit 3) _)))
                  (@OfNat.ofNat.{0} (EuclideanSpace.{0, 0} Real (Fin (@OfNat.ofNat.{0} Nat (nat_lit 4) _))) (nat_lit 0)
                    _)
                  t0)
                (@HDiv.hDiv.{0, 0, 0} Real Real Real _ (@OfNat.ofNat.{0} Real (nat_lit 1) _)
                  (@OfNat.ofNat.{0} Real (nat_lit 1024) _))
                (@HDiv.hDiv.{0, 0, 0} Real Real Real _ (@OfNat.ofNat.{0} Real (nat_lit 1) _)
                  (@OfNat.ofNat.{0} Real (nat_lit 1024) _)))
              x →
            @HasFPowerSeriesOnBall.{0, 0, 0} Real
              (@TheoremT.Continuum.WeakGrushin.Space (Fin (@OfNat.ofNat.{0} Nat (nat_lit 3) _)) _) Complex _ _ _ _ _ f
              (@TheoremT.Continuum.factorialFrechetSeries.{0, 0}
                (@TheoremT.Continuum.WeakGrushin.Space (Fin (@OfNat.ofNat.{0} Nat (nat_lit 3) _)) _) Complex _ _ _ _ f
                x)
              x (ENNReal.ofNNReal r)))
'TheoremT.Continuum.physical_boxCoordinate_abs_le_norm' depends on axioms: [propext, Classical.choice, Quot.sound]
'TheoremT.Continuum.physical_fixed_box_ball_room' depends on axioms: [propext, Classical.choice, Quot.sound]
'TheoremT.Continuum.physicalKSBoxPointwiseData_common_radius' depends on axioms: [propext, Classical.choice, Quot.sound]
