TheoremT.Continuum.WeakGrushin.ProductMixedMultiIndexWeakHk : (Ω :
    Set.{0} (@TheoremT.Continuum.WeakGrushin.Space (Fin (@OfNat.ofNat.{0} Nat (nat_lit 3) _)) _)) →
  (f : @TheoremT.Continuum.WeakGrushin.Space (Fin (@OfNat.ofNat.{0} Nat (nat_lit 3) _)) _ → Complex) →
    (m : Nat) → (W : Real) → Prop
@TheoremT.Continuum.WeakGrushin.coordinateWeakHk_mixed_multiIndex : ∀
  {Ω : Set.{0} (@TheoremT.Continuum.WeakGrushin.Space (Fin (@OfNat.ofNat.{0} Nat (nat_lit 3) _)) _)}
  (hΩ : @IsOpen.{0} (@TheoremT.Continuum.WeakGrushin.Space (Fin (@OfNat.ofNat.{0} Nat (nat_lit 3) _)) _) _ Ω)
  {f : @TheoremT.Continuum.WeakGrushin.Space (Fin (@OfNat.ofNat.{0} Nat (nat_lit 3) _)) _ → Complex} {m : Nat}
  {W : Real}
  (hf : @TheoremT.Continuum.WeakGrushin.ProductCoordinateWeakHk (Fin (@OfNat.ofNat.{0} Nat (nat_lit 3) _)) _ _ Ω f m W),
  TheoremT.Continuum.WeakGrushin.ProductMixedMultiIndexWeakHk Ω f m W
@TheoremT.Continuum.WeakGrushin.local_smooth_weak_grushin_mixed_multiIndex_regularity : ∀
  {Ω : Set.{0} (@TheoremT.Continuum.WeakGrushin.Space (Fin (@OfNat.ofNat.{0} Nat (nat_lit 3) _)) _)}
  (hΩ : @IsOpen.{0} (@TheoremT.Continuum.WeakGrushin.Space (Fin (@OfNat.ofNat.{0} Nat (nat_lit 3) _)) _) _ Ω)
  (a : @TheoremT.Continuum.WeakGrushin.Space (Fin (@OfNat.ofNat.{0} Nat (nat_lit 3) _)) _) {aY aT bY bT c : Real}
  (hby : @LT.lt.{0} Real _ (@OfNat.ofNat.{0} Real (nat_lit 0) _) bY)
  (hbt : @LT.lt.{0} Real _ (@OfNat.ofNat.{0} Real (nat_lit 0) _) bT) (hy : @LT.lt.{0} Real _ bY aY)
  (ht : @LT.lt.{0} Real _ bT aT)
  (hKΩ :
    @LE.le.{0} (Set.{0} (@TheoremT.Continuum.WeakGrushin.Space (Fin (@OfNat.ofNat.{0} Nat (nat_lit 3) _)) _)) _
      (TheoremT.Continuum.WeakGrushin.rectangularClosedBox a aY aT) Ω)
  (hc : @LT.lt.{0} Real _ (@OfNat.ofNat.{0} Real (nat_lit 0) _) c)
  {B : @TheoremT.Continuum.WeakGrushin.Space (Fin (@OfNat.ofNat.{0} Nat (nat_lit 3) _)) _ → Real}
  (hB :
    @ContDiffOn.{0, 0, 0} Real _ (@TheoremT.Continuum.WeakGrushin.Space (Fin (@OfNat.ofNat.{0} Nat (nat_lit 3) _)) _) _
      _ Real _ _ (@WithTop.some.{0} ENat (@Top.top.{0} ENat _)) B Ω)
  {s : @TheoremT.Continuum.WeakGrushin.Space (Fin (@OfNat.ofNat.{0} Nat (nat_lit 3) _)) _ → Complex}
  (hs :
    @ContDiffOn.{0, 0, 0} Real _ (@TheoremT.Continuum.WeakGrushin.Space (Fin (@OfNat.ofNat.{0} Nat (nat_lit 3) _)) _) _
      _ Complex _ _ (@WithTop.some.{0} ENat (@Top.top.{0} ENat _)) s Ω)
  {f : @TheoremT.Continuum.WeakGrushin.Space (Fin (@OfNat.ofNat.{0} Nat (nat_lit 3) _)) _ → Complex}
  (hf :
    @TheoremT.Continuum.ProductLocallyL2On.{0, 0}
      (EuclideanSpace.{0, 0} Real (Fin (@OfNat.ofNat.{0} Nat (nat_lit 4) _)))
      (EuclideanSpace.{0, 0} Real (Fin (@OfNat.ofNat.{0} Nat (nat_lit 3) _))) _ _ _ _ _ _ _ _ _ _ f Ω)
  (hEq :
    ∀ (φ : @TheoremT.Continuum.WeakGrushin.Space (Fin (@OfNat.ofNat.{0} Nat (nat_lit 3) _)) _ → Real),
      @ContDiff.{0, 0, 0} Real _ (@TheoremT.Continuum.WeakGrushin.Space (Fin (@OfNat.ofNat.{0} Nat (nat_lit 3) _)) _) _
          _ Real _ _ (@WithTop.some.{0} ENat (@Top.top.{0} ENat _)) φ →
        @HasCompactSupport.{0, 0} (@TheoremT.Continuum.WeakGrushin.Space (Fin (@OfNat.ofNat.{0} Nat (nat_lit 3) _)) _)
            Real _ _ φ →
          @LE.le.{0} (Set.{0} (@TheoremT.Continuum.WeakGrushin.Space (Fin (@OfNat.ofNat.{0} Nat (nat_lit 3) _)) _)) _
              (@tsupport.{0, 0} (@TheoremT.Continuum.WeakGrushin.Space (Fin (@OfNat.ofNat.{0} Nat (nat_lit 3) _)) _)
                Real _ _ φ)
              Ω →
            @Eq.{1} Complex
              (@MeasureTheory.integral.{0, 0}
                (Prod.{0, 0} TheoremT.Continuum.KSSpace
                  (EuclideanSpace.{0, 0} Real (Fin (@OfNat.ofNat.{0} Nat (nat_lit 3) _))))
                Complex _ _
                (@MeasureTheory.MeasureSpace.toMeasurableSpace.{0}
                  (Prod.{0, 0} TheoremT.Continuum.KSSpace
                    (EuclideanSpace.{0, 0} Real (Fin (@OfNat.ofNat.{0} Nat (nat_lit 3) _))))
                  _)
                (@MeasureTheory.MeasureSpace.volume.{0}
                  (Prod.{0, 0} TheoremT.Continuum.KSSpace
                    (EuclideanSpace.{0, 0} Real (Fin (@OfNat.ofNat.{0} Nat (nat_lit 3) _))))
                  _)
                fun
                  (p :
                    Prod.{0, 0} TheoremT.Continuum.KSSpace
                      (EuclideanSpace.{0, 0} Real (Fin (@OfNat.ofNat.{0} Nat (nat_lit 3) _)))) =>
                @HSMul.hSMul.{0, 0, 0} Real Complex Complex _
                  (@TheoremT.Continuum.splitGrushin.{0, 0}
                    (EuclideanSpace.{0, 0} Real (Fin (@OfNat.ofNat.{0} Nat (nat_lit 3) _))) _ _
                    (Fin (@OfNat.ofNat.{0} Nat (nat_lit 3) _)) _ c
                    (@TheoremT.Continuum.oscillatorBasis.{0} (Fin (@OfNat.ofNat.{0} Nat (nat_lit 3) _)) _) B φ p)
                  (f p))
              (@MeasureTheory.integral.{0, 0}
                (@TheoremT.Continuum.WeakGrushin.Space (Fin (@OfNat.ofNat.{0} Nat (nat_lit 3) _)) _) Complex _ _
                (@MeasureTheory.MeasureSpace.toMeasurableSpace.{0}
                  (@TheoremT.Continuum.WeakGrushin.Space (Fin (@OfNat.ofNat.{0} Nat (nat_lit 3) _)) _) _)
                (@MeasureTheory.MeasureSpace.volume.{0}
                  (@TheoremT.Continuum.WeakGrushin.Space (Fin (@OfNat.ofNat.{0} Nat (nat_lit 3) _)) _) _)
                fun (p : @TheoremT.Continuum.WeakGrushin.Space (Fin (@OfNat.ofNat.{0} Nat (nat_lit 3) _)) _) =>
                @HSMul.hSMul.{0, 0, 0} Real Complex Complex _ (φ p) (s p)))
  (m : Nat),
  @Exists.{1} Real fun (W : Real) =>
    And (@LE.le.{0} Real _ (@OfNat.ofNat.{0} Real (nat_lit 0) _) W)
      (TheoremT.Continuum.WeakGrushin.ProductMixedMultiIndexWeakHk
        (TheoremT.Continuum.WeakGrushin.rectangularOpenBox a bY bT) f m W)
'TheoremT.Continuum.WeakGrushin.ProductMixedMultiIndexWeakHk' depends on axioms: [propext, Classical.choice, Quot.sound]
'TheoremT.Continuum.WeakGrushin.coordinateWeakHk_mixed_multiIndex' depends on axioms: [propext,
 Classical.choice,
 Quot.sound]
'TheoremT.Continuum.WeakGrushin.local_smooth_weak_grushin_mixed_multiIndex_regularity' depends on axioms: [propext,
 Classical.choice,
 Quot.sound]
