TheoremT.Continuum.physicalKSAxisDescendedA : (f :
    @TheoremT.Continuum.WeakGrushin.Space (Fin (@OfNat.ofNat.{0} Nat (nat_lit 3) _)) _ → Complex) →
  (t0 : TheoremT.Continuum.Position) →
    (z : Prod.{0, 0} Complex (Fin (@OfNat.ofNat.{0} Nat (nat_lit 2) _) → Complex)) → Complex
TheoremT.Continuum.physicalKSAxisDescendedB : (f :
    @TheoremT.Continuum.WeakGrushin.Space (Fin (@OfNat.ofNat.{0} Nat (nat_lit 3) _)) _ → Complex) →
  (t0 : TheoremT.Continuum.Position) →
    (z : Prod.{0, 0} Complex (Fin (@OfNat.ofNat.{0} Nat (nat_lit 2) _) → Complex)) → Complex
TheoremT.Continuum.PhysicalKSAxisAnalyticDescentData : (f :
    @TheoremT.Continuum.WeakGrushin.Space (Fin (@OfNat.ofNat.{0} Nat (nat_lit 3) _)) _ → Complex) →
  (t0 : TheoremT.Continuum.Position) → (M A F0 W h : Real) → Prop
@TheoremT.Continuum.physicalKSAxisAnalyticDescent_data : ∀
  {f : @TheoremT.Continuum.WeakGrushin.Space (Fin (@OfNat.ofNat.{0} Nat (nat_lit 3) _)) _ → Complex}
  {v : TheoremT.Continuum.Position → TheoremT.Continuum.Position → Complex} {c M A F0 W h : Real}
  (hq :
    TheoremT.Continuum.PhysicalKSAxisPolynomialData f
      (@WithLp.toLp.{0} (@OfNat.ofNat.{0} ENNReal (nat_lit 2) _)
        ((i : Fin (@OfNat.ofNat.{0} Nat (nat_lit 3) _)) →
          (fun (x : Fin (@OfNat.ofNat.{0} Nat (nat_lit 3) _)) => Real) i)
        (@Matrix.vecCons.{0} Real (@OfNat.ofNat.{0} Nat (nat_lit 2) _) (@OfNat.ofNat.{0} Real (nat_lit 0) _)
          (@Matrix.vecCons.{0} Real (@OfNat.ofNat.{0} Nat (nat_lit 1) _) (@OfNat.ofNat.{0} Real (nat_lit 0) _)
            (@Matrix.vecCons.{0} Real (@OfNat.ofNat.{0} Nat (nat_lit 0) _) c (@Matrix.vecEmpty.{0} Real)))))
      M A F0 W)
  (hdata :
    TheoremT.Continuum.PhysicalKSBoxInvariantAnalyticDescentDerivativeData f v
      (@WithLp.toLp.{0} (@OfNat.ofNat.{0} ENNReal (nat_lit 2) _)
        ((i : Fin (@OfNat.ofNat.{0} Nat (nat_lit 3) _)) →
          (fun (x : Fin (@OfNat.ofNat.{0} Nat (nat_lit 3) _)) => Real) i)
        (@Matrix.vecCons.{0} Real (@OfNat.ofNat.{0} Nat (nat_lit 2) _) (@OfNat.ofNat.{0} Real (nat_lit 0) _)
          (@Matrix.vecCons.{0} Real (@OfNat.ofNat.{0} Nat (nat_lit 1) _) (@OfNat.ofNat.{0} Real (nat_lit 0) _)
            (@Matrix.vecCons.{0} Real (@OfNat.ofNat.{0} Nat (nat_lit 0) _) c (@Matrix.vecEmpty.{0} Real)))))
      M A F0 W)
  (hA : @LE.le.{0} Real _ (@OfNat.ofNat.{0} Real (nat_lit 1) _) A)
  (hF0 : @LE.le.{0} Real _ (@OfNat.ofNat.{0} Real (nat_lit 0) _) F0)
  (hh : @LT.lt.{0} Real _ (@OfNat.ofNat.{0} Real (nat_lit 0) _) h)
  (hr : @LE.le.{0} Real _ h (TheoremT.Continuum.physicalKSAnalyticAxisRadius M A)),
  TheoremT.Continuum.PhysicalKSAxisAnalyticDescentData f
    (@WithLp.toLp.{0} (@OfNat.ofNat.{0} ENNReal (nat_lit 2) _)
      ((i : Fin (@OfNat.ofNat.{0} Nat (nat_lit 3) _)) → (fun (x : Fin (@OfNat.ofNat.{0} Nat (nat_lit 3) _)) => Real) i)
      (@Matrix.vecCons.{0} Real (@OfNat.ofNat.{0} Nat (nat_lit 2) _) (@OfNat.ofNat.{0} Real (nat_lit 0) _)
        (@Matrix.vecCons.{0} Real (@OfNat.ofNat.{0} Nat (nat_lit 1) _) (@OfNat.ofNat.{0} Real (nat_lit 0) _)
          (@Matrix.vecCons.{0} Real (@OfNat.ofNat.{0} Nat (nat_lit 0) _) c (@Matrix.vecEmpty.{0} Real)))))
    M A F0 W h
TheoremT.Continuum.nuclearKSPhysicalAxisAnalyticDescent_data : ∀
  (g : TheoremT.Continuum.Configuration (@OfNat.ofNat.{0} Nat (nat_lit 2) _) → Complex)
  (i : Fin (@OfNat.ofNat.{0} Nat (nat_lit 2) _)) {c M A F0 W h : Real}
  (hdata :
    TheoremT.Continuum.PhysicalKSBoxPointwiseData
      (@Function.comp.{1, 1, 1} (@TheoremT.Continuum.WeakGrushin.Space (Fin (@OfNat.ofNat.{0} Nat (nat_lit 3) _)) _)
        (@TheoremT.Continuum.NuclearKSSpace (@OfNat.ofNat.{0} Nat (nat_lit 2) _) i) Complex
        (@Function.comp.{1, 1, 1} (@TheoremT.Continuum.NuclearKSSpace (@OfNat.ofNat.{0} Nat (nat_lit 2) _) i)
          (TheoremT.Continuum.Configuration (@OfNat.ofNat.{0} Nat (nat_lit 2) _)) Complex g
          (@TheoremT.Continuum.nuclearKSLift (@OfNat.ofNat.{0} Nat (nat_lit 2) _) i))
        (@DFunLike.coe.{1, 1, 1}
          (@LinearIsometryEquiv.{0, 0, 0, 0} Real Real _ _ (@RingHom.id.{0} Real _) (@RingHom.id.{0} Real _) _ _
            (@TheoremT.Continuum.WeakGrushin.Space (Fin (@OfNat.ofNat.{0} Nat (nat_lit 3) _)) _)
            (@TheoremT.Continuum.WeakGrushin.Space
              (@TheoremT.Continuum.SpectatorCoordinate (@OfNat.ofNat.{0} Nat (nat_lit 2) _) i) _)
            _ _ _ _)
          (@TheoremT.Continuum.WeakGrushin.Space (Fin (@OfNat.ofNat.{0} Nat (nat_lit 3) _)) _)
          (fun (a : @TheoremT.Continuum.WeakGrushin.Space (Fin (@OfNat.ofNat.{0} Nat (nat_lit 3) _)) _) =>
            @TheoremT.Continuum.WeakGrushin.Space
              (@TheoremT.Continuum.SpectatorCoordinate (@OfNat.ofNat.{0} Nat (nat_lit 2) _) i) _)
          _
          (@LinearIsometryEquiv.symm.{0, 0, 0, 0} Real Real
            (@TheoremT.Continuum.WeakGrushin.Space
              (@TheoremT.Continuum.SpectatorCoordinate (@OfNat.ofNat.{0} Nat (nat_lit 2) _) i) _)
            (@TheoremT.Continuum.WeakGrushin.Space (Fin (@OfNat.ofNat.{0} Nat (nat_lit 3) _)) _) _ _
            (@RingHom.id.{0} Real _) (@RingHom.id.{0} Real _) _ _ _ _ _ _
            (TheoremT.Continuum.physicalSpectatorReindexAt i))))
      (@WithLp.toLp.{0} (@OfNat.ofNat.{0} ENNReal (nat_lit 2) _)
        ((i : Fin (@OfNat.ofNat.{0} Nat (nat_lit 3) _)) →
          (fun (x : Fin (@OfNat.ofNat.{0} Nat (nat_lit 3) _)) => Real) i)
        (@Matrix.vecCons.{0} Real (@OfNat.ofNat.{0} Nat (nat_lit 2) _) (@OfNat.ofNat.{0} Real (nat_lit 0) _)
          (@Matrix.vecCons.{0} Real (@OfNat.ofNat.{0} Nat (nat_lit 1) _) (@OfNat.ofNat.{0} Real (nat_lit 0) _)
            (@Matrix.vecCons.{0} Real (@OfNat.ofNat.{0} Nat (nat_lit 0) _) c (@Matrix.vecEmpty.{0} Real)))))
      M A F0 W)
  (hA : @LE.le.{0} Real _ (@OfNat.ofNat.{0} Real (nat_lit 1) _) A)
  (hF0 : @LE.le.{0} Real _ (@OfNat.ofNat.{0} Real (nat_lit 0) _) F0)
  (hg :
    ∀
      (Q :
        @LinearIsometryEquiv.{0, 0, 0, 0} Real Real _ _ (@RingHom.id.{0} Real _) (@RingHom.id.{0} Real _) _ _
          TheoremT.Continuum.Position TheoremT.Continuum.Position _ _ _ _)
      (x : TheoremT.Continuum.Configuration (@OfNat.ofNat.{0} Nat (nat_lit 2) _)),
      @Eq.{1} Complex
        (g
          (@DFunLike.coe.{1, 1, 1}
            (@LinearIsometryEquiv.{0, 0, 0, 0} Real Real _ _ (@RingHom.id.{0} Real _) (@RingHom.id.{0} Real _) _ _
              (TheoremT.Continuum.Configuration (@OfNat.ofNat.{0} Nat (nat_lit 2) _))
              (TheoremT.Continuum.Configuration (@OfNat.ofNat.{0} Nat (nat_lit 2) _)) _ _ _ _)
            (TheoremT.Continuum.Configuration (@OfNat.ofNat.{0} Nat (nat_lit 2) _))
            (fun (a : TheoremT.Continuum.Configuration (@OfNat.ofNat.{0} Nat (nat_lit 2) _)) =>
              TheoremT.Continuum.Configuration (@OfNat.ofNat.{0} Nat (nat_lit 2) _))
            _ (TheoremT.Continuum.configurationRotation (@OfNat.ofNat.{0} Nat (nat_lit 2) _) Q) x))
        (g x))
  (hh : @LT.lt.{0} Real _ (@OfNat.ofNat.{0} Real (nat_lit 0) _) h)
  (hr : @LE.le.{0} Real _ h (TheoremT.Continuum.physicalKSAnalyticAxisRadius M A)),
  TheoremT.Continuum.PhysicalKSAxisAnalyticDescentData
    (@Function.comp.{1, 1, 1} (@TheoremT.Continuum.WeakGrushin.Space (Fin (@OfNat.ofNat.{0} Nat (nat_lit 3) _)) _)
      (@TheoremT.Continuum.NuclearKSSpace (@OfNat.ofNat.{0} Nat (nat_lit 2) _) i) Complex
      (@Function.comp.{1, 1, 1} (@TheoremT.Continuum.NuclearKSSpace (@OfNat.ofNat.{0} Nat (nat_lit 2) _) i)
        (TheoremT.Continuum.Configuration (@OfNat.ofNat.{0} Nat (nat_lit 2) _)) Complex g
        (@TheoremT.Continuum.nuclearKSLift (@OfNat.ofNat.{0} Nat (nat_lit 2) _) i))
      (@DFunLike.coe.{1, 1, 1}
        (@LinearIsometryEquiv.{0, 0, 0, 0} Real Real _ _ (@RingHom.id.{0} Real _) (@RingHom.id.{0} Real _) _ _
          (@TheoremT.Continuum.WeakGrushin.Space (Fin (@OfNat.ofNat.{0} Nat (nat_lit 3) _)) _)
          (@TheoremT.Continuum.WeakGrushin.Space
            (@TheoremT.Continuum.SpectatorCoordinate (@OfNat.ofNat.{0} Nat (nat_lit 2) _) i) _)
          _ _ _ _)
        (@TheoremT.Continuum.WeakGrushin.Space (Fin (@OfNat.ofNat.{0} Nat (nat_lit 3) _)) _)
        (fun (a : @TheoremT.Continuum.WeakGrushin.Space (Fin (@OfNat.ofNat.{0} Nat (nat_lit 3) _)) _) =>
          @TheoremT.Continuum.WeakGrushin.Space
            (@TheoremT.Continuum.SpectatorCoordinate (@OfNat.ofNat.{0} Nat (nat_lit 2) _) i) _)
        _
        (@LinearIsometryEquiv.symm.{0, 0, 0, 0} Real Real
          (@TheoremT.Continuum.WeakGrushin.Space
            (@TheoremT.Continuum.SpectatorCoordinate (@OfNat.ofNat.{0} Nat (nat_lit 2) _) i) _)
          (@TheoremT.Continuum.WeakGrushin.Space (Fin (@OfNat.ofNat.{0} Nat (nat_lit 3) _)) _) _ _
          (@RingHom.id.{0} Real _) (@RingHom.id.{0} Real _) _ _ _ _ _ _
          (TheoremT.Continuum.physicalSpectatorReindexAt i))))
    (@WithLp.toLp.{0} (@OfNat.ofNat.{0} ENNReal (nat_lit 2) _)
      ((i : Fin (@OfNat.ofNat.{0} Nat (nat_lit 3) _)) → (fun (x : Fin (@OfNat.ofNat.{0} Nat (nat_lit 3) _)) => Real) i)
      (@Matrix.vecCons.{0} Real (@OfNat.ofNat.{0} Nat (nat_lit 2) _) (@OfNat.ofNat.{0} Real (nat_lit 0) _)
        (@Matrix.vecCons.{0} Real (@OfNat.ofNat.{0} Nat (nat_lit 1) _) (@OfNat.ofNat.{0} Real (nat_lit 0) _)
          (@Matrix.vecCons.{0} Real (@OfNat.ofNat.{0} Nat (nat_lit 0) _) c (@Matrix.vecEmpty.{0} Real)))))
    M A F0 W h
TheoremT.Continuum.pairKSPhysicalAxisAnalyticDescent_data : ∀
  (g : TheoremT.Continuum.Configuration (@OfNat.ofNat.{0} Nat (nat_lit 2) _) → Complex) {c M A F0 W h : Real}
  (hdata :
    TheoremT.Continuum.PhysicalKSBoxPointwiseData
      (@Function.comp.{1, 1, 1} (@TheoremT.Continuum.WeakGrushin.Space (Fin (@OfNat.ofNat.{0} Nat (nat_lit 3) _)) _)
        TheoremT.Continuum.PairKSSpace Complex
        (@Function.comp.{1, 1, 1} TheoremT.Continuum.PairKSSpace
          (TheoremT.Continuum.Configuration (@OfNat.ofNat.{0} Nat (nat_lit 2) _)) Complex g
          TheoremT.Continuum.pairKSLift)
        (@DFunLike.coe.{1, 1, 1}
          (@LinearIsometryEquiv.{0, 0, 0, 0} Real Real _ _ (@RingHom.id.{0} Real _) (@RingHom.id.{0} Real _) _ _
            (@TheoremT.Continuum.WeakGrushin.Space (Fin (@OfNat.ofNat.{0} Nat (nat_lit 3) _)) _)
            (@TheoremT.Continuum.WeakGrushin.Space
              (@TheoremT.Continuum.SpectatorCoordinate (@OfNat.ofNat.{0} Nat (nat_lit 2) _)
                (@OfNat.ofNat.{0} (Fin (@OfNat.ofNat.{0} Nat (nat_lit 2) _)) (nat_lit 0) _))
              _)
            _ _ _ _)
          (@TheoremT.Continuum.WeakGrushin.Space (Fin (@OfNat.ofNat.{0} Nat (nat_lit 3) _)) _)
          (fun (a : @TheoremT.Continuum.WeakGrushin.Space (Fin (@OfNat.ofNat.{0} Nat (nat_lit 3) _)) _) =>
            @TheoremT.Continuum.WeakGrushin.Space
              (@TheoremT.Continuum.SpectatorCoordinate (@OfNat.ofNat.{0} Nat (nat_lit 2) _)
                (@OfNat.ofNat.{0} (Fin (@OfNat.ofNat.{0} Nat (nat_lit 2) _)) (nat_lit 0) _))
              _)
          _
          (@LinearIsometryEquiv.symm.{0, 0, 0, 0} Real Real
            (@TheoremT.Continuum.WeakGrushin.Space
              (@TheoremT.Continuum.SpectatorCoordinate (@OfNat.ofNat.{0} Nat (nat_lit 2) _)
                (@OfNat.ofNat.{0} (Fin (@OfNat.ofNat.{0} Nat (nat_lit 2) _)) (nat_lit 0) _))
              _)
            (@TheoremT.Continuum.WeakGrushin.Space (Fin (@OfNat.ofNat.{0} Nat (nat_lit 3) _)) _) _ _
            (@RingHom.id.{0} Real _) (@RingHom.id.{0} Real _) _ _ _ _ _ _
            (TheoremT.Continuum.physicalSpectatorReindexAt
              (@OfNat.ofNat.{0} (Fin (@OfNat.ofNat.{0} Nat (nat_lit 2) _)) (nat_lit 0) _)))))
      (@WithLp.toLp.{0} (@OfNat.ofNat.{0} ENNReal (nat_lit 2) _)
        ((i : Fin (@OfNat.ofNat.{0} Nat (nat_lit 3) _)) →
          (fun (x : Fin (@OfNat.ofNat.{0} Nat (nat_lit 3) _)) => Real) i)
        (@Matrix.vecCons.{0} Real (@OfNat.ofNat.{0} Nat (nat_lit 2) _) (@OfNat.ofNat.{0} Real (nat_lit 0) _)
          (@Matrix.vecCons.{0} Real (@OfNat.ofNat.{0} Nat (nat_lit 1) _) (@OfNat.ofNat.{0} Real (nat_lit 0) _)
            (@Matrix.vecCons.{0} Real (@OfNat.ofNat.{0} Nat (nat_lit 0) _) c (@Matrix.vecEmpty.{0} Real)))))
      M A F0 W)
  (hA : @LE.le.{0} Real _ (@OfNat.ofNat.{0} Real (nat_lit 1) _) A)
  (hF0 : @LE.le.{0} Real _ (@OfNat.ofNat.{0} Real (nat_lit 0) _) F0)
  (hg :
    ∀
      (Q :
        @LinearIsometryEquiv.{0, 0, 0, 0} Real Real _ _ (@RingHom.id.{0} Real _) (@RingHom.id.{0} Real _) _ _
          TheoremT.Continuum.Position TheoremT.Continuum.Position _ _ _ _)
      (x : TheoremT.Continuum.Configuration (@OfNat.ofNat.{0} Nat (nat_lit 2) _)),
      @Eq.{1} Complex
        (g
          (@DFunLike.coe.{1, 1, 1}
            (@LinearIsometryEquiv.{0, 0, 0, 0} Real Real _ _ (@RingHom.id.{0} Real _) (@RingHom.id.{0} Real _) _ _
              (TheoremT.Continuum.Configuration (@OfNat.ofNat.{0} Nat (nat_lit 2) _))
              (TheoremT.Continuum.Configuration (@OfNat.ofNat.{0} Nat (nat_lit 2) _)) _ _ _ _)
            (TheoremT.Continuum.Configuration (@OfNat.ofNat.{0} Nat (nat_lit 2) _))
            (fun (a : TheoremT.Continuum.Configuration (@OfNat.ofNat.{0} Nat (nat_lit 2) _)) =>
              TheoremT.Continuum.Configuration (@OfNat.ofNat.{0} Nat (nat_lit 2) _))
            _ (TheoremT.Continuum.configurationRotation (@OfNat.ofNat.{0} Nat (nat_lit 2) _) Q) x))
        (g x))
  (hh : @LT.lt.{0} Real _ (@OfNat.ofNat.{0} Real (nat_lit 0) _) h)
  (hr : @LE.le.{0} Real _ h (TheoremT.Continuum.physicalKSAnalyticAxisRadius M A)),
  TheoremT.Continuum.PhysicalKSAxisAnalyticDescentData
    (@Function.comp.{1, 1, 1} (@TheoremT.Continuum.WeakGrushin.Space (Fin (@OfNat.ofNat.{0} Nat (nat_lit 3) _)) _)
      TheoremT.Continuum.PairKSSpace Complex
      (@Function.comp.{1, 1, 1} TheoremT.Continuum.PairKSSpace
        (TheoremT.Continuum.Configuration (@OfNat.ofNat.{0} Nat (nat_lit 2) _)) Complex g TheoremT.Continuum.pairKSLift)
      (@DFunLike.coe.{1, 1, 1}
        (@LinearIsometryEquiv.{0, 0, 0, 0} Real Real _ _ (@RingHom.id.{0} Real _) (@RingHom.id.{0} Real _) _ _
          (@TheoremT.Continuum.WeakGrushin.Space (Fin (@OfNat.ofNat.{0} Nat (nat_lit 3) _)) _)
          (@TheoremT.Continuum.WeakGrushin.Space
            (@TheoremT.Continuum.SpectatorCoordinate (@OfNat.ofNat.{0} Nat (nat_lit 2) _)
              (@OfNat.ofNat.{0} (Fin (@OfNat.ofNat.{0} Nat (nat_lit 2) _)) (nat_lit 0) _))
            _)
          _ _ _ _)
        (@TheoremT.Continuum.WeakGrushin.Space (Fin (@OfNat.ofNat.{0} Nat (nat_lit 3) _)) _)
        (fun (a : @TheoremT.Continuum.WeakGrushin.Space (Fin (@OfNat.ofNat.{0} Nat (nat_lit 3) _)) _) =>
          @TheoremT.Continuum.WeakGrushin.Space
            (@TheoremT.Continuum.SpectatorCoordinate (@OfNat.ofNat.{0} Nat (nat_lit 2) _)
              (@OfNat.ofNat.{0} (Fin (@OfNat.ofNat.{0} Nat (nat_lit 2) _)) (nat_lit 0) _))
            _)
        _
        (@LinearIsometryEquiv.symm.{0, 0, 0, 0} Real Real
          (@TheoremT.Continuum.WeakGrushin.Space
            (@TheoremT.Continuum.SpectatorCoordinate (@OfNat.ofNat.{0} Nat (nat_lit 2) _)
              (@OfNat.ofNat.{0} (Fin (@OfNat.ofNat.{0} Nat (nat_lit 2) _)) (nat_lit 0) _))
            _)
          (@TheoremT.Continuum.WeakGrushin.Space (Fin (@OfNat.ofNat.{0} Nat (nat_lit 3) _)) _) _ _
          (@RingHom.id.{0} Real _) (@RingHom.id.{0} Real _) _ _ _ _ _ _
          (TheoremT.Continuum.physicalSpectatorReindexAt
            (@OfNat.ofNat.{0} (Fin (@OfNat.ofNat.{0} Nat (nat_lit 2) _)) (nat_lit 0) _)))))
    (@WithLp.toLp.{0} (@OfNat.ofNat.{0} ENNReal (nat_lit 2) _)
      ((i : Fin (@OfNat.ofNat.{0} Nat (nat_lit 3) _)) → (fun (x : Fin (@OfNat.ofNat.{0} Nat (nat_lit 3) _)) => Real) i)
      (@Matrix.vecCons.{0} Real (@OfNat.ofNat.{0} Nat (nat_lit 2) _) (@OfNat.ofNat.{0} Real (nat_lit 0) _)
        (@Matrix.vecCons.{0} Real (@OfNat.ofNat.{0} Nat (nat_lit 1) _) (@OfNat.ofNat.{0} Real (nat_lit 0) _)
          (@Matrix.vecCons.{0} Real (@OfNat.ofNat.{0} Nat (nat_lit 0) _) c (@Matrix.vecEmpty.{0} Real)))))
    M A F0 W h
'TheoremT.Continuum.physicalKSAxisDescendedA' depends on axioms: [propext, Classical.choice, Quot.sound]
'TheoremT.Continuum.physicalKSAxisDescendedB' depends on axioms: [propext, Classical.choice, Quot.sound]
'TheoremT.Continuum.PhysicalKSAxisAnalyticDescentData' depends on axioms: [propext, Classical.choice, Quot.sound]
'TheoremT.Continuum.physicalKSAxisAnalyticDescent_data' depends on axioms: [propext, Classical.choice, Quot.sound]
'TheoremT.Continuum.nuclearKSPhysicalAxisAnalyticDescent_data' depends on axioms: [propext,
 Classical.choice,
 Quot.sound]
'TheoremT.Continuum.pairKSPhysicalAxisAnalyticDescent_data' depends on axioms: [propext, Classical.choice, Quot.sound]
