TheoremT.Continuum.so2AxisPolynomialGenerator : Sum.{0, 0} (Fin (@OfNat.ofNat.{0} Nat (nat_lit 3) _))
    (Fin (@OfNat.ofNat.{0} Nat (nat_lit 3) _)) →
  @MvPolynomial.{0, 0}
    (Sum.{0, 0} (Fin (@OfNat.ofNat.{0} Nat (nat_lit 2) _)) (Fin (@OfNat.ofNat.{0} Nat (nat_lit 2) _))) Complex _
TheoremT.Continuum.so2AxisPolynomialRestriction : (P :
    @MvPolynomial.{0, 0}
      (Sum.{0, 0} (Fin (@OfNat.ofNat.{0} Nat (nat_lit 3) _)) (Fin (@OfNat.ofNat.{0} Nat (nat_lit 3) _))) Complex _) →
  @MvPolynomial.{0, 0}
    (Sum.{0, 0} (Fin (@OfNat.ofNat.{0} Nat (nat_lit 2) _)) (Fin (@OfNat.ofNat.{0} Nat (nat_lit 2) _))) Complex _
TheoremT.Continuum.so2AxisPolynomialGenerator_homogeneous : ∀
  (i : Sum.{0, 0} (Fin (@OfNat.ofNat.{0} Nat (nat_lit 3) _)) (Fin (@OfNat.ofNat.{0} Nat (nat_lit 3) _))),
  @MvPolynomial.IsHomogeneous.{0, 0}
    (Sum.{0, 0} (Fin (@OfNat.ofNat.{0} Nat (nat_lit 2) _)) (Fin (@OfNat.ofNat.{0} Nat (nat_lit 2) _))) Complex _
    (TheoremT.Continuum.so2AxisPolynomialGenerator i) (@OfNat.ofNat.{0} Nat (nat_lit 1) _)
TheoremT.Continuum.so2AxisPolynomialGenerator_coeffL1 : ∀
  (i : Sum.{0, 0} (Fin (@OfNat.ofNat.{0} Nat (nat_lit 3) _)) (Fin (@OfNat.ofNat.{0} Nat (nat_lit 3) _))),
  @LE.le.{0} Real _
    (@TheoremT.Continuum.polynomialCoeffL1.{0}
      (Sum.{0, 0} (Fin (@OfNat.ofNat.{0} Nat (nat_lit 2) _)) (Fin (@OfNat.ofNat.{0} Nat (nat_lit 2) _)))
      (TheoremT.Continuum.so2AxisPolynomialGenerator i))
    (@OfNat.ofNat.{0} Real (nat_lit 1) _)
@TheoremT.Continuum.so2AxisPolynomialRestriction_homogeneous : ∀
  {P :
    @MvPolynomial.{0, 0}
      (Sum.{0, 0} (Fin (@OfNat.ofNat.{0} Nat (nat_lit 3) _)) (Fin (@OfNat.ofNat.{0} Nat (nat_lit 3) _))) Complex _}
  {n : Nat}
  (hP :
    @MvPolynomial.IsHomogeneous.{0, 0}
      (Sum.{0, 0} (Fin (@OfNat.ofNat.{0} Nat (nat_lit 3) _)) (Fin (@OfNat.ofNat.{0} Nat (nat_lit 3) _))) Complex _ P n),
  @MvPolynomial.IsHomogeneous.{0, 0}
    (Sum.{0, 0} (Fin (@OfNat.ofNat.{0} Nat (nat_lit 2) _)) (Fin (@OfNat.ofNat.{0} Nat (nat_lit 2) _))) Complex _
    (TheoremT.Continuum.so2AxisPolynomialRestriction P) n
TheoremT.Continuum.so2AxisPolynomialRestriction_coeffL1 : ∀
  (P :
    @MvPolynomial.{0, 0}
      (Sum.{0, 0} (Fin (@OfNat.ofNat.{0} Nat (nat_lit 3) _)) (Fin (@OfNat.ofNat.{0} Nat (nat_lit 3) _))) Complex _),
  @LE.le.{0} Real _
    (@TheoremT.Continuum.polynomialCoeffL1.{0}
      (Sum.{0, 0} (Fin (@OfNat.ofNat.{0} Nat (nat_lit 2) _)) (Fin (@OfNat.ofNat.{0} Nat (nat_lit 2) _)))
      (TheoremT.Continuum.so2AxisPolynomialRestriction P))
    (@TheoremT.Continuum.polynomialCoeffL1.{0}
      (Sum.{0, 0} (Fin (@OfNat.ofNat.{0} Nat (nat_lit 3) _)) (Fin (@OfNat.ofNat.{0} Nat (nat_lit 3) _))) P)
TheoremT.Continuum.so2AxisPolynomialRestriction_eval : ∀
  (P :
    @MvPolynomial.{0, 0}
      (Sum.{0, 0} (Fin (@OfNat.ofNat.{0} Nat (nat_lit 3) _)) (Fin (@OfNat.ofNat.{0} Nat (nat_lit 3) _))) Complex _)
  (z :
    Prod.{0, 0} (Fin (@OfNat.ofNat.{0} Nat (nat_lit 2) _) → Complex)
      (Fin (@OfNat.ofNat.{0} Nat (nat_lit 2) _) → Complex)),
  @Eq.{1} Complex
    (@DFunLike.coe.{1, 1, 1}
      (@RingHom.{0, 0}
        (@MvPolynomial.{0, 0}
          (Sum.{0, 0} (Fin (@OfNat.ofNat.{0} Nat (nat_lit 2) _)) (Fin (@OfNat.ofNat.{0} Nat (nat_lit 2) _))) Complex _)
        Complex _ _)
      (@MvPolynomial.{0, 0}
        (Sum.{0, 0} (Fin (@OfNat.ofNat.{0} Nat (nat_lit 2) _)) (Fin (@OfNat.ofNat.{0} Nat (nat_lit 2) _))) Complex _)
      (fun
          (x :
            @MvPolynomial.{0, 0}
              (Sum.{0, 0} (Fin (@OfNat.ofNat.{0} Nat (nat_lit 2) _)) (Fin (@OfNat.ofNat.{0} Nat (nat_lit 2) _))) Complex
              _) =>
        Complex)
      _
      (@MvPolynomial.eval.{0, 0} Complex
        (Sum.{0, 0} (Fin (@OfNat.ofNat.{0} Nat (nat_lit 2) _)) (Fin (@OfNat.ofNat.{0} Nat (nat_lit 2) _))) _
        (@Sum.elim.{0, 0, 1} (Fin (@OfNat.ofNat.{0} Nat (nat_lit 2) _)) (Fin (@OfNat.ofNat.{0} Nat (nat_lit 2) _))
          Complex
          (@Prod.fst.{0, 0} (Fin (@OfNat.ofNat.{0} Nat (nat_lit 2) _) → Complex)
            (Fin (@OfNat.ofNat.{0} Nat (nat_lit 2) _) → Complex) z)
          (@Prod.snd.{0, 0} (Fin (@OfNat.ofNat.{0} Nat (nat_lit 2) _) → Complex)
            (Fin (@OfNat.ofNat.{0} Nat (nat_lit 2) _) → Complex) z)))
      (TheoremT.Continuum.so2AxisPolynomialRestriction P))
    (@DFunLike.coe.{1, 1, 1}
      (@RingHom.{0, 0}
        (@MvPolynomial.{0, 0}
          (Sum.{0, 0} (Fin (Nat.succ (Nat.succ (Nat.succ (@OfNat.ofNat.{0} Nat (nat_lit 0) _)))))
            (Fin (Nat.succ (Nat.succ (Nat.succ (@OfNat.ofNat.{0} Nat (nat_lit 0) _))))))
          Complex _)
        Complex _ _)
      (@MvPolynomial.{0, 0}
        (Sum.{0, 0} (Fin (Nat.succ (Nat.succ (Nat.succ (@OfNat.ofNat.{0} Nat (nat_lit 0) _)))))
          (Fin (Nat.succ (Nat.succ (Nat.succ (@OfNat.ofNat.{0} Nat (nat_lit 0) _))))))
        Complex _)
      (fun
          (x :
            @MvPolynomial.{0, 0}
              (Sum.{0, 0} (Fin (Nat.succ (Nat.succ (Nat.succ (@OfNat.ofNat.{0} Nat (nat_lit 0) _)))))
                (Fin (Nat.succ (Nat.succ (Nat.succ (@OfNat.ofNat.{0} Nat (nat_lit 0) _))))))
              Complex _) =>
        Complex)
      _
      (@MvPolynomial.eval.{0, 0} Complex
        (Sum.{0, 0} (Fin (Nat.succ (Nat.succ (Nat.succ (@OfNat.ofNat.{0} Nat (nat_lit 0) _)))))
          (Fin (Nat.succ (Nat.succ (Nat.succ (@OfNat.ofNat.{0} Nat (nat_lit 0) _))))))
        _
        (@Sum.elim.{0, 0, 1} (Fin (Nat.succ (Nat.succ (Nat.succ (@OfNat.ofNat.{0} Nat (nat_lit 0) _)))))
          (Fin (Nat.succ (Nat.succ (Nat.succ (@OfNat.ofNat.{0} Nat (nat_lit 0) _))))) Complex
          (@Matrix.vecCons.{0} Complex (Nat.succ (Nat.succ (@OfNat.ofNat.{0} Nat (nat_lit 0) _)))
            (@Prod.fst.{0, 0} (Fin (@OfNat.ofNat.{0} Nat (nat_lit 2) _) → Complex)
              (Fin (@OfNat.ofNat.{0} Nat (nat_lit 2) _) → Complex) z
              (@OfNat.ofNat.{0} (Fin (@OfNat.ofNat.{0} Nat (nat_lit 2) _)) (nat_lit 0) _))
            (@Matrix.vecCons.{0} Complex (Nat.succ (@OfNat.ofNat.{0} Nat (nat_lit 0) _))
              (@Prod.fst.{0, 0} (Fin (@OfNat.ofNat.{0} Nat (nat_lit 2) _) → Complex)
                (Fin (@OfNat.ofNat.{0} Nat (nat_lit 2) _) → Complex) z
                (@OfNat.ofNat.{0} (Fin (@OfNat.ofNat.{0} Nat (nat_lit 2) _)) (nat_lit 1) _))
              (@Matrix.vecCons.{0} Complex (@OfNat.ofNat.{0} Nat (nat_lit 0) _)
                (@Prod.snd.{0, 0} (Fin (@OfNat.ofNat.{0} Nat (nat_lit 2) _) → Complex)
                  (Fin (@OfNat.ofNat.{0} Nat (nat_lit 2) _) → Complex) z
                  (@OfNat.ofNat.{0} (Fin (@OfNat.ofNat.{0} Nat (nat_lit 2) _)) (nat_lit 0) _))
                (@Matrix.vecEmpty.{0} Complex))))
          (@Matrix.vecCons.{0} Complex (Nat.succ (Nat.succ (@OfNat.ofNat.{0} Nat (nat_lit 0) _)))
            (@OfNat.ofNat.{0} Complex (nat_lit 0) _)
            (@Matrix.vecCons.{0} Complex (Nat.succ (@OfNat.ofNat.{0} Nat (nat_lit 0) _))
              (@OfNat.ofNat.{0} Complex (nat_lit 0) _)
              (@Matrix.vecCons.{0} Complex (@OfNat.ofNat.{0} Nat (nat_lit 0) _)
                (@Prod.snd.{0, 0} (Fin (@OfNat.ofNat.{0} Nat (nat_lit 2) _) → Complex)
                  (Fin (@OfNat.ofNat.{0} Nat (nat_lit 2) _) → Complex) z
                  (@OfNat.ofNat.{0} (Fin (@OfNat.ofNat.{0} Nat (nat_lit 2) _)) (nat_lit 1) _))
                (@Matrix.vecEmpty.{0} Complex))))))
      P)
TheoremT.Continuum.so2AxisGroupedPolynomial : (A :
    Nat →
      (Fin (@OfNat.ofNat.{0} Nat (nat_lit 3) _) → Nat) →
        @MvPolynomial.{0, 0} (Fin (@OfNat.ofNat.{0} Nat (nat_lit 3) _)) Complex _) →
  (n : Nat) →
    @MvPolynomial.{0, 0}
      (Sum.{0, 0} (Fin (@OfNat.ofNat.{0} Nat (nat_lit 2) _)) (Fin (@OfNat.ofNat.{0} Nat (nat_lit 2) _))) Complex _
TheoremT.Continuum.so2AxisGroupedPolynomial_homogeneous : ∀
  (A :
    Nat →
      (Fin (@OfNat.ofNat.{0} Nat (nat_lit 3) _) → Nat) →
        @MvPolynomial.{0, 0} (Fin (@OfNat.ofNat.{0} Nat (nat_lit 3) _)) Complex _)
  (hA :
    ∀ (m : Nat) (γ : Fin (@OfNat.ofNat.{0} Nat (nat_lit 3) _) → Nat),
      @MvPolynomial.IsHomogeneous.{0, 0} (Fin (@OfNat.ofNat.{0} Nat (nat_lit 3) _)) Complex _ (A m γ) m)
  (n : Nat),
  @MvPolynomial.IsHomogeneous.{0, 0}
    (Sum.{0, 0} (Fin (@OfNat.ofNat.{0} Nat (nat_lit 2) _)) (Fin (@OfNat.ofNat.{0} Nat (nat_lit 2) _))) Complex _
    (TheoremT.Continuum.so2AxisGroupedPolynomial A n) n
TheoremT.Continuum.so2AxisGroupedPolynomial_coeffL1 : ∀
  (A :
    Nat →
      (Fin (@OfNat.ofNat.{0} Nat (nat_lit 3) _) → Nat) →
        @MvPolynomial.{0, 0} (Fin (@OfNat.ofNat.{0} Nat (nat_lit 3) _)) Complex _)
  {M T : Real} (hM : @LE.le.{0} Real _ (@OfNat.ofNat.{0} Real (nat_lit 0) _) M)
  (hT : @LE.le.{0} Real _ (@OfNat.ofNat.{0} Real (nat_lit 0) _) T)
  (hL :
    ∀ (m : Nat) (γ : Fin (@OfNat.ofNat.{0} Nat (nat_lit 3) _) → Nat),
      @LE.le.{0} Real _ (@TheoremT.Continuum.polynomialCoeffL1.{0} (Fin (@OfNat.ofNat.{0} Nat (nat_lit 3) _)) (A m γ))
        (@HMul.hMul.{0, 0, 0} Real Real Real _ M
          (@HPow.hPow.{0, 0, 0} Real Nat Real _ T
            (@HAdd.hAdd.{0, 0, 0} Nat Nat Nat _ m
              (@Finset.sum.{0, 0} (Fin (@OfNat.ofNat.{0} Nat (nat_lit 3) _)) Nat _
                (@Finset.univ.{0} (Fin (@OfNat.ofNat.{0} Nat (nat_lit 3) _)) _)
                fun (i : Fin (@OfNat.ofNat.{0} Nat (nat_lit 3) _)) => γ i)))))
  (n : Nat),
  @LE.le.{0} Real _
    (@TheoremT.Continuum.polynomialCoeffL1.{0}
      (Sum.{0, 0} (Fin (@OfNat.ofNat.{0} Nat (nat_lit 2) _)) (Fin (@OfNat.ofNat.{0} Nat (nat_lit 2) _)))
      (TheoremT.Continuum.so2AxisGroupedPolynomial A n))
    (@HMul.hMul.{0, 0, 0} Real Real Real _
      (@HMul.hMul.{0, 0, 0} Real Real Real _ (@OfNat.ofNat.{0} Real (nat_lit 8) _) M)
      (@HPow.hPow.{0, 0, 0} Real Nat Real _
        (@HMul.hMul.{0, 0, 0} Real Real Real _ (@OfNat.ofNat.{0} Real (nat_lit 2) _) T) n))
TheoremT.Continuum.so2_axis_coordinate_norm_le : ∀
  (z :
    Prod.{0, 0} (Fin (@OfNat.ofNat.{0} Nat (nat_lit 2) _) → Complex)
      (Fin (@OfNat.ofNat.{0} Nat (nat_lit 2) _) → Complex)),
  @LE.le.{0} Real _
    (@Norm.norm.{0}
      (Sum.{0, 0} (Fin (@OfNat.ofNat.{0} Nat (nat_lit 3) _)) (Fin (@OfNat.ofNat.{0} Nat (nat_lit 3) _)) → Complex) _
      (@Sum.elim.{0, 0, 1} (Fin (@OfNat.ofNat.{0} Nat (nat_lit 3) _)) (Fin (@OfNat.ofNat.{0} Nat (nat_lit 3) _)) Complex
        (@Matrix.vecCons.{0} Complex (@OfNat.ofNat.{0} Nat (nat_lit 2) _)
          (@Prod.fst.{0, 0} (Fin (@OfNat.ofNat.{0} Nat (nat_lit 2) _) → Complex)
            (Fin (@OfNat.ofNat.{0} Nat (nat_lit 2) _) → Complex) z
            (@OfNat.ofNat.{0} (Fin (@OfNat.ofNat.{0} Nat (nat_lit 2) _)) (nat_lit 0) _))
          (@Matrix.vecCons.{0} Complex (@OfNat.ofNat.{0} Nat (nat_lit 1) _)
            (@Prod.fst.{0, 0} (Fin (@OfNat.ofNat.{0} Nat (nat_lit 2) _) → Complex)
              (Fin (@OfNat.ofNat.{0} Nat (nat_lit 2) _) → Complex) z
              (@OfNat.ofNat.{0} (Fin (@OfNat.ofNat.{0} Nat (nat_lit 2) _)) (nat_lit 1) _))
            (@Matrix.vecCons.{0} Complex (@OfNat.ofNat.{0} Nat (nat_lit 0) _)
              (@Prod.snd.{0, 0} (Fin (@OfNat.ofNat.{0} Nat (nat_lit 2) _) → Complex)
                (Fin (@OfNat.ofNat.{0} Nat (nat_lit 2) _) → Complex) z
                (@OfNat.ofNat.{0} (Fin (@OfNat.ofNat.{0} Nat (nat_lit 2) _)) (nat_lit 0) _))
              (@Matrix.vecEmpty.{0} Complex))))
        (@Matrix.vecCons.{0} Complex (@OfNat.ofNat.{0} Nat (nat_lit 2) _) (@OfNat.ofNat.{0} Complex (nat_lit 0) _)
          (@Matrix.vecCons.{0} Complex (@OfNat.ofNat.{0} Nat (nat_lit 1) _) (@OfNat.ofNat.{0} Complex (nat_lit 0) _)
            (@Matrix.vecCons.{0} Complex (@OfNat.ofNat.{0} Nat (nat_lit 0) _)
              (@Prod.snd.{0, 0} (Fin (@OfNat.ofNat.{0} Nat (nat_lit 2) _) → Complex)
                (Fin (@OfNat.ofNat.{0} Nat (nat_lit 2) _) → Complex) z
                (@OfNat.ofNat.{0} (Fin (@OfNat.ofNat.{0} Nat (nat_lit 2) _)) (nat_lit 1) _))
              (@Matrix.vecEmpty.{0} Complex))))))
    (@Norm.norm.{0}
      (Prod.{0, 0} (Fin (@OfNat.ofNat.{0} Nat (nat_lit 2) _) → Complex)
        (Fin (@OfNat.ofNat.{0} Nat (nat_lit 2) _) → Complex))
      _ z)
TheoremT.Continuum.so2AxisGroupedPolynomial_hasSum : ∀
  (A :
    Nat →
      (Fin (@OfNat.ofNat.{0} Nat (nat_lit 3) _) → Nat) →
        @MvPolynomial.{0, 0} (Fin (@OfNat.ofNat.{0} Nat (nat_lit 3) _)) Complex _)
  (hA :
    ∀ (m : Nat) (γ : Fin (@OfNat.ofNat.{0} Nat (nat_lit 3) _) → Nat),
      @MvPolynomial.IsHomogeneous.{0, 0} (Fin (@OfNat.ofNat.{0} Nat (nat_lit 3) _)) Complex _ (A m γ) m)
  {M T : Real} (hM : @LE.le.{0} Real _ (@OfNat.ofNat.{0} Real (nat_lit 0) _) M)
  (hT : @LE.le.{0} Real _ (@OfNat.ofNat.{0} Real (nat_lit 0) _) T)
  (hL :
    ∀ (m : Nat) (γ : Fin (@OfNat.ofNat.{0} Nat (nat_lit 3) _) → Nat),
      @LE.le.{0} Real _ (@TheoremT.Continuum.polynomialCoeffL1.{0} (Fin (@OfNat.ofNat.{0} Nat (nat_lit 3) _)) (A m γ))
        (@HMul.hMul.{0, 0, 0} Real Real Real _ M
          (@HPow.hPow.{0, 0, 0} Real Nat Real _ T
            (@HAdd.hAdd.{0, 0, 0} Nat Nat Nat _ m
              (@Finset.sum.{0, 0} (Fin (@OfNat.ofNat.{0} Nat (nat_lit 3) _)) Nat _
                (@Finset.univ.{0} (Fin (@OfNat.ofNat.{0} Nat (nat_lit 3) _)) _)
                fun (i : Fin (@OfNat.ofNat.{0} Nat (nat_lit 3) _)) => γ i)))))
  (z :
    Prod.{0, 0} (Fin (@OfNat.ofNat.{0} Nat (nat_lit 2) _) → Complex)
      (Fin (@OfNat.ofNat.{0} Nat (nat_lit 2) _) → Complex))
  (hz :
    @LT.lt.{0} Real _
      (@HMul.hMul.{0, 0, 0} Real Real Real _
        (@HMul.hMul.{0, 0, 0} Real Real Real _ (@OfNat.ofNat.{0} Real (nat_lit 2) _) T)
        (@Norm.norm.{0}
          (Prod.{0, 0} (Fin (@OfNat.ofNat.{0} Nat (nat_lit 2) _) → Complex)
            (Fin (@OfNat.ofNat.{0} Nat (nat_lit 2) _) → Complex))
          _ z))
      (@OfNat.ofNat.{0} Real (nat_lit 1) _)),
  And
    (@Summable.{0, 0} Real Nat _ _
      (fun (n : Nat) =>
        @Norm.norm.{0} Complex _
          (@DFunLike.coe.{1, 1, 1}
            (@RingHom.{0, 0}
              (@MvPolynomial.{0, 0}
                (Sum.{0, 0} (Fin (@OfNat.ofNat.{0} Nat (nat_lit 2) _)) (Fin (@OfNat.ofNat.{0} Nat (nat_lit 2) _)))
                Complex _)
              Complex _ _)
            (@MvPolynomial.{0, 0}
              (Sum.{0, 0} (Fin (@OfNat.ofNat.{0} Nat (nat_lit 2) _)) (Fin (@OfNat.ofNat.{0} Nat (nat_lit 2) _))) Complex
              _)
            (fun
                (x :
                  @MvPolynomial.{0, 0}
                    (Sum.{0, 0} (Fin (@OfNat.ofNat.{0} Nat (nat_lit 2) _)) (Fin (@OfNat.ofNat.{0} Nat (nat_lit 2) _)))
                    Complex _) =>
              Complex)
            _
            (@MvPolynomial.eval.{0, 0} Complex
              (Sum.{0, 0} (Fin (@OfNat.ofNat.{0} Nat (nat_lit 2) _)) (Fin (@OfNat.ofNat.{0} Nat (nat_lit 2) _))) _
              (@Sum.elim.{0, 0, 1} (Fin (@OfNat.ofNat.{0} Nat (nat_lit 2) _)) (Fin (@OfNat.ofNat.{0} Nat (nat_lit 2) _))
                Complex
                (@Prod.fst.{0, 0} (Fin (@OfNat.ofNat.{0} Nat (nat_lit 2) _) → Complex)
                  (Fin (@OfNat.ofNat.{0} Nat (nat_lit 2) _) → Complex) z)
                (@Prod.snd.{0, 0} (Fin (@OfNat.ofNat.{0} Nat (nat_lit 2) _) → Complex)
                  (Fin (@OfNat.ofNat.{0} Nat (nat_lit 2) _) → Complex) z)))
            (TheoremT.Continuum.so2AxisGroupedPolynomial A n)))
      (SummationFilter.unconditional.{0} Nat))
    (@HasSum.{0, 0} Complex Nat _ _
      (fun (n : Nat) =>
        @DFunLike.coe.{1, 1, 1}
          (@RingHom.{0, 0}
            (@MvPolynomial.{0, 0}
              (Sum.{0, 0} (Fin (@OfNat.ofNat.{0} Nat (nat_lit 2) _)) (Fin (@OfNat.ofNat.{0} Nat (nat_lit 2) _))) Complex
              _)
            Complex _ _)
          (@MvPolynomial.{0, 0}
            (Sum.{0, 0} (Fin (@OfNat.ofNat.{0} Nat (nat_lit 2) _)) (Fin (@OfNat.ofNat.{0} Nat (nat_lit 2) _))) Complex
            _)
          (fun
              (x :
                @MvPolynomial.{0, 0}
                  (Sum.{0, 0} (Fin (@OfNat.ofNat.{0} Nat (nat_lit 2) _)) (Fin (@OfNat.ofNat.{0} Nat (nat_lit 2) _)))
                  Complex _) =>
            Complex)
          _
          (@MvPolynomial.eval.{0, 0} Complex
            (Sum.{0, 0} (Fin (@OfNat.ofNat.{0} Nat (nat_lit 2) _)) (Fin (@OfNat.ofNat.{0} Nat (nat_lit 2) _))) _
            (@Sum.elim.{0, 0, 1} (Fin (@OfNat.ofNat.{0} Nat (nat_lit 2) _)) (Fin (@OfNat.ofNat.{0} Nat (nat_lit 2) _))
              Complex
              (@Prod.fst.{0, 0} (Fin (@OfNat.ofNat.{0} Nat (nat_lit 2) _) → Complex)
                (Fin (@OfNat.ofNat.{0} Nat (nat_lit 2) _) → Complex) z)
              (@Prod.snd.{0, 0} (Fin (@OfNat.ofNat.{0} Nat (nat_lit 2) _) → Complex)
                (Fin (@OfNat.ofNat.{0} Nat (nat_lit 2) _) → Complex) z)))
          (TheoremT.Continuum.so2AxisGroupedPolynomial A n))
      (@TheoremT.Continuum.homogeneousSpectatorSum (@OfNat.ofNat.{0} Nat (nat_lit 3) _) A
        (@Sum.elim.{0, 0, 1} (Fin (@OfNat.ofNat.{0} Nat (nat_lit 3) _)) (Fin (@OfNat.ofNat.{0} Nat (nat_lit 3) _))
          Complex
          (@Matrix.vecCons.{0} Complex (@OfNat.ofNat.{0} Nat (nat_lit 2) _)
            (@Prod.fst.{0, 0} (Fin (@OfNat.ofNat.{0} Nat (nat_lit 2) _) → Complex)
              (Fin (@OfNat.ofNat.{0} Nat (nat_lit 2) _) → Complex) z
              (@OfNat.ofNat.{0} (Fin (@OfNat.ofNat.{0} Nat (nat_lit 2) _)) (nat_lit 0) _))
            (@Matrix.vecCons.{0} Complex (@OfNat.ofNat.{0} Nat (nat_lit 1) _)
              (@Prod.fst.{0, 0} (Fin (@OfNat.ofNat.{0} Nat (nat_lit 2) _) → Complex)
                (Fin (@OfNat.ofNat.{0} Nat (nat_lit 2) _) → Complex) z
                (@OfNat.ofNat.{0} (Fin (@OfNat.ofNat.{0} Nat (nat_lit 2) _)) (nat_lit 1) _))
              (@Matrix.vecCons.{0} Complex (@OfNat.ofNat.{0} Nat (nat_lit 0) _)
                (@Prod.snd.{0, 0} (Fin (@OfNat.ofNat.{0} Nat (nat_lit 2) _) → Complex)
                  (Fin (@OfNat.ofNat.{0} Nat (nat_lit 2) _) → Complex) z
                  (@OfNat.ofNat.{0} (Fin (@OfNat.ofNat.{0} Nat (nat_lit 2) _)) (nat_lit 0) _))
                (@Matrix.vecEmpty.{0} Complex))))
          (@Matrix.vecCons.{0} Complex (@OfNat.ofNat.{0} Nat (nat_lit 2) _) (@OfNat.ofNat.{0} Complex (nat_lit 0) _)
            (@Matrix.vecCons.{0} Complex (@OfNat.ofNat.{0} Nat (nat_lit 1) _) (@OfNat.ofNat.{0} Complex (nat_lit 0) _)
              (@Matrix.vecCons.{0} Complex (@OfNat.ofNat.{0} Nat (nat_lit 0) _)
                (@Prod.snd.{0, 0} (Fin (@OfNat.ofNat.{0} Nat (nat_lit 2) _) → Complex)
                  (Fin (@OfNat.ofNat.{0} Nat (nat_lit 2) _) → Complex) z
                  (@OfNat.ofNat.{0} (Fin (@OfNat.ofNat.{0} Nat (nat_lit 2) _)) (nat_lit 1) _))
                (@Matrix.vecEmpty.{0} Complex))))))
      (SummationFilter.unconditional.{0} Nat))
TheoremT.Continuum.homogeneous_spectator_coefficient_max_rate : ∀
  (A :
    Nat →
      (Fin (@OfNat.ofNat.{0} Nat (nat_lit 3) _) → Nat) →
        @MvPolynomial.{0, 0} (Fin (@OfNat.ofNat.{0} Nat (nat_lit 3) _)) Complex _)
  {M D S : Real} (hM : @LE.le.{0} Real _ (@OfNat.ofNat.{0} Real (nat_lit 0) _) M)
  (hD : @LE.le.{0} Real _ (@OfNat.ofNat.{0} Real (nat_lit 0) _) D)
  (hS : @LE.le.{0} Real _ (@OfNat.ofNat.{0} Real (nat_lit 0) _) S)
  (hL :
    ∀ (m : Nat) (γ : Fin (@OfNat.ofNat.{0} Nat (nat_lit 3) _) → Nat),
      @LE.le.{0} Real _ (@TheoremT.Continuum.polynomialCoeffL1.{0} (Fin (@OfNat.ofNat.{0} Nat (nat_lit 3) _)) (A m γ))
        (@HMul.hMul.{0, 0, 0} Real Real Real _
          (@HMul.hMul.{0, 0, 0} Real Real Real _ M (@HPow.hPow.{0, 0, 0} Real Nat Real _ D m))
          (@HPow.hPow.{0, 0, 0} Real Nat Real _ S
            (@Finset.sum.{0, 0} (Fin (@OfNat.ofNat.{0} Nat (nat_lit 3) _)) Nat _
              (@Finset.univ.{0} (Fin (@OfNat.ofNat.{0} Nat (nat_lit 3) _)) _)
              fun (i : Fin (@OfNat.ofNat.{0} Nat (nat_lit 3) _)) => γ i))))
  (m : Nat) (γ : Fin (@OfNat.ofNat.{0} Nat (nat_lit 3) _) → Nat),
  @LE.le.{0} Real _ (@TheoremT.Continuum.polynomialCoeffL1.{0} (Fin (@OfNat.ofNat.{0} Nat (nat_lit 3) _)) (A m γ))
    (@HMul.hMul.{0, 0, 0} Real Real Real _ M
      (@HPow.hPow.{0, 0, 0} Real Nat Real _ (@Max.max.{0} Real _ D S)
        (@HAdd.hAdd.{0, 0, 0} Nat Nat Nat _ m
          (@Finset.sum.{0, 0} (Fin (@OfNat.ofNat.{0} Nat (nat_lit 3) _)) Nat _
            (@Finset.univ.{0} (Fin (@OfNat.ofNat.{0} Nat (nat_lit 3) _)) _)
            fun (i : Fin (@OfNat.ofNat.{0} Nat (nat_lit 3) _)) => γ i))))
TheoremT.Continuum.so2AxisGroupedPolynomial_coeffL1_anisotropic : ∀
  (A :
    Nat →
      (Fin (@OfNat.ofNat.{0} Nat (nat_lit 3) _) → Nat) →
        @MvPolynomial.{0, 0} (Fin (@OfNat.ofNat.{0} Nat (nat_lit 3) _)) Complex _)
  {M D S : Real} (hM : @LE.le.{0} Real _ (@OfNat.ofNat.{0} Real (nat_lit 0) _) M)
  (hD : @LE.le.{0} Real _ (@OfNat.ofNat.{0} Real (nat_lit 0) _) D)
  (hS : @LE.le.{0} Real _ (@OfNat.ofNat.{0} Real (nat_lit 0) _) S)
  (hL :
    ∀ (m : Nat) (γ : Fin (@OfNat.ofNat.{0} Nat (nat_lit 3) _) → Nat),
      @LE.le.{0} Real _ (@TheoremT.Continuum.polynomialCoeffL1.{0} (Fin (@OfNat.ofNat.{0} Nat (nat_lit 3) _)) (A m γ))
        (@HMul.hMul.{0, 0, 0} Real Real Real _
          (@HMul.hMul.{0, 0, 0} Real Real Real _ M (@HPow.hPow.{0, 0, 0} Real Nat Real _ D m))
          (@HPow.hPow.{0, 0, 0} Real Nat Real _ S
            (@Finset.sum.{0, 0} (Fin (@OfNat.ofNat.{0} Nat (nat_lit 3) _)) Nat _
              (@Finset.univ.{0} (Fin (@OfNat.ofNat.{0} Nat (nat_lit 3) _)) _)
              fun (i : Fin (@OfNat.ofNat.{0} Nat (nat_lit 3) _)) => γ i))))
  (n : Nat),
  @LE.le.{0} Real _
    (@TheoremT.Continuum.polynomialCoeffL1.{0}
      (Sum.{0, 0} (Fin (@OfNat.ofNat.{0} Nat (nat_lit 2) _)) (Fin (@OfNat.ofNat.{0} Nat (nat_lit 2) _)))
      (TheoremT.Continuum.so2AxisGroupedPolynomial A n))
    (@HMul.hMul.{0, 0, 0} Real Real Real _
      (@HMul.hMul.{0, 0, 0} Real Real Real _ (@OfNat.ofNat.{0} Real (nat_lit 8) _) M)
      (@HPow.hPow.{0, 0, 0} Real Nat Real _
        (@HMul.hMul.{0, 0, 0} Real Real Real _ (@OfNat.ofNat.{0} Real (nat_lit 2) _) (@Max.max.{0} Real _ D S)) n))
TheoremT.Continuum.so2AxisGroupedPolynomial_hasSum_anisotropic : ∀
  (A :
    Nat →
      (Fin (@OfNat.ofNat.{0} Nat (nat_lit 3) _) → Nat) →
        @MvPolynomial.{0, 0} (Fin (@OfNat.ofNat.{0} Nat (nat_lit 3) _)) Complex _)
  (hA :
    ∀ (m : Nat) (γ : Fin (@OfNat.ofNat.{0} Nat (nat_lit 3) _) → Nat),
      @MvPolynomial.IsHomogeneous.{0, 0} (Fin (@OfNat.ofNat.{0} Nat (nat_lit 3) _)) Complex _ (A m γ) m)
  {M D S : Real} (hM : @LE.le.{0} Real _ (@OfNat.ofNat.{0} Real (nat_lit 0) _) M)
  (hD : @LE.le.{0} Real _ (@OfNat.ofNat.{0} Real (nat_lit 0) _) D)
  (hS : @LE.le.{0} Real _ (@OfNat.ofNat.{0} Real (nat_lit 0) _) S)
  (hL :
    ∀ (m : Nat) (γ : Fin (@OfNat.ofNat.{0} Nat (nat_lit 3) _) → Nat),
      @LE.le.{0} Real _ (@TheoremT.Continuum.polynomialCoeffL1.{0} (Fin (@OfNat.ofNat.{0} Nat (nat_lit 3) _)) (A m γ))
        (@HMul.hMul.{0, 0, 0} Real Real Real _
          (@HMul.hMul.{0, 0, 0} Real Real Real _ M (@HPow.hPow.{0, 0, 0} Real Nat Real _ D m))
          (@HPow.hPow.{0, 0, 0} Real Nat Real _ S
            (@Finset.sum.{0, 0} (Fin (@OfNat.ofNat.{0} Nat (nat_lit 3) _)) Nat _
              (@Finset.univ.{0} (Fin (@OfNat.ofNat.{0} Nat (nat_lit 3) _)) _)
              fun (i : Fin (@OfNat.ofNat.{0} Nat (nat_lit 3) _)) => γ i))))
  (z :
    Prod.{0, 0} (Fin (@OfNat.ofNat.{0} Nat (nat_lit 2) _) → Complex)
      (Fin (@OfNat.ofNat.{0} Nat (nat_lit 2) _) → Complex))
  (hz :
    @LT.lt.{0} Real _
      (@HMul.hMul.{0, 0, 0} Real Real Real _
        (@HMul.hMul.{0, 0, 0} Real Real Real _ (@OfNat.ofNat.{0} Real (nat_lit 2) _) (@Max.max.{0} Real _ D S))
        (@Norm.norm.{0}
          (Prod.{0, 0} (Fin (@OfNat.ofNat.{0} Nat (nat_lit 2) _) → Complex)
            (Fin (@OfNat.ofNat.{0} Nat (nat_lit 2) _) → Complex))
          _ z))
      (@OfNat.ofNat.{0} Real (nat_lit 1) _)),
  And
    (@Summable.{0, 0} Real Nat _ _
      (fun (n : Nat) =>
        @Norm.norm.{0} Complex _
          (@DFunLike.coe.{1, 1, 1}
            (@RingHom.{0, 0}
              (@MvPolynomial.{0, 0}
                (Sum.{0, 0} (Fin (@OfNat.ofNat.{0} Nat (nat_lit 2) _)) (Fin (@OfNat.ofNat.{0} Nat (nat_lit 2) _)))
                Complex _)
              Complex _ _)
            (@MvPolynomial.{0, 0}
              (Sum.{0, 0} (Fin (@OfNat.ofNat.{0} Nat (nat_lit 2) _)) (Fin (@OfNat.ofNat.{0} Nat (nat_lit 2) _))) Complex
              _)
            (fun
                (x :
                  @MvPolynomial.{0, 0}
                    (Sum.{0, 0} (Fin (@OfNat.ofNat.{0} Nat (nat_lit 2) _)) (Fin (@OfNat.ofNat.{0} Nat (nat_lit 2) _)))
                    Complex _) =>
              Complex)
            _
            (@MvPolynomial.eval.{0, 0} Complex
              (Sum.{0, 0} (Fin (@OfNat.ofNat.{0} Nat (nat_lit 2) _)) (Fin (@OfNat.ofNat.{0} Nat (nat_lit 2) _))) _
              (@Sum.elim.{0, 0, 1} (Fin (@OfNat.ofNat.{0} Nat (nat_lit 2) _)) (Fin (@OfNat.ofNat.{0} Nat (nat_lit 2) _))
                Complex
                (@Prod.fst.{0, 0} (Fin (@OfNat.ofNat.{0} Nat (nat_lit 2) _) → Complex)
                  (Fin (@OfNat.ofNat.{0} Nat (nat_lit 2) _) → Complex) z)
                (@Prod.snd.{0, 0} (Fin (@OfNat.ofNat.{0} Nat (nat_lit 2) _) → Complex)
                  (Fin (@OfNat.ofNat.{0} Nat (nat_lit 2) _) → Complex) z)))
            (TheoremT.Continuum.so2AxisGroupedPolynomial A n)))
      (SummationFilter.unconditional.{0} Nat))
    (@HasSum.{0, 0} Complex Nat _ _
      (fun (n : Nat) =>
        @DFunLike.coe.{1, 1, 1}
          (@RingHom.{0, 0}
            (@MvPolynomial.{0, 0}
              (Sum.{0, 0} (Fin (@OfNat.ofNat.{0} Nat (nat_lit 2) _)) (Fin (@OfNat.ofNat.{0} Nat (nat_lit 2) _))) Complex
              _)
            Complex _ _)
          (@MvPolynomial.{0, 0}
            (Sum.{0, 0} (Fin (@OfNat.ofNat.{0} Nat (nat_lit 2) _)) (Fin (@OfNat.ofNat.{0} Nat (nat_lit 2) _))) Complex
            _)
          (fun
              (x :
                @MvPolynomial.{0, 0}
                  (Sum.{0, 0} (Fin (@OfNat.ofNat.{0} Nat (nat_lit 2) _)) (Fin (@OfNat.ofNat.{0} Nat (nat_lit 2) _)))
                  Complex _) =>
            Complex)
          _
          (@MvPolynomial.eval.{0, 0} Complex
            (Sum.{0, 0} (Fin (@OfNat.ofNat.{0} Nat (nat_lit 2) _)) (Fin (@OfNat.ofNat.{0} Nat (nat_lit 2) _))) _
            (@Sum.elim.{0, 0, 1} (Fin (@OfNat.ofNat.{0} Nat (nat_lit 2) _)) (Fin (@OfNat.ofNat.{0} Nat (nat_lit 2) _))
              Complex
              (@Prod.fst.{0, 0} (Fin (@OfNat.ofNat.{0} Nat (nat_lit 2) _) → Complex)
                (Fin (@OfNat.ofNat.{0} Nat (nat_lit 2) _) → Complex) z)
              (@Prod.snd.{0, 0} (Fin (@OfNat.ofNat.{0} Nat (nat_lit 2) _) → Complex)
                (Fin (@OfNat.ofNat.{0} Nat (nat_lit 2) _) → Complex) z)))
          (TheoremT.Continuum.so2AxisGroupedPolynomial A n))
      (@TheoremT.Continuum.homogeneousSpectatorSum (@OfNat.ofNat.{0} Nat (nat_lit 3) _) A
        (@Sum.elim.{0, 0, 1} (Fin (@OfNat.ofNat.{0} Nat (nat_lit 3) _)) (Fin (@OfNat.ofNat.{0} Nat (nat_lit 3) _))
          Complex
          (@Matrix.vecCons.{0} Complex (@OfNat.ofNat.{0} Nat (nat_lit 2) _)
            (@Prod.fst.{0, 0} (Fin (@OfNat.ofNat.{0} Nat (nat_lit 2) _) → Complex)
              (Fin (@OfNat.ofNat.{0} Nat (nat_lit 2) _) → Complex) z
              (@OfNat.ofNat.{0} (Fin (@OfNat.ofNat.{0} Nat (nat_lit 2) _)) (nat_lit 0) _))
            (@Matrix.vecCons.{0} Complex (@OfNat.ofNat.{0} Nat (nat_lit 1) _)
              (@Prod.fst.{0, 0} (Fin (@OfNat.ofNat.{0} Nat (nat_lit 2) _) → Complex)
                (Fin (@OfNat.ofNat.{0} Nat (nat_lit 2) _) → Complex) z
                (@OfNat.ofNat.{0} (Fin (@OfNat.ofNat.{0} Nat (nat_lit 2) _)) (nat_lit 1) _))
              (@Matrix.vecCons.{0} Complex (@OfNat.ofNat.{0} Nat (nat_lit 0) _)
                (@Prod.snd.{0, 0} (Fin (@OfNat.ofNat.{0} Nat (nat_lit 2) _) → Complex)
                  (Fin (@OfNat.ofNat.{0} Nat (nat_lit 2) _) → Complex) z
                  (@OfNat.ofNat.{0} (Fin (@OfNat.ofNat.{0} Nat (nat_lit 2) _)) (nat_lit 0) _))
                (@Matrix.vecEmpty.{0} Complex))))
          (@Matrix.vecCons.{0} Complex (@OfNat.ofNat.{0} Nat (nat_lit 2) _) (@OfNat.ofNat.{0} Complex (nat_lit 0) _)
            (@Matrix.vecCons.{0} Complex (@OfNat.ofNat.{0} Nat (nat_lit 1) _) (@OfNat.ofNat.{0} Complex (nat_lit 0) _)
              (@Matrix.vecCons.{0} Complex (@OfNat.ofNat.{0} Nat (nat_lit 0) _)
                (@Prod.snd.{0, 0} (Fin (@OfNat.ofNat.{0} Nat (nat_lit 2) _) → Complex)
                  (Fin (@OfNat.ofNat.{0} Nat (nat_lit 2) _) → Complex) z
                  (@OfNat.ofNat.{0} (Fin (@OfNat.ofNat.{0} Nat (nat_lit 2) _)) (nat_lit 1) _))
                (@Matrix.vecEmpty.{0} Complex))))))
      (SummationFilter.unconditional.{0} Nat))
TheoremT.Continuum.physicalKSAxisPolynomialA : (f :
    @TheoremT.Continuum.WeakGrushin.Space (Fin (@OfNat.ofNat.{0} Nat (nat_lit 3) _)) _ → Complex) →
  (t0 : TheoremT.Continuum.Position) →
    Nat →
      @MvPolynomial.{0, 0}
        (Sum.{0, 0} (Fin (@OfNat.ofNat.{0} Nat (nat_lit 2) _)) (Fin (@OfNat.ofNat.{0} Nat (nat_lit 2) _))) Complex _
TheoremT.Continuum.physicalKSAxisPolynomialB : (f :
    @TheoremT.Continuum.WeakGrushin.Space (Fin (@OfNat.ofNat.{0} Nat (nat_lit 3) _)) _ → Complex) →
  (t0 : TheoremT.Continuum.Position) →
    Nat →
      @MvPolynomial.{0, 0}
        (Sum.{0, 0} (Fin (@OfNat.ofNat.{0} Nat (nat_lit 2) _)) (Fin (@OfNat.ofNat.{0} Nat (nat_lit 2) _))) Complex _
TheoremT.Continuum.physicalKSAxisSeriesRate : (M A : Real) → Real
TheoremT.Continuum.PhysicalKSAxisPolynomialData : (f :
    @TheoremT.Continuum.WeakGrushin.Space (Fin (@OfNat.ofNat.{0} Nat (nat_lit 3) _)) _ → Complex) →
  (t0 : TheoremT.Continuum.Position) → (M A F0 W : Real) → Prop
@TheoremT.Continuum.physicalKSAxisPolynomial_data_of_balanced : ∀
  {f : @TheoremT.Continuum.WeakGrushin.Space (Fin (@OfNat.ofNat.{0} Nat (nat_lit 3) _)) _ → Complex}
  {t0 : TheoremT.Continuum.Position} {M A F0 W : Real}
  (hdata : TheoremT.Continuum.PhysicalKSBoxPointwiseData f t0 M A F0 W)
  (hA : @LE.le.{0} Real _ (@OfNat.ofNat.{0} Real (nat_lit 1) _) A)
  (hF0 : @LE.le.{0} Real _ (@OfNat.ofNat.{0} Real (nat_lit 0) _) F0)
  (hbal :
    ∀ (m : Nat) (γ : Fin (@OfNat.ofNat.{0} Nat (nat_lit 3) _) → Nat)
      (e : @Finsupp.{0, 0} (Fin (@OfNat.ofNat.{0} Nat (nat_lit 4) _)) Nat _),
      @Membership.mem.{0, 0} (@Finsupp.{0, 0} (Fin (@OfNat.ofNat.{0} Nat (nat_lit 4) _)) Nat _)
          (Finset.{0} (@Finsupp.{0, 0} (Fin (@OfNat.ofNat.{0} Nat (nat_lit 4) _)) Nat _)) _
          (@MvPolynomial.support.{0, 0} Complex (Fin (@OfNat.ofNat.{0} Nat (nat_lit 4) _)) _
            (TheoremT.Continuum.ksRealPolynomialToSpinor
              (TheoremT.Continuum.physicalKSTaylorEvenSpectatorFamily f
                (@Prod.mk.{0, 0} (EuclideanSpace.{0, 0} Real (Fin (@OfNat.ofNat.{0} Nat (nat_lit 4) _)))
                  (EuclideanSpace.{0, 0} Real (Fin (@OfNat.ofNat.{0} Nat (nat_lit 3) _)))
                  (@OfNat.ofNat.{0} (EuclideanSpace.{0, 0} Real (Fin (@OfNat.ofNat.{0} Nat (nat_lit 4) _))) (nat_lit 0)
                    _)
                  t0)
                m γ)))
          e →
        @Eq.{1} Nat
          (@HAdd.hAdd.{0, 0, 0} Nat Nat Nat _
            (@DFunLike.coe.{1, 1, 1} (@Finsupp.{0, 0} (Fin (@OfNat.ofNat.{0} Nat (nat_lit 4) _)) Nat _)
              (Fin (@OfNat.ofNat.{0} Nat (nat_lit 4) _)) (fun (x : Fin (@OfNat.ofNat.{0} Nat (nat_lit 4) _)) => Nat) _ e
              (@OfNat.ofNat.{0} (Fin (@OfNat.ofNat.{0} Nat (nat_lit 4) _)) (nat_lit 0) _))
            (@DFunLike.coe.{1, 1, 1} (@Finsupp.{0, 0} (Fin (@OfNat.ofNat.{0} Nat (nat_lit 4) _)) Nat _)
              (Fin (@OfNat.ofNat.{0} Nat (nat_lit 4) _)) (fun (x : Fin (@OfNat.ofNat.{0} Nat (nat_lit 4) _)) => Nat) _ e
              (@OfNat.ofNat.{0} (Fin (@OfNat.ofNat.{0} Nat (nat_lit 4) _)) (nat_lit 1) _)))
          (@HAdd.hAdd.{0, 0, 0} Nat Nat Nat _
            (@DFunLike.coe.{1, 1, 1} (@Finsupp.{0, 0} (Fin (@OfNat.ofNat.{0} Nat (nat_lit 4) _)) Nat _)
              (Fin (@OfNat.ofNat.{0} Nat (nat_lit 4) _)) (fun (x : Fin (@OfNat.ofNat.{0} Nat (nat_lit 4) _)) => Nat) _ e
              (@OfNat.ofNat.{0} (Fin (@OfNat.ofNat.{0} Nat (nat_lit 4) _)) (nat_lit 2) _))
            (@DFunLike.coe.{1, 1, 1} (@Finsupp.{0, 0} (Fin (@OfNat.ofNat.{0} Nat (nat_lit 4) _)) Nat _)
              (Fin (@OfNat.ofNat.{0} Nat (nat_lit 4) _)) (fun (x : Fin (@OfNat.ofNat.{0} Nat (nat_lit 4) _)) => Nat) _ e
              (@OfNat.ofNat.{0} (Fin (@OfNat.ofNat.{0} Nat (nat_lit 4) _)) (nat_lit 3) _)))),
  TheoremT.Continuum.PhysicalKSAxisPolynomialData f t0 M A F0 W
TheoremT.Continuum.nuclearKSPhysicalAxisPolynomial_data : ∀
  (g : TheoremT.Continuum.Configuration (@OfNat.ofNat.{0} Nat (nat_lit 2) _) → Complex)
  (i : Fin (@OfNat.ofNat.{0} Nat (nat_lit 2) _)) {t0 : TheoremT.Continuum.Position} {M A F0 W : Real}
  (hdata :
    TheoremT.Continuum.PhysicalKSBoxPointwiseData
      (@Function.comp.{1, 1, 1} (@TheoremT.Continuum.WeakGrushin.Space (Fin (@OfNat.ofNat.{0} Nat (nat_lit 3) _)) _)
        (@TheoremT.Continuum.NuclearKSSpace (@OfNat.ofNat.{0} Nat (nat_lit 2) _) i) Complex
        (@Function.comp.{1, 1, 1} (@TheoremT.Continuum.NuclearKSSpace (@OfNat.ofNat.{0} Nat (nat_lit 2) _) i)
          (TheoremT.Continuum.Configuration (@OfNat.ofNat.{0} Nat (nat_lit 2) _)) Complex g
          (@TheoremT.Continuum.nuclearKSLift (@OfNat.ofNat.{0} Nat (nat_lit 2) _) i))
        (@DFunLike.coe.{1, 1, 1}
          (@LinearIsometryEquiv.{0, 0, 0, 0} Real Real _ _ (@RingHom.id.{0} Real _) (@RingHom.id.{0} Real _) _ _
            (@TheoremT.Continuum.WeakGrushin.Space (Fin (@OfNat.ofNat.{0} Nat (nat_lit 3) _)) _)
            (@TheoremT.Continuum.WeakGrushin.Space
              (@TheoremT.Continuum.SpectatorCoordinate (@OfNat.ofNat.{0} Nat (nat_lit 2) _) i) _)
            _ _ _ _)
          (@TheoremT.Continuum.WeakGrushin.Space (Fin (@OfNat.ofNat.{0} Nat (nat_lit 3) _)) _)
          (fun (a : @TheoremT.Continuum.WeakGrushin.Space (Fin (@OfNat.ofNat.{0} Nat (nat_lit 3) _)) _) =>
            @TheoremT.Continuum.WeakGrushin.Space
              (@TheoremT.Continuum.SpectatorCoordinate (@OfNat.ofNat.{0} Nat (nat_lit 2) _) i) _)
          _
          (@LinearIsometryEquiv.symm.{0, 0, 0, 0} Real Real
            (@TheoremT.Continuum.WeakGrushin.Space
              (@TheoremT.Continuum.SpectatorCoordinate (@OfNat.ofNat.{0} Nat (nat_lit 2) _) i) _)
            (@TheoremT.Continuum.WeakGrushin.Space (Fin (@OfNat.ofNat.{0} Nat (nat_lit 3) _)) _) _ _
            (@RingHom.id.{0} Real _) (@RingHom.id.{0} Real _) _ _ _ _ _ _
            (TheoremT.Continuum.physicalSpectatorReindexAt i))))
      t0 M A F0 W)
  (hA : @LE.le.{0} Real _ (@OfNat.ofNat.{0} Real (nat_lit 1) _) A)
  (hF0 : @LE.le.{0} Real _ (@OfNat.ofNat.{0} Real (nat_lit 0) _) F0),
  TheoremT.Continuum.PhysicalKSAxisPolynomialData
    (@Function.comp.{1, 1, 1} (@TheoremT.Continuum.WeakGrushin.Space (Fin (@OfNat.ofNat.{0} Nat (nat_lit 3) _)) _)
      (@TheoremT.Continuum.NuclearKSSpace (@OfNat.ofNat.{0} Nat (nat_lit 2) _) i) Complex
      (@Function.comp.{1, 1, 1} (@TheoremT.Continuum.NuclearKSSpace (@OfNat.ofNat.{0} Nat (nat_lit 2) _) i)
        (TheoremT.Continuum.Configuration (@OfNat.ofNat.{0} Nat (nat_lit 2) _)) Complex g
        (@TheoremT.Continuum.nuclearKSLift (@OfNat.ofNat.{0} Nat (nat_lit 2) _) i))
      (@DFunLike.coe.{1, 1, 1}
        (@LinearIsometryEquiv.{0, 0, 0, 0} Real Real _ _ (@RingHom.id.{0} Real _) (@RingHom.id.{0} Real _) _ _
          (@TheoremT.Continuum.WeakGrushin.Space (Fin (@OfNat.ofNat.{0} Nat (nat_lit 3) _)) _)
          (@TheoremT.Continuum.WeakGrushin.Space
            (@TheoremT.Continuum.SpectatorCoordinate (@OfNat.ofNat.{0} Nat (nat_lit 2) _) i) _)
          _ _ _ _)
        (@TheoremT.Continuum.WeakGrushin.Space (Fin (@OfNat.ofNat.{0} Nat (nat_lit 3) _)) _)
        (fun (a : @TheoremT.Continuum.WeakGrushin.Space (Fin (@OfNat.ofNat.{0} Nat (nat_lit 3) _)) _) =>
          @TheoremT.Continuum.WeakGrushin.Space
            (@TheoremT.Continuum.SpectatorCoordinate (@OfNat.ofNat.{0} Nat (nat_lit 2) _) i) _)
        _
        (@LinearIsometryEquiv.symm.{0, 0, 0, 0} Real Real
          (@TheoremT.Continuum.WeakGrushin.Space
            (@TheoremT.Continuum.SpectatorCoordinate (@OfNat.ofNat.{0} Nat (nat_lit 2) _) i) _)
          (@TheoremT.Continuum.WeakGrushin.Space (Fin (@OfNat.ofNat.{0} Nat (nat_lit 3) _)) _) _ _
          (@RingHom.id.{0} Real _) (@RingHom.id.{0} Real _) _ _ _ _ _ _
          (TheoremT.Continuum.physicalSpectatorReindexAt i))))
    t0 M A F0 W
TheoremT.Continuum.pairKSPhysicalAxisPolynomial_data : ∀
  (g : TheoremT.Continuum.Configuration (@OfNat.ofNat.{0} Nat (nat_lit 2) _) → Complex)
  {t0 : TheoremT.Continuum.Position} {M A F0 W : Real}
  (hdata :
    TheoremT.Continuum.PhysicalKSBoxPointwiseData
      (@Function.comp.{1, 1, 1} (@TheoremT.Continuum.WeakGrushin.Space (Fin (@OfNat.ofNat.{0} Nat (nat_lit 3) _)) _)
        TheoremT.Continuum.PairKSSpace Complex
        (@Function.comp.{1, 1, 1} TheoremT.Continuum.PairKSSpace
          (TheoremT.Continuum.Configuration (@OfNat.ofNat.{0} Nat (nat_lit 2) _)) Complex g
          TheoremT.Continuum.pairKSLift)
        (@DFunLike.coe.{1, 1, 1}
          (@LinearIsometryEquiv.{0, 0, 0, 0} Real Real _ _ (@RingHom.id.{0} Real _) (@RingHom.id.{0} Real _) _ _
            (@TheoremT.Continuum.WeakGrushin.Space (Fin (@OfNat.ofNat.{0} Nat (nat_lit 3) _)) _)
            (@TheoremT.Continuum.WeakGrushin.Space
              (@TheoremT.Continuum.SpectatorCoordinate (@OfNat.ofNat.{0} Nat (nat_lit 2) _)
                (@OfNat.ofNat.{0} (Fin (@OfNat.ofNat.{0} Nat (nat_lit 2) _)) (nat_lit 0) _))
              _)
            _ _ _ _)
          (@TheoremT.Continuum.WeakGrushin.Space (Fin (@OfNat.ofNat.{0} Nat (nat_lit 3) _)) _)
          (fun (a : @TheoremT.Continuum.WeakGrushin.Space (Fin (@OfNat.ofNat.{0} Nat (nat_lit 3) _)) _) =>
            @TheoremT.Continuum.WeakGrushin.Space
              (@TheoremT.Continuum.SpectatorCoordinate (@OfNat.ofNat.{0} Nat (nat_lit 2) _)
                (@OfNat.ofNat.{0} (Fin (@OfNat.ofNat.{0} Nat (nat_lit 2) _)) (nat_lit 0) _))
              _)
          _
          (@LinearIsometryEquiv.symm.{0, 0, 0, 0} Real Real
            (@TheoremT.Continuum.WeakGrushin.Space
              (@TheoremT.Continuum.SpectatorCoordinate (@OfNat.ofNat.{0} Nat (nat_lit 2) _)
                (@OfNat.ofNat.{0} (Fin (@OfNat.ofNat.{0} Nat (nat_lit 2) _)) (nat_lit 0) _))
              _)
            (@TheoremT.Continuum.WeakGrushin.Space (Fin (@OfNat.ofNat.{0} Nat (nat_lit 3) _)) _) _ _
            (@RingHom.id.{0} Real _) (@RingHom.id.{0} Real _) _ _ _ _ _ _
            (TheoremT.Continuum.physicalSpectatorReindexAt
              (@OfNat.ofNat.{0} (Fin (@OfNat.ofNat.{0} Nat (nat_lit 2) _)) (nat_lit 0) _)))))
      t0 M A F0 W)
  (hA : @LE.le.{0} Real _ (@OfNat.ofNat.{0} Real (nat_lit 1) _) A)
  (hF0 : @LE.le.{0} Real _ (@OfNat.ofNat.{0} Real (nat_lit 0) _) F0),
  TheoremT.Continuum.PhysicalKSAxisPolynomialData
    (@Function.comp.{1, 1, 1} (@TheoremT.Continuum.WeakGrushin.Space (Fin (@OfNat.ofNat.{0} Nat (nat_lit 3) _)) _)
      TheoremT.Continuum.PairKSSpace Complex
      (@Function.comp.{1, 1, 1} TheoremT.Continuum.PairKSSpace
        (TheoremT.Continuum.Configuration (@OfNat.ofNat.{0} Nat (nat_lit 2) _)) Complex g TheoremT.Continuum.pairKSLift)
      (@DFunLike.coe.{1, 1, 1}
        (@LinearIsometryEquiv.{0, 0, 0, 0} Real Real _ _ (@RingHom.id.{0} Real _) (@RingHom.id.{0} Real _) _ _
          (@TheoremT.Continuum.WeakGrushin.Space (Fin (@OfNat.ofNat.{0} Nat (nat_lit 3) _)) _)
          (@TheoremT.Continuum.WeakGrushin.Space
            (@TheoremT.Continuum.SpectatorCoordinate (@OfNat.ofNat.{0} Nat (nat_lit 2) _)
              (@OfNat.ofNat.{0} (Fin (@OfNat.ofNat.{0} Nat (nat_lit 2) _)) (nat_lit 0) _))
            _)
          _ _ _ _)
        (@TheoremT.Continuum.WeakGrushin.Space (Fin (@OfNat.ofNat.{0} Nat (nat_lit 3) _)) _)
        (fun (a : @TheoremT.Continuum.WeakGrushin.Space (Fin (@OfNat.ofNat.{0} Nat (nat_lit 3) _)) _) =>
          @TheoremT.Continuum.WeakGrushin.Space
            (@TheoremT.Continuum.SpectatorCoordinate (@OfNat.ofNat.{0} Nat (nat_lit 2) _)
              (@OfNat.ofNat.{0} (Fin (@OfNat.ofNat.{0} Nat (nat_lit 2) _)) (nat_lit 0) _))
            _)
        _
        (@LinearIsometryEquiv.symm.{0, 0, 0, 0} Real Real
          (@TheoremT.Continuum.WeakGrushin.Space
            (@TheoremT.Continuum.SpectatorCoordinate (@OfNat.ofNat.{0} Nat (nat_lit 2) _)
              (@OfNat.ofNat.{0} (Fin (@OfNat.ofNat.{0} Nat (nat_lit 2) _)) (nat_lit 0) _))
            _)
          (@TheoremT.Continuum.WeakGrushin.Space (Fin (@OfNat.ofNat.{0} Nat (nat_lit 3) _)) _) _ _
          (@RingHom.id.{0} Real _) (@RingHom.id.{0} Real _) _ _ _ _ _ _
          (TheoremT.Continuum.physicalSpectatorReindexAt
            (@OfNat.ofNat.{0} (Fin (@OfNat.ofNat.{0} Nat (nat_lit 2) _)) (nat_lit 0) _)))))
    t0 M A F0 W
'TheoremT.Continuum.so2AxisPolynomialGenerator' depends on axioms: [propext, Classical.choice, Quot.sound]
'TheoremT.Continuum.so2AxisPolynomialRestriction' depends on axioms: [propext, Classical.choice, Quot.sound]
'TheoremT.Continuum.so2AxisPolynomialGenerator_homogeneous' depends on axioms: [propext, Classical.choice, Quot.sound]
'TheoremT.Continuum.so2AxisPolynomialGenerator_coeffL1' depends on axioms: [propext, Classical.choice, Quot.sound]
'TheoremT.Continuum.so2AxisPolynomialRestriction_homogeneous' depends on axioms: [propext, Classical.choice, Quot.sound]
'TheoremT.Continuum.so2AxisPolynomialRestriction_coeffL1' depends on axioms: [propext, Classical.choice, Quot.sound]
'TheoremT.Continuum.so2AxisPolynomialRestriction_eval' depends on axioms: [propext, Classical.choice, Quot.sound]
'TheoremT.Continuum.so2AxisGroupedPolynomial' depends on axioms: [propext, Classical.choice, Quot.sound]
'TheoremT.Continuum.so2AxisGroupedPolynomial_homogeneous' depends on axioms: [propext, Classical.choice, Quot.sound]
'TheoremT.Continuum.so2AxisGroupedPolynomial_coeffL1' depends on axioms: [propext, Classical.choice, Quot.sound]
'TheoremT.Continuum.so2_axis_coordinate_norm_le' depends on axioms: [propext, Classical.choice, Quot.sound]
'TheoremT.Continuum.so2AxisGroupedPolynomial_hasSum' depends on axioms: [propext, Classical.choice, Quot.sound]
'TheoremT.Continuum.homogeneous_spectator_coefficient_max_rate' depends on axioms: [propext,
 Classical.choice,
 Quot.sound]
'TheoremT.Continuum.so2AxisGroupedPolynomial_coeffL1_anisotropic' depends on axioms: [propext,
 Classical.choice,
 Quot.sound]
'TheoremT.Continuum.so2AxisGroupedPolynomial_hasSum_anisotropic' depends on axioms: [propext,
 Classical.choice,
 Quot.sound]
'TheoremT.Continuum.physicalKSAxisPolynomialA' depends on axioms: [propext, Classical.choice, Quot.sound]
'TheoremT.Continuum.physicalKSAxisPolynomialB' depends on axioms: [propext, Classical.choice, Quot.sound]
'TheoremT.Continuum.physicalKSAxisSeriesRate' depends on axioms: [propext, Classical.choice, Quot.sound]
'TheoremT.Continuum.PhysicalKSAxisPolynomialData' depends on axioms: [propext, Classical.choice, Quot.sound]
'TheoremT.Continuum.physicalKSAxisPolynomial_data_of_balanced' depends on axioms: [propext,
 Classical.choice,
 Quot.sound]
'TheoremT.Continuum.nuclearKSPhysicalAxisPolynomial_data' depends on axioms: [propext, Classical.choice, Quot.sound]
'TheoremT.Continuum.pairKSPhysicalAxisPolynomial_data' depends on axioms: [propext, Classical.choice, Quot.sound]
