@TheoremT.Continuum.polynomialCoeffL1_groupedHomogeneousSpectatorPolynomial_coarse : ∀ {d : Nat}
  (A : Nat → (Fin d → Nat) → @MvPolynomial.{0, 0} (Fin (@OfNat.ofNat.{0} Nat (nat_lit 3) _)) Complex _) {M T : Real}
  (hM : @LE.le.{0} Real _ (@OfNat.ofNat.{0} Real (nat_lit 0) _) M)
  (hT : @LE.le.{0} Real _ (@OfNat.ofNat.{0} Real (nat_lit 0) _) T)
  (hL :
    ∀ (m : Nat) (γ : Fin d → Nat),
      @LE.le.{0} Real _ (@TheoremT.Continuum.polynomialCoeffL1.{0} (Fin (@OfNat.ofNat.{0} Nat (nat_lit 3) _)) (A m γ))
        (@HMul.hMul.{0, 0, 0} Real Real Real _ M
          (@HPow.hPow.{0, 0, 0} Real Nat Real _ T
            (@HAdd.hAdd.{0, 0, 0} Nat Nat Nat _ m
              (@Finset.sum.{0, 0} (Fin d) Nat _ (@Finset.univ.{0} (Fin d) _) fun (i : Fin d) => γ i)))))
  (n : Nat),
  @LE.le.{0} Real _
    (@TheoremT.Continuum.polynomialCoeffL1.{0} (Sum.{0, 0} (Fin (@OfNat.ofNat.{0} Nat (nat_lit 3) _)) (Fin d))
      (@TheoremT.Continuum.groupedHomogeneousSpectatorPolynomial.{0} (Fin (@OfNat.ofNat.{0} Nat (nat_lit 3) _)) d A n))
    (@HMul.hMul.{0, 0, 0} Real Real Real _
      (@HMul.hMul.{0, 0, 0} Real Real Real _ M
        (@HPow.hPow.{0, 0, 0} Real Nat Real _ (@OfNat.ofNat.{0} Real (nat_lit 2) _) d))
      (@HPow.hPow.{0, 0, 0} Real Nat Real _
        (@HMul.hMul.{0, 0, 0} Real Real Real _ (@OfNat.ofNat.{0} Real (nat_lit 2) _) T) n))
@TheoremT.Continuum.homogeneousSpectatorSum_eventuallyEq_grouped : ∀ {d : Nat}
  (A : Nat → (Fin d → Nat) → @MvPolynomial.{0, 0} (Fin (@OfNat.ofNat.{0} Nat (nat_lit 3) _)) Complex _)
  (hA :
    ∀ (m : Nat) (γ : Fin d → Nat),
      @MvPolynomial.IsHomogeneous.{0, 0} (Fin (@OfNat.ofNat.{0} Nat (nat_lit 3) _)) Complex _ (A m γ) m)
  {M T : Real} (hM : @LE.le.{0} Real _ (@OfNat.ofNat.{0} Real (nat_lit 0) _) M)
  (hT : @LE.le.{0} Real _ (@OfNat.ofNat.{0} Real (nat_lit 0) _) T)
  (hL :
    ∀ (m : Nat) (γ : Fin d → Nat),
      @LE.le.{0} Real _ (@TheoremT.Continuum.polynomialCoeffL1.{0} (Fin (@OfNat.ofNat.{0} Nat (nat_lit 3) _)) (A m γ))
        (@HMul.hMul.{0, 0, 0} Real Real Real _ M
          (@HPow.hPow.{0, 0, 0} Real Nat Real _ T
            (@HAdd.hAdd.{0, 0, 0} Nat Nat Nat _ m
              (@Finset.sum.{0, 0} (Fin d) Nat _ (@Finset.univ.{0} (Fin d) _) fun (i : Fin d) => γ i)))))
  (z : Sum.{0, 0} (Fin (@OfNat.ofNat.{0} Nat (nat_lit 3) _)) (Fin d) → Complex)
  (hz :
    @LT.lt.{0} Real _
      (@HMul.hMul.{0, 0, 0} Real Real Real _ T
        (@Norm.norm.{0} (Sum.{0, 0} (Fin (@OfNat.ofNat.{0} Nat (nat_lit 3) _)) (Fin d) → Complex) _ z))
      (@OfNat.ofNat.{0} Real (nat_lit 1) _)),
  @Filter.EventuallyEq.{0, 0} (Sum.{0, 0} (Fin (@OfNat.ofNat.{0} Nat (nat_lit 3) _)) (Fin d) → Complex) Complex
    (@nhds.{0} (Sum.{0, 0} (Fin (@OfNat.ofNat.{0} Nat (nat_lit 3) _)) (Fin d) → Complex) _ z)
    (@TheoremT.Continuum.homogeneousSpectatorSum d A)
    fun (v : Sum.{0, 0} (Fin (@OfNat.ofNat.{0} Nat (nat_lit 3) _)) (Fin d) → Complex) =>
    @tsum.{0, 0} Complex Nat _ _
      (fun (n : Nat) =>
        @DFunLike.coe.{1, 1, 1}
          (@RingHom.{0, 0}
            (@MvPolynomial.{0, 0} (Sum.{0, 0} (Fin (@OfNat.ofNat.{0} Nat (nat_lit 3) _)) (Fin d)) Complex _) Complex _
            _)
          (@MvPolynomial.{0, 0} (Sum.{0, 0} (Fin (@OfNat.ofNat.{0} Nat (nat_lit 3) _)) (Fin d)) Complex _)
          (fun (x : @MvPolynomial.{0, 0} (Sum.{0, 0} (Fin (@OfNat.ofNat.{0} Nat (nat_lit 3) _)) (Fin d)) Complex _) =>
            Complex)
          _ (@MvPolynomial.eval.{0, 0} Complex (Sum.{0, 0} (Fin (@OfNat.ofNat.{0} Nat (nat_lit 3) _)) (Fin d)) _ v)
          (@TheoremT.Continuum.groupedHomogeneousSpectatorPolynomial.{0} (Fin (@OfNat.ofNat.{0} Nat (nat_lit 3) _)) d A
            n))
      (SummationFilter.unconditional.{0} Nat)
@TheoremT.Continuum.homogeneous_spectator_series_quarter_domain_factorial_bound : ∀ {d : Nat}
  (A : Nat → (Fin d → Nat) → @MvPolynomial.{0, 0} (Fin (@OfNat.ofNat.{0} Nat (nat_lit 3) _)) Complex _)
  (hA :
    ∀ (m : Nat) (γ : Fin d → Nat),
      @MvPolynomial.IsHomogeneous.{0, 0} (Fin (@OfNat.ofNat.{0} Nat (nat_lit 3) _)) Complex _ (A m γ) m)
  {M T : Real} (hM : @LE.le.{0} Real _ (@OfNat.ofNat.{0} Real (nat_lit 0) _) M)
  (hT : @LE.le.{0} Real _ (@OfNat.ofNat.{0} Real (nat_lit 0) _) T)
  (hL :
    ∀ (m : Nat) (γ : Fin d → Nat),
      @LE.le.{0} Real _ (@TheoremT.Continuum.polynomialCoeffL1.{0} (Fin (@OfNat.ofNat.{0} Nat (nat_lit 3) _)) (A m γ))
        (@HMul.hMul.{0, 0, 0} Real Real Real _ M
          (@HPow.hPow.{0, 0, 0} Real Nat Real _ T
            (@HAdd.hAdd.{0, 0, 0} Nat Nat Nat _ m
              (@Finset.sum.{0, 0} (Fin d) Nat _ (@Finset.univ.{0} (Fin d) _) fun (i : Fin d) => γ i)))))
  (z : Sum.{0, 0} (Fin (@OfNat.ofNat.{0} Nat (nat_lit 3) _)) (Fin d) → Complex)
  (hz :
    @LE.le.{0} Real _
      (@HMul.hMul.{0, 0, 0} Real Real Real _ T
        (@Norm.norm.{0} (Sum.{0, 0} (Fin (@OfNat.ofNat.{0} Nat (nat_lit 3) _)) (Fin d) → Complex) _ z))
      (@HDiv.hDiv.{0, 0, 0} Real Real Real _ (@OfNat.ofNat.{0} Real (nat_lit 1) _)
        (@OfNat.ofNat.{0} Real (nat_lit 4) _)))
  (k : Nat),
  @LE.le.{0} Real _
    (@Norm.norm.{0}
      (@ContinuousMultilinearMap.{0, 0, 0, 0} Complex (Fin k)
        (fun (_i : Fin k) => Sum.{0, 0} (Fin (@OfNat.ofNat.{0} Nat (nat_lit 3) _)) (Fin d) → Complex) Complex _ _ _ _ _
        _ _)
      _
      (@iteratedFDeriv.{0, 0, 0} Complex _ (Sum.{0, 0} (Fin (@OfNat.ofNat.{0} Nat (nat_lit 3) _)) (Fin d) → Complex) _ _
        Complex _ _ k (@TheoremT.Continuum.homogeneousSpectatorSum d A) z))
    (@HMul.hMul.{0, 0, 0} Real Real Real _
      (@HMul.hMul.{0, 0, 0} Real Real Real _
        (@HMul.hMul.{0, 0, 0} Real Real Real _ (@OfNat.ofNat.{0} Real (nat_lit 2) _)
          (@HMul.hMul.{0, 0, 0} Real Real Real _ M
            (@HPow.hPow.{0, 0, 0} Real Nat Real _ (@OfNat.ofNat.{0} Real (nat_lit 2) _) d)))
        (@HPow.hPow.{0, 0, 0} Real Nat Real _
          (@HMul.hMul.{0, 0, 0} Real Real Real _ (@OfNat.ofNat.{0} Real (nat_lit 4) _) T) k))
      (@Nat.cast.{0} Real _ (Nat.factorial k)))
'TheoremT.Continuum.polynomialCoeffL1_groupedHomogeneousSpectatorPolynomial_coarse' depends on axioms: [propext,
 Classical.choice,
 Quot.sound]
'TheoremT.Continuum.homogeneousSpectatorSum_eventuallyEq_grouped' depends on axioms: [propext,
 Classical.choice,
 Quot.sound]
'TheoremT.Continuum.homogeneous_spectator_series_quarter_domain_factorial_bound' depends on axioms: [propext,
 Classical.choice,
 Quot.sound]
