@TheoremT.Continuum.WeakGrushin.mixed_family_local_weakH2 : ∀
  {Ω : Set.{0} (@TheoremT.Continuum.WeakGrushin.Space (Fin (@OfNat.ofNat.{0} Nat (nat_lit 3) _)) _)}
  (hΩ : @IsOpen.{0} (@TheoremT.Continuum.WeakGrushin.Space (Fin (@OfNat.ofNat.{0} Nat (nat_lit 3) _)) _) _ Ω) {m : Nat}
  {W : Real}
  (F :
    (Fin (@OfNat.ofNat.{0} Nat (nat_lit 4) _) → Nat) →
      (Fin (@OfNat.ofNat.{0} Nat (nat_lit 3) _) → Nat) →
        @TheoremT.Continuum.WeakGrushin.Space (Fin (@OfNat.ofNat.{0} Nat (nat_lit 3) _)) _ → Complex)
  (hF :
    ∀ (α : Fin (@OfNat.ofNat.{0} Nat (nat_lit 4) _) → Nat) (β : Fin (@OfNat.ofNat.{0} Nat (nat_lit 3) _) → Nat),
      @LE.le.{0} Nat _
          (@HAdd.hAdd.{0, 0, 0} Nat Nat Nat _
            (@Finset.sum.{0, 0} (Fin (@OfNat.ofNat.{0} Nat (nat_lit 4) _)) Nat _
              (@Finset.univ.{0} (Fin (@OfNat.ofNat.{0} Nat (nat_lit 4) _)) _)
              fun (i : Fin (@OfNat.ofNat.{0} Nat (nat_lit 4) _)) => α i)
            (@Finset.sum.{0, 0} (Fin (@OfNat.ofNat.{0} Nat (nat_lit 3) _)) Nat _
              (@Finset.univ.{0} (Fin (@OfNat.ofNat.{0} Nat (nat_lit 3) _)) _)
              fun (j : Fin (@OfNat.ofNat.{0} Nat (nat_lit 3) _)) => β j))
          (@HAdd.hAdd.{0, 0, 0} Nat Nat Nat _ m (@OfNat.ofNat.{0} Nat (nat_lit 2) _)) →
        @TheoremT.Continuum.WeakGrushin.RegionL2Budget (Fin (@OfNat.ofNat.{0} Nat (nat_lit 3) _)) _ (F α β) Ω W)
  (hY :
    ∀ (α : Fin (@OfNat.ofNat.{0} Nat (nat_lit 4) _) → Nat) (β : Fin (@OfNat.ofNat.{0} Nat (nat_lit 3) _) → Nat)
      (i : Fin (@OfNat.ofNat.{0} Nat (nat_lit 4) _)),
      @LT.lt.{0} Nat _
          (@HAdd.hAdd.{0, 0, 0} Nat Nat Nat _
            (@Finset.sum.{0, 0} (Fin (@OfNat.ofNat.{0} Nat (nat_lit 4) _)) Nat _
              (@Finset.univ.{0} (Fin (@OfNat.ofNat.{0} Nat (nat_lit 4) _)) _)
              fun (k : Fin (@OfNat.ofNat.{0} Nat (nat_lit 4) _)) => α k)
            (@Finset.sum.{0, 0} (Fin (@OfNat.ofNat.{0} Nat (nat_lit 3) _)) Nat _
              (@Finset.univ.{0} (Fin (@OfNat.ofNat.{0} Nat (nat_lit 3) _)) _)
              fun (j : Fin (@OfNat.ofNat.{0} Nat (nat_lit 3) _)) => β j))
          (@HAdd.hAdd.{0, 0, 0} Nat Nat Nat _ m (@OfNat.ofNat.{0} Nat (nat_lit 2) _)) →
        @TheoremT.Continuum.ProductLocalWeakDirectional.{0, 0}
          (EuclideanSpace.{0, 0} Real (Fin (@OfNat.ofNat.{0} Nat (nat_lit 4) _)))
          (EuclideanSpace.{0, 0} Real (Fin (@OfNat.ofNat.{0} Nat (nat_lit 3) _))) _ _ _ _ _ _ _ _ _ _ Ω (F α β)
          (F
            (@HAdd.hAdd.{0, 0, 0} (Fin (@OfNat.ofNat.{0} Nat (nat_lit 4) _) → Nat)
              ((j : Fin (@OfNat.ofNat.{0} Nat (nat_lit 4) _)) → Nat) (Fin (@OfNat.ofNat.{0} Nat (nat_lit 4) _) → Nat) _
              α
              (@Pi.single.{0, 0} (Fin (@OfNat.ofNat.{0} Nat (nat_lit 4) _))
                (fun (j : Fin (@OfNat.ofNat.{0} Nat (nat_lit 4) _)) => Nat) _ _ i (@OfNat.ofNat.{0} Nat (nat_lit 1) _)))
            β)
          (@TheoremT.Continuum.WeakGrushin.yDir (Fin (@OfNat.ofNat.{0} Nat (nat_lit 3) _)) _ i))
  (hT :
    ∀ (α : Fin (@OfNat.ofNat.{0} Nat (nat_lit 4) _) → Nat) (β : Fin (@OfNat.ofNat.{0} Nat (nat_lit 3) _) → Nat)
      (j : Fin (@OfNat.ofNat.{0} Nat (nat_lit 3) _)),
      @LT.lt.{0} Nat _
          (@HAdd.hAdd.{0, 0, 0} Nat Nat Nat _
            (@Finset.sum.{0, 0} (Fin (@OfNat.ofNat.{0} Nat (nat_lit 4) _)) Nat _
              (@Finset.univ.{0} (Fin (@OfNat.ofNat.{0} Nat (nat_lit 4) _)) _)
              fun (i : Fin (@OfNat.ofNat.{0} Nat (nat_lit 4) _)) => α i)
            (@Finset.sum.{0, 0} (Fin (@OfNat.ofNat.{0} Nat (nat_lit 3) _)) Nat _
              (@Finset.univ.{0} (Fin (@OfNat.ofNat.{0} Nat (nat_lit 3) _)) _)
              fun (k : Fin (@OfNat.ofNat.{0} Nat (nat_lit 3) _)) => β k))
          (@HAdd.hAdd.{0, 0, 0} Nat Nat Nat _ m (@OfNat.ofNat.{0} Nat (nat_lit 2) _)) →
        @TheoremT.Continuum.ProductLocalWeakDirectional.{0, 0}
          (EuclideanSpace.{0, 0} Real (Fin (@OfNat.ofNat.{0} Nat (nat_lit 4) _)))
          (EuclideanSpace.{0, 0} Real (Fin (@OfNat.ofNat.{0} Nat (nat_lit 3) _))) _ _ _ _ _ _ _ _ _ _ Ω (F α β)
          (F α
            (@HAdd.hAdd.{0, 0, 0} (Fin (@OfNat.ofNat.{0} Nat (nat_lit 3) _) → Nat)
              ((j : Fin (@OfNat.ofNat.{0} Nat (nat_lit 3) _)) → Nat) (Fin (@OfNat.ofNat.{0} Nat (nat_lit 3) _) → Nat) _
              β
              (@Pi.single.{0, 0} (Fin (@OfNat.ofNat.{0} Nat (nat_lit 3) _))
                (fun (j : Fin (@OfNat.ofNat.{0} Nat (nat_lit 3) _)) => Nat) _ _ j
                (@OfNat.ofNat.{0} Nat (nat_lit 1) _))))
          (@TheoremT.Continuum.WeakGrushin.tDir (Fin (@OfNat.ofNat.{0} Nat (nat_lit 3) _)) _ _ j))
  (α : Fin (@OfNat.ofNat.{0} Nat (nat_lit 4) _) → Nat) (β : Fin (@OfNat.ofNat.{0} Nat (nat_lit 3) _) → Nat)
  (hab :
    @LE.le.{0} Nat _
      (@HAdd.hAdd.{0, 0, 0} Nat Nat Nat _
        (@Finset.sum.{0, 0} (Fin (@OfNat.ofNat.{0} Nat (nat_lit 4) _)) Nat _
          (@Finset.univ.{0} (Fin (@OfNat.ofNat.{0} Nat (nat_lit 4) _)) _)
          fun (i : Fin (@OfNat.ofNat.{0} Nat (nat_lit 4) _)) => α i)
        (@Finset.sum.{0, 0} (Fin (@OfNat.ofNat.{0} Nat (nat_lit 3) _)) Nat _
          (@Finset.univ.{0} (Fin (@OfNat.ofNat.{0} Nat (nat_lit 3) _)) _)
          fun (j : Fin (@OfNat.ofNat.{0} Nat (nat_lit 3) _)) => β j))
      m),
  @TheoremT.Continuum.ProductLocalWeakH2On.{0, 0}
    (EuclideanSpace.{0, 0} Real (Fin (@OfNat.ofNat.{0} Nat (nat_lit 4) _)))
    (EuclideanSpace.{0, 0} Real (Fin (@OfNat.ofNat.{0} Nat (nat_lit 3) _))) _ _ _ _ _ _ _ _ _ _ (F α β) Ω
TheoremT.Continuum.WeakGrushin.weak_grushin_mixed_cutoff_equation : ∀ (c : Real)
  {Ω : Set.{0} (@TheoremT.Continuum.WeakGrushin.Space (Fin (@OfNat.ofNat.{0} Nat (nat_lit 3) _)) _)}
  (hΩ : @IsOpen.{0} (@TheoremT.Continuum.WeakGrushin.Space (Fin (@OfNat.ofNat.{0} Nat (nat_lit 3) _)) _) _ Ω)
  {B : @TheoremT.Continuum.WeakGrushin.Space (Fin (@OfNat.ofNat.{0} Nat (nat_lit 3) _)) _ → Real}
  (hB :
    @ContDiffOn.{0, 0, 0} Real _ (@TheoremT.Continuum.WeakGrushin.Space (Fin (@OfNat.ofNat.{0} Nat (nat_lit 3) _)) _) _
      _ Real _ _ (@WithTop.some.{0} ENat (@Top.top.{0} ENat _)) B Ω)
  {s : @TheoremT.Continuum.WeakGrushin.Space (Fin (@OfNat.ofNat.{0} Nat (nat_lit 3) _)) _ → Complex}
  (hs :
    @ContDiffOn.{0, 0, 0} Real _ (@TheoremT.Continuum.WeakGrushin.Space (Fin (@OfNat.ofNat.{0} Nat (nat_lit 3) _)) _) _
      _ Complex _ _ (@WithTop.some.{0} ENat (@Top.top.{0} ENat _)) s Ω)
  {m : Nat} {W : Real}
  (F :
    (Fin (@OfNat.ofNat.{0} Nat (nat_lit 4) _) → Nat) →
      (Fin (@OfNat.ofNat.{0} Nat (nat_lit 3) _) → Nat) →
        @TheoremT.Continuum.WeakGrushin.Space (Fin (@OfNat.ofNat.{0} Nat (nat_lit 3) _)) _ → Complex)
  (hF :
    ∀ (α : Fin (@OfNat.ofNat.{0} Nat (nat_lit 4) _) → Nat) (β : Fin (@OfNat.ofNat.{0} Nat (nat_lit 3) _) → Nat),
      @LE.le.{0} Nat _
          (@HAdd.hAdd.{0, 0, 0} Nat Nat Nat _
            (@Finset.sum.{0, 0} (Fin (@OfNat.ofNat.{0} Nat (nat_lit 4) _)) Nat _
              (@Finset.univ.{0} (Fin (@OfNat.ofNat.{0} Nat (nat_lit 4) _)) _)
              fun (i : Fin (@OfNat.ofNat.{0} Nat (nat_lit 4) _)) => α i)
            (@Finset.sum.{0, 0} (Fin (@OfNat.ofNat.{0} Nat (nat_lit 3) _)) Nat _
              (@Finset.univ.{0} (Fin (@OfNat.ofNat.{0} Nat (nat_lit 3) _)) _)
              fun (j : Fin (@OfNat.ofNat.{0} Nat (nat_lit 3) _)) => β j))
          (@HAdd.hAdd.{0, 0, 0} Nat Nat Nat _ m (@OfNat.ofNat.{0} Nat (nat_lit 2) _)) →
        @TheoremT.Continuum.WeakGrushin.RegionL2Budget (Fin (@OfNat.ofNat.{0} Nat (nat_lit 3) _)) _ (F α β) Ω W)
  (hY :
    ∀ (α : Fin (@OfNat.ofNat.{0} Nat (nat_lit 4) _) → Nat) (β : Fin (@OfNat.ofNat.{0} Nat (nat_lit 3) _) → Nat)
      (i : Fin (@OfNat.ofNat.{0} Nat (nat_lit 4) _)),
      @LT.lt.{0} Nat _
          (@HAdd.hAdd.{0, 0, 0} Nat Nat Nat _
            (@Finset.sum.{0, 0} (Fin (@OfNat.ofNat.{0} Nat (nat_lit 4) _)) Nat _
              (@Finset.univ.{0} (Fin (@OfNat.ofNat.{0} Nat (nat_lit 4) _)) _)
              fun (k : Fin (@OfNat.ofNat.{0} Nat (nat_lit 4) _)) => α k)
            (@Finset.sum.{0, 0} (Fin (@OfNat.ofNat.{0} Nat (nat_lit 3) _)) Nat _
              (@Finset.univ.{0} (Fin (@OfNat.ofNat.{0} Nat (nat_lit 3) _)) _)
              fun (j : Fin (@OfNat.ofNat.{0} Nat (nat_lit 3) _)) => β j))
          (@HAdd.hAdd.{0, 0, 0} Nat Nat Nat _ m (@OfNat.ofNat.{0} Nat (nat_lit 2) _)) →
        @TheoremT.Continuum.ProductLocalWeakDirectional.{0, 0}
          (EuclideanSpace.{0, 0} Real (Fin (@OfNat.ofNat.{0} Nat (nat_lit 4) _)))
          (EuclideanSpace.{0, 0} Real (Fin (@OfNat.ofNat.{0} Nat (nat_lit 3) _))) _ _ _ _ _ _ _ _ _ _ Ω (F α β)
          (F
            (@HAdd.hAdd.{0, 0, 0} (Fin (@OfNat.ofNat.{0} Nat (nat_lit 4) _) → Nat)
              ((j : Fin (@OfNat.ofNat.{0} Nat (nat_lit 4) _)) → Nat) (Fin (@OfNat.ofNat.{0} Nat (nat_lit 4) _) → Nat) _
              α
              (@Pi.single.{0, 0} (Fin (@OfNat.ofNat.{0} Nat (nat_lit 4) _))
                (fun (j : Fin (@OfNat.ofNat.{0} Nat (nat_lit 4) _)) => Nat) _ _ i (@OfNat.ofNat.{0} Nat (nat_lit 1) _)))
            β)
          (@TheoremT.Continuum.WeakGrushin.yDir (Fin (@OfNat.ofNat.{0} Nat (nat_lit 3) _)) _ i))
  (hT :
    ∀ (α : Fin (@OfNat.ofNat.{0} Nat (nat_lit 4) _) → Nat) (β : Fin (@OfNat.ofNat.{0} Nat (nat_lit 3) _) → Nat)
      (j : Fin (@OfNat.ofNat.{0} Nat (nat_lit 3) _)),
      @LT.lt.{0} Nat _
          (@HAdd.hAdd.{0, 0, 0} Nat Nat Nat _
            (@Finset.sum.{0, 0} (Fin (@OfNat.ofNat.{0} Nat (nat_lit 4) _)) Nat _
              (@Finset.univ.{0} (Fin (@OfNat.ofNat.{0} Nat (nat_lit 4) _)) _)
              fun (i : Fin (@OfNat.ofNat.{0} Nat (nat_lit 4) _)) => α i)
            (@Finset.sum.{0, 0} (Fin (@OfNat.ofNat.{0} Nat (nat_lit 3) _)) Nat _
              (@Finset.univ.{0} (Fin (@OfNat.ofNat.{0} Nat (nat_lit 3) _)) _)
              fun (k : Fin (@OfNat.ofNat.{0} Nat (nat_lit 3) _)) => β k))
          (@HAdd.hAdd.{0, 0, 0} Nat Nat Nat _ m (@OfNat.ofNat.{0} Nat (nat_lit 2) _)) →
        @TheoremT.Continuum.ProductLocalWeakDirectional.{0, 0}
          (EuclideanSpace.{0, 0} Real (Fin (@OfNat.ofNat.{0} Nat (nat_lit 4) _)))
          (EuclideanSpace.{0, 0} Real (Fin (@OfNat.ofNat.{0} Nat (nat_lit 3) _))) _ _ _ _ _ _ _ _ _ _ Ω (F α β)
          (F α
            (@HAdd.hAdd.{0, 0, 0} (Fin (@OfNat.ofNat.{0} Nat (nat_lit 3) _) → Nat)
              ((j : Fin (@OfNat.ofNat.{0} Nat (nat_lit 3) _)) → Nat) (Fin (@OfNat.ofNat.{0} Nat (nat_lit 3) _) → Nat) _
              β
              (@Pi.single.{0, 0} (Fin (@OfNat.ofNat.{0} Nat (nat_lit 3) _))
                (fun (j : Fin (@OfNat.ofNat.{0} Nat (nat_lit 3) _)) => Nat) _ _ j
                (@OfNat.ofNat.{0} Nat (nat_lit 1) _))))
          (@TheoremT.Continuum.WeakGrushin.tDir (Fin (@OfNat.ofNat.{0} Nat (nat_lit 3) _)) _ _ j))
  (hP :
    ∀ (φ : @TheoremT.Continuum.WeakGrushin.Space (Fin (@OfNat.ofNat.{0} Nat (nat_lit 3) _)) _ → Real),
      @ContDiff.{0, 0, 0} Real _ (@TheoremT.Continuum.WeakGrushin.Space (Fin (@OfNat.ofNat.{0} Nat (nat_lit 3) _)) _) _
          _ Real _ _ (@WithTop.some.{0} ENat (@Top.top.{0} ENat _)) φ →
        @HasCompactSupport.{0, 0} (@TheoremT.Continuum.WeakGrushin.Space (Fin (@OfNat.ofNat.{0} Nat (nat_lit 3) _)) _)
            Real _ _ φ →
          @LE.le.{0} (Set.{0} (@TheoremT.Continuum.WeakGrushin.Space (Fin (@OfNat.ofNat.{0} Nat (nat_lit 3) _)) _)) _
              (@tsupport.{0, 0} (@TheoremT.Continuum.WeakGrushin.Space (Fin (@OfNat.ofNat.{0} Nat (nat_lit 3) _)) _)
                Real _ _ φ)
              Ω →
            @Eq.{1} Complex
              (@MeasureTheory.integral.{0, 0}
                (Prod.{0, 0} TheoremT.Continuum.KSSpace
                  (EuclideanSpace.{0, 0} Real (Fin (@OfNat.ofNat.{0} Nat (nat_lit 3) _))))
                Complex _ _
                (@MeasureTheory.MeasureSpace.toMeasurableSpace.{0}
                  (Prod.{0, 0} TheoremT.Continuum.KSSpace
                    (EuclideanSpace.{0, 0} Real (Fin (@OfNat.ofNat.{0} Nat (nat_lit 3) _))))
                  _)
                (@MeasureTheory.MeasureSpace.volume.{0}
                  (Prod.{0, 0} TheoremT.Continuum.KSSpace
                    (EuclideanSpace.{0, 0} Real (Fin (@OfNat.ofNat.{0} Nat (nat_lit 3) _))))
                  _)
                fun
                  (p :
                    Prod.{0, 0} TheoremT.Continuum.KSSpace
                      (EuclideanSpace.{0, 0} Real (Fin (@OfNat.ofNat.{0} Nat (nat_lit 3) _)))) =>
                @HSMul.hSMul.{0, 0, 0} Real Complex Complex _
                  (@TheoremT.Continuum.splitGrushin.{0, 0}
                    (EuclideanSpace.{0, 0} Real (Fin (@OfNat.ofNat.{0} Nat (nat_lit 3) _))) _ _
                    (Fin (@OfNat.ofNat.{0} Nat (nat_lit 3) _)) _ c
                    (@TheoremT.Continuum.oscillatorBasis.{0} (Fin (@OfNat.ofNat.{0} Nat (nat_lit 3) _)) _) B φ p)
                  (F (@OfNat.ofNat.{0} (Fin (@OfNat.ofNat.{0} Nat (nat_lit 4) _) → Nat) (nat_lit 0) _)
                    (@OfNat.ofNat.{0} (Fin (@OfNat.ofNat.{0} Nat (nat_lit 3) _) → Nat) (nat_lit 0) _) p))
              (@MeasureTheory.integral.{0, 0}
                (@TheoremT.Continuum.WeakGrushin.Space (Fin (@OfNat.ofNat.{0} Nat (nat_lit 3) _)) _) Complex _ _
                (@MeasureTheory.MeasureSpace.toMeasurableSpace.{0}
                  (@TheoremT.Continuum.WeakGrushin.Space (Fin (@OfNat.ofNat.{0} Nat (nat_lit 3) _)) _) _)
                (@MeasureTheory.MeasureSpace.volume.{0}
                  (@TheoremT.Continuum.WeakGrushin.Space (Fin (@OfNat.ofNat.{0} Nat (nat_lit 3) _)) _) _)
                fun (p : @TheoremT.Continuum.WeakGrushin.Space (Fin (@OfNat.ofNat.{0} Nat (nat_lit 3) _)) _) =>
                @HSMul.hSMul.{0, 0, 0} Real Complex Complex _ (φ p) (s p)))
  (α : Fin (@OfNat.ofNat.{0} Nat (nat_lit 4) _) → Nat) (β : Fin (@OfNat.ofNat.{0} Nat (nat_lit 3) _) → Nat)
  (hab :
    @LE.le.{0} Nat _
      (@HAdd.hAdd.{0, 0, 0} Nat Nat Nat _
        (@Finset.sum.{0, 0} (Fin (@OfNat.ofNat.{0} Nat (nat_lit 4) _)) Nat _
          (@Finset.univ.{0} (Fin (@OfNat.ofNat.{0} Nat (nat_lit 4) _)) _)
          fun (i : Fin (@OfNat.ofNat.{0} Nat (nat_lit 4) _)) => α i)
        (@Finset.sum.{0, 0} (Fin (@OfNat.ofNat.{0} Nat (nat_lit 3) _)) Nat _
          (@Finset.univ.{0} (Fin (@OfNat.ofNat.{0} Nat (nat_lit 3) _)) _)
          fun (j : Fin (@OfNat.ofNat.{0} Nat (nat_lit 3) _)) => β j))
      m)
  {χ : @TheoremT.Continuum.WeakGrushin.Space (Fin (@OfNat.ofNat.{0} Nat (nat_lit 3) _)) _ → Real}
  (hχ :
    @ContDiff.{0, 0, 0} Real _ (@TheoremT.Continuum.WeakGrushin.Space (Fin (@OfNat.ofNat.{0} Nat (nat_lit 3) _)) _) _ _
      Real _ _ (@WithTop.some.{0} ENat (@Top.top.{0} ENat _)) χ)
  (hcχ :
    @HasCompactSupport.{0, 0} (@TheoremT.Continuum.WeakGrushin.Space (Fin (@OfNat.ofNat.{0} Nat (nat_lit 3) _)) _) Real
      _ _ χ)
  (hsχ :
    @LE.le.{0} (Set.{0} (@TheoremT.Continuum.WeakGrushin.Space (Fin (@OfNat.ofNat.{0} Nat (nat_lit 3) _)) _)) _
      (@tsupport.{0, 0} (@TheoremT.Continuum.WeakGrushin.Space (Fin (@OfNat.ofNat.{0} Nat (nat_lit 3) _)) _) Real _ _ χ)
      Ω),
  @Exists.{1}
    (@Subtype.{1}
      (@MeasureTheory.AEEqFun.{0, 0}
        (@TheoremT.Continuum.WeakGrushin.Space (Fin (@OfNat.ofNat.{0} Nat (nat_lit 3) _)) _) Complex _ _
        (@MeasureTheory.MeasureSpace.volume.{0}
          (@TheoremT.Continuum.WeakGrushin.Space (Fin (@OfNat.ofNat.{0} Nat (nat_lit 3) _)) _) _))
      fun
        (x :
          @MeasureTheory.AEEqFun.{0, 0}
            (@TheoremT.Continuum.WeakGrushin.Space (Fin (@OfNat.ofNat.{0} Nat (nat_lit 3) _)) _) Complex _ _
            (@MeasureTheory.MeasureSpace.volume.{0}
              (@TheoremT.Continuum.WeakGrushin.Space (Fin (@OfNat.ofNat.{0} Nat (nat_lit 3) _)) _) _)) =>
      @Membership.mem.{0, 0}
        (@MeasureTheory.AEEqFun.{0, 0}
          (@TheoremT.Continuum.WeakGrushin.Space (Fin (@OfNat.ofNat.{0} Nat (nat_lit 3) _)) _) Complex _ _
          (@MeasureTheory.MeasureSpace.volume.{0}
            (@TheoremT.Continuum.WeakGrushin.Space (Fin (@OfNat.ofNat.{0} Nat (nat_lit 3) _)) _) _))
        (@AddSubgroup.{0}
          (@MeasureTheory.AEEqFun.{0, 0}
            (@TheoremT.Continuum.WeakGrushin.Space (Fin (@OfNat.ofNat.{0} Nat (nat_lit 3) _)) _) Complex _ _
            (@MeasureTheory.MeasureSpace.volume.{0}
              (@TheoremT.Continuum.WeakGrushin.Space (Fin (@OfNat.ofNat.{0} Nat (nat_lit 3) _)) _) _))
          _)
        _
        (@MeasureTheory.Lp.{0, 0} (@TheoremT.Continuum.WeakGrushin.Space (Fin (@OfNat.ofNat.{0} Nat (nat_lit 3) _)) _)
          Complex
          (@MeasureTheory.MeasureSpace.toMeasurableSpace.{0}
            (@TheoremT.Continuum.WeakGrushin.Space (Fin (@OfNat.ofNat.{0} Nat (nat_lit 3) _)) _) _)
          _ (@OfNat.ofNat.{0} ENNReal (nat_lit 2) _)
          (@MeasureTheory.MeasureSpace.volume.{0}
            (@TheoremT.Continuum.WeakGrushin.Space (Fin (@OfNat.ofNat.{0} Nat (nat_lit 3) _)) _) _))
        x)
    fun
      (U :
        @Subtype.{1}
          (@MeasureTheory.AEEqFun.{0, 0}
            (@TheoremT.Continuum.WeakGrushin.Space (Fin (@OfNat.ofNat.{0} Nat (nat_lit 3) _)) _) Complex _ _
            (@MeasureTheory.MeasureSpace.volume.{0}
              (@TheoremT.Continuum.WeakGrushin.Space (Fin (@OfNat.ofNat.{0} Nat (nat_lit 3) _)) _) _))
          fun
            (x :
              @MeasureTheory.AEEqFun.{0, 0}
                (@TheoremT.Continuum.WeakGrushin.Space (Fin (@OfNat.ofNat.{0} Nat (nat_lit 3) _)) _) Complex _ _
                (@MeasureTheory.MeasureSpace.volume.{0}
                  (@TheoremT.Continuum.WeakGrushin.Space (Fin (@OfNat.ofNat.{0} Nat (nat_lit 3) _)) _) _)) =>
          @Membership.mem.{0, 0}
            (@MeasureTheory.AEEqFun.{0, 0}
              (@TheoremT.Continuum.WeakGrushin.Space (Fin (@OfNat.ofNat.{0} Nat (nat_lit 3) _)) _) Complex _ _
              (@MeasureTheory.MeasureSpace.volume.{0}
                (@TheoremT.Continuum.WeakGrushin.Space (Fin (@OfNat.ofNat.{0} Nat (nat_lit 3) _)) _) _))
            (@AddSubgroup.{0}
              (@MeasureTheory.AEEqFun.{0, 0}
                (@TheoremT.Continuum.WeakGrushin.Space (Fin (@OfNat.ofNat.{0} Nat (nat_lit 3) _)) _) Complex _ _
                (@MeasureTheory.MeasureSpace.volume.{0}
                  (@TheoremT.Continuum.WeakGrushin.Space (Fin (@OfNat.ofNat.{0} Nat (nat_lit 3) _)) _) _))
              _)
            _
            (@MeasureTheory.Lp.{0, 0}
              (@TheoremT.Continuum.WeakGrushin.Space (Fin (@OfNat.ofNat.{0} Nat (nat_lit 3) _)) _) Complex
              (@MeasureTheory.MeasureSpace.toMeasurableSpace.{0}
                (@TheoremT.Continuum.WeakGrushin.Space (Fin (@OfNat.ofNat.{0} Nat (nat_lit 3) _)) _) _)
              _ (@OfNat.ofNat.{0} ENNReal (nat_lit 2) _)
              (@MeasureTheory.MeasureSpace.volume.{0}
                (@TheoremT.Continuum.WeakGrushin.Space (Fin (@OfNat.ofNat.{0} Nat (nat_lit 3) _)) _) _))
            x) =>
    @Exists.{1}
      (@Subtype.{1}
        (@MeasureTheory.AEEqFun.{0, 0}
          (@TheoremT.Continuum.WeakGrushin.Space (Fin (@OfNat.ofNat.{0} Nat (nat_lit 3) _)) _) Complex _ _
          (@MeasureTheory.MeasureSpace.volume.{0}
            (@TheoremT.Continuum.WeakGrushin.Space (Fin (@OfNat.ofNat.{0} Nat (nat_lit 3) _)) _) _))
        fun
          (x :
            @MeasureTheory.AEEqFun.{0, 0}
              (@TheoremT.Continuum.WeakGrushin.Space (Fin (@OfNat.ofNat.{0} Nat (nat_lit 3) _)) _) Complex _ _
              (@MeasureTheory.MeasureSpace.volume.{0}
                (@TheoremT.Continuum.WeakGrushin.Space (Fin (@OfNat.ofNat.{0} Nat (nat_lit 3) _)) _) _)) =>
        @Membership.mem.{0, 0}
          (@MeasureTheory.AEEqFun.{0, 0}
            (@TheoremT.Continuum.WeakGrushin.Space (Fin (@OfNat.ofNat.{0} Nat (nat_lit 3) _)) _) Complex _ _
            (@MeasureTheory.MeasureSpace.volume.{0}
              (@TheoremT.Continuum.WeakGrushin.Space (Fin (@OfNat.ofNat.{0} Nat (nat_lit 3) _)) _) _))
          (@AddSubgroup.{0}
            (@MeasureTheory.AEEqFun.{0, 0}
              (@TheoremT.Continuum.WeakGrushin.Space (Fin (@OfNat.ofNat.{0} Nat (nat_lit 3) _)) _) Complex _ _
              (@MeasureTheory.MeasureSpace.volume.{0}
                (@TheoremT.Continuum.WeakGrushin.Space (Fin (@OfNat.ofNat.{0} Nat (nat_lit 3) _)) _) _))
            _)
          _
          (@MeasureTheory.Lp.{0, 0} (@TheoremT.Continuum.WeakGrushin.Space (Fin (@OfNat.ofNat.{0} Nat (nat_lit 3) _)) _)
            Complex
            (@MeasureTheory.MeasureSpace.toMeasurableSpace.{0}
              (@TheoremT.Continuum.WeakGrushin.Space (Fin (@OfNat.ofNat.{0} Nat (nat_lit 3) _)) _) _)
            _ (@OfNat.ofNat.{0} ENNReal (nat_lit 2) _)
            (@MeasureTheory.MeasureSpace.volume.{0}
              (@TheoremT.Continuum.WeakGrushin.Space (Fin (@OfNat.ofNat.{0} Nat (nat_lit 3) _)) _) _))
          x)
      fun
        (H :
          @Subtype.{1}
            (@MeasureTheory.AEEqFun.{0, 0}
              (@TheoremT.Continuum.WeakGrushin.Space (Fin (@OfNat.ofNat.{0} Nat (nat_lit 3) _)) _) Complex _ _
              (@MeasureTheory.MeasureSpace.volume.{0}
                (@TheoremT.Continuum.WeakGrushin.Space (Fin (@OfNat.ofNat.{0} Nat (nat_lit 3) _)) _) _))
            fun
              (x :
                @MeasureTheory.AEEqFun.{0, 0}
                  (@TheoremT.Continuum.WeakGrushin.Space (Fin (@OfNat.ofNat.{0} Nat (nat_lit 3) _)) _) Complex _ _
                  (@MeasureTheory.MeasureSpace.volume.{0}
                    (@TheoremT.Continuum.WeakGrushin.Space (Fin (@OfNat.ofNat.{0} Nat (nat_lit 3) _)) _) _)) =>
            @Membership.mem.{0, 0}
              (@MeasureTheory.AEEqFun.{0, 0}
                (@TheoremT.Continuum.WeakGrushin.Space (Fin (@OfNat.ofNat.{0} Nat (nat_lit 3) _)) _) Complex _ _
                (@MeasureTheory.MeasureSpace.volume.{0}
                  (@TheoremT.Continuum.WeakGrushin.Space (Fin (@OfNat.ofNat.{0} Nat (nat_lit 3) _)) _) _))
              (@AddSubgroup.{0}
                (@MeasureTheory.AEEqFun.{0, 0}
                  (@TheoremT.Continuum.WeakGrushin.Space (Fin (@OfNat.ofNat.{0} Nat (nat_lit 3) _)) _) Complex _ _
                  (@MeasureTheory.MeasureSpace.volume.{0}
                    (@TheoremT.Continuum.WeakGrushin.Space (Fin (@OfNat.ofNat.{0} Nat (nat_lit 3) _)) _) _))
                _)
              _
              (@MeasureTheory.Lp.{0, 0}
                (@TheoremT.Continuum.WeakGrushin.Space (Fin (@OfNat.ofNat.{0} Nat (nat_lit 3) _)) _) Complex
                (@MeasureTheory.MeasureSpace.toMeasurableSpace.{0}
                  (@TheoremT.Continuum.WeakGrushin.Space (Fin (@OfNat.ofNat.{0} Nat (nat_lit 3) _)) _) _)
                _ (@OfNat.ofNat.{0} ENNReal (nat_lit 2) _)
                (@MeasureTheory.MeasureSpace.volume.{0}
                  (@TheoremT.Continuum.WeakGrushin.Space (Fin (@OfNat.ofNat.{0} Nat (nat_lit 3) _)) _) _))
              x) =>
      @Exists.{1}
        (@TheoremT.Continuum.WeakGrushin.Space (Fin (@OfNat.ofNat.{0} Nat (nat_lit 3) _)) _ →
          @Subtype.{1}
            (@MeasureTheory.AEEqFun.{0, 0}
              (@TheoremT.Continuum.WeakGrushin.Space (Fin (@OfNat.ofNat.{0} Nat (nat_lit 3) _)) _) Complex _ _
              (@MeasureTheory.MeasureSpace.volume.{0}
                (@TheoremT.Continuum.WeakGrushin.Space (Fin (@OfNat.ofNat.{0} Nat (nat_lit 3) _)) _) _))
            fun
              (x :
                @MeasureTheory.AEEqFun.{0, 0}
                  (@TheoremT.Continuum.WeakGrushin.Space (Fin (@OfNat.ofNat.{0} Nat (nat_lit 3) _)) _) Complex _ _
                  (@MeasureTheory.MeasureSpace.volume.{0}
                    (@TheoremT.Continuum.WeakGrushin.Space (Fin (@OfNat.ofNat.{0} Nat (nat_lit 3) _)) _) _)) =>
            @Membership.mem.{0, 0}
              (@MeasureTheory.AEEqFun.{0, 0}
                (@TheoremT.Continuum.WeakGrushin.Space (Fin (@OfNat.ofNat.{0} Nat (nat_lit 3) _)) _) Complex _ _
                (@MeasureTheory.MeasureSpace.volume.{0}
                  (@TheoremT.Continuum.WeakGrushin.Space (Fin (@OfNat.ofNat.{0} Nat (nat_lit 3) _)) _) _))
              (@AddSubgroup.{0}
                (@MeasureTheory.AEEqFun.{0, 0}
                  (@TheoremT.Continuum.WeakGrushin.Space (Fin (@OfNat.ofNat.{0} Nat (nat_lit 3) _)) _) Complex _ _
                  (@MeasureTheory.MeasureSpace.volume.{0}
                    (@TheoremT.Continuum.WeakGrushin.Space (Fin (@OfNat.ofNat.{0} Nat (nat_lit 3) _)) _) _))
                _)
              _
              (@MeasureTheory.Lp.{0, 0}
                (@TheoremT.Continuum.WeakGrushin.Space (Fin (@OfNat.ofNat.{0} Nat (nat_lit 3) _)) _) Complex
                (@MeasureTheory.MeasureSpace.toMeasurableSpace.{0}
                  (@TheoremT.Continuum.WeakGrushin.Space (Fin (@OfNat.ofNat.{0} Nat (nat_lit 3) _)) _) _)
                _ (@OfNat.ofNat.{0} ENNReal (nat_lit 2) _)
                (@MeasureTheory.MeasureSpace.volume.{0}
                  (@TheoremT.Continuum.WeakGrushin.Space (Fin (@OfNat.ofNat.{0} Nat (nat_lit 3) _)) _) _))
              x)
        fun
          (a :
            @TheoremT.Continuum.WeakGrushin.Space (Fin (@OfNat.ofNat.{0} Nat (nat_lit 3) _)) _ →
              @Subtype.{1}
                (@MeasureTheory.AEEqFun.{0, 0}
                  (@TheoremT.Continuum.WeakGrushin.Space (Fin (@OfNat.ofNat.{0} Nat (nat_lit 3) _)) _) Complex _ _
                  (@MeasureTheory.MeasureSpace.volume.{0}
                    (@TheoremT.Continuum.WeakGrushin.Space (Fin (@OfNat.ofNat.{0} Nat (nat_lit 3) _)) _) _))
                fun
                  (x :
                    @MeasureTheory.AEEqFun.{0, 0}
                      (@TheoremT.Continuum.WeakGrushin.Space (Fin (@OfNat.ofNat.{0} Nat (nat_lit 3) _)) _) Complex _ _
                      (@MeasureTheory.MeasureSpace.volume.{0}
                        (@TheoremT.Continuum.WeakGrushin.Space (Fin (@OfNat.ofNat.{0} Nat (nat_lit 3) _)) _) _)) =>
                @Membership.mem.{0, 0}
                  (@MeasureTheory.AEEqFun.{0, 0}
                    (@TheoremT.Continuum.WeakGrushin.Space (Fin (@OfNat.ofNat.{0} Nat (nat_lit 3) _)) _) Complex _ _
                    (@MeasureTheory.MeasureSpace.volume.{0}
                      (@TheoremT.Continuum.WeakGrushin.Space (Fin (@OfNat.ofNat.{0} Nat (nat_lit 3) _)) _) _))
                  (@AddSubgroup.{0}
                    (@MeasureTheory.AEEqFun.{0, 0}
                      (@TheoremT.Continuum.WeakGrushin.Space (Fin (@OfNat.ofNat.{0} Nat (nat_lit 3) _)) _) Complex _ _
                      (@MeasureTheory.MeasureSpace.volume.{0}
                        (@TheoremT.Continuum.WeakGrushin.Space (Fin (@OfNat.ofNat.{0} Nat (nat_lit 3) _)) _) _))
                    _)
                  _
                  (@MeasureTheory.Lp.{0, 0}
                    (@TheoremT.Continuum.WeakGrushin.Space (Fin (@OfNat.ofNat.{0} Nat (nat_lit 3) _)) _) Complex
                    (@MeasureTheory.MeasureSpace.toMeasurableSpace.{0}
                      (@TheoremT.Continuum.WeakGrushin.Space (Fin (@OfNat.ofNat.{0} Nat (nat_lit 3) _)) _) _)
                    _ (@OfNat.ofNat.{0} ENNReal (nat_lit 2) _)
                    (@MeasureTheory.MeasureSpace.volume.{0}
                      (@TheoremT.Continuum.WeakGrushin.Space (Fin (@OfNat.ofNat.{0} Nat (nat_lit 3) _)) _) _))
                  x) =>
        @Exists.{1} (@TheoremT.Continuum.WeakGrushin.Jet (Fin (@OfNat.ofNat.{0} Nat (nat_lit 3) _)) _)
          fun (b : @TheoremT.Continuum.WeakGrushin.Jet (Fin (@OfNat.ofNat.{0} Nat (nat_lit 3) _)) _) =>
          And
            (@Filter.EventuallyEq.{0, 0}
              (@TheoremT.Continuum.WeakGrushin.Space (Fin (@OfNat.ofNat.{0} Nat (nat_lit 3) _)) _) Complex
              (@MeasureTheory.ae.{0, 0}
                (@TheoremT.Continuum.WeakGrushin.Space (Fin (@OfNat.ofNat.{0} Nat (nat_lit 3) _)) _)
                (@MeasureTheory.Measure.{0}
                  (@TheoremT.Continuum.WeakGrushin.Space (Fin (@OfNat.ofNat.{0} Nat (nat_lit 3) _)) _) _)
                _ _
                (@MeasureTheory.MeasureSpace.volume.{0}
                  (@TheoremT.Continuum.WeakGrushin.Space (Fin (@OfNat.ofNat.{0} Nat (nat_lit 3) _)) _) _))
              (@MeasureTheory.AEEqFun.cast.{0, 0}
                (@TheoremT.Continuum.WeakGrushin.Space (Fin (@OfNat.ofNat.{0} Nat (nat_lit 3) _)) _) Complex _
                (@MeasureTheory.MeasureSpace.volume.{0}
                  (@TheoremT.Continuum.WeakGrushin.Space (Fin (@OfNat.ofNat.{0} Nat (nat_lit 3) _)) _) _)
                _
                (@Subtype.val.{1}
                  (@MeasureTheory.AEEqFun.{0, 0}
                    (@TheoremT.Continuum.WeakGrushin.Space (Fin (@OfNat.ofNat.{0} Nat (nat_lit 3) _)) _) Complex _ _
                    (@MeasureTheory.MeasureSpace.volume.{0}
                      (@TheoremT.Continuum.WeakGrushin.Space (Fin (@OfNat.ofNat.{0} Nat (nat_lit 3) _)) _) _))
                  (fun
                      (x :
                        @MeasureTheory.AEEqFun.{0, 0}
                          (@TheoremT.Continuum.WeakGrushin.Space (Fin (@OfNat.ofNat.{0} Nat (nat_lit 3) _)) _) Complex _
                          _
                          (@MeasureTheory.MeasureSpace.volume.{0}
                            (@TheoremT.Continuum.WeakGrushin.Space (Fin (@OfNat.ofNat.{0} Nat (nat_lit 3) _)) _) _)) =>
                    @Membership.mem.{0, 0}
                      (@MeasureTheory.AEEqFun.{0, 0}
                        (@TheoremT.Continuum.WeakGrushin.Space (Fin (@OfNat.ofNat.{0} Nat (nat_lit 3) _)) _) Complex _ _
                        (@MeasureTheory.MeasureSpace.volume.{0}
                          (@TheoremT.Continuum.WeakGrushin.Space (Fin (@OfNat.ofNat.{0} Nat (nat_lit 3) _)) _) _))
                      (@AddSubgroup.{0}
                        (@MeasureTheory.AEEqFun.{0, 0}
                          (@TheoremT.Continuum.WeakGrushin.Space (Fin (@OfNat.ofNat.{0} Nat (nat_lit 3) _)) _) Complex _
                          _
                          (@MeasureTheory.MeasureSpace.volume.{0}
                            (@TheoremT.Continuum.WeakGrushin.Space (Fin (@OfNat.ofNat.{0} Nat (nat_lit 3) _)) _) _))
                        _)
                      _
                      (@MeasureTheory.Lp.{0, 0}
                        (@TheoremT.Continuum.WeakGrushin.Space (Fin (@OfNat.ofNat.{0} Nat (nat_lit 3) _)) _) Complex
                        (@MeasureTheory.MeasureSpace.toMeasurableSpace.{0}
                          (@TheoremT.Continuum.WeakGrushin.Space (Fin (@OfNat.ofNat.{0} Nat (nat_lit 3) _)) _) _)
                        _ (@OfNat.ofNat.{0} ENNReal (nat_lit 2) _)
                        (@MeasureTheory.MeasureSpace.volume.{0}
                          (@TheoremT.Continuum.WeakGrushin.Space (Fin (@OfNat.ofNat.{0} Nat (nat_lit 3) _)) _) _))
                      x)
                  U))
              fun (p : @TheoremT.Continuum.WeakGrushin.Space (Fin (@OfNat.ofNat.{0} Nat (nat_lit 3) _)) _) =>
              @HSMul.hSMul.{0, 0, 0} Real Complex Complex _ (χ p) (F α β p))
            (And
              (∀ (v : @TheoremT.Continuum.WeakGrushin.Space (Fin (@OfNat.ofNat.{0} Nat (nat_lit 3) _)) _),
                @TheoremT.Continuum.WeakProductL2Directional.{0, 0}
                  (EuclideanSpace.{0, 0} Real (Fin (@OfNat.ofNat.{0} Nat (nat_lit 4) _)))
                  (EuclideanSpace.{0, 0} Real (Fin (@OfNat.ofNat.{0} Nat (nat_lit 3) _))) _ _ _ _ _ _ _ _ _ _ U (a v) v)
              (And
                (∀ (v w : @TheoremT.Continuum.WeakGrushin.Space (Fin (@OfNat.ofNat.{0} Nat (nat_lit 3) _)) _),
                  @TheoremT.Continuum.WeakProductL2Directional.{0, 0}
                    (EuclideanSpace.{0, 0} Real (Fin (@OfNat.ofNat.{0} Nat (nat_lit 4) _)))
                    (EuclideanSpace.{0, 0} Real (Fin (@OfNat.ofNat.{0} Nat (nat_lit 3) _))) _ _ _ _ _ _ _ _ _ _ (a v)
                    (b v w) w)
                (And
                  (@Filter.Eventually.{0}
                    (@TheoremT.Continuum.WeakGrushin.Space (Fin (@OfNat.ofNat.{0} Nat (nat_lit 3) _)) _)
                    (fun (p : @TheoremT.Continuum.WeakGrushin.Space (Fin (@OfNat.ofNat.{0} Nat (nat_lit 3) _)) _) =>
                      Not
                          (@Membership.mem.{0, 0}
                            (@TheoremT.Continuum.WeakGrushin.Space (Fin (@OfNat.ofNat.{0} Nat (nat_lit 3) _)) _)
                            (Set.{0}
                              (@TheoremT.Continuum.WeakGrushin.Space (Fin (@OfNat.ofNat.{0} Nat (nat_lit 3) _)) _))
                            _
                            (@tsupport.{0, 0}
                              (@TheoremT.Continuum.WeakGrushin.Space (Fin (@OfNat.ofNat.{0} Nat (nat_lit 3) _)) _) Real
                              _ _ χ)
                            p) →
                        @Eq.{1} Complex
                          (@MeasureTheory.AEEqFun.cast.{0, 0}
                            (@TheoremT.Continuum.WeakGrushin.Space (Fin (@OfNat.ofNat.{0} Nat (nat_lit 3) _)) _) Complex
                            _
                            (@MeasureTheory.MeasureSpace.volume.{0}
                              (@TheoremT.Continuum.WeakGrushin.Space (Fin (@OfNat.ofNat.{0} Nat (nat_lit 3) _)) _) _)
                            _
                            (@Subtype.val.{1}
                              (@MeasureTheory.AEEqFun.{0, 0}
                                (@TheoremT.Continuum.WeakGrushin.Space (Fin (@OfNat.ofNat.{0} Nat (nat_lit 3) _)) _)
                                Complex _ _
                                (@MeasureTheory.MeasureSpace.volume.{0}
                                  (@TheoremT.Continuum.WeakGrushin.Space (Fin (@OfNat.ofNat.{0} Nat (nat_lit 3) _)) _)
                                  _))
                              (fun
                                  (x :
                                    @MeasureTheory.AEEqFun.{0, 0}
                                      (@TheoremT.Continuum.WeakGrushin.Space (Fin (@OfNat.ofNat.{0} Nat (nat_lit 3) _))
                                        _)
                                      Complex _ _
                                      (@MeasureTheory.MeasureSpace.volume.{0}
                                        (@TheoremT.Continuum.WeakGrushin.Space
                                          (Fin (@OfNat.ofNat.{0} Nat (nat_lit 3) _)) _)
                                        _)) =>
                                @Membership.mem.{0, 0}
                                  (@MeasureTheory.AEEqFun.{0, 0}
                                    (@TheoremT.Continuum.WeakGrushin.Space (Fin (@OfNat.ofNat.{0} Nat (nat_lit 3) _)) _)
                                    Complex _ _
                                    (@MeasureTheory.MeasureSpace.volume.{0}
                                      (@TheoremT.Continuum.WeakGrushin.Space (Fin (@OfNat.ofNat.{0} Nat (nat_lit 3) _))
                                        _)
                                      _))
                                  (@AddSubgroup.{0}
                                    (@MeasureTheory.AEEqFun.{0, 0}
                                      (@TheoremT.Continuum.WeakGrushin.Space (Fin (@OfNat.ofNat.{0} Nat (nat_lit 3) _))
                                        _)
                                      Complex _ _
                                      (@MeasureTheory.MeasureSpace.volume.{0}
                                        (@TheoremT.Continuum.WeakGrushin.Space
                                          (Fin (@OfNat.ofNat.{0} Nat (nat_lit 3) _)) _)
                                        _))
                                    _)
                                  _
                                  (@MeasureTheory.Lp.{0, 0}
                                    (@TheoremT.Continuum.WeakGrushin.Space (Fin (@OfNat.ofNat.{0} Nat (nat_lit 3) _)) _)
                                    Complex
                                    (@MeasureTheory.MeasureSpace.toMeasurableSpace.{0}
                                      (@TheoremT.Continuum.WeakGrushin.Space (Fin (@OfNat.ofNat.{0} Nat (nat_lit 3) _))
                                        _)
                                      _)
                                    _ (@OfNat.ofNat.{0} ENNReal (nat_lit 2) _)
                                    (@MeasureTheory.MeasureSpace.volume.{0}
                                      (@TheoremT.Continuum.WeakGrushin.Space (Fin (@OfNat.ofNat.{0} Nat (nat_lit 3) _))
                                        _)
                                      _))
                                  x)
                              U)
                            p)
                          (@OfNat.ofNat.{0} Complex (nat_lit 0) _))
                    (@MeasureTheory.ae.{0, 0}
                      (@TheoremT.Continuum.WeakGrushin.Space (Fin (@OfNat.ofNat.{0} Nat (nat_lit 3) _)) _)
                      (@MeasureTheory.Measure.{0}
                        (@TheoremT.Continuum.WeakGrushin.Space (Fin (@OfNat.ofNat.{0} Nat (nat_lit 3) _)) _) _)
                      _ _
                      (@MeasureTheory.MeasureSpace.volume.{0}
                        (@TheoremT.Continuum.WeakGrushin.Space (Fin (@OfNat.ofNat.{0} Nat (nat_lit 3) _)) _) _)))
                  (And
                    (@Filter.EventuallyEq.{0, 0}
                      (@TheoremT.Continuum.WeakGrushin.Space (Fin (@OfNat.ofNat.{0} Nat (nat_lit 3) _)) _) Complex
                      (@MeasureTheory.ae.{0, 0}
                        (@TheoremT.Continuum.WeakGrushin.Space (Fin (@OfNat.ofNat.{0} Nat (nat_lit 3) _)) _)
                        (@MeasureTheory.Measure.{0}
                          (@TheoremT.Continuum.WeakGrushin.Space (Fin (@OfNat.ofNat.{0} Nat (nat_lit 3) _)) _) _)
                        _ _
                        (@MeasureTheory.MeasureSpace.volume.{0}
                          (@TheoremT.Continuum.WeakGrushin.Space (Fin (@OfNat.ofNat.{0} Nat (nat_lit 3) _)) _) _))
                      (@MeasureTheory.AEEqFun.cast.{0, 0}
                        (@TheoremT.Continuum.WeakGrushin.Space (Fin (@OfNat.ofNat.{0} Nat (nat_lit 3) _)) _) Complex _
                        (@MeasureTheory.MeasureSpace.volume.{0}
                          (@TheoremT.Continuum.WeakGrushin.Space (Fin (@OfNat.ofNat.{0} Nat (nat_lit 3) _)) _) _)
                        _
                        (@Subtype.val.{1}
                          (@MeasureTheory.AEEqFun.{0, 0}
                            (@TheoremT.Continuum.WeakGrushin.Space (Fin (@OfNat.ofNat.{0} Nat (nat_lit 3) _)) _) Complex
                            _ _
                            (@MeasureTheory.MeasureSpace.volume.{0}
                              (@TheoremT.Continuum.WeakGrushin.Space (Fin (@OfNat.ofNat.{0} Nat (nat_lit 3) _)) _) _))
                          (fun
                              (x :
                                @MeasureTheory.AEEqFun.{0, 0}
                                  (@TheoremT.Continuum.WeakGrushin.Space (Fin (@OfNat.ofNat.{0} Nat (nat_lit 3) _)) _)
                                  Complex _ _
                                  (@MeasureTheory.MeasureSpace.volume.{0}
                                    (@TheoremT.Continuum.WeakGrushin.Space (Fin (@OfNat.ofNat.{0} Nat (nat_lit 3) _)) _)
                                    _)) =>
                            @Membership.mem.{0, 0}
                              (@MeasureTheory.AEEqFun.{0, 0}
                                (@TheoremT.Continuum.WeakGrushin.Space (Fin (@OfNat.ofNat.{0} Nat (nat_lit 3) _)) _)
                                Complex _ _
                                (@MeasureTheory.MeasureSpace.volume.{0}
                                  (@TheoremT.Continuum.WeakGrushin.Space (Fin (@OfNat.ofNat.{0} Nat (nat_lit 3) _)) _)
                                  _))
                              (@AddSubgroup.{0}
                                (@MeasureTheory.AEEqFun.{0, 0}
                                  (@TheoremT.Continuum.WeakGrushin.Space (Fin (@OfNat.ofNat.{0} Nat (nat_lit 3) _)) _)
                                  Complex _ _
                                  (@MeasureTheory.MeasureSpace.volume.{0}
                                    (@TheoremT.Continuum.WeakGrushin.Space (Fin (@OfNat.ofNat.{0} Nat (nat_lit 3) _)) _)
                                    _))
                                _)
                              _
                              (@MeasureTheory.Lp.{0, 0}
                                (@TheoremT.Continuum.WeakGrushin.Space (Fin (@OfNat.ofNat.{0} Nat (nat_lit 3) _)) _)
                                Complex
                                (@MeasureTheory.MeasureSpace.toMeasurableSpace.{0}
                                  (@TheoremT.Continuum.WeakGrushin.Space (Fin (@OfNat.ofNat.{0} Nat (nat_lit 3) _)) _)
                                  _)
                                _ (@OfNat.ofNat.{0} ENNReal (nat_lit 2) _)
                                (@MeasureTheory.MeasureSpace.volume.{0}
                                  (@TheoremT.Continuum.WeakGrushin.Space (Fin (@OfNat.ofNat.{0} Nat (nat_lit 3) _)) _)
                                  _))
                              x)
                          H))
                      (@TheoremT.Continuum.WeakGrushin.principal (Fin (@OfNat.ofNat.{0} Nat (nat_lit 3) _)) _ _ c b))
                    (And
                      (@Filter.EventuallyEq.{0, 0}
                        (@TheoremT.Continuum.WeakGrushin.Space (Fin (@OfNat.ofNat.{0} Nat (nat_lit 3) _)) _) Complex
                        (@MeasureTheory.ae.{0, 0}
                          (@TheoremT.Continuum.WeakGrushin.Space (Fin (@OfNat.ofNat.{0} Nat (nat_lit 3) _)) _)
                          (@MeasureTheory.Measure.{0}
                            (@TheoremT.Continuum.WeakGrushin.Space (Fin (@OfNat.ofNat.{0} Nat (nat_lit 3) _)) _) _)
                          _ _
                          (@MeasureTheory.MeasureSpace.volume.{0}
                            (@TheoremT.Continuum.WeakGrushin.Space (Fin (@OfNat.ofNat.{0} Nat (nat_lit 3) _)) _) _))
                        (@MeasureTheory.AEEqFun.cast.{0, 0}
                          (@TheoremT.Continuum.WeakGrushin.Space (Fin (@OfNat.ofNat.{0} Nat (nat_lit 3) _)) _) Complex _
                          (@MeasureTheory.MeasureSpace.volume.{0}
                            (@TheoremT.Continuum.WeakGrushin.Space (Fin (@OfNat.ofNat.{0} Nat (nat_lit 3) _)) _) _)
                          _
                          (@Subtype.val.{1}
                            (@MeasureTheory.AEEqFun.{0, 0}
                              (@TheoremT.Continuum.WeakGrushin.Space (Fin (@OfNat.ofNat.{0} Nat (nat_lit 3) _)) _)
                              Complex _ _
                              (@MeasureTheory.MeasureSpace.volume.{0}
                                (@TheoremT.Continuum.WeakGrushin.Space (Fin (@OfNat.ofNat.{0} Nat (nat_lit 3) _)) _) _))
                            (fun
                                (x :
                                  @MeasureTheory.AEEqFun.{0, 0}
                                    (@TheoremT.Continuum.WeakGrushin.Space (Fin (@OfNat.ofNat.{0} Nat (nat_lit 3) _)) _)
                                    Complex _ _
                                    (@MeasureTheory.MeasureSpace.volume.{0}
                                      (@TheoremT.Continuum.WeakGrushin.Space (Fin (@OfNat.ofNat.{0} Nat (nat_lit 3) _))
                                        _)
                                      _)) =>
                              @Membership.mem.{0, 0}
                                (@MeasureTheory.AEEqFun.{0, 0}
                                  (@TheoremT.Continuum.WeakGrushin.Space (Fin (@OfNat.ofNat.{0} Nat (nat_lit 3) _)) _)
                                  Complex _ _
                                  (@MeasureTheory.MeasureSpace.volume.{0}
                                    (@TheoremT.Continuum.WeakGrushin.Space (Fin (@OfNat.ofNat.{0} Nat (nat_lit 3) _)) _)
                                    _))
                                (@AddSubgroup.{0}
                                  (@MeasureTheory.AEEqFun.{0, 0}
                                    (@TheoremT.Continuum.WeakGrushin.Space (Fin (@OfNat.ofNat.{0} Nat (nat_lit 3) _)) _)
                                    Complex _ _
                                    (@MeasureTheory.MeasureSpace.volume.{0}
                                      (@TheoremT.Continuum.WeakGrushin.Space (Fin (@OfNat.ofNat.{0} Nat (nat_lit 3) _))
                                        _)
                                      _))
                                  _)
                                _
                                (@MeasureTheory.Lp.{0, 0}
                                  (@TheoremT.Continuum.WeakGrushin.Space (Fin (@OfNat.ofNat.{0} Nat (nat_lit 3) _)) _)
                                  Complex
                                  (@MeasureTheory.MeasureSpace.toMeasurableSpace.{0}
                                    (@TheoremT.Continuum.WeakGrushin.Space (Fin (@OfNat.ofNat.{0} Nat (nat_lit 3) _)) _)
                                    _)
                                  _ (@OfNat.ofNat.{0} ENNReal (nat_lit 2) _)
                                  (@MeasureTheory.MeasureSpace.volume.{0}
                                    (@TheoremT.Continuum.WeakGrushin.Space (Fin (@OfNat.ofNat.{0} Nat (nat_lit 3) _)) _)
                                    _))
                                x)
                            H))
                        fun (p : @TheoremT.Continuum.WeakGrushin.Space (Fin (@OfNat.ofNat.{0} Nat (nat_lit 3) _)) _) =>
                        @HSub.hSub.{0, 0, 0} Complex Complex Complex _
                          (@HSMul.hSMul.{0, 0, 0} Real Complex Complex _ (χ p)
                            (@HSub.hSub.{0, 0, 0} Complex Complex Complex _
                              (TheoremT.Continuum.WeakGrushin.mixedMultiIndexGrushinSource c B F s α β p)
                              (@HSMul.hSMul.{0, 0, 0} Real Complex Complex _ (B p) (F α β p))))
                          (TheoremT.Continuum.WeakGrushin.rawGrushinCutoffError c χ (F α β)
                            (fun (i : Fin (@OfNat.ofNat.{0} Nat (nat_lit 4) _)) =>
                              F
                                (@HAdd.hAdd.{0, 0, 0} (Fin (@OfNat.ofNat.{0} Nat (nat_lit 4) _) → Nat)
                                  ((j : Fin (@OfNat.ofNat.{0} Nat (nat_lit 4) _)) → Nat)
                                  (Fin (@OfNat.ofNat.{0} Nat (nat_lit 4) _) → Nat) _ α
                                  (@Pi.single.{0, 0} (Fin (@OfNat.ofNat.{0} Nat (nat_lit 4) _))
                                    (fun (j : Fin (@OfNat.ofNat.{0} Nat (nat_lit 4) _)) => Nat) _ _ i
                                    (@OfNat.ofNat.{0} Nat (nat_lit 1) _)))
                                β)
                            (fun (j : Fin (@OfNat.ofNat.{0} Nat (nat_lit 3) _)) =>
                              F α
                                (@HAdd.hAdd.{0, 0, 0} (Fin (@OfNat.ofNat.{0} Nat (nat_lit 3) _) → Nat)
                                  ((j : Fin (@OfNat.ofNat.{0} Nat (nat_lit 3) _)) → Nat)
                                  (Fin (@OfNat.ofNat.{0} Nat (nat_lit 3) _) → Nat) _ β
                                  (@Pi.single.{0, 0} (Fin (@OfNat.ofNat.{0} Nat (nat_lit 3) _))
                                    (fun (j : Fin (@OfNat.ofNat.{0} Nat (nat_lit 3) _)) => Nat) _ _ j
                                    (@OfNat.ofNat.{0} Nat (nat_lit 1) _))))
                            p))
                      (∀
                        (φ : @TheoremT.Continuum.WeakGrushin.Space (Fin (@OfNat.ofNat.{0} Nat (nat_lit 3) _)) _ → Real),
                        @ContDiff.{0, 0, 0} Real _
                            (@TheoremT.Continuum.WeakGrushin.Space (Fin (@OfNat.ofNat.{0} Nat (nat_lit 3) _)) _) _ _
                            Real _ _ (@WithTop.some.{0} ENat (@Top.top.{0} ENat _)) φ →
                          @HasCompactSupport.{0, 0}
                              (@TheoremT.Continuum.WeakGrushin.Space (Fin (@OfNat.ofNat.{0} Nat (nat_lit 3) _)) _) Real
                              _ _ φ →
                            @Eq.{1} Complex
                              (@MeasureTheory.integral.{0, 0}
                                (Prod.{0, 0} TheoremT.Continuum.KSSpace
                                  (EuclideanSpace.{0, 0} Real (Fin (@OfNat.ofNat.{0} Nat (nat_lit 3) _))))
                                Complex _ _
                                (@MeasureTheory.MeasureSpace.toMeasurableSpace.{0}
                                  (Prod.{0, 0} TheoremT.Continuum.KSSpace
                                    (EuclideanSpace.{0, 0} Real (Fin (@OfNat.ofNat.{0} Nat (nat_lit 3) _))))
                                  _)
                                (@MeasureTheory.MeasureSpace.volume.{0}
                                  (Prod.{0, 0} TheoremT.Continuum.KSSpace
                                    (EuclideanSpace.{0, 0} Real (Fin (@OfNat.ofNat.{0} Nat (nat_lit 3) _))))
                                  _)
                                fun
                                  (p :
                                    Prod.{0, 0} TheoremT.Continuum.KSSpace
                                      (EuclideanSpace.{0, 0} Real (Fin (@OfNat.ofNat.{0} Nat (nat_lit 3) _)))) =>
                                @HSMul.hSMul.{0, 0, 0} Real Complex Complex _
                                  (@TheoremT.Continuum.splitGrushin.{0, 0}
                                    (EuclideanSpace.{0, 0} Real (Fin (@OfNat.ofNat.{0} Nat (nat_lit 3) _))) _ _
                                    (Fin (@OfNat.ofNat.{0} Nat (nat_lit 3) _)) _ c
                                    (@TheoremT.Continuum.oscillatorBasis.{0} (Fin (@OfNat.ofNat.{0} Nat (nat_lit 3) _))
                                      _)
                                    (fun
                                        (x :
                                          Prod.{0, 0} TheoremT.Continuum.KSSpace
                                            (EuclideanSpace.{0, 0} Real (Fin (@OfNat.ofNat.{0} Nat (nat_lit 3) _)))) =>
                                      @OfNat.ofNat.{0} Real (nat_lit 0) _)
                                    φ p)
                                  (@MeasureTheory.AEEqFun.cast.{0, 0}
                                    (@TheoremT.Continuum.WeakGrushin.Space (Fin (@OfNat.ofNat.{0} Nat (nat_lit 3) _)) _)
                                    Complex _
                                    (@MeasureTheory.MeasureSpace.volume.{0}
                                      (@TheoremT.Continuum.WeakGrushin.Space (Fin (@OfNat.ofNat.{0} Nat (nat_lit 3) _))
                                        _)
                                      _)
                                    _
                                    (@Subtype.val.{1}
                                      (@MeasureTheory.AEEqFun.{0, 0}
                                        (@TheoremT.Continuum.WeakGrushin.Space
                                          (Fin (@OfNat.ofNat.{0} Nat (nat_lit 3) _)) _)
                                        Complex _ _
                                        (@MeasureTheory.MeasureSpace.volume.{0}
                                          (@TheoremT.Continuum.WeakGrushin.Space
                                            (Fin (@OfNat.ofNat.{0} Nat (nat_lit 3) _)) _)
                                          _))
                                      (fun
                                          (x :
                                            @MeasureTheory.AEEqFun.{0, 0}
                                              (@TheoremT.Continuum.WeakGrushin.Space
                                                (Fin (@OfNat.ofNat.{0} Nat (nat_lit 3) _)) _)
                                              Complex _ _
                                              (@MeasureTheory.MeasureSpace.volume.{0}
                                                (@TheoremT.Continuum.WeakGrushin.Space
                                                  (Fin (@OfNat.ofNat.{0} Nat (nat_lit 3) _)) _)
                                                _)) =>
                                        @Membership.mem.{0, 0}
                                          (@MeasureTheory.AEEqFun.{0, 0}
                                            (@TheoremT.Continuum.WeakGrushin.Space
                                              (Fin (@OfNat.ofNat.{0} Nat (nat_lit 3) _)) _)
                                            Complex _ _
                                            (@MeasureTheory.MeasureSpace.volume.{0}
                                              (@TheoremT.Continuum.WeakGrushin.Space
                                                (Fin (@OfNat.ofNat.{0} Nat (nat_lit 3) _)) _)
                                              _))
                                          (@AddSubgroup.{0}
                                            (@MeasureTheory.AEEqFun.{0, 0}
                                              (@TheoremT.Continuum.WeakGrushin.Space
                                                (Fin (@OfNat.ofNat.{0} Nat (nat_lit 3) _)) _)
                                              Complex _ _
                                              (@MeasureTheory.MeasureSpace.volume.{0}
                                                (@TheoremT.Continuum.WeakGrushin.Space
                                                  (Fin (@OfNat.ofNat.{0} Nat (nat_lit 3) _)) _)
                                                _))
                                            _)
                                          _
                                          (@MeasureTheory.Lp.{0, 0}
                                            (@TheoremT.Continuum.WeakGrushin.Space
                                              (Fin (@OfNat.ofNat.{0} Nat (nat_lit 3) _)) _)
                                            Complex
                                            (@MeasureTheory.MeasureSpace.toMeasurableSpace.{0}
                                              (@TheoremT.Continuum.WeakGrushin.Space
                                                (Fin (@OfNat.ofNat.{0} Nat (nat_lit 3) _)) _)
                                              _)
                                            _ (@OfNat.ofNat.{0} ENNReal (nat_lit 2) _)
                                            (@MeasureTheory.MeasureSpace.volume.{0}
                                              (@TheoremT.Continuum.WeakGrushin.Space
                                                (Fin (@OfNat.ofNat.{0} Nat (nat_lit 3) _)) _)
                                              _))
                                          x)
                                      U)
                                    p))
                              (@MeasureTheory.integral.{0, 0}
                                (@TheoremT.Continuum.WeakGrushin.Space (Fin (@OfNat.ofNat.{0} Nat (nat_lit 3) _)) _)
                                Complex _ _
                                (@MeasureTheory.MeasureSpace.toMeasurableSpace.{0}
                                  (@TheoremT.Continuum.WeakGrushin.Space (Fin (@OfNat.ofNat.{0} Nat (nat_lit 3) _)) _)
                                  _)
                                (@MeasureTheory.MeasureSpace.volume.{0}
                                  (@TheoremT.Continuum.WeakGrushin.Space (Fin (@OfNat.ofNat.{0} Nat (nat_lit 3) _)) _)
                                  _)
                                fun
                                  (p :
                                    @TheoremT.Continuum.WeakGrushin.Space (Fin (@OfNat.ofNat.{0} Nat (nat_lit 3) _))
                                      _) =>
                                @HSMul.hSMul.{0, 0, 0} Real Complex Complex _ (φ p)
                                  (@MeasureTheory.AEEqFun.cast.{0, 0}
                                    (@TheoremT.Continuum.WeakGrushin.Space (Fin (@OfNat.ofNat.{0} Nat (nat_lit 3) _)) _)
                                    Complex _
                                    (@MeasureTheory.MeasureSpace.volume.{0}
                                      (@TheoremT.Continuum.WeakGrushin.Space (Fin (@OfNat.ofNat.{0} Nat (nat_lit 3) _))
                                        _)
                                      _)
                                    _
                                    (@Subtype.val.{1}
                                      (@MeasureTheory.AEEqFun.{0, 0}
                                        (@TheoremT.Continuum.WeakGrushin.Space
                                          (Fin (@OfNat.ofNat.{0} Nat (nat_lit 3) _)) _)
                                        Complex _ _
                                        (@MeasureTheory.MeasureSpace.volume.{0}
                                          (@TheoremT.Continuum.WeakGrushin.Space
                                            (Fin (@OfNat.ofNat.{0} Nat (nat_lit 3) _)) _)
                                          _))
                                      (fun
                                          (x :
                                            @MeasureTheory.AEEqFun.{0, 0}
                                              (@TheoremT.Continuum.WeakGrushin.Space
                                                (Fin (@OfNat.ofNat.{0} Nat (nat_lit 3) _)) _)
                                              Complex _ _
                                              (@MeasureTheory.MeasureSpace.volume.{0}
                                                (@TheoremT.Continuum.WeakGrushin.Space
                                                  (Fin (@OfNat.ofNat.{0} Nat (nat_lit 3) _)) _)
                                                _)) =>
                                        @Membership.mem.{0, 0}
                                          (@MeasureTheory.AEEqFun.{0, 0}
                                            (@TheoremT.Continuum.WeakGrushin.Space
                                              (Fin (@OfNat.ofNat.{0} Nat (nat_lit 3) _)) _)
                                            Complex _ _
                                            (@MeasureTheory.MeasureSpace.volume.{0}
                                              (@TheoremT.Continuum.WeakGrushin.Space
                                                (Fin (@OfNat.ofNat.{0} Nat (nat_lit 3) _)) _)
                                              _))
                                          (@AddSubgroup.{0}
                                            (@MeasureTheory.AEEqFun.{0, 0}
                                              (@TheoremT.Continuum.WeakGrushin.Space
                                                (Fin (@OfNat.ofNat.{0} Nat (nat_lit 3) _)) _)
                                              Complex _ _
                                              (@MeasureTheory.MeasureSpace.volume.{0}
                                                (@TheoremT.Continuum.WeakGrushin.Space
                                                  (Fin (@OfNat.ofNat.{0} Nat (nat_lit 3) _)) _)
                                                _))
                                            _)
                                          _
                                          (@MeasureTheory.Lp.{0, 0}
                                            (@TheoremT.Continuum.WeakGrushin.Space
                                              (Fin (@OfNat.ofNat.{0} Nat (nat_lit 3) _)) _)
                                            Complex
                                            (@MeasureTheory.MeasureSpace.toMeasurableSpace.{0}
                                              (@TheoremT.Continuum.WeakGrushin.Space
                                                (Fin (@OfNat.ofNat.{0} Nat (nat_lit 3) _)) _)
                                              _)
                                            _ (@OfNat.ofNat.{0} ENNReal (nat_lit 2) _)
                                            (@MeasureTheory.MeasureSpace.volume.{0}
                                              (@TheoremT.Continuum.WeakGrushin.Space
                                                (Fin (@OfNat.ofNat.{0} Nat (nat_lit 3) _)) _)
                                              _))
                                          x)
                                      H)
                                    p))))))))
@TheoremT.Continuum.restrictedL2Extension_norm.{u_1} : ∀ {X : Type u_1} [inst : MeasurableSpace.{u_1} X]
  {μ : @MeasureTheory.Measure.{u_1} X _} (Ω : Set.{u_1} X) (hΩ : @MeasurableSet.{u_1} X _ Ω)
  (f :
    @Subtype.{u_1 + 1}
      (@MeasureTheory.AEEqFun.{u_1, 0} X Complex _ _ (@MeasureTheory.Measure.restrict.{u_1} X inst μ Ω))
      fun (x : @MeasureTheory.AEEqFun.{u_1, 0} X Complex _ _ (@MeasureTheory.Measure.restrict.{u_1} X inst μ Ω)) =>
      @Membership.mem.{u_1, u_1}
        (@MeasureTheory.AEEqFun.{u_1, 0} X Complex _ _ (@MeasureTheory.Measure.restrict.{u_1} X inst μ Ω))
        (@AddSubgroup.{u_1}
          (@MeasureTheory.AEEqFun.{u_1, 0} X Complex _ _ (@MeasureTheory.Measure.restrict.{u_1} X inst μ Ω)) _)
        _
        (@MeasureTheory.Lp.{0, u_1} X Complex inst _ (@OfNat.ofNat.{0} ENNReal (nat_lit 2) _)
          (@MeasureTheory.Measure.restrict.{u_1} X inst μ Ω))
        x),
  @Eq.{1} Real
    (@Norm.norm.{u_1}
      (@Subtype.{u_1 + 1} (@MeasureTheory.AEEqFun.{u_1, 0} X Complex _ _ μ)
        fun (x : @MeasureTheory.AEEqFun.{u_1, 0} X Complex _ _ μ) =>
        @Membership.mem.{u_1, u_1} (@MeasureTheory.AEEqFun.{u_1, 0} X Complex _ _ μ)
          (@AddSubgroup.{u_1} (@MeasureTheory.AEEqFun.{u_1, 0} X Complex _ _ μ) _) _
          (@MeasureTheory.Lp.{0, u_1} X Complex inst _ (@OfNat.ofNat.{0} ENNReal (nat_lit 2) _) μ) x)
      _
      (@TheoremT.Continuum.restrictedL2Extension.{u_1} X _ μ Ω hΩ
        (@MeasureTheory.AEEqFun.cast.{u_1, 0} X Complex _ (@MeasureTheory.Measure.restrict.{u_1} X inst μ Ω) _
          (@Subtype.val.{u_1 + 1}
            (@MeasureTheory.AEEqFun.{u_1, 0} X Complex _ _ (@MeasureTheory.Measure.restrict.{u_1} X inst μ Ω))
            (fun
                (x :
                  @MeasureTheory.AEEqFun.{u_1, 0} X Complex _ _ (@MeasureTheory.Measure.restrict.{u_1} X inst μ Ω)) =>
              @Membership.mem.{u_1, u_1}
                (@MeasureTheory.AEEqFun.{u_1, 0} X Complex _ _ (@MeasureTheory.Measure.restrict.{u_1} X inst μ Ω))
                (@AddSubgroup.{u_1}
                  (@MeasureTheory.AEEqFun.{u_1, 0} X Complex _ _ (@MeasureTheory.Measure.restrict.{u_1} X inst μ Ω)) _)
                _
                (@MeasureTheory.Lp.{0, u_1} X Complex inst _ (@OfNat.ofNat.{0} ENNReal (nat_lit 2) _)
                  (@MeasureTheory.Measure.restrict.{u_1} X inst μ Ω))
                x)
            f))
        (@MeasureTheory.Lp.memLp.{u_1, 0} X Complex inst (@OfNat.ofNat.{0} ENNReal (nat_lit 2) _)
          (@MeasureTheory.Measure.restrict.{u_1} X inst μ Ω) _ f)))
    (@Norm.norm.{u_1}
      (@Subtype.{u_1 + 1}
        (@MeasureTheory.AEEqFun.{u_1, 0} X Complex _ _ (@MeasureTheory.Measure.restrict.{u_1} X inst μ Ω))
        fun (x : @MeasureTheory.AEEqFun.{u_1, 0} X Complex _ _ (@MeasureTheory.Measure.restrict.{u_1} X inst μ Ω)) =>
        @Membership.mem.{u_1, u_1}
          (@MeasureTheory.AEEqFun.{u_1, 0} X Complex _ _ (@MeasureTheory.Measure.restrict.{u_1} X inst μ Ω))
          (@AddSubgroup.{u_1}
            (@MeasureTheory.AEEqFun.{u_1, 0} X Complex _ _ (@MeasureTheory.Measure.restrict.{u_1} X inst μ Ω)) _)
          _
          (@MeasureTheory.Lp.{0, u_1} X Complex inst _ (@OfNat.ofNat.{0} ENNReal (nat_lit 2) _)
            (@MeasureTheory.Measure.restrict.{u_1} X inst μ Ω))
          x)
      _ f)
@TheoremT.Continuum.supported_output_norm_le_restricted.{u_1} : ∀ {X : Type u_1} [inst : MeasurableSpace.{u_1} X]
  {μ : @MeasureTheory.Measure.{u_1} X _} (Ω : Set.{u_1} X) (hΩ : @MeasurableSet.{u_1} X _ Ω)
  (H :
    @Subtype.{u_1 + 1} (@MeasureTheory.AEEqFun.{u_1, 0} X Complex _ _ μ)
      fun (x : @MeasureTheory.AEEqFun.{u_1, 0} X Complex _ _ μ) =>
      @Membership.mem.{u_1, u_1} (@MeasureTheory.AEEqFun.{u_1, 0} X Complex _ _ μ)
        (@AddSubgroup.{u_1} (@MeasureTheory.AEEqFun.{u_1, 0} X Complex _ _ μ) _) _
        (@MeasureTheory.Lp.{0, u_1} X Complex inst _ (@OfNat.ofNat.{0} ENNReal (nat_lit 2) _) μ) x)
  (J :
    @Subtype.{u_1 + 1}
      (@MeasureTheory.AEEqFun.{u_1, 0} X Complex _ _ (@MeasureTheory.Measure.restrict.{u_1} X inst μ Ω))
      fun (x : @MeasureTheory.AEEqFun.{u_1, 0} X Complex _ _ (@MeasureTheory.Measure.restrict.{u_1} X inst μ Ω)) =>
      @Membership.mem.{u_1, u_1}
        (@MeasureTheory.AEEqFun.{u_1, 0} X Complex _ _ (@MeasureTheory.Measure.restrict.{u_1} X inst μ Ω))
        (@AddSubgroup.{u_1}
          (@MeasureTheory.AEEqFun.{u_1, 0} X Complex _ _ (@MeasureTheory.Measure.restrict.{u_1} X inst μ Ω)) _)
        _
        (@MeasureTheory.Lp.{0, u_1} X Complex inst _ (@OfNat.ofNat.{0} ENNReal (nat_lit 2) _)
          (@MeasureTheory.Measure.restrict.{u_1} X inst μ Ω))
        x)
  (hHJ :
    @Filter.EventuallyEq.{u_1, 0} X Complex
      (@MeasureTheory.ae.{u_1, u_1} X (@MeasureTheory.Measure.{u_1} X _) _ _
        (@MeasureTheory.Measure.restrict.{u_1} X inst μ Ω))
      (@MeasureTheory.AEEqFun.cast.{u_1, 0} X Complex _ μ _
        (@Subtype.val.{u_1 + 1} (@MeasureTheory.AEEqFun.{u_1, 0} X Complex _ _ μ)
          (fun (x : @MeasureTheory.AEEqFun.{u_1, 0} X Complex _ _ μ) =>
            @Membership.mem.{u_1, u_1} (@MeasureTheory.AEEqFun.{u_1, 0} X Complex _ _ μ)
              (@AddSubgroup.{u_1} (@MeasureTheory.AEEqFun.{u_1, 0} X Complex _ _ μ) _) _
              (@MeasureTheory.Lp.{0, u_1} X Complex inst _ (@OfNat.ofNat.{0} ENNReal (nat_lit 2) _) μ) x)
          H))
      (@MeasureTheory.AEEqFun.cast.{u_1, 0} X Complex _ (@MeasureTheory.Measure.restrict.{u_1} X inst μ Ω) _
        (@Subtype.val.{u_1 + 1}
          (@MeasureTheory.AEEqFun.{u_1, 0} X Complex _ _ (@MeasureTheory.Measure.restrict.{u_1} X inst μ Ω))
          (fun (x : @MeasureTheory.AEEqFun.{u_1, 0} X Complex _ _ (@MeasureTheory.Measure.restrict.{u_1} X inst μ Ω)) =>
            @Membership.mem.{u_1, u_1}
              (@MeasureTheory.AEEqFun.{u_1, 0} X Complex _ _ (@MeasureTheory.Measure.restrict.{u_1} X inst μ Ω))
              (@AddSubgroup.{u_1}
                (@MeasureTheory.AEEqFun.{u_1, 0} X Complex _ _ (@MeasureTheory.Measure.restrict.{u_1} X inst μ Ω)) _)
              _
              (@MeasureTheory.Lp.{0, u_1} X Complex inst _ (@OfNat.ofNat.{0} ENNReal (nat_lit 2) _)
                (@MeasureTheory.Measure.restrict.{u_1} X inst μ Ω))
              x)
          J)))
  (hoff :
    @Filter.Eventually.{u_1} X
      (fun (p : X) =>
        Not (@Membership.mem.{u_1, u_1} X (Set.{u_1} X) _ Ω p) →
          @Eq.{1} Complex
            (@MeasureTheory.AEEqFun.cast.{u_1, 0} X Complex _ μ _
              (@Subtype.val.{u_1 + 1} (@MeasureTheory.AEEqFun.{u_1, 0} X Complex _ _ μ)
                (fun (x : @MeasureTheory.AEEqFun.{u_1, 0} X Complex _ _ μ) =>
                  @Membership.mem.{u_1, u_1} (@MeasureTheory.AEEqFun.{u_1, 0} X Complex _ _ μ)
                    (@AddSubgroup.{u_1} (@MeasureTheory.AEEqFun.{u_1, 0} X Complex _ _ μ) _) _
                    (@MeasureTheory.Lp.{0, u_1} X Complex inst _ (@OfNat.ofNat.{0} ENNReal (nat_lit 2) _) μ) x)
                H)
              p)
            (@OfNat.ofNat.{0} Complex (nat_lit 0) _))
      (@MeasureTheory.ae.{u_1, u_1} X (@MeasureTheory.Measure.{u_1} X _) _ _ μ)),
  @Eq.{1} Real
    (@Norm.norm.{u_1}
      (@Subtype.{u_1 + 1} (@MeasureTheory.AEEqFun.{u_1, 0} X Complex _ _ μ)
        fun (x : @MeasureTheory.AEEqFun.{u_1, 0} X Complex _ _ μ) =>
        @Membership.mem.{u_1, u_1} (@MeasureTheory.AEEqFun.{u_1, 0} X Complex _ _ μ)
          (@AddSubgroup.{u_1} (@MeasureTheory.AEEqFun.{u_1, 0} X Complex _ _ μ) _) _
          (@MeasureTheory.Lp.{0, u_1} X Complex inst _ (@OfNat.ofNat.{0} ENNReal (nat_lit 2) _) μ) x)
      _ H)
    (@Norm.norm.{u_1}
      (@Subtype.{u_1 + 1}
        (@MeasureTheory.AEEqFun.{u_1, 0} X Complex _ _ (@MeasureTheory.Measure.restrict.{u_1} X inst μ Ω))
        fun (x : @MeasureTheory.AEEqFun.{u_1, 0} X Complex _ _ (@MeasureTheory.Measure.restrict.{u_1} X inst μ Ω)) =>
        @Membership.mem.{u_1, u_1}
          (@MeasureTheory.AEEqFun.{u_1, 0} X Complex _ _ (@MeasureTheory.Measure.restrict.{u_1} X inst μ Ω))
          (@AddSubgroup.{u_1}
            (@MeasureTheory.AEEqFun.{u_1, 0} X Complex _ _ (@MeasureTheory.Measure.restrict.{u_1} X inst μ Ω)) _)
          _
          (@MeasureTheory.Lp.{0, u_1} X Complex inst _ (@OfNat.ofNat.{0} ENNReal (nat_lit 2) _)
            (@MeasureTheory.Measure.restrict.{u_1} X inst μ Ω))
          x)
      _ J)
@TheoremT.Continuum.restricted_cutoff_output_norm.{u_1} : ∀ {X : Type u_1} [inst : MeasurableSpace.{u_1} X]
  {μ : @MeasureTheory.Measure.{u_1} X _} (Ω : Set.{u_1} X) (hΩ : @MeasurableSet.{u_1} X _ Ω) (χ B : X → Real)
  (f h err : X → Complex)
  (hχm :
    @MeasureTheory.MemLp.{u_1, 0} X Real inst _ _ χ (@Top.top.{0} ENNReal _)
      (@MeasureTheory.Measure.restrict.{u_1} X inst μ Ω))
  (hBm :
    @MeasureTheory.MemLp.{u_1, 0} X Real inst _ _ B (@Top.top.{0} ENNReal _)
      (@MeasureTheory.Measure.restrict.{u_1} X inst μ Ω))
  (hχb :
    @Filter.Eventually.{u_1} X
      (fun (p : X) => @LE.le.{0} Real _ (@Norm.norm.{0} Real _ (χ p)) (@OfNat.ofNat.{0} Real (nat_lit 1) _))
      (@MeasureTheory.ae.{u_1, u_1} X (@MeasureTheory.Measure.{u_1} X _) _ _
        (@MeasureTheory.Measure.restrict.{u_1} X inst μ Ω)))
  {M : Real}
  (hBb :
    @Filter.Eventually.{u_1} X (fun (p : X) => @LE.le.{0} Real _ (@Norm.norm.{0} Real _ (B p)) M)
      (@MeasureTheory.ae.{u_1, u_1} X (@MeasureTheory.Measure.{u_1} X _) _ _
        (@MeasureTheory.Measure.restrict.{u_1} X inst μ Ω)))
  (HF HS HE :
    @Subtype.{u_1 + 1}
      (@MeasureTheory.AEEqFun.{u_1, 0} X Complex _ _ (@MeasureTheory.Measure.restrict.{u_1} X inst μ Ω))
      fun (x : @MeasureTheory.AEEqFun.{u_1, 0} X Complex _ _ (@MeasureTheory.Measure.restrict.{u_1} X inst μ Ω)) =>
      @Membership.mem.{u_1, u_1}
        (@MeasureTheory.AEEqFun.{u_1, 0} X Complex _ _ (@MeasureTheory.Measure.restrict.{u_1} X inst μ Ω))
        (@AddSubgroup.{u_1}
          (@MeasureTheory.AEEqFun.{u_1, 0} X Complex _ _ (@MeasureTheory.Measure.restrict.{u_1} X inst μ Ω)) _)
        _
        (@MeasureTheory.Lp.{0, u_1} X Complex inst _ (@OfNat.ofNat.{0} ENNReal (nat_lit 2) _)
          (@MeasureTheory.Measure.restrict.{u_1} X inst μ Ω))
        x)
  (hF :
    @Filter.EventuallyEq.{u_1, 0} X Complex
      (@MeasureTheory.ae.{u_1, u_1} X (@MeasureTheory.Measure.{u_1} X _) _ _
        (@MeasureTheory.Measure.restrict.{u_1} X inst μ Ω))
      (@MeasureTheory.AEEqFun.cast.{u_1, 0} X Complex _ (@MeasureTheory.Measure.restrict.{u_1} X inst μ Ω) _
        (@Subtype.val.{u_1 + 1}
          (@MeasureTheory.AEEqFun.{u_1, 0} X Complex _ _ (@MeasureTheory.Measure.restrict.{u_1} X inst μ Ω))
          (fun (x : @MeasureTheory.AEEqFun.{u_1, 0} X Complex _ _ (@MeasureTheory.Measure.restrict.{u_1} X inst μ Ω)) =>
            @Membership.mem.{u_1, u_1}
              (@MeasureTheory.AEEqFun.{u_1, 0} X Complex _ _ (@MeasureTheory.Measure.restrict.{u_1} X inst μ Ω))
              (@AddSubgroup.{u_1}
                (@MeasureTheory.AEEqFun.{u_1, 0} X Complex _ _ (@MeasureTheory.Measure.restrict.{u_1} X inst μ Ω)) _)
              _
              (@MeasureTheory.Lp.{0, u_1} X Complex inst _ (@OfNat.ofNat.{0} ENNReal (nat_lit 2) _)
                (@MeasureTheory.Measure.restrict.{u_1} X inst μ Ω))
              x)
          HF))
      f)
  (hS :
    @Filter.EventuallyEq.{u_1, 0} X Complex
      (@MeasureTheory.ae.{u_1, u_1} X (@MeasureTheory.Measure.{u_1} X _) _ _
        (@MeasureTheory.Measure.restrict.{u_1} X inst μ Ω))
      (@MeasureTheory.AEEqFun.cast.{u_1, 0} X Complex _ (@MeasureTheory.Measure.restrict.{u_1} X inst μ Ω) _
        (@Subtype.val.{u_1 + 1}
          (@MeasureTheory.AEEqFun.{u_1, 0} X Complex _ _ (@MeasureTheory.Measure.restrict.{u_1} X inst μ Ω))
          (fun (x : @MeasureTheory.AEEqFun.{u_1, 0} X Complex _ _ (@MeasureTheory.Measure.restrict.{u_1} X inst μ Ω)) =>
            @Membership.mem.{u_1, u_1}
              (@MeasureTheory.AEEqFun.{u_1, 0} X Complex _ _ (@MeasureTheory.Measure.restrict.{u_1} X inst μ Ω))
              (@AddSubgroup.{u_1}
                (@MeasureTheory.AEEqFun.{u_1, 0} X Complex _ _ (@MeasureTheory.Measure.restrict.{u_1} X inst μ Ω)) _)
              _
              (@MeasureTheory.Lp.{0, u_1} X Complex inst _ (@OfNat.ofNat.{0} ENNReal (nat_lit 2) _)
                (@MeasureTheory.Measure.restrict.{u_1} X inst μ Ω))
              x)
          HS))
      h)
  (hE :
    @Filter.EventuallyEq.{u_1, 0} X Complex
      (@MeasureTheory.ae.{u_1, u_1} X (@MeasureTheory.Measure.{u_1} X _) _ _
        (@MeasureTheory.Measure.restrict.{u_1} X inst μ Ω))
      (@MeasureTheory.AEEqFun.cast.{u_1, 0} X Complex _ (@MeasureTheory.Measure.restrict.{u_1} X inst μ Ω) _
        (@Subtype.val.{u_1 + 1}
          (@MeasureTheory.AEEqFun.{u_1, 0} X Complex _ _ (@MeasureTheory.Measure.restrict.{u_1} X inst μ Ω))
          (fun (x : @MeasureTheory.AEEqFun.{u_1, 0} X Complex _ _ (@MeasureTheory.Measure.restrict.{u_1} X inst μ Ω)) =>
            @Membership.mem.{u_1, u_1}
              (@MeasureTheory.AEEqFun.{u_1, 0} X Complex _ _ (@MeasureTheory.Measure.restrict.{u_1} X inst μ Ω))
              (@AddSubgroup.{u_1}
                (@MeasureTheory.AEEqFun.{u_1, 0} X Complex _ _ (@MeasureTheory.Measure.restrict.{u_1} X inst μ Ω)) _)
              _
              (@MeasureTheory.Lp.{0, u_1} X Complex inst _ (@OfNat.ofNat.{0} ENNReal (nat_lit 2) _)
                (@MeasureTheory.Measure.restrict.{u_1} X inst μ Ω))
              x)
          HE))
      err)
  (H :
    @Subtype.{u_1 + 1} (@MeasureTheory.AEEqFun.{u_1, 0} X Complex _ _ μ)
      fun (x : @MeasureTheory.AEEqFun.{u_1, 0} X Complex _ _ μ) =>
      @Membership.mem.{u_1, u_1} (@MeasureTheory.AEEqFun.{u_1, 0} X Complex _ _ μ)
        (@AddSubgroup.{u_1} (@MeasureTheory.AEEqFun.{u_1, 0} X Complex _ _ μ) _) _
        (@MeasureTheory.Lp.{0, u_1} X Complex inst _ (@OfNat.ofNat.{0} ENNReal (nat_lit 2) _) μ) x)
  (hH :
    @Filter.EventuallyEq.{u_1, 0} X Complex (@MeasureTheory.ae.{u_1, u_1} X (@MeasureTheory.Measure.{u_1} X _) _ _ μ)
      (@MeasureTheory.AEEqFun.cast.{u_1, 0} X Complex _ μ _
        (@Subtype.val.{u_1 + 1} (@MeasureTheory.AEEqFun.{u_1, 0} X Complex _ _ μ)
          (fun (x : @MeasureTheory.AEEqFun.{u_1, 0} X Complex _ _ μ) =>
            @Membership.mem.{u_1, u_1} (@MeasureTheory.AEEqFun.{u_1, 0} X Complex _ _ μ)
              (@AddSubgroup.{u_1} (@MeasureTheory.AEEqFun.{u_1, 0} X Complex _ _ μ) _) _
              (@MeasureTheory.Lp.{0, u_1} X Complex inst _ (@OfNat.ofNat.{0} ENNReal (nat_lit 2) _) μ) x)
          H))
      fun (p : X) =>
      @HSub.hSub.{0, 0, 0} Complex Complex Complex _
        (@HSMul.hSMul.{0, 0, 0} Real Complex Complex _ (χ p)
          (@HSub.hSub.{0, 0, 0} Complex Complex Complex _ (h p)
            (@HSMul.hSMul.{0, 0, 0} Real Complex Complex _ (B p) (f p))))
        (err p))
  (hoffχ :
    ∀ (p : X),
      Not (@Membership.mem.{u_1, u_1} X (Set.{u_1} X) _ Ω p) → @Eq.{1} Real (χ p) (@OfNat.ofNat.{0} Real (nat_lit 0) _))
  (hoffE :
    ∀ (p : X),
      Not (@Membership.mem.{u_1, u_1} X (Set.{u_1} X) _ Ω p) →
        @Eq.{1} Complex (err p) (@OfNat.ofNat.{0} Complex (nat_lit 0) _)),
  @LE.le.{0} Real _
    (@Norm.norm.{u_1}
      (@Subtype.{u_1 + 1} (@MeasureTheory.AEEqFun.{u_1, 0} X Complex _ _ μ)
        fun (x : @MeasureTheory.AEEqFun.{u_1, 0} X Complex _ _ μ) =>
        @Membership.mem.{u_1, u_1} (@MeasureTheory.AEEqFun.{u_1, 0} X Complex _ _ μ)
          (@AddSubgroup.{u_1} (@MeasureTheory.AEEqFun.{u_1, 0} X Complex _ _ μ) _) _
          (@MeasureTheory.Lp.{0, u_1} X Complex inst _ (@OfNat.ofNat.{0} ENNReal (nat_lit 2) _) μ) x)
      _ H)
    (@HAdd.hAdd.{0, 0, 0} Real Real Real _
      (@HAdd.hAdd.{0, 0, 0} Real Real Real _
        (@Norm.norm.{u_1}
          (@Subtype.{u_1 + 1}
            (@MeasureTheory.AEEqFun.{u_1, 0} X Complex _ _ (@MeasureTheory.Measure.restrict.{u_1} X inst μ Ω))
            fun
              (x : @MeasureTheory.AEEqFun.{u_1, 0} X Complex _ _ (@MeasureTheory.Measure.restrict.{u_1} X inst μ Ω)) =>
            @Membership.mem.{u_1, u_1}
              (@MeasureTheory.AEEqFun.{u_1, 0} X Complex _ _ (@MeasureTheory.Measure.restrict.{u_1} X inst μ Ω))
              (@AddSubgroup.{u_1}
                (@MeasureTheory.AEEqFun.{u_1, 0} X Complex _ _ (@MeasureTheory.Measure.restrict.{u_1} X inst μ Ω)) _)
              _
              (@MeasureTheory.Lp.{0, u_1} X Complex inst _ (@OfNat.ofNat.{0} ENNReal (nat_lit 2) _)
                (@MeasureTheory.Measure.restrict.{u_1} X inst μ Ω))
              x)
          _ HS)
        (@HMul.hMul.{0, 0, 0} Real Real Real _ M
          (@Norm.norm.{u_1}
            (@Subtype.{u_1 + 1}
              (@MeasureTheory.AEEqFun.{u_1, 0} X Complex _ _ (@MeasureTheory.Measure.restrict.{u_1} X inst μ Ω))
              fun
                (x :
                  @MeasureTheory.AEEqFun.{u_1, 0} X Complex _ _ (@MeasureTheory.Measure.restrict.{u_1} X inst μ Ω)) =>
              @Membership.mem.{u_1, u_1}
                (@MeasureTheory.AEEqFun.{u_1, 0} X Complex _ _ (@MeasureTheory.Measure.restrict.{u_1} X inst μ Ω))
                (@AddSubgroup.{u_1}
                  (@MeasureTheory.AEEqFun.{u_1, 0} X Complex _ _ (@MeasureTheory.Measure.restrict.{u_1} X inst μ Ω)) _)
                _
                (@MeasureTheory.Lp.{0, u_1} X Complex inst _ (@OfNat.ofNat.{0} ENNReal (nat_lit 2) _)
                  (@MeasureTheory.Measure.restrict.{u_1} X inst μ Ω))
                x)
            _ HF)))
      (@Norm.norm.{u_1}
        (@Subtype.{u_1 + 1}
          (@MeasureTheory.AEEqFun.{u_1, 0} X Complex _ _ (@MeasureTheory.Measure.restrict.{u_1} X inst μ Ω))
          fun (x : @MeasureTheory.AEEqFun.{u_1, 0} X Complex _ _ (@MeasureTheory.Measure.restrict.{u_1} X inst μ Ω)) =>
          @Membership.mem.{u_1, u_1}
            (@MeasureTheory.AEEqFun.{u_1, 0} X Complex _ _ (@MeasureTheory.Measure.restrict.{u_1} X inst μ Ω))
            (@AddSubgroup.{u_1}
              (@MeasureTheory.AEEqFun.{u_1, 0} X Complex _ _ (@MeasureTheory.Measure.restrict.{u_1} X inst μ Ω)) _)
            _
            (@MeasureTheory.Lp.{0, u_1} X Complex inst _ (@OfNat.ofNat.{0} ENNReal (nat_lit 2) _)
              (@MeasureTheory.Measure.restrict.{u_1} X inst μ Ω))
            x)
        _ HE))
'TheoremT.Continuum.WeakGrushin.mixed_family_local_weakH2' depends on axioms: [propext, Classical.choice, Quot.sound]
'TheoremT.Continuum.WeakGrushin.weak_grushin_mixed_cutoff_equation' depends on axioms: [propext,
 Classical.choice,
 Quot.sound]
'TheoremT.Continuum.restrictedL2Extension_norm' depends on axioms: [propext, Classical.choice, Quot.sound]
'TheoremT.Continuum.supported_output_norm_le_restricted' depends on axioms: [propext, Classical.choice, Quot.sound]
'TheoremT.Continuum.restricted_cutoff_output_norm' depends on axioms: [propext, Classical.choice, Quot.sound]
