TheoremT.Continuum.physicalRealAxisSpatial : (z : Fin (@OfNat.ofNat.{0} Nat (nat_lit 4) _) → Real) →
  TheoremT.Continuum.Position
TheoremT.Continuum.physicalRealAxisSpectator : (z : Fin (@OfNat.ofNat.{0} Nat (nat_lit 4) _) → Real) →
  TheoremT.Continuum.Position
TheoremT.Continuum.physicalRealAxis_complexification : ∀ (z : Fin (@OfNat.ofNat.{0} Nat (nat_lit 4) _) → Real),
  @Eq.{1} (Sum.{0, 0} (Fin (@OfNat.ofNat.{0} Nat (nat_lit 3) _)) (Fin (@OfNat.ofNat.{0} Nat (nat_lit 3) _)) → Complex)
    (TheoremT.Continuum.physicalComplexAxisSlice fun (i : Fin (@OfNat.ofNat.{0} Nat (nat_lit 4) _)) =>
      Complex.ofReal (z i))
    (@Sum.elim.{0, 0, 1} (Fin (@OfNat.ofNat.{0} Nat (nat_lit 3) _)) (Fin (@OfNat.ofNat.{0} Nat (nat_lit 3) _)) Complex
      (fun (i : Fin (@OfNat.ofNat.{0} Nat (nat_lit 3) _)) =>
        Complex.ofReal
          (@WithLp.ofLp.{0} (@OfNat.ofNat.{0} ENNReal (nat_lit 2) _)
            ((i : Fin (@OfNat.ofNat.{0} Nat (nat_lit 3) _)) →
              (fun (x : Fin (@OfNat.ofNat.{0} Nat (nat_lit 3) _)) => Real) i)
            (TheoremT.Continuum.physicalRealAxisSpatial z) i))
      fun (i : Fin (@OfNat.ofNat.{0} Nat (nat_lit 3) _)) =>
      Complex.ofReal
        (@WithLp.ofLp.{0} (@OfNat.ofNat.{0} ENNReal (nat_lit 2) _)
          ((i : Fin (@OfNat.ofNat.{0} Nat (nat_lit 3) _)) →
            (fun (x : Fin (@OfNat.ofNat.{0} Nat (nat_lit 3) _)) => Real) i)
          (TheoremT.Continuum.physicalRealAxisSpectator z) i))
TheoremT.Continuum.physicalRealAxisSpectator_norm : ∀ (z : Fin (@OfNat.ofNat.{0} Nat (nat_lit 4) _) → Real),
  @Eq.{1} Real (@Norm.norm.{0} TheoremT.Continuum.Position _ (TheoremT.Continuum.physicalRealAxisSpectator z))
    (@Norm.norm.{0} Real _ (z (@OfNat.ofNat.{0} (Fin (@OfNat.ofNat.{0} Nat (nat_lit 4) _)) (nat_lit 3) _)))
TheoremT.Continuum.physicalRealAxisSpatial_norm_sq : ∀ (z : Fin (@OfNat.ofNat.{0} Nat (nat_lit 4) _) → Real),
  @Eq.{1} Real
    (@HPow.hPow.{0, 0, 0} Real Nat Real _
      (@Norm.norm.{0} TheoremT.Continuum.Position _ (TheoremT.Continuum.physicalRealAxisSpatial z))
      (@OfNat.ofNat.{0} Nat (nat_lit 2) _))
    (@HAdd.hAdd.{0, 0, 0} Real Real Real _
      (@HAdd.hAdd.{0, 0, 0} Real Real Real _
        (@HPow.hPow.{0, 0, 0} Real Nat Real _
          (z (@OfNat.ofNat.{0} (Fin (@OfNat.ofNat.{0} Nat (nat_lit 4) _)) (nat_lit 0) _))
          (@OfNat.ofNat.{0} Nat (nat_lit 2) _))
        (@HPow.hPow.{0, 0, 0} Real Nat Real _
          (z (@OfNat.ofNat.{0} (Fin (@OfNat.ofNat.{0} Nat (nat_lit 4) _)) (nat_lit 1) _))
          (@OfNat.ofNat.{0} Nat (nat_lit 2) _)))
      (@HPow.hPow.{0, 0, 0} Real Nat Real _
        (z (@OfNat.ofNat.{0} (Fin (@OfNat.ofNat.{0} Nat (nat_lit 4) _)) (nat_lit 2) _))
        (@OfNat.ofNat.{0} Nat (nat_lit 2) _)))
TheoremT.Continuum.physicalRealAxisSpatial_norm_le : ∀ (z : Fin (@OfNat.ofNat.{0} Nat (nat_lit 4) _) → Real),
  @LE.le.{0} Real _ (@Norm.norm.{0} TheoremT.Continuum.Position _ (TheoremT.Continuum.physicalRealAxisSpatial z))
    (@HMul.hMul.{0, 0, 0} Real Real Real _ (Real.sqrt (@OfNat.ofNat.{0} Real (nat_lit 3) _))
      (@Norm.norm.{0} (Fin (@OfNat.ofNat.{0} Nat (nat_lit 4) _) → Real) _ z))
@TheoremT.Continuum.physicalRealAxis_domain_of_norm_lt : ∀ {ρ r : Real}
  {z : Fin (@OfNat.ofNat.{0} Nat (nat_lit 4) _) → Real}
  (hz :
    @LT.lt.{0} Real _ (@Norm.norm.{0} (Fin (@OfNat.ofNat.{0} Nat (nat_lit 4) _) → Real) _ z)
      (@Min.min.{0} Real _ (@HDiv.hDiv.{0, 0, 0} Real Real Real _ ρ (Real.sqrt (@OfNat.ofNat.{0} Real (nat_lit 3) _)))
        r)),
  And
    (@LT.lt.{0} Real _ (@Norm.norm.{0} TheoremT.Continuum.Position _ (TheoremT.Continuum.physicalRealAxisSpatial z)) ρ)
    (@LT.lt.{0} Real _ (@Norm.norm.{0} TheoremT.Continuum.Position _ (TheoremT.Continuum.physicalRealAxisSpectator z))
      r)
'TheoremT.Continuum.physicalRealAxisSpatial' depends on axioms: [propext, Classical.choice, Quot.sound]
'TheoremT.Continuum.physicalRealAxisSpectator' depends on axioms: [propext, Classical.choice, Quot.sound]
'TheoremT.Continuum.physicalRealAxis_complexification' depends on axioms: [propext, Classical.choice, Quot.sound]
'TheoremT.Continuum.physicalRealAxisSpectator_norm' depends on axioms: [propext, Classical.choice, Quot.sound]
'TheoremT.Continuum.physicalRealAxisSpatial_norm_sq' depends on axioms: [propext, Classical.choice, Quot.sound]
'TheoremT.Continuum.physicalRealAxisSpatial_norm_le' depends on axioms: [propext, Classical.choice, Quot.sound]
'TheoremT.Continuum.physicalRealAxis_domain_of_norm_lt' depends on axioms: [propext, Classical.choice, Quot.sound]
