@TheoremT.Continuum.multinomial_univ_le_card_pow_sum.{u_1} : ∀ {ι : Type u_1} [inst : Fintype.{u_1} ι] (α : ι → Nat),
  @LE.le.{0} Nat _ (@Nat.multinomial.{u_1} ι (@Finset.univ.{u_1} ι _) α)
    (@HPow.hPow.{0, 0, 0} Nat Nat Nat _ (@Fintype.card.{u_1} ι _)
      (@Finset.sum.{u_1, 0} ι Nat _ (@Finset.univ.{u_1} ι _) fun (i : ι) => α i))
@TheoremT.Continuum.factorial_sum_le_card_pow_mul_prod_factorial.{u_1} : ∀ {ι : Type u_1} [inst : Fintype.{u_1} ι]
  (α : ι → Nat),
  @LE.le.{0} Nat _ (Nat.factorial (@Finset.sum.{u_1, 0} ι Nat _ (@Finset.univ.{u_1} ι _) fun (i : ι) => α i))
    (@HMul.hMul.{0, 0, 0} Nat Nat Nat _
      (@HPow.hPow.{0, 0, 0} Nat Nat Nat _ (@Fintype.card.{u_1} ι _)
        (@Finset.sum.{u_1, 0} ι Nat _ (@Finset.univ.{u_1} ι _) fun (i : ι) => α i))
      (@Finset.prod.{u_1, 0} ι Nat _ (@Finset.univ.{u_1} ι _) fun (i : ι) => Nat.factorial (α i)))
@TheoremT.Continuum.factorial_sum_le_card_pow_mul_prod_factorial_real.{u_1} : ∀ {ι : Type u_1} [inst : Fintype.{u_1} ι]
  (α : ι → Nat),
  @LE.le.{0} Real _
    (@Nat.cast.{0} Real _ (Nat.factorial (@Finset.sum.{u_1, 0} ι Nat _ (@Finset.univ.{u_1} ι _) fun (i : ι) => α i)))
    (@HMul.hMul.{0, 0, 0} Real Real Real _
      (@HPow.hPow.{0, 0, 0} Real Nat Real _ (@Nat.cast.{0} Real _ (@Fintype.card.{u_1} ι _))
        (@Finset.sum.{u_1, 0} ι Nat _ (@Finset.univ.{u_1} ι _) fun (i : ι) => α i))
      (@Finset.prod.{u_1, 0} ι Real _ (@Finset.univ.{u_1} ι _) fun (i : ι) =>
        @Nat.cast.{0} Real _ (Nat.factorial (α i))))
'TheoremT.Continuum.multinomial_univ_le_card_pow_sum' depends on axioms: [propext, Classical.choice, Quot.sound]
'TheoremT.Continuum.factorial_sum_le_card_pow_mul_prod_factorial' depends on axioms: [propext,
 Classical.choice,
 Quot.sound]
'TheoremT.Continuum.factorial_sum_le_card_pow_mul_prod_factorial_real' depends on axioms: [propext,
 Classical.choice,
 Quot.sound]
