@TheoremT.Continuum.WeakGrushin.MixedTriangularState.lower_order : ∀ {κ : Type} [inst : Fintype.{0} κ]
  [inst_1 : DecidableEq.{1} κ] {Ω : Set.{0} (@TheoremT.Continuum.WeakGrushin.Space κ _)}
  {f : @TheoremT.Continuum.WeakGrushin.Space κ _ → Complex} {r m r' m' : Nat} {W : Real}
  (hf : @TheoremT.Continuum.WeakGrushin.MixedTriangularState κ _ _ Ω f r m W) (hr : @LE.le.{0} Nat _ r' r)
  (hm : @LE.le.{0} Nat _ m' m), @TheoremT.Continuum.WeakGrushin.MixedTriangularState κ _ _ Ω f r' m' W
@TheoremT.Continuum.WeakGrushin.ProductCoordinateWeakHk.restrict : ∀ {κ : Type} [inst : Fintype.{0} κ]
  [inst_1 : DecidableEq.{1} κ] {Ω O : Set.{0} (@TheoremT.Continuum.WeakGrushin.Space κ _)}
  {f : @TheoremT.Continuum.WeakGrushin.Space κ _ → Complex} {m : Nat} {W U : Real}
  (hf : @TheoremT.Continuum.WeakGrushin.ProductCoordinateWeakHk κ _ _ Ω f m W)
  (hO : @LE.le.{0} (Set.{0} (@TheoremT.Continuum.WeakGrushin.Space κ _)) _ O Ω) (hWU : @LE.le.{0} Real _ W U),
  @TheoremT.Continuum.WeakGrushin.ProductCoordinateWeakHk κ _ _ O f m U
@TheoremT.Continuum.WeakGrushin.finite_weak_grushin_coordinate_regularity : ∀ {κ : Type} [inst : Fintype.{0} κ]
  [inst_1 : DecidableEq.{1} κ] {c : Real} (hc : @LT.lt.{0} Real _ (@OfNat.ofNat.{0} Real (nat_lit 0) _) c) (m : Nat)
  (ΩT VT ΩY VY : Nat → Set.{0} (@TheoremT.Continuum.WeakGrushin.Space κ _))
  (χT ηT χY ηY : Nat → @TheoremT.Continuum.WeakGrushin.Space κ _ → Real) (MT AT LT DT QT MY AY LY DY QY : Nat → Real)
  (hGeomT :
    ∀ (k : Nat),
      @_root_.LT.lt.{0} Nat _ k m →
        @TheoremT.Continuum.WeakGrushin.SpectatorStepGeometry κ _ _ c (ΩT k)
          (ΩT (@HAdd.hAdd.{0, 0, 0} Nat Nat Nat _ k (@OfNat.ofNat.{0} Nat (nat_lit 1) _))) (VT k) (χT k) (ηT k) (MT k)
          (AT k) (LT k) (DT k) (QT k))
  (hGeomY :
    ∀ (k : Nat),
      @_root_.LT.lt.{0} Nat _ k m →
        @TheoremT.Continuum.WeakGrushin.SpectatorStepGeometry κ _ _ (@OfNat.ofNat.{0} Real (nat_lit 0) _) (ΩY k)
          (ΩY (@HAdd.hAdd.{0, 0, 0} Nat Nat Nat _ k (@OfNat.ofNat.{0} Nat (nat_lit 1) _))) (VY k) (χY k) (ηY k) (MY k)
          (AY k) (LY k) (DY k) (QY k))
  (hOpenY :
    ∀ (k : Nat),
      @_root_.LT.lt.{0} Nat _ k m →
        @IsOpen.{0} (@TheoremT.Continuum.WeakGrushin.Space κ _) _
          (ΩY (@HAdd.hAdd.{0, 0, 0} Nat Nat Nat _ k (@OfNat.ofNat.{0} Nat (nat_lit 1) _))))
  (hJoin :
    @Eq.{1} (Set.{0} (@TheoremT.Continuum.WeakGrushin.Space κ _)) (ΩY (@OfNat.ofNat.{0} Nat (nat_lit 0) _)) (ΩT m))
  {B : @TheoremT.Continuum.WeakGrushin.Space κ _ → Real}
  (hB :
    @ContDiffOn.{0, 0, 0} Real _ (@TheoremT.Continuum.WeakGrushin.Space κ _) _ _ Real _ _
      (@WithTop.some.{0} ENat (@Top.top.{0} ENat _)) B (ΩT (@OfNat.ofNat.{0} Nat (nat_lit 0) _)))
  (f : @TheoremT.Continuum.WeakGrushin.Space κ _ → Complex)
  (S :
    List.{0} (Fin (@OfNat.ofNat.{0} Nat (nat_lit 4) _)) →
      List.{0} κ → @TheoremT.Continuum.WeakGrushin.Space κ _ → Complex)
  (K0 Q0 H0 W0 : Real) (hK0 : @LE.le.{0} Real _ (@OfNat.ofNat.{0} Real (nat_lit 0) _) K0)
  (hH0 : @LE.le.{0} Real _ (@OfNat.ofNat.{0} Real (nat_lit 0) _) H0)
  (hW0 : @LE.le.{0} Real _ (@OfNat.ofNat.{0} Real (nat_lit 0) _) W0)
  (hf : @TheoremT.Continuum.WeakGrushin.RegionL2Budget κ _ f (ΩT (@OfNat.ofNat.{0} Nat (nat_lit 0) _)) W0)
  (hS :
    ∀ (a : List.{0} (Fin (@OfNat.ofNat.{0} Nat (nat_lit 4) _))) (b : List.{0} κ),
      @LE.le.{0} Nat _
          (@HAdd.hAdd.{0, 0, 0} Nat Nat Nat _ (@List.length.{0} (Fin (@OfNat.ofNat.{0} Nat (nat_lit 4) _)) a)
            (@List.length.{0} κ b))
          m →
        @TheoremT.Continuum.WeakGrushin.RegionL2Budget κ _ (S a b) (ΩT (@OfNat.ofNat.{0} Nat (nat_lit 0) _)) H0)
  (hSY :
    ∀ (a : List.{0} (Fin (@OfNat.ofNat.{0} Nat (nat_lit 4) _))) (b : List.{0} κ)
      (i : Fin (@OfNat.ofNat.{0} Nat (nat_lit 4) _)),
      @_root_.LT.lt.{0} Nat _
          (@HAdd.hAdd.{0, 0, 0} Nat Nat Nat _ (@List.length.{0} (Fin (@OfNat.ofNat.{0} Nat (nat_lit 4) _)) a)
            (@List.length.{0} κ b))
          m →
        @TheoremT.Continuum.ProductLocalWeakDirectional.{0, 0}
          (EuclideanSpace.{0, 0} Real (Fin (@OfNat.ofNat.{0} Nat (nat_lit 4) _))) (EuclideanSpace.{0, 0} Real κ) _ _ _ _
          _ _ _ _ _ _ (ΩT (@OfNat.ofNat.{0} Nat (nat_lit 0) _)) (S a b)
          (S (@List.cons.{0} (Fin (@OfNat.ofNat.{0} Nat (nat_lit 4) _)) i a) b)
          (@TheoremT.Continuum.WeakGrushin.yDir κ _ i))
  (hST :
    ∀ (b : List.{0} κ) (j : κ),
      @_root_.LT.lt.{0} Nat _ (@List.length.{0} κ b) m →
        @TheoremT.Continuum.ProductLocalWeakDirectional.{0, 0}
          (EuclideanSpace.{0, 0} Real (Fin (@OfNat.ofNat.{0} Nat (nat_lit 4) _))) (EuclideanSpace.{0, 0} Real κ) _ _ _ _
          _ _ _ _ _ _ (ΩT (@OfNat.ofNat.{0} Nat (nat_lit 0) _))
          (S (@List.nil.{0} (Fin (@OfNat.ofNat.{0} Nat (nat_lit 4) _))) b)
          (S (@List.nil.{0} (Fin (@OfNat.ofNat.{0} Nat (nat_lit 4) _))) (@List.cons.{0} κ j b))
          (@TheoremT.Continuum.WeakGrushin.tDir κ _ _ j))
  (hCoeff :
    ∀ (a : List.{0} (Fin (@OfNat.ofNat.{0} Nat (nat_lit 4) _))) (b : List.{0} κ),
      @LE.le.{0} Nat _
          (@HAdd.hAdd.{0, 0, 0} Nat Nat Nat _ (@List.length.{0} (Fin (@OfNat.ofNat.{0} Nat (nat_lit 4) _)) a)
            (@List.length.{0} κ b))
          m →
        ∀ (p : @TheoremT.Continuum.WeakGrushin.Space κ _),
          @Membership.mem.{0, 0} (@TheoremT.Continuum.WeakGrushin.Space κ _)
              (Set.{0} (@TheoremT.Continuum.WeakGrushin.Space κ _)) _ (ΩT (@OfNat.ofNat.{0} Nat (nat_lit 0) _)) p →
            @LE.le.{0} Real _
              (@abs.{0} Real _ _
                (@TheoremT.Continuum.directionalWordDeriv.{0, 0}
                  (EuclideanSpace.{0, 0} Real (Fin (@OfNat.ofNat.{0} Nat (nat_lit 4) _))) (EuclideanSpace.{0, 0} Real κ)
                  _ _ _ _ (Fin (@OfNat.ofNat.{0} Nat (nat_lit 4) _)) (@TheoremT.Continuum.WeakGrushin.yDir κ _)
                  (@TheoremT.Continuum.WeakGrushin.spectatorWordDeriv κ _ _ B b) a p))
              K0)
  (hQuad :
    ∀ (a : List.{0} (Fin (@OfNat.ofNat.{0} Nat (nat_lit 4) _))),
      @LE.le.{0} Nat _ (@List.length.{0} (Fin (@OfNat.ofNat.{0} Nat (nat_lit 4) _)) a) m →
        ∀ (p : @TheoremT.Continuum.WeakGrushin.Space κ _),
          @Membership.mem.{0, 0} (@TheoremT.Continuum.WeakGrushin.Space κ _)
              (Set.{0} (@TheoremT.Continuum.WeakGrushin.Space κ _)) _ (ΩT (@OfNat.ofNat.{0} Nat (nat_lit 0) _)) p →
            @LE.le.{0} Real _
              (@abs.{0} Real _ _
                (@TheoremT.Continuum.directionalWordDeriv.{0, 0}
                  (EuclideanSpace.{0, 0} Real (Fin (@OfNat.ofNat.{0} Nat (nat_lit 4) _))) (EuclideanSpace.{0, 0} Real κ)
                  _ _ _ _ (Fin (@OfNat.ofNat.{0} Nat (nat_lit 4) _)) (@TheoremT.Continuum.WeakGrushin.yDir κ _)
                  (fun (p : @TheoremT.Continuum.WeakGrushin.Space κ _) =>
                    @HPow.hPow.{0, 0, 0} Real Nat Real _
                      (@Norm.norm.{0} (EuclideanSpace.{0, 0} Real (Fin (@OfNat.ofNat.{0} Nat (nat_lit 4) _))) _
                        (@Prod.fst.{0, 0} (EuclideanSpace.{0, 0} Real (Fin (@OfNat.ofNat.{0} Nat (nat_lit 4) _)))
                          (EuclideanSpace.{0, 0} Real κ) p))
                      (@OfNat.ofNat.{0} Nat (nat_lit 2) _))
                  a p))
              Q0)
  (hEq :
    ∀ (φ : @TheoremT.Continuum.WeakGrushin.Space κ _ → Real),
      @ContDiff.{0, 0, 0} Real _ (@TheoremT.Continuum.WeakGrushin.Space κ _) _ _ Real _ _
          (@WithTop.some.{0} ENat (@Top.top.{0} ENat _)) φ →
        @HasCompactSupport.{0, 0} (@TheoremT.Continuum.WeakGrushin.Space κ _) Real _ _ φ →
          @LE.le.{0} (Set.{0} (@TheoremT.Continuum.WeakGrushin.Space κ _)) _
              (@tsupport.{0, 0} (@TheoremT.Continuum.WeakGrushin.Space κ _) Real _ _ φ)
              (ΩT (@OfNat.ofNat.{0} Nat (nat_lit 0) _)) →
            @Eq.{1} Complex
              (@MeasureTheory.integral.{0, 0} (Prod.{0, 0} TheoremT.Continuum.KSSpace (EuclideanSpace.{0, 0} Real κ))
                Complex _ _
                (@MeasureTheory.MeasureSpace.toMeasurableSpace.{0}
                  (Prod.{0, 0} TheoremT.Continuum.KSSpace (EuclideanSpace.{0, 0} Real κ)) _)
                (@MeasureTheory.MeasureSpace.volume.{0}
                  (Prod.{0, 0} TheoremT.Continuum.KSSpace (EuclideanSpace.{0, 0} Real κ)) _)
                fun (p : Prod.{0, 0} TheoremT.Continuum.KSSpace (EuclideanSpace.{0, 0} Real κ)) =>
                @HSMul.hSMul.{0, 0, 0} Real Complex Complex _
                  (@TheoremT.Continuum.splitGrushin.{0, 0} (EuclideanSpace.{0, 0} Real κ) _ _ κ _ c
                    (@TheoremT.Continuum.oscillatorBasis.{0} κ _) B φ p)
                  (f p))
              (@MeasureTheory.integral.{0, 0} (@TheoremT.Continuum.WeakGrushin.Space κ _) Complex _ _
                (@MeasureTheory.MeasureSpace.toMeasurableSpace.{0} (@TheoremT.Continuum.WeakGrushin.Space κ _) _)
                (@MeasureTheory.MeasureSpace.volume.{0} (@TheoremT.Continuum.WeakGrushin.Space κ _) _)
                fun (p : @TheoremT.Continuum.WeakGrushin.Space κ _) =>
                @HSMul.hSMul.{0, 0, 0} Real Complex Complex _ (φ p)
                  (S (@List.nil.{0} (Fin (@OfNat.ofNat.{0} Nat (nat_lit 4) _))) (@List.nil.{0} κ) p))),
  @Exists.{1} Real fun (W : Real) =>
    And (@LE.le.{0} Real _ (@OfNat.ofNat.{0} Real (nat_lit 0) _) W)
      (@TheoremT.Continuum.WeakGrushin.ProductCoordinateWeakHk κ _ _ (ΩY m) f m W)
'TheoremT.Continuum.WeakGrushin.MixedTriangularState.lower_order' depends on axioms: [propext,
 Classical.choice,
 Quot.sound]
'TheoremT.Continuum.WeakGrushin.ProductCoordinateWeakHk.restrict' depends on axioms: [propext,
 Classical.choice,
 Quot.sound]
'TheoremT.Continuum.WeakGrushin.finite_weak_grushin_coordinate_regularity' depends on axioms: [propext,
 Classical.choice,
 Quot.sound]
