@TheoremT.Continuum.WeakGrushin.coordinateWordSpectatorTrace : {κ : Type} →
  [inst : Fintype.{0} κ] →
    (D :
        List.{0} (Sum.{0, 0} (Fin (@OfNat.ofNat.{0} Nat (nat_lit 4) _)) κ) →
          @TheoremT.Continuum.WeakGrushin.Space κ _ → Complex) →
      (w : List.{0} (Sum.{0, 0} (Fin (@OfNat.ofNat.{0} Nat (nat_lit 4) _)) κ)) →
        (p : @TheoremT.Continuum.WeakGrushin.Space κ _) → Complex
@TheoremT.Continuum.WeakGrushin.coordinateWordSpectatorTrace_locallyL2 : ∀ {κ : Type} [inst : Fintype.{0} κ]
  [DecidableEq.{1} κ] {Ω : Set.{0} (@TheoremT.Continuum.WeakGrushin.Space κ _)} {m : Nat}
  (D :
    List.{0} (Sum.{0, 0} (Fin (@OfNat.ofNat.{0} Nat (nat_lit 4) _)) κ) →
      @TheoremT.Continuum.WeakGrushin.Space κ _ → Complex)
  (hD :
    ∀ (w : List.{0} (Sum.{0, 0} (Fin (@OfNat.ofNat.{0} Nat (nat_lit 4) _)) κ)),
      @LE.le.{0} Nat _ (@List.length.{0} (Sum.{0, 0} (Fin (@OfNat.ofNat.{0} Nat (nat_lit 4) _)) κ) w)
          (@HAdd.hAdd.{0, 0, 0} Nat Nat Nat _ m (@OfNat.ofNat.{0} Nat (nat_lit 2) _)) →
        @TheoremT.Continuum.ProductLocallyL2On.{0, 0}
          (EuclideanSpace.{0, 0} Real (Fin (@OfNat.ofNat.{0} Nat (nat_lit 4) _))) (EuclideanSpace.{0, 0} Real κ) _ _ _ _
          _ _ _ _ _ _ (D w) Ω)
  (w : List.{0} (Sum.{0, 0} (Fin (@OfNat.ofNat.{0} Nat (nat_lit 4) _)) κ))
  (hw : @LE.le.{0} Nat _ (@List.length.{0} (Sum.{0, 0} (Fin (@OfNat.ofNat.{0} Nat (nat_lit 4) _)) κ) w) m),
  @TheoremT.Continuum.ProductLocallyL2On.{0, 0} (EuclideanSpace.{0, 0} Real (Fin (@OfNat.ofNat.{0} Nat (nat_lit 4) _)))
    (EuclideanSpace.{0, 0} Real κ) _ _ _ _ _ _ _ _ _ _
    (@TheoremT.Continuum.WeakGrushin.coordinateWordSpectatorTrace κ _ D w) Ω
@TheoremT.Continuum.WeakGrushin.coordinateWordSpectatorTrace_localD : ∀ {κ : Type} [inst : Fintype.{0} κ]
  [inst_1 : DecidableEq.{1} κ] {Ω : Set.{0} (@TheoremT.Continuum.WeakGrushin.Space κ _)} {m : Nat}
  (D :
    List.{0} (Sum.{0, 0} (Fin (@OfNat.ofNat.{0} Nat (nat_lit 4) _)) κ) →
      @TheoremT.Continuum.WeakGrushin.Space κ _ → Complex)
  (hD :
    ∀ (w : List.{0} (Sum.{0, 0} (Fin (@OfNat.ofNat.{0} Nat (nat_lit 4) _)) κ))
      (i : Sum.{0, 0} (Fin (@OfNat.ofNat.{0} Nat (nat_lit 4) _)) κ),
      @LT.lt.{0} Nat _ (@List.length.{0} (Sum.{0, 0} (Fin (@OfNat.ofNat.{0} Nat (nat_lit 4) _)) κ) w)
          (@HAdd.hAdd.{0, 0, 0} Nat Nat Nat _ m (@OfNat.ofNat.{0} Nat (nat_lit 2) _)) →
        @TheoremT.Continuum.ProductLocalWeakDirectional.{0, 0}
          (EuclideanSpace.{0, 0} Real (Fin (@OfNat.ofNat.{0} Nat (nat_lit 4) _))) (EuclideanSpace.{0, 0} Real κ) _ _ _ _
          _ _ _ _ _ _ Ω (D w) (D (@List.cons.{0} (Sum.{0, 0} (Fin (@OfNat.ofNat.{0} Nat (nat_lit 4) _)) κ) i w))
          (@TheoremT.Continuum.WeakGrushin.productCoordinateDirection κ _ _ i))
  (w : List.{0} (Sum.{0, 0} (Fin (@OfNat.ofNat.{0} Nat (nat_lit 4) _)) κ))
  (i : Sum.{0, 0} (Fin (@OfNat.ofNat.{0} Nat (nat_lit 4) _)) κ)
  (hw : @LT.lt.{0} Nat _ (@List.length.{0} (Sum.{0, 0} (Fin (@OfNat.ofNat.{0} Nat (nat_lit 4) _)) κ) w) m),
  @TheoremT.Continuum.ProductLocalWeakDirectional.{0, 0}
    (EuclideanSpace.{0, 0} Real (Fin (@OfNat.ofNat.{0} Nat (nat_lit 4) _))) (EuclideanSpace.{0, 0} Real κ) _ _ _ _ _ _ _
    _ _ _ Ω (@TheoremT.Continuum.WeakGrushin.coordinateWordSpectatorTrace κ _ D w)
    (@TheoremT.Continuum.WeakGrushin.coordinateWordSpectatorTrace κ _ D
      (@List.cons.{0} (Sum.{0, 0} (Fin (@OfNat.ofNat.{0} Nat (nat_lit 4) _)) κ) i w))
    (@TheoremT.Continuum.WeakGrushin.productCoordinateDirection κ _ _ i)
@TheoremT.Continuum.WeakGrushin.coordinate_word_appended_second_spectator : ∀ {κ : Type} [inst : Fintype.{0} κ]
  [inst_1 : DecidableEq.{1} κ] {Ω : Set.{0} (@TheoremT.Continuum.WeakGrushin.Space κ _)}
  (hΩ : @IsOpen.{0} (@TheoremT.Continuum.WeakGrushin.Space κ _) _ Ω) {m : Nat} {W : Real}
  (D :
    List.{0} (Sum.{0, 0} (Fin (@OfNat.ofNat.{0} Nat (nat_lit 4) _)) κ) →
      @TheoremT.Continuum.WeakGrushin.Space κ _ → Complex)
  (hBudget :
    ∀ (w : List.{0} (Sum.{0, 0} (Fin (@OfNat.ofNat.{0} Nat (nat_lit 4) _)) κ)),
      @LE.le.{0} Nat _ (@List.length.{0} (Sum.{0, 0} (Fin (@OfNat.ofNat.{0} Nat (nat_lit 4) _)) κ) w)
          (@HAdd.hAdd.{0, 0, 0} Nat Nat Nat _ m (@OfNat.ofNat.{0} Nat (nat_lit 2) _)) →
        @TheoremT.Continuum.WeakGrushin.RegionL2Budget κ _ (D w) Ω W)
  (hChain :
    ∀ (w : List.{0} (Sum.{0, 0} (Fin (@OfNat.ofNat.{0} Nat (nat_lit 4) _)) κ))
      (i : Sum.{0, 0} (Fin (@OfNat.ofNat.{0} Nat (nat_lit 4) _)) κ),
      @LT.lt.{0} Nat _ (@List.length.{0} (Sum.{0, 0} (Fin (@OfNat.ofNat.{0} Nat (nat_lit 4) _)) κ) w)
          (@HAdd.hAdd.{0, 0, 0} Nat Nat Nat _ m (@OfNat.ofNat.{0} Nat (nat_lit 2) _)) →
        @TheoremT.Continuum.ProductLocalWeakDirectional.{0, 0}
          (EuclideanSpace.{0, 0} Real (Fin (@OfNat.ofNat.{0} Nat (nat_lit 4) _))) (EuclideanSpace.{0, 0} Real κ) _ _ _ _
          _ _ _ _ _ _ Ω (D w) (D (@List.cons.{0} (Sum.{0, 0} (Fin (@OfNat.ofNat.{0} Nat (nat_lit 4) _)) κ) i w))
          (@TheoremT.Continuum.WeakGrushin.productCoordinateDirection κ _ _ i))
  (w : List.{0} (Sum.{0, 0} (Fin (@OfNat.ofNat.{0} Nat (nat_lit 4) _)) κ))
  (hw : @LE.le.{0} Nat _ (@List.length.{0} (Sum.{0, 0} (Fin (@OfNat.ofNat.{0} Nat (nat_lit 4) _)) κ) w) m) (j : κ),
  @TheoremT.Continuum.ProductLocalWeakDirectional.{0, 0}
    (EuclideanSpace.{0, 0} Real (Fin (@OfNat.ofNat.{0} Nat (nat_lit 4) _))) (EuclideanSpace.{0, 0} Real κ) _ _ _ _ _ _ _
    _ _ _ Ω
    (D
      (@List.cons.{0} (Sum.{0, 0} (Fin (@OfNat.ofNat.{0} Nat (nat_lit 4) _)) κ)
        (@Sum.inr.{0, 0} (Fin (@OfNat.ofNat.{0} Nat (nat_lit 4) _)) κ j) w))
    (D
      (@HAppend.hAppend.{0, 0, 0} (List.{0} (Sum.{0, 0} (Fin (@OfNat.ofNat.{0} Nat (nat_lit 4) _)) κ))
        (List.{0} (Sum.{0, 0} (Fin (@OfNat.ofNat.{0} Nat (nat_lit 4) _)) κ))
        (List.{0} (Sum.{0, 0} (Fin (@OfNat.ofNat.{0} Nat (nat_lit 4) _)) κ)) _ w
        (@List.cons.{0} (Sum.{0, 0} (Fin (@OfNat.ofNat.{0} Nat (nat_lit 4) _)) κ)
          (@Sum.inr.{0, 0} (Fin (@OfNat.ofNat.{0} Nat (nat_lit 4) _)) κ j)
          (@List.cons.{0} (Sum.{0, 0} (Fin (@OfNat.ofNat.{0} Nat (nat_lit 4) _)) κ)
            (@Sum.inr.{0, 0} (Fin (@OfNat.ofNat.{0} Nat (nat_lit 4) _)) κ j)
            (@List.nil.{0} (Sum.{0, 0} (Fin (@OfNat.ofNat.{0} Nat (nat_lit 4) _)) κ))))))
    (@TheoremT.Continuum.WeakGrushin.tDir κ _ _ j)
@TheoremT.Continuum.WeakGrushin.coordinateWordYSource : {κ : Type} →
  [inst : Fintype.{0} κ] →
    [DecidableEq.{1} κ] →
      (c : Real) →
        (B : @TheoremT.Continuum.WeakGrushin.Space κ _ → Real) →
          (D S :
              List.{0} (Sum.{0, 0} (Fin (@OfNat.ofNat.{0} Nat (nat_lit 4) _)) κ) →
                @TheoremT.Continuum.WeakGrushin.Space κ _ → Complex) →
            (w : List.{0} (Sum.{0, 0} (Fin (@OfNat.ofNat.{0} Nat (nat_lit 4) _)) κ)) →
              (p : @TheoremT.Continuum.WeakGrushin.Space κ _) → Complex
@TheoremT.Continuum.WeakGrushin.coordinateWordGrushinSource : {κ : Type} →
  [inst : Fintype.{0} κ] →
    [DecidableEq.{1} κ] →
      (c : Real) →
        (B : @TheoremT.Continuum.WeakGrushin.Space κ _ → Real) →
          (D S :
              List.{0} (Sum.{0, 0} (Fin (@OfNat.ofNat.{0} Nat (nat_lit 4) _)) κ) →
                @TheoremT.Continuum.WeakGrushin.Space κ _ → Complex) →
            (w : List.{0} (Sum.{0, 0} (Fin (@OfNat.ofNat.{0} Nat (nat_lit 4) _)) κ)) →
              (p : @TheoremT.Continuum.WeakGrushin.Space κ _) → Complex
@TheoremT.Continuum.WeakGrushin.coordinateWordGrushinSource_eq : ∀ {κ : Type} [inst : Fintype.{0} κ]
  [inst_1 : DecidableEq.{1} κ] (c : Real) (B : @TheoremT.Continuum.WeakGrushin.Space κ _ → Real)
  (D S :
    List.{0} (Sum.{0, 0} (Fin (@OfNat.ofNat.{0} Nat (nat_lit 4) _)) κ) →
      @TheoremT.Continuum.WeakGrushin.Space κ _ → Complex)
  (w : List.{0} (Sum.{0, 0} (Fin (@OfNat.ofNat.{0} Nat (nat_lit 4) _)) κ))
  (p : @TheoremT.Continuum.WeakGrushin.Space κ _),
  @Eq.{1} Complex
    (@HAdd.hAdd.{0, 0, 0} Complex Complex Complex _
      (@HSub.hSub.{0, 0, 0} Complex Complex Complex _
        (@TheoremT.Continuum.WeakGrushin.coordinateWordYSource κ _ _ c B D S w p)
        (@HSMul.hSMul.{0, 0, 0} Real Complex Complex _
          (@HMul.hMul.{0, 0, 0} Real Real Real _ c
            (@HPow.hPow.{0, 0, 0} Real Nat Real _
              (@Norm.norm.{0} (EuclideanSpace.{0, 0} Real (Fin (@OfNat.ofNat.{0} Nat (nat_lit 4) _))) _
                (@Prod.fst.{0, 0} (EuclideanSpace.{0, 0} Real (Fin (@OfNat.ofNat.{0} Nat (nat_lit 4) _)))
                  (EuclideanSpace.{0, 0} Real κ) p))
              (@OfNat.ofNat.{0} Nat (nat_lit 2) _)))
          (@TheoremT.Continuum.WeakGrushin.coordinateWordSpectatorTrace κ _ D w p)))
      (@HSMul.hSMul.{0, 0, 0} Real Complex Complex _ (B p) (D w p)))
    (@TheoremT.Continuum.WeakGrushin.coordinateWordGrushinSource κ _ _ c B D S w p)
@TheoremT.Continuum.WeakGrushin.weak_grushin_coordinate_word_equations : ∀ {κ : Type} [inst : Fintype.{0} κ]
  [inst_1 : DecidableEq.{1} κ] (c : Real) {Ω : Set.{0} (@TheoremT.Continuum.WeakGrushin.Space κ _)}
  (hΩ : @IsOpen.{0} (@TheoremT.Continuum.WeakGrushin.Space κ _) _ Ω)
  {B : @TheoremT.Continuum.WeakGrushin.Space κ _ → Real}
  (hB :
    @ContDiffOn.{0, 0, 0} Real _ (@TheoremT.Continuum.WeakGrushin.Space κ _) _ _ Real _ _
      (@WithTop.some.{0} ENat (@Top.top.{0} ENat _)) B Ω)
  {m : Nat} {W : Real}
  (D S :
    List.{0} (Sum.{0, 0} (Fin (@OfNat.ofNat.{0} Nat (nat_lit 4) _)) κ) →
      @TheoremT.Continuum.WeakGrushin.Space κ _ → Complex)
  (hBudget :
    ∀ (w : List.{0} (Sum.{0, 0} (Fin (@OfNat.ofNat.{0} Nat (nat_lit 4) _)) κ)),
      @LE.le.{0} Nat _ (@List.length.{0} (Sum.{0, 0} (Fin (@OfNat.ofNat.{0} Nat (nat_lit 4) _)) κ) w)
          (@HAdd.hAdd.{0, 0, 0} Nat Nat Nat _ m (@OfNat.ofNat.{0} Nat (nat_lit 2) _)) →
        @TheoremT.Continuum.WeakGrushin.RegionL2Budget κ _ (D w) Ω W)
  (hChain :
    ∀ (w : List.{0} (Sum.{0, 0} (Fin (@OfNat.ofNat.{0} Nat (nat_lit 4) _)) κ))
      (i : Sum.{0, 0} (Fin (@OfNat.ofNat.{0} Nat (nat_lit 4) _)) κ),
      @LT.lt.{0} Nat _ (@List.length.{0} (Sum.{0, 0} (Fin (@OfNat.ofNat.{0} Nat (nat_lit 4) _)) κ) w)
          (@HAdd.hAdd.{0, 0, 0} Nat Nat Nat _ m (@OfNat.ofNat.{0} Nat (nat_lit 2) _)) →
        @TheoremT.Continuum.ProductLocalWeakDirectional.{0, 0}
          (EuclideanSpace.{0, 0} Real (Fin (@OfNat.ofNat.{0} Nat (nat_lit 4) _))) (EuclideanSpace.{0, 0} Real κ) _ _ _ _
          _ _ _ _ _ _ Ω (D w) (D (@List.cons.{0} (Sum.{0, 0} (Fin (@OfNat.ofNat.{0} Nat (nat_lit 4) _)) κ) i w))
          (@TheoremT.Continuum.WeakGrushin.productCoordinateDirection κ _ _ i))
  (hS :
    ∀ (w : List.{0} (Sum.{0, 0} (Fin (@OfNat.ofNat.{0} Nat (nat_lit 4) _)) κ)),
      @LE.le.{0} Nat _ (@List.length.{0} (Sum.{0, 0} (Fin (@OfNat.ofNat.{0} Nat (nat_lit 4) _)) κ) w) m →
        @TheoremT.Continuum.ProductLocallyL2On.{0, 0}
          (EuclideanSpace.{0, 0} Real (Fin (@OfNat.ofNat.{0} Nat (nat_lit 4) _))) (EuclideanSpace.{0, 0} Real κ) _ _ _ _
          _ _ _ _ _ _ (S w) Ω)
  (hSD :
    ∀ (w : List.{0} (Sum.{0, 0} (Fin (@OfNat.ofNat.{0} Nat (nat_lit 4) _)) κ))
      (i : Sum.{0, 0} (Fin (@OfNat.ofNat.{0} Nat (nat_lit 4) _)) κ),
      @LT.lt.{0} Nat _ (@List.length.{0} (Sum.{0, 0} (Fin (@OfNat.ofNat.{0} Nat (nat_lit 4) _)) κ) w) m →
        @TheoremT.Continuum.ProductLocalWeakDirectional.{0, 0}
          (EuclideanSpace.{0, 0} Real (Fin (@OfNat.ofNat.{0} Nat (nat_lit 4) _))) (EuclideanSpace.{0, 0} Real κ) _ _ _ _
          _ _ _ _ _ _ Ω (S w) (S (@List.cons.{0} (Sum.{0, 0} (Fin (@OfNat.ofNat.{0} Nat (nat_lit 4) _)) κ) i w))
          (@TheoremT.Continuum.WeakGrushin.productCoordinateDirection κ _ _ i))
  (hP :
    ∀ (φ : @TheoremT.Continuum.WeakGrushin.Space κ _ → Real),
      @ContDiff.{0, 0, 0} Real _ (@TheoremT.Continuum.WeakGrushin.Space κ _) _ _ Real _ _
          (@WithTop.some.{0} ENat (@Top.top.{0} ENat _)) φ →
        @HasCompactSupport.{0, 0} (@TheoremT.Continuum.WeakGrushin.Space κ _) Real _ _ φ →
          @LE.le.{0} (Set.{0} (@TheoremT.Continuum.WeakGrushin.Space κ _)) _
              (@tsupport.{0, 0} (@TheoremT.Continuum.WeakGrushin.Space κ _) Real _ _ φ) Ω →
            @Eq.{1} Complex
              (@MeasureTheory.integral.{0, 0} (Prod.{0, 0} TheoremT.Continuum.KSSpace (EuclideanSpace.{0, 0} Real κ))
                Complex _ _
                (@MeasureTheory.MeasureSpace.toMeasurableSpace.{0}
                  (Prod.{0, 0} TheoremT.Continuum.KSSpace (EuclideanSpace.{0, 0} Real κ)) _)
                (@MeasureTheory.MeasureSpace.volume.{0}
                  (Prod.{0, 0} TheoremT.Continuum.KSSpace (EuclideanSpace.{0, 0} Real κ)) _)
                fun (p : Prod.{0, 0} TheoremT.Continuum.KSSpace (EuclideanSpace.{0, 0} Real κ)) =>
                @HSMul.hSMul.{0, 0, 0} Real Complex Complex _
                  (@TheoremT.Continuum.splitGrushin.{0, 0} (EuclideanSpace.{0, 0} Real κ) _ _ κ _ c
                    (@TheoremT.Continuum.oscillatorBasis.{0} κ _) B φ p)
                  (D (@List.nil.{0} (Sum.{0, 0} (Fin (@OfNat.ofNat.{0} Nat (nat_lit 4) _)) κ)) p))
              (@MeasureTheory.integral.{0, 0} (@TheoremT.Continuum.WeakGrushin.Space κ _) Complex _ _
                (@MeasureTheory.MeasureSpace.toMeasurableSpace.{0} (@TheoremT.Continuum.WeakGrushin.Space κ _) _)
                (@MeasureTheory.MeasureSpace.volume.{0} (@TheoremT.Continuum.WeakGrushin.Space κ _) _)
                fun (p : @TheoremT.Continuum.WeakGrushin.Space κ _) =>
                @HSMul.hSMul.{0, 0, 0} Real Complex Complex _ (φ p)
                  (S (@List.nil.{0} (Sum.{0, 0} (Fin (@OfNat.ofNat.{0} Nat (nat_lit 4) _)) κ)) p)))
  (w : List.{0} (Sum.{0, 0} (Fin (@OfNat.ofNat.{0} Nat (nat_lit 4) _)) κ)),
  @LE.le.{0} Nat _ (@List.length.{0} (Sum.{0, 0} (Fin (@OfNat.ofNat.{0} Nat (nat_lit 4) _)) κ) w) m →
    And
      (@TheoremT.Continuum.ProductLocallyL2On.{0, 0}
        (EuclideanSpace.{0, 0} Real (Fin (@OfNat.ofNat.{0} Nat (nat_lit 4) _))) (EuclideanSpace.{0, 0} Real κ) _ _ _ _ _
        _ _ _ _ _ (@TheoremT.Continuum.WeakGrushin.coordinateWordGrushinSource κ _ _ c B D S w) Ω)
      (∀ (φ : @TheoremT.Continuum.WeakGrushin.Space κ _ → Real),
        @ContDiff.{0, 0, 0} Real _ (@TheoremT.Continuum.WeakGrushin.Space κ _) _ _ Real _ _
            (@WithTop.some.{0} ENat (@Top.top.{0} ENat _)) φ →
          @HasCompactSupport.{0, 0} (@TheoremT.Continuum.WeakGrushin.Space κ _) Real _ _ φ →
            @LE.le.{0} (Set.{0} (@TheoremT.Continuum.WeakGrushin.Space κ _)) _
                (@tsupport.{0, 0} (@TheoremT.Continuum.WeakGrushin.Space κ _) Real _ _ φ) Ω →
              And
                (@MeasureTheory.Integrable.{0, 0} Complex _ _
                  (Prod.{0, 0} TheoremT.Continuum.KSSpace (EuclideanSpace.{0, 0} Real κ))
                  (@Prod.instMeasurableSpace.{0, 0} TheoremT.Continuum.KSSpace (EuclideanSpace.{0, 0} Real κ) _ _)
                  (fun (p : Prod.{0, 0} TheoremT.Continuum.KSSpace (EuclideanSpace.{0, 0} Real κ)) =>
                    @HSMul.hSMul.{0, 0, 0} Real Complex Complex _
                      (@TheoremT.Continuum.splitGrushin.{0, 0} (EuclideanSpace.{0, 0} Real κ) _ _ κ _ c
                        (@TheoremT.Continuum.oscillatorBasis.{0} κ _) B φ p)
                      (D w p))
                  (@MeasureTheory.MeasureSpace.volume.{0}
                    (Prod.{0, 0} TheoremT.Continuum.KSSpace (EuclideanSpace.{0, 0} Real κ)) _))
                (And
                  (@MeasureTheory.Integrable.{0, 0} Complex _ _ (@TheoremT.Continuum.WeakGrushin.Space κ _)
                    (@Prod.instMeasurableSpace.{0, 0}
                      (EuclideanSpace.{0, 0} Real (Fin (@OfNat.ofNat.{0} Nat (nat_lit 4) _)))
                      (EuclideanSpace.{0, 0} Real κ) _ _)
                    (fun (p : @TheoremT.Continuum.WeakGrushin.Space κ _) =>
                      @HSMul.hSMul.{0, 0, 0} Real Complex Complex _ (φ p)
                        (@TheoremT.Continuum.WeakGrushin.coordinateWordGrushinSource κ _ _ c B D S w p))
                    (@MeasureTheory.MeasureSpace.volume.{0} (@TheoremT.Continuum.WeakGrushin.Space κ _) _))
                  (@Eq.{1} Complex
                    (@MeasureTheory.integral.{0, 0}
                      (Prod.{0, 0} TheoremT.Continuum.KSSpace (EuclideanSpace.{0, 0} Real κ)) Complex _ _
                      (@MeasureTheory.MeasureSpace.toMeasurableSpace.{0}
                        (Prod.{0, 0} TheoremT.Continuum.KSSpace (EuclideanSpace.{0, 0} Real κ)) _)
                      (@MeasureTheory.MeasureSpace.volume.{0}
                        (Prod.{0, 0} TheoremT.Continuum.KSSpace (EuclideanSpace.{0, 0} Real κ)) _)
                      fun (p : Prod.{0, 0} TheoremT.Continuum.KSSpace (EuclideanSpace.{0, 0} Real κ)) =>
                      @HSMul.hSMul.{0, 0, 0} Real Complex Complex _
                        (@TheoremT.Continuum.splitGrushin.{0, 0} (EuclideanSpace.{0, 0} Real κ) _ _ κ _ c
                          (@TheoremT.Continuum.oscillatorBasis.{0} κ _) B φ p)
                        (D w p))
                    (@MeasureTheory.integral.{0, 0} (@TheoremT.Continuum.WeakGrushin.Space κ _) Complex _ _
                      (@MeasureTheory.MeasureSpace.toMeasurableSpace.{0} (@TheoremT.Continuum.WeakGrushin.Space κ _) _)
                      (@MeasureTheory.MeasureSpace.volume.{0} (@TheoremT.Continuum.WeakGrushin.Space κ _) _)
                      fun (p : @TheoremT.Continuum.WeakGrushin.Space κ _) =>
                      @HSMul.hSMul.{0, 0, 0} Real Complex Complex _ (φ p)
                        (@TheoremT.Continuum.WeakGrushin.coordinateWordGrushinSource κ _ _ c B D S w p)))))
'TheoremT.Continuum.WeakGrushin.coordinateWordSpectatorTrace' depends on axioms: [propext, Classical.choice, Quot.sound]
'TheoremT.Continuum.WeakGrushin.coordinateWordSpectatorTrace_locallyL2' depends on axioms: [propext,
 Classical.choice,
 Quot.sound]
'TheoremT.Continuum.WeakGrushin.coordinateWordSpectatorTrace_localD' depends on axioms: [propext,
 Classical.choice,
 Quot.sound]
'TheoremT.Continuum.WeakGrushin.coordinate_word_appended_second_spectator' depends on axioms: [propext,
 Classical.choice,
 Quot.sound]
'TheoremT.Continuum.WeakGrushin.coordinateWordYSource' depends on axioms: [propext, Classical.choice, Quot.sound]
'TheoremT.Continuum.WeakGrushin.coordinateWordGrushinSource' depends on axioms: [propext, Classical.choice, Quot.sound]
'TheoremT.Continuum.WeakGrushin.coordinateWordGrushinSource_eq' depends on axioms: [propext,
 Classical.choice,
 Quot.sound]
'TheoremT.Continuum.WeakGrushin.weak_grushin_coordinate_word_equations' depends on axioms: [propext,
 Classical.choice,
 Quot.sound]
