TheoremT.Continuum.spectatorTotalDegreeIndices : (d n : Nat) →
  Finset.{0} (@Finsupp.{0, 0} (Fin (@HAdd.hAdd.{0, 0, 0} Nat Nat Nat _ d (@OfNat.ofNat.{0} Nat (nat_lit 1) _))) Nat _)
TheoremT.Continuum.mem_spectatorTotalDegreeIndices_iff : ∀ (d n : Nat)
  (w : @Finsupp.{0, 0} (Fin (@HAdd.hAdd.{0, 0, 0} Nat Nat Nat _ d (@OfNat.ofNat.{0} Nat (nat_lit 1) _))) Nat _),
  Iff
    (@Membership.mem.{0, 0}
      (@Finsupp.{0, 0} (Fin (@HAdd.hAdd.{0, 0, 0} Nat Nat Nat _ d (@OfNat.ofNat.{0} Nat (nat_lit 1) _))) Nat _)
      (Finset.{0}
        (@Finsupp.{0, 0} (Fin (@HAdd.hAdd.{0, 0, 0} Nat Nat Nat _ d (@OfNat.ofNat.{0} Nat (nat_lit 1) _))) Nat _))
      _ (TheoremT.Continuum.spectatorTotalDegreeIndices d n) w)
    (@Eq.{1} Nat
      (@HAdd.hAdd.{0, 0, 0} Nat Nat Nat _
        (@DFunLike.coe.{1, 1, 1}
          (@Finsupp.{0, 0} (Fin (@HAdd.hAdd.{0, 0, 0} Nat Nat Nat _ d (@OfNat.ofNat.{0} Nat (nat_lit 1) _))) Nat _)
          (Fin (@HAdd.hAdd.{0, 0, 0} Nat Nat Nat _ d (@OfNat.ofNat.{0} Nat (nat_lit 1) _)))
          (fun (x : Fin (@HAdd.hAdd.{0, 0, 0} Nat Nat Nat _ d (@OfNat.ofNat.{0} Nat (nat_lit 1) _))) => Nat) _ w
          (@OfNat.ofNat.{0} (Fin (@HAdd.hAdd.{0, 0, 0} Nat Nat Nat _ d (@OfNat.ofNat.{0} Nat (nat_lit 1) _)))
            (nat_lit 0) _))
        (@Finset.sum.{0, 0} (Fin d) Nat _ (@Finset.univ.{0} (Fin d) _) fun (i : Fin d) =>
          @DFunLike.coe.{1, 1, 1}
            (@Finsupp.{0, 0} (Fin (@HAdd.hAdd.{0, 0, 0} Nat Nat Nat _ d (@OfNat.ofNat.{0} Nat (nat_lit 1) _))) Nat _)
            (Fin (@HAdd.hAdd.{0, 0, 0} Nat Nat Nat _ d (@OfNat.ofNat.{0} Nat (nat_lit 1) _)))
            (fun (x : Fin (@HAdd.hAdd.{0, 0, 0} Nat Nat Nat _ d (@OfNat.ofNat.{0} Nat (nat_lit 1) _))) => Nat) _ w
            (@Fin.succ d i)))
      n)
TheoremT.Continuum.card_spectatorTotalDegreeIndices : ∀ (d n : Nat),
  @Eq.{1} Nat
    (@Finset.card.{0}
      (@Finsupp.{0, 0} (Fin (@HAdd.hAdd.{0, 0, 0} Nat Nat Nat _ d (@OfNat.ofNat.{0} Nat (nat_lit 1) _))) Nat _)
      (TheoremT.Continuum.spectatorTotalDegreeIndices d n))
    (Nat.choose (@HAdd.hAdd.{0, 0, 0} Nat Nat Nat _ n d) d)
@TheoremT.Continuum.groupedHomogeneousSpectatorPolynomial.{u_1} : {σ : Type u_1} →
  {d : Nat} →
    (A : Nat → (Fin d → Nat) → @MvPolynomial.{u_1, 0} σ Complex _) →
      (n : Nat) → @MvPolynomial.{u_1, 0} (Sum.{u_1, 0} σ (Fin d)) Complex _
@TheoremT.Continuum.groupedHomogeneousSpectatorPolynomial_isHomogeneous.{u_1} : ∀ {σ : Type u_1} {d : Nat}
  (A : Nat → (Fin d → Nat) → @MvPolynomial.{u_1, 0} σ Complex _)
  (hA : ∀ (m : Nat) (γ : Fin d → Nat), @MvPolynomial.IsHomogeneous.{u_1, 0} σ Complex _ (A m γ) m) (n : Nat),
  @MvPolynomial.IsHomogeneous.{u_1, 0} (Sum.{u_1, 0} σ (Fin d)) Complex _
    (@TheoremT.Continuum.groupedHomogeneousSpectatorPolynomial.{u_1} σ d A n) n
@TheoremT.Continuum.polynomialCoeffL1_groupedHomogeneousSpectatorPolynomial.{u_1} : ∀ {σ : Type u_1} {d : Nat}
  (A : Nat → (Fin d → Nat) → @MvPolynomial.{u_1, 0} σ Complex _) {M T : Real}
  (hL :
    ∀ (m : Nat) (γ : Fin d → Nat),
      @LE.le.{0} Real _ (@TheoremT.Continuum.polynomialCoeffL1.{u_1} σ (A m γ))
        (@HMul.hMul.{0, 0, 0} Real Real Real _ M
          (@HPow.hPow.{0, 0, 0} Real Nat Real _ T
            (@HAdd.hAdd.{0, 0, 0} Nat Nat Nat _ m
              (@Finset.sum.{0, 0} (Fin d) Nat _ (@Finset.univ.{0} (Fin d) _) fun (i : Fin d) => γ i)))))
  (n : Nat),
  @LE.le.{0} Real _
    (@TheoremT.Continuum.polynomialCoeffL1.{u_1} (Sum.{u_1, 0} σ (Fin d))
      (@TheoremT.Continuum.groupedHomogeneousSpectatorPolynomial.{u_1} σ d A n))
    (@HMul.hMul.{0, 0, 0} Real Real Real _
      (@HMul.hMul.{0, 0, 0} Real Real Real _ M
        (@Nat.cast.{0} Real _ (Nat.choose (@HAdd.hAdd.{0, 0, 0} Nat Nat Nat _ n d) d)))
      (@HPow.hPow.{0, 0, 0} Real Nat Real _ T n))
@TheoremT.Continuum.grouped_homogeneous_spectator_series_analytic.{u_1} : ∀ {σ : Type u_1} [inst : Fintype.{u_1} σ]
  {d : Nat} (A : Nat → (Fin d → Nat) → @MvPolynomial.{u_1, 0} σ Complex _)
  (hA : ∀ (m : Nat) (γ : Fin d → Nat), @MvPolynomial.IsHomogeneous.{u_1, 0} σ Complex _ (A m γ) m) {M T : Real}
  (hM : @LE.le.{0} Real _ (@OfNat.ofNat.{0} Real (nat_lit 0) _) M)
  (hT : @LE.le.{0} Real _ (@OfNat.ofNat.{0} Real (nat_lit 0) _) T)
  (hL :
    ∀ (m : Nat) (γ : Fin d → Nat),
      @LE.le.{0} Real _ (@TheoremT.Continuum.polynomialCoeffL1.{u_1} σ (A m γ))
        (@HMul.hMul.{0, 0, 0} Real Real Real _ M
          (@HPow.hPow.{0, 0, 0} Real Nat Real _ T
            (@HAdd.hAdd.{0, 0, 0} Nat Nat Nat _ m
              (@Finset.sum.{0, 0} (Fin d) Nat _ (@Finset.univ.{0} (Fin d) _) fun (i : Fin d) => γ i))))),
  @AnalyticOnNhd.{0, u_1, 0} Complex (Sum.{u_1, 0} σ (Fin d) → Complex) Complex _ _ _ _ _
    (fun (z : Sum.{u_1, 0} σ (Fin d) → Complex) =>
      @tsum.{0, 0} Complex Nat _ _
        (fun (n : Nat) =>
          @DFunLike.coe.{u_1 + 1, u_1 + 1, 1}
            (@RingHom.{u_1, 0} (@MvPolynomial.{u_1, 0} (Sum.{u_1, 0} σ (Fin d)) Complex _) Complex _ _)
            (@MvPolynomial.{u_1, 0} (Sum.{u_1, 0} σ (Fin d)) Complex _)
            (fun (x : @MvPolynomial.{u_1, 0} (Sum.{u_1, 0} σ (Fin d)) Complex _) => Complex) _
            (@MvPolynomial.eval.{0, u_1} Complex (Sum.{u_1, 0} σ (Fin d)) _ z)
            (@TheoremT.Continuum.groupedHomogeneousSpectatorPolynomial.{u_1} σ d A n))
        (SummationFilter.unconditional.{0} Nat))
    (@Set.ofPred.{u_1} (Sum.{u_1, 0} σ (Fin d) → Complex) fun (z : Sum.{u_1, 0} σ (Fin d) → Complex) =>
      @LT.lt.{0} Real _
        (@HMul.hMul.{0, 0, 0} Real Real Real _ T (@Norm.norm.{u_1} (Sum.{u_1, 0} σ (Fin d) → Complex) _ z))
        (@OfNat.ofNat.{0} Real (nat_lit 1) _))
'TheoremT.Continuum.spectatorTotalDegreeIndices' depends on axioms: [propext, Classical.choice, Quot.sound]
'TheoremT.Continuum.mem_spectatorTotalDegreeIndices_iff' depends on axioms: [propext, Classical.choice, Quot.sound]
'TheoremT.Continuum.card_spectatorTotalDegreeIndices' depends on axioms: [propext, Classical.choice, Quot.sound]
'TheoremT.Continuum.groupedHomogeneousSpectatorPolynomial' depends on axioms: [propext, Classical.choice, Quot.sound]
'TheoremT.Continuum.groupedHomogeneousSpectatorPolynomial_isHomogeneous' depends on axioms: [propext,
 Classical.choice,
 Quot.sound]
'TheoremT.Continuum.polynomialCoeffL1_groupedHomogeneousSpectatorPolynomial' depends on axioms: [propext,
 Classical.choice,
 Quot.sound]
'TheoremT.Continuum.grouped_homogeneous_spectator_series_analytic' depends on axioms: [propext,
 Classical.choice,
 Quot.sound]
