@TheoremT.Continuum.WeakGrushin.product_local_weak_word_families_unique : ∀ {κ ι : Type} [inst : Fintype.{0} κ]
  [DecidableEq.{1} κ] {Ω : Set.{0} (@TheoremT.Continuum.WeakGrushin.Space κ _)}
  (hΩ : @IsOpen.{0} (@TheoremT.Continuum.WeakGrushin.Space κ _) _ Ω)
  (dirs : ι → @TheoremT.Continuum.WeakGrushin.Space κ _) {m : Nat}
  (D E : List.{0} ι → @TheoremT.Continuum.WeakGrushin.Space κ _ → Complex)
  (h0 :
    @Filter.Eventually.{0} (@TheoremT.Continuum.WeakGrushin.Space κ _)
      (fun (p : @TheoremT.Continuum.WeakGrushin.Space κ _) =>
        @Membership.mem.{0, 0} (@TheoremT.Continuum.WeakGrushin.Space κ _)
            (Set.{0} (@TheoremT.Continuum.WeakGrushin.Space κ _)) _ Ω p →
          @Eq.{1} Complex (D (@List.nil.{0} ι) p) (E (@List.nil.{0} ι) p))
      (@MeasureTheory.ae.{0, 0} (@TheoremT.Continuum.WeakGrushin.Space κ _)
        (@MeasureTheory.Measure.{0} (@TheoremT.Continuum.WeakGrushin.Space κ _) _) _ _
        (@MeasureTheory.MeasureSpace.volume.{0} (@TheoremT.Continuum.WeakGrushin.Space κ _) _)))
  (hD :
    ∀ (w : List.{0} ι) (i : ι),
      @LT.lt.{0} Nat _ (@List.length.{0} ι w) m →
        @TheoremT.Continuum.ProductLocalWeakDirectional.{0, 0}
          (EuclideanSpace.{0, 0} Real (Fin (@OfNat.ofNat.{0} Nat (nat_lit 4) _))) (EuclideanSpace.{0, 0} Real κ) _ _ _ _
          _ _ _ _ _ _ Ω (D w) (D (@List.cons.{0} ι i w)) (dirs i))
  (hE :
    ∀ (w : List.{0} ι) (i : ι),
      @LT.lt.{0} Nat _ (@List.length.{0} ι w) m →
        @TheoremT.Continuum.ProductLocalWeakDirectional.{0, 0}
          (EuclideanSpace.{0, 0} Real (Fin (@OfNat.ofNat.{0} Nat (nat_lit 4) _))) (EuclideanSpace.{0, 0} Real κ) _ _ _ _
          _ _ _ _ _ _ Ω (E w) (E (@List.cons.{0} ι i w)) (dirs i))
  (w : List.{0} ι),
  @LE.le.{0} Nat _ (@List.length.{0} ι w) m →
    @Filter.Eventually.{0} (@TheoremT.Continuum.WeakGrushin.Space κ _)
      (fun (p : @TheoremT.Continuum.WeakGrushin.Space κ _) =>
        @Membership.mem.{0, 0} (@TheoremT.Continuum.WeakGrushin.Space κ _)
            (Set.{0} (@TheoremT.Continuum.WeakGrushin.Space κ _)) _ Ω p →
          @Eq.{1} Complex (D w p) (E w p))
      (@MeasureTheory.ae.{0, 0} (@TheoremT.Continuum.WeakGrushin.Space κ _)
        (@MeasureTheory.Measure.{0} (@TheoremT.Continuum.WeakGrushin.Space κ _) _) _ _
        (@MeasureTheory.MeasureSpace.volume.{0} (@TheoremT.Continuum.WeakGrushin.Space κ _) _))
@TheoremT.Continuum.WeakGrushin.product_mixed_multiIndex_weak_families_unique : ∀
  {Ω : Set.{0} (@TheoremT.Continuum.WeakGrushin.Space (Fin (@OfNat.ofNat.{0} Nat (nat_lit 3) _)) _)}
  (hΩ : @IsOpen.{0} (@TheoremT.Continuum.WeakGrushin.Space (Fin (@OfNat.ofNat.{0} Nat (nat_lit 3) _)) _) _ Ω) {m : Nat}
  (F G :
    (Fin (@OfNat.ofNat.{0} Nat (nat_lit 4) _) → Nat) →
      (Fin (@OfNat.ofNat.{0} Nat (nat_lit 3) _) → Nat) →
        @TheoremT.Continuum.WeakGrushin.Space (Fin (@OfNat.ofNat.{0} Nat (nat_lit 3) _)) _ → Complex)
  (h0 :
    @Filter.Eventually.{0} (@TheoremT.Continuum.WeakGrushin.Space (Fin (@OfNat.ofNat.{0} Nat (nat_lit 3) _)) _)
      (fun (p : @TheoremT.Continuum.WeakGrushin.Space (Fin (@OfNat.ofNat.{0} Nat (nat_lit 3) _)) _) =>
        @Membership.mem.{0, 0} (@TheoremT.Continuum.WeakGrushin.Space (Fin (@OfNat.ofNat.{0} Nat (nat_lit 3) _)) _)
            (Set.{0} (@TheoremT.Continuum.WeakGrushin.Space (Fin (@OfNat.ofNat.{0} Nat (nat_lit 3) _)) _)) _ Ω p →
          @Eq.{1} Complex
            (F (@OfNat.ofNat.{0} (Fin (@OfNat.ofNat.{0} Nat (nat_lit 4) _) → Nat) (nat_lit 0) _)
              (@OfNat.ofNat.{0} (Fin (@OfNat.ofNat.{0} Nat (nat_lit 3) _) → Nat) (nat_lit 0) _) p)
            (G (@OfNat.ofNat.{0} (Fin (@OfNat.ofNat.{0} Nat (nat_lit 4) _) → Nat) (nat_lit 0) _)
              (@OfNat.ofNat.{0} (Fin (@OfNat.ofNat.{0} Nat (nat_lit 3) _) → Nat) (nat_lit 0) _) p))
      (@MeasureTheory.ae.{0, 0} (@TheoremT.Continuum.WeakGrushin.Space (Fin (@OfNat.ofNat.{0} Nat (nat_lit 3) _)) _)
        (@MeasureTheory.Measure.{0} (@TheoremT.Continuum.WeakGrushin.Space (Fin (@OfNat.ofNat.{0} Nat (nat_lit 3) _)) _)
          _)
        _ _
        (@MeasureTheory.MeasureSpace.volume.{0}
          (@TheoremT.Continuum.WeakGrushin.Space (Fin (@OfNat.ofNat.{0} Nat (nat_lit 3) _)) _) _)))
  (hFY :
    ∀ (α : Fin (@OfNat.ofNat.{0} Nat (nat_lit 4) _) → Nat) (β : Fin (@OfNat.ofNat.{0} Nat (nat_lit 3) _) → Nat)
      (i : Fin (@OfNat.ofNat.{0} Nat (nat_lit 4) _)),
      @LT.lt.{0} Nat _
          (@HAdd.hAdd.{0, 0, 0} Nat Nat Nat _
            (@Finset.sum.{0, 0} (Fin (@OfNat.ofNat.{0} Nat (nat_lit 4) _)) Nat _
              (@Finset.univ.{0} (Fin (@OfNat.ofNat.{0} Nat (nat_lit 4) _)) _)
              fun (k : Fin (@OfNat.ofNat.{0} Nat (nat_lit 4) _)) => α k)
            (@Finset.sum.{0, 0} (Fin (@OfNat.ofNat.{0} Nat (nat_lit 3) _)) Nat _
              (@Finset.univ.{0} (Fin (@OfNat.ofNat.{0} Nat (nat_lit 3) _)) _)
              fun (j : Fin (@OfNat.ofNat.{0} Nat (nat_lit 3) _)) => β j))
          m →
        @TheoremT.Continuum.ProductLocalWeakDirectional.{0, 0}
          (EuclideanSpace.{0, 0} Real (Fin (@OfNat.ofNat.{0} Nat (nat_lit 4) _)))
          (EuclideanSpace.{0, 0} Real (Fin (@OfNat.ofNat.{0} Nat (nat_lit 3) _))) _ _ _ _ _ _ _ _ _ _ Ω (F α β)
          (F
            (@HAdd.hAdd.{0, 0, 0} (Fin (@OfNat.ofNat.{0} Nat (nat_lit 4) _) → Nat)
              ((j : Fin (@OfNat.ofNat.{0} Nat (nat_lit 4) _)) → Nat) (Fin (@OfNat.ofNat.{0} Nat (nat_lit 4) _) → Nat) _
              α
              (@Pi.single.{0, 0} (Fin (@OfNat.ofNat.{0} Nat (nat_lit 4) _))
                (fun (j : Fin (@OfNat.ofNat.{0} Nat (nat_lit 4) _)) => Nat) _ _ i (@OfNat.ofNat.{0} Nat (nat_lit 1) _)))
            β)
          (@TheoremT.Continuum.WeakGrushin.yDir (Fin (@OfNat.ofNat.{0} Nat (nat_lit 3) _)) _ i))
  (hFT :
    ∀ (α : Fin (@OfNat.ofNat.{0} Nat (nat_lit 4) _) → Nat) (β : Fin (@OfNat.ofNat.{0} Nat (nat_lit 3) _) → Nat)
      (j : Fin (@OfNat.ofNat.{0} Nat (nat_lit 3) _)),
      @LT.lt.{0} Nat _
          (@HAdd.hAdd.{0, 0, 0} Nat Nat Nat _
            (@Finset.sum.{0, 0} (Fin (@OfNat.ofNat.{0} Nat (nat_lit 4) _)) Nat _
              (@Finset.univ.{0} (Fin (@OfNat.ofNat.{0} Nat (nat_lit 4) _)) _)
              fun (i : Fin (@OfNat.ofNat.{0} Nat (nat_lit 4) _)) => α i)
            (@Finset.sum.{0, 0} (Fin (@OfNat.ofNat.{0} Nat (nat_lit 3) _)) Nat _
              (@Finset.univ.{0} (Fin (@OfNat.ofNat.{0} Nat (nat_lit 3) _)) _)
              fun (k : Fin (@OfNat.ofNat.{0} Nat (nat_lit 3) _)) => β k))
          m →
        @TheoremT.Continuum.ProductLocalWeakDirectional.{0, 0}
          (EuclideanSpace.{0, 0} Real (Fin (@OfNat.ofNat.{0} Nat (nat_lit 4) _)))
          (EuclideanSpace.{0, 0} Real (Fin (@OfNat.ofNat.{0} Nat (nat_lit 3) _))) _ _ _ _ _ _ _ _ _ _ Ω (F α β)
          (F α
            (@HAdd.hAdd.{0, 0, 0} (Fin (@OfNat.ofNat.{0} Nat (nat_lit 3) _) → Nat)
              ((j : Fin (@OfNat.ofNat.{0} Nat (nat_lit 3) _)) → Nat) (Fin (@OfNat.ofNat.{0} Nat (nat_lit 3) _) → Nat) _
              β
              (@Pi.single.{0, 0} (Fin (@OfNat.ofNat.{0} Nat (nat_lit 3) _))
                (fun (j : Fin (@OfNat.ofNat.{0} Nat (nat_lit 3) _)) => Nat) _ _ j
                (@OfNat.ofNat.{0} Nat (nat_lit 1) _))))
          (@TheoremT.Continuum.WeakGrushin.tDir (Fin (@OfNat.ofNat.{0} Nat (nat_lit 3) _)) _ _ j))
  (hGY :
    ∀ (α : Fin (@OfNat.ofNat.{0} Nat (nat_lit 4) _) → Nat) (β : Fin (@OfNat.ofNat.{0} Nat (nat_lit 3) _) → Nat)
      (i : Fin (@OfNat.ofNat.{0} Nat (nat_lit 4) _)),
      @LT.lt.{0} Nat _
          (@HAdd.hAdd.{0, 0, 0} Nat Nat Nat _
            (@Finset.sum.{0, 0} (Fin (@OfNat.ofNat.{0} Nat (nat_lit 4) _)) Nat _
              (@Finset.univ.{0} (Fin (@OfNat.ofNat.{0} Nat (nat_lit 4) _)) _)
              fun (k : Fin (@OfNat.ofNat.{0} Nat (nat_lit 4) _)) => α k)
            (@Finset.sum.{0, 0} (Fin (@OfNat.ofNat.{0} Nat (nat_lit 3) _)) Nat _
              (@Finset.univ.{0} (Fin (@OfNat.ofNat.{0} Nat (nat_lit 3) _)) _)
              fun (j : Fin (@OfNat.ofNat.{0} Nat (nat_lit 3) _)) => β j))
          m →
        @TheoremT.Continuum.ProductLocalWeakDirectional.{0, 0}
          (EuclideanSpace.{0, 0} Real (Fin (@OfNat.ofNat.{0} Nat (nat_lit 4) _)))
          (EuclideanSpace.{0, 0} Real (Fin (@OfNat.ofNat.{0} Nat (nat_lit 3) _))) _ _ _ _ _ _ _ _ _ _ Ω (G α β)
          (G
            (@HAdd.hAdd.{0, 0, 0} (Fin (@OfNat.ofNat.{0} Nat (nat_lit 4) _) → Nat)
              ((j : Fin (@OfNat.ofNat.{0} Nat (nat_lit 4) _)) → Nat) (Fin (@OfNat.ofNat.{0} Nat (nat_lit 4) _) → Nat) _
              α
              (@Pi.single.{0, 0} (Fin (@OfNat.ofNat.{0} Nat (nat_lit 4) _))
                (fun (j : Fin (@OfNat.ofNat.{0} Nat (nat_lit 4) _)) => Nat) _ _ i (@OfNat.ofNat.{0} Nat (nat_lit 1) _)))
            β)
          (@TheoremT.Continuum.WeakGrushin.yDir (Fin (@OfNat.ofNat.{0} Nat (nat_lit 3) _)) _ i))
  (hGT :
    ∀ (α : Fin (@OfNat.ofNat.{0} Nat (nat_lit 4) _) → Nat) (β : Fin (@OfNat.ofNat.{0} Nat (nat_lit 3) _) → Nat)
      (j : Fin (@OfNat.ofNat.{0} Nat (nat_lit 3) _)),
      @LT.lt.{0} Nat _
          (@HAdd.hAdd.{0, 0, 0} Nat Nat Nat _
            (@Finset.sum.{0, 0} (Fin (@OfNat.ofNat.{0} Nat (nat_lit 4) _)) Nat _
              (@Finset.univ.{0} (Fin (@OfNat.ofNat.{0} Nat (nat_lit 4) _)) _)
              fun (i : Fin (@OfNat.ofNat.{0} Nat (nat_lit 4) _)) => α i)
            (@Finset.sum.{0, 0} (Fin (@OfNat.ofNat.{0} Nat (nat_lit 3) _)) Nat _
              (@Finset.univ.{0} (Fin (@OfNat.ofNat.{0} Nat (nat_lit 3) _)) _)
              fun (k : Fin (@OfNat.ofNat.{0} Nat (nat_lit 3) _)) => β k))
          m →
        @TheoremT.Continuum.ProductLocalWeakDirectional.{0, 0}
          (EuclideanSpace.{0, 0} Real (Fin (@OfNat.ofNat.{0} Nat (nat_lit 4) _)))
          (EuclideanSpace.{0, 0} Real (Fin (@OfNat.ofNat.{0} Nat (nat_lit 3) _))) _ _ _ _ _ _ _ _ _ _ Ω (G α β)
          (G α
            (@HAdd.hAdd.{0, 0, 0} (Fin (@OfNat.ofNat.{0} Nat (nat_lit 3) _) → Nat)
              ((j : Fin (@OfNat.ofNat.{0} Nat (nat_lit 3) _)) → Nat) (Fin (@OfNat.ofNat.{0} Nat (nat_lit 3) _) → Nat) _
              β
              (@Pi.single.{0, 0} (Fin (@OfNat.ofNat.{0} Nat (nat_lit 3) _))
                (fun (j : Fin (@OfNat.ofNat.{0} Nat (nat_lit 3) _)) => Nat) _ _ j
                (@OfNat.ofNat.{0} Nat (nat_lit 1) _))))
          (@TheoremT.Continuum.WeakGrushin.tDir (Fin (@OfNat.ofNat.{0} Nat (nat_lit 3) _)) _ _ j))
  (α : Fin (@OfNat.ofNat.{0} Nat (nat_lit 4) _) → Nat) (β : Fin (@OfNat.ofNat.{0} Nat (nat_lit 3) _) → Nat)
  (hab :
    @LE.le.{0} Nat _
      (@HAdd.hAdd.{0, 0, 0} Nat Nat Nat _
        (@Finset.sum.{0, 0} (Fin (@OfNat.ofNat.{0} Nat (nat_lit 4) _)) Nat _
          (@Finset.univ.{0} (Fin (@OfNat.ofNat.{0} Nat (nat_lit 4) _)) _)
          fun (i : Fin (@OfNat.ofNat.{0} Nat (nat_lit 4) _)) => α i)
        (@Finset.sum.{0, 0} (Fin (@OfNat.ofNat.{0} Nat (nat_lit 3) _)) Nat _
          (@Finset.univ.{0} (Fin (@OfNat.ofNat.{0} Nat (nat_lit 3) _)) _)
          fun (j : Fin (@OfNat.ofNat.{0} Nat (nat_lit 3) _)) => β j))
      m),
  @Filter.Eventually.{0} (@TheoremT.Continuum.WeakGrushin.Space (Fin (@OfNat.ofNat.{0} Nat (nat_lit 3) _)) _)
    (fun (p : @TheoremT.Continuum.WeakGrushin.Space (Fin (@OfNat.ofNat.{0} Nat (nat_lit 3) _)) _) =>
      @Membership.mem.{0, 0} (@TheoremT.Continuum.WeakGrushin.Space (Fin (@OfNat.ofNat.{0} Nat (nat_lit 3) _)) _)
          (Set.{0} (@TheoremT.Continuum.WeakGrushin.Space (Fin (@OfNat.ofNat.{0} Nat (nat_lit 3) _)) _)) _ Ω p →
        @Eq.{1} Complex (F α β p) (G α β p))
    (@MeasureTheory.ae.{0, 0} (@TheoremT.Continuum.WeakGrushin.Space (Fin (@OfNat.ofNat.{0} Nat (nat_lit 3) _)) _)
      (@MeasureTheory.Measure.{0} (@TheoremT.Continuum.WeakGrushin.Space (Fin (@OfNat.ofNat.{0} Nat (nat_lit 3) _)) _)
        _)
      _ _
      (@MeasureTheory.MeasureSpace.volume.{0}
        (@TheoremT.Continuum.WeakGrushin.Space (Fin (@OfNat.ofNat.{0} Nat (nat_lit 3) _)) _) _))
@TheoremT.Continuum.WeakGrushin.RegionL2Budget.congr_ae : ∀ {κ : Type} [inst : Fintype.{0} κ] [DecidableEq.{1} κ]
  {Ω : Set.{0} (@TheoremT.Continuum.WeakGrushin.Space κ _)} {f g : @TheoremT.Continuum.WeakGrushin.Space κ _ → Complex}
  {W : Real} (hf : @TheoremT.Continuum.WeakGrushin.RegionL2Budget κ _ f Ω W)
  (hfg :
    @Filter.EventuallyEq.{0, 0} (@TheoremT.Continuum.WeakGrushin.Space κ _) Complex
      (@MeasureTheory.ae.{0, 0} (@TheoremT.Continuum.WeakGrushin.Space κ _)
        (@MeasureTheory.Measure.{0} (@TheoremT.Continuum.WeakGrushin.Space κ _) _) _ _
        (@MeasureTheory.Measure.restrict.{0} (@TheoremT.Continuum.WeakGrushin.Space κ _)
          (@MeasureTheory.MeasureSpace.toMeasurableSpace.{0} (@TheoremT.Continuum.WeakGrushin.Space κ _) _)
          (@MeasureTheory.MeasureSpace.volume.{0} (@TheoremT.Continuum.WeakGrushin.Space κ _) _) Ω))
      f g),
  @TheoremT.Continuum.WeakGrushin.RegionL2Budget κ _ g Ω W
'TheoremT.Continuum.WeakGrushin.product_local_weak_word_families_unique' depends on axioms: [propext,
 Classical.choice,
 Quot.sound]
'TheoremT.Continuum.WeakGrushin.product_mixed_multiIndex_weak_families_unique' depends on axioms: [propext,
 Classical.choice,
 Quot.sound]
'TheoremT.Continuum.WeakGrushin.RegionL2Budget.congr_ae' depends on axioms: [propext, Classical.choice, Quot.sound]
