TheoremT.Continuum.WeakGrushin.mixedYIterationBudgetSeq : (c : Real) →
  (M A L D Q : Nat → Real) → (K0 Q0 H0 : Real) → (m d : Nat) → (Winit : Real) → Nat → Real
TheoremT.Continuum.WeakGrushin.mixedYIterationBudgetSeq_nonneg : ∀ (c : Real) (M A L D Q : Nat → Real) (K0 Q0 H0 : Real)
  (m d : Nat) {Winit : Real} (hWinit : @LE.le.{0} Real _ (@OfNat.ofNat.{0} Real (nat_lit 0) _) Winit) (k : Nat),
  @LE.le.{0} Real _ (@OfNat.ofNat.{0} Real (nat_lit 0) _)
    (TheoremT.Continuum.WeakGrushin.mixedYIterationBudgetSeq c M A L D Q K0 Q0 H0 m d Winit k)
TheoremT.Continuum.WeakGrushin.mixedYIterationBudgetSeq_le_succ : ∀ (c : Real) (M A L D Q : Nat → Real)
  (K0 Q0 H0 : Real) (m d : Nat) (Winit : Real) (k : Nat),
  @LE.le.{0} Real _ (TheoremT.Continuum.WeakGrushin.mixedYIterationBudgetSeq c M A L D Q K0 Q0 H0 m d Winit k)
    (TheoremT.Continuum.WeakGrushin.mixedYIterationBudgetSeq c M A L D Q K0 Q0 H0 m d Winit
      (@HAdd.hAdd.{0, 0, 0} Nat Nat Nat _ k (@OfNat.ofNat.{0} Nat (nat_lit 1) _)))
TheoremT.Continuum.WeakGrushin.mixedYIterationBudgetSeq_monotone : ∀ (c : Real) (M A L D Q : Nat → Real)
  (K0 Q0 H0 : Real) (m d : Nat) (Winit : Real),
  @Monotone.{0, 0} Nat Real _ _ (TheoremT.Continuum.WeakGrushin.mixedYIterationBudgetSeq c M A L D Q K0 Q0 H0 m d Winit)
@TheoremT.Continuum.WeakGrushin.mixedTriangularState_potential_iterate : ∀ {κ : Type} [inst : Fintype.{0} κ]
  [inst_1 : DecidableEq.{1} κ] (c : Real) (n : Nat) (Ω V : Nat → Set.{0} (@TheoremT.Continuum.WeakGrushin.Space κ _))
  (χ η : Nat → @TheoremT.Continuum.WeakGrushin.Space κ _ → Real) (M A L D Q : Nat → Real)
  (hGeom :
    ∀ (k : Nat),
      @LT.lt.{0} Nat _ k n →
        @TheoremT.Continuum.WeakGrushin.SpectatorStepGeometry κ _ _ (@OfNat.ofNat.{0} Real (nat_lit 0) _) (Ω k)
          (Ω (@HAdd.hAdd.{0, 0, 0} Nat Nat Nat _ k (@OfNat.ofNat.{0} Nat (nat_lit 1) _))) (V k) (χ k) (η k) (M k) (A k)
          (L k) (D k) (Q k))
  (hO :
    ∀ (k : Nat),
      @LT.lt.{0} Nat _ k n →
        @IsOpen.{0} (@TheoremT.Continuum.WeakGrushin.Space κ _) _
          (Ω (@HAdd.hAdd.{0, 0, 0} Nat Nat Nat _ k (@OfNat.ofNat.{0} Nat (nat_lit 1) _))))
  {B : @TheoremT.Continuum.WeakGrushin.Space κ _ → Real}
  (hB :
    @ContDiffOn.{0, 0, 0} Real _ (@TheoremT.Continuum.WeakGrushin.Space κ _) _ _ Real _ _
      (@WithTop.some.{0} ENat (@Top.top.{0} ENat _)) B (Ω (@OfNat.ofNat.{0} Nat (nat_lit 0) _)))
  {r m : Nat} (hr : @LE.le.{0} Nat _ (@OfNat.ofNat.{0} Nat (nat_lit 1) _) r) (K0 Q0 H0 Winit : Real)
  (hWinit : @LE.le.{0} Real _ (@OfNat.ofNat.{0} Real (nat_lit 0) _) Winit)
  (f : @TheoremT.Continuum.WeakGrushin.Space κ _ → Complex)
  (S :
    List.{0} (Fin (@OfNat.ofNat.{0} Nat (nat_lit 4) _)) →
      List.{0} κ → @TheoremT.Continuum.WeakGrushin.Space κ _ → Complex)
  (hf : @TheoremT.Continuum.WeakGrushin.MixedTriangularState κ _ _ (Ω (@OfNat.ofNat.{0} Nat (nat_lit 0) _)) f r m Winit)
  (hS :
    ∀ (a : List.{0} (Fin (@OfNat.ofNat.{0} Nat (nat_lit 4) _))) (b : List.{0} κ),
      @LE.le.{0} Nat _
          (@HAdd.hAdd.{0, 0, 0} Nat Nat Nat _
            (@HAdd.hAdd.{0, 0, 0} Nat Nat Nat _ (@List.length.{0} (Fin (@OfNat.ofNat.{0} Nat (nat_lit 4) _)) a)
              (@List.length.{0} κ b))
            (@OfNat.ofNat.{0} Nat (nat_lit 2) _))
          m →
        @TheoremT.Continuum.WeakGrushin.RegionL2Budget κ _ (S a b) (Ω (@OfNat.ofNat.{0} Nat (nat_lit 0) _)) H0)
  (hSY :
    ∀ (a : List.{0} (Fin (@OfNat.ofNat.{0} Nat (nat_lit 4) _))) (b : List.{0} κ)
      (i : Fin (@OfNat.ofNat.{0} Nat (nat_lit 4) _)),
      @LT.lt.{0} Nat _
          (@HAdd.hAdd.{0, 0, 0} Nat Nat Nat _
            (@HAdd.hAdd.{0, 0, 0} Nat Nat Nat _ (@List.length.{0} (Fin (@OfNat.ofNat.{0} Nat (nat_lit 4) _)) a)
              (@List.length.{0} κ b))
            (@OfNat.ofNat.{0} Nat (nat_lit 2) _))
          m →
        @TheoremT.Continuum.ProductLocalWeakDirectional.{0, 0}
          (EuclideanSpace.{0, 0} Real (Fin (@OfNat.ofNat.{0} Nat (nat_lit 4) _))) (EuclideanSpace.{0, 0} Real κ) _ _ _ _
          _ _ _ _ _ _ (Ω (@OfNat.ofNat.{0} Nat (nat_lit 0) _)) (S a b)
          (S (@List.cons.{0} (Fin (@OfNat.ofNat.{0} Nat (nat_lit 4) _)) i a) b)
          (@TheoremT.Continuum.WeakGrushin.yDir κ _ i))
  (hST :
    ∀ (b : List.{0} κ) (j : κ),
      @LT.lt.{0} Nat _ (@HAdd.hAdd.{0, 0, 0} Nat Nat Nat _ (@List.length.{0} κ b) (@OfNat.ofNat.{0} Nat (nat_lit 2) _))
          m →
        @TheoremT.Continuum.ProductLocalWeakDirectional.{0, 0}
          (EuclideanSpace.{0, 0} Real (Fin (@OfNat.ofNat.{0} Nat (nat_lit 4) _))) (EuclideanSpace.{0, 0} Real κ) _ _ _ _
          _ _ _ _ _ _ (Ω (@OfNat.ofNat.{0} Nat (nat_lit 0) _))
          (S (@List.nil.{0} (Fin (@OfNat.ofNat.{0} Nat (nat_lit 4) _))) b)
          (S (@List.nil.{0} (Fin (@OfNat.ofNat.{0} Nat (nat_lit 4) _))) (@List.cons.{0} κ j b))
          (@TheoremT.Continuum.WeakGrushin.tDir κ _ _ j))
  (hCoeff :
    ∀ (a : List.{0} (Fin (@OfNat.ofNat.{0} Nat (nat_lit 4) _))) (b : List.{0} κ),
      @LE.le.{0} Nat _
          (@HAdd.hAdd.{0, 0, 0} Nat Nat Nat _
            (@HAdd.hAdd.{0, 0, 0} Nat Nat Nat _ (@List.length.{0} (Fin (@OfNat.ofNat.{0} Nat (nat_lit 4) _)) a)
              (@List.length.{0} κ b))
            (@OfNat.ofNat.{0} Nat (nat_lit 2) _))
          m →
        ∀ (p : @TheoremT.Continuum.WeakGrushin.Space κ _),
          @Membership.mem.{0, 0} (@TheoremT.Continuum.WeakGrushin.Space κ _)
              (Set.{0} (@TheoremT.Continuum.WeakGrushin.Space κ _)) _ (Ω (@OfNat.ofNat.{0} Nat (nat_lit 0) _)) p →
            @LE.le.{0} Real _
              (@abs.{0} Real _ _
                (@TheoremT.Continuum.directionalWordDeriv.{0, 0}
                  (EuclideanSpace.{0, 0} Real (Fin (@OfNat.ofNat.{0} Nat (nat_lit 4) _))) (EuclideanSpace.{0, 0} Real κ)
                  _ _ _ _ (Fin (@OfNat.ofNat.{0} Nat (nat_lit 4) _)) (@TheoremT.Continuum.WeakGrushin.yDir κ _)
                  (@TheoremT.Continuum.WeakGrushin.spectatorWordDeriv κ _ _ B b) a p))
              K0)
  (hQuad :
    ∀ (a : List.{0} (Fin (@OfNat.ofNat.{0} Nat (nat_lit 4) _))),
      @LE.le.{0} Nat _
          (@HAdd.hAdd.{0, 0, 0} Nat Nat Nat _ (@List.length.{0} (Fin (@OfNat.ofNat.{0} Nat (nat_lit 4) _)) a)
            (@OfNat.ofNat.{0} Nat (nat_lit 2) _))
          m →
        ∀ (p : @TheoremT.Continuum.WeakGrushin.Space κ _),
          @Membership.mem.{0, 0} (@TheoremT.Continuum.WeakGrushin.Space κ _)
              (Set.{0} (@TheoremT.Continuum.WeakGrushin.Space κ _)) _ (Ω (@OfNat.ofNat.{0} Nat (nat_lit 0) _)) p →
            @LE.le.{0} Real _
              (@abs.{0} Real _ _
                (@TheoremT.Continuum.directionalWordDeriv.{0, 0}
                  (EuclideanSpace.{0, 0} Real (Fin (@OfNat.ofNat.{0} Nat (nat_lit 4) _))) (EuclideanSpace.{0, 0} Real κ)
                  _ _ _ _ (Fin (@OfNat.ofNat.{0} Nat (nat_lit 4) _)) (@TheoremT.Continuum.WeakGrushin.yDir κ _)
                  (fun (p : @TheoremT.Continuum.WeakGrushin.Space κ _) =>
                    @HPow.hPow.{0, 0, 0} Real Nat Real _
                      (@Norm.norm.{0} (EuclideanSpace.{0, 0} Real (Fin (@OfNat.ofNat.{0} Nat (nat_lit 4) _))) _
                        (@Prod.fst.{0, 0} (EuclideanSpace.{0, 0} Real (Fin (@OfNat.ofNat.{0} Nat (nat_lit 4) _)))
                          (EuclideanSpace.{0, 0} Real κ) p))
                      (@OfNat.ofNat.{0} Nat (nat_lit 2) _))
                  a p))
              Q0)
  (hP :
    ∀ (φ : @TheoremT.Continuum.WeakGrushin.Space κ _ → Real),
      @ContDiff.{0, 0, 0} Real _ (@TheoremT.Continuum.WeakGrushin.Space κ _) _ _ Real _ _
          (@WithTop.some.{0} ENat (@Top.top.{0} ENat _)) φ →
        @HasCompactSupport.{0, 0} (@TheoremT.Continuum.WeakGrushin.Space κ _) Real _ _ φ →
          @LE.le.{0} (Set.{0} (@TheoremT.Continuum.WeakGrushin.Space κ _)) _
              (@tsupport.{0, 0} (@TheoremT.Continuum.WeakGrushin.Space κ _) Real _ _ φ)
              (Ω (@OfNat.ofNat.{0} Nat (nat_lit 0) _)) →
            @Eq.{1} Complex
              (@MeasureTheory.integral.{0, 0} (Prod.{0, 0} TheoremT.Continuum.KSSpace (EuclideanSpace.{0, 0} Real κ))
                Complex _ _
                (@MeasureTheory.MeasureSpace.toMeasurableSpace.{0}
                  (Prod.{0, 0} TheoremT.Continuum.KSSpace (EuclideanSpace.{0, 0} Real κ)) _)
                (@MeasureTheory.MeasureSpace.volume.{0}
                  (Prod.{0, 0} TheoremT.Continuum.KSSpace (EuclideanSpace.{0, 0} Real κ)) _)
                fun (p : Prod.{0, 0} TheoremT.Continuum.KSSpace (EuclideanSpace.{0, 0} Real κ)) =>
                @HSMul.hSMul.{0, 0, 0} Real Complex Complex _
                  (@TheoremT.Continuum.splitGrushin.{0, 0} (EuclideanSpace.{0, 0} Real κ) _ _ κ _ c
                    (@TheoremT.Continuum.oscillatorBasis.{0} κ _) B φ p)
                  (f p))
              (@MeasureTheory.integral.{0, 0} (@TheoremT.Continuum.WeakGrushin.Space κ _) Complex _ _
                (@MeasureTheory.MeasureSpace.toMeasurableSpace.{0} (@TheoremT.Continuum.WeakGrushin.Space κ _) _)
                (@MeasureTheory.MeasureSpace.volume.{0} (@TheoremT.Continuum.WeakGrushin.Space κ _) _)
                fun (p : @TheoremT.Continuum.WeakGrushin.Space κ _) =>
                @HSMul.hSMul.{0, 0, 0} Real Complex Complex _ (φ p)
                  (S (@List.nil.{0} (Fin (@OfNat.ofNat.{0} Nat (nat_lit 4) _))) (@List.nil.{0} κ) p))),
  And
    (@LE.le.{0} Real _ (@OfNat.ofNat.{0} Real (nat_lit 0) _)
      (TheoremT.Continuum.WeakGrushin.mixedYIterationBudgetSeq c M A L D Q K0 Q0 H0 m (@Fintype.card.{0} κ _) Winit n))
    (@TheoremT.Continuum.WeakGrushin.MixedTriangularState κ _ _ (Ω n) f
      (@HAdd.hAdd.{0, 0, 0} Nat Nat Nat _ r (@HMul.hMul.{0, 0, 0} Nat Nat Nat _ (@OfNat.ofNat.{0} Nat (nat_lit 2) _) n))
      m
      (TheoremT.Continuum.WeakGrushin.mixedYIterationBudgetSeq c M A L D Q K0 Q0 H0 m (@Fintype.card.{0} κ _) Winit n))
@TheoremT.Continuum.WeakGrushin.spectatorFiniteState_five_y_steps : ∀ {κ : Type} [inst : Fintype.{0} κ]
  [inst_1 : DecidableEq.{1} κ] (c : Real) (Ω V : Nat → Set.{0} (@TheoremT.Continuum.WeakGrushin.Space κ _))
  (χ η : Nat → @TheoremT.Continuum.WeakGrushin.Space κ _ → Real) (M A L D Q : Nat → Real)
  (hGeom :
    ∀ (k : Nat),
      @LT.lt.{0} Nat _ k (@OfNat.ofNat.{0} Nat (nat_lit 5) _) →
        @TheoremT.Continuum.WeakGrushin.SpectatorStepGeometry κ _ _ (@OfNat.ofNat.{0} Real (nat_lit 0) _) (Ω k)
          (Ω (@HAdd.hAdd.{0, 0, 0} Nat Nat Nat _ k (@OfNat.ofNat.{0} Nat (nat_lit 1) _))) (V k) (χ k) (η k) (M k) (A k)
          (L k) (D k) (Q k))
  (hO :
    ∀ (k : Nat),
      @LT.lt.{0} Nat _ k (@OfNat.ofNat.{0} Nat (nat_lit 5) _) →
        @IsOpen.{0} (@TheoremT.Continuum.WeakGrushin.Space κ _) _
          (Ω (@HAdd.hAdd.{0, 0, 0} Nat Nat Nat _ k (@OfNat.ofNat.{0} Nat (nat_lit 1) _))))
  {B : @TheoremT.Continuum.WeakGrushin.Space κ _ → Real}
  (hB :
    @ContDiffOn.{0, 0, 0} Real _ (@TheoremT.Continuum.WeakGrushin.Space κ _) _ _ Real _ _
      (@WithTop.some.{0} ENat (@Top.top.{0} ENat _)) B (Ω (@OfNat.ofNat.{0} Nat (nat_lit 0) _)))
  (K0 Q0 H0 Winit : Real) (hWinit : @LE.le.{0} Real _ (@OfNat.ofNat.{0} Real (nat_lit 0) _) Winit)
  (f : @TheoremT.Continuum.WeakGrushin.Space κ _ → Complex)
  (S :
    List.{0} (Fin (@OfNat.ofNat.{0} Nat (nat_lit 4) _)) →
      List.{0} κ → @TheoremT.Continuum.WeakGrushin.Space κ _ → Complex)
  (hf :
    @TheoremT.Continuum.WeakGrushin.SpectatorFiniteState κ _ _ (Ω (@OfNat.ofNat.{0} Nat (nat_lit 0) _)) f
      (@OfNat.ofNat.{0} Nat (nat_lit 12) _) Winit)
  (hS :
    ∀ (a : List.{0} (Fin (@OfNat.ofNat.{0} Nat (nat_lit 4) _))) (b : List.{0} κ),
      @LE.le.{0} Nat _
          (@HAdd.hAdd.{0, 0, 0} Nat Nat Nat _ (@List.length.{0} (Fin (@OfNat.ofNat.{0} Nat (nat_lit 4) _)) a)
            (@List.length.{0} κ b))
          (@OfNat.ofNat.{0} Nat (nat_lit 10) _) →
        @TheoremT.Continuum.WeakGrushin.RegionL2Budget κ _ (S a b) (Ω (@OfNat.ofNat.{0} Nat (nat_lit 0) _)) H0)
  (hSY :
    ∀ (a : List.{0} (Fin (@OfNat.ofNat.{0} Nat (nat_lit 4) _))) (b : List.{0} κ)
      (i : Fin (@OfNat.ofNat.{0} Nat (nat_lit 4) _)),
      @LT.lt.{0} Nat _
          (@HAdd.hAdd.{0, 0, 0} Nat Nat Nat _ (@List.length.{0} (Fin (@OfNat.ofNat.{0} Nat (nat_lit 4) _)) a)
            (@List.length.{0} κ b))
          (@OfNat.ofNat.{0} Nat (nat_lit 10) _) →
        @TheoremT.Continuum.ProductLocalWeakDirectional.{0, 0}
          (EuclideanSpace.{0, 0} Real (Fin (@OfNat.ofNat.{0} Nat (nat_lit 4) _))) (EuclideanSpace.{0, 0} Real κ) _ _ _ _
          _ _ _ _ _ _ (Ω (@OfNat.ofNat.{0} Nat (nat_lit 0) _)) (S a b)
          (S (@List.cons.{0} (Fin (@OfNat.ofNat.{0} Nat (nat_lit 4) _)) i a) b)
          (@TheoremT.Continuum.WeakGrushin.yDir κ _ i))
  (hST :
    ∀ (b : List.{0} κ) (j : κ),
      @LT.lt.{0} Nat _ (@List.length.{0} κ b) (@OfNat.ofNat.{0} Nat (nat_lit 10) _) →
        @TheoremT.Continuum.ProductLocalWeakDirectional.{0, 0}
          (EuclideanSpace.{0, 0} Real (Fin (@OfNat.ofNat.{0} Nat (nat_lit 4) _))) (EuclideanSpace.{0, 0} Real κ) _ _ _ _
          _ _ _ _ _ _ (Ω (@OfNat.ofNat.{0} Nat (nat_lit 0) _))
          (S (@List.nil.{0} (Fin (@OfNat.ofNat.{0} Nat (nat_lit 4) _))) b)
          (S (@List.nil.{0} (Fin (@OfNat.ofNat.{0} Nat (nat_lit 4) _))) (@List.cons.{0} κ j b))
          (@TheoremT.Continuum.WeakGrushin.tDir κ _ _ j))
  (hCoeff :
    ∀ (a : List.{0} (Fin (@OfNat.ofNat.{0} Nat (nat_lit 4) _))) (b : List.{0} κ),
      @LE.le.{0} Nat _
          (@HAdd.hAdd.{0, 0, 0} Nat Nat Nat _ (@List.length.{0} (Fin (@OfNat.ofNat.{0} Nat (nat_lit 4) _)) a)
            (@List.length.{0} κ b))
          (@OfNat.ofNat.{0} Nat (nat_lit 10) _) →
        ∀ (p : @TheoremT.Continuum.WeakGrushin.Space κ _),
          @Membership.mem.{0, 0} (@TheoremT.Continuum.WeakGrushin.Space κ _)
              (Set.{0} (@TheoremT.Continuum.WeakGrushin.Space κ _)) _ (Ω (@OfNat.ofNat.{0} Nat (nat_lit 0) _)) p →
            @LE.le.{0} Real _
              (@abs.{0} Real _ _
                (@TheoremT.Continuum.directionalWordDeriv.{0, 0}
                  (EuclideanSpace.{0, 0} Real (Fin (@OfNat.ofNat.{0} Nat (nat_lit 4) _))) (EuclideanSpace.{0, 0} Real κ)
                  _ _ _ _ (Fin (@OfNat.ofNat.{0} Nat (nat_lit 4) _)) (@TheoremT.Continuum.WeakGrushin.yDir κ _)
                  (@TheoremT.Continuum.WeakGrushin.spectatorWordDeriv κ _ _ B b) a p))
              K0)
  (hQuad :
    ∀ (a : List.{0} (Fin (@OfNat.ofNat.{0} Nat (nat_lit 4) _))),
      @LE.le.{0} Nat _ (@List.length.{0} (Fin (@OfNat.ofNat.{0} Nat (nat_lit 4) _)) a)
          (@OfNat.ofNat.{0} Nat (nat_lit 10) _) →
        ∀ (p : @TheoremT.Continuum.WeakGrushin.Space κ _),
          @Membership.mem.{0, 0} (@TheoremT.Continuum.WeakGrushin.Space κ _)
              (Set.{0} (@TheoremT.Continuum.WeakGrushin.Space κ _)) _ (Ω (@OfNat.ofNat.{0} Nat (nat_lit 0) _)) p →
            @LE.le.{0} Real _
              (@abs.{0} Real _ _
                (@TheoremT.Continuum.directionalWordDeriv.{0, 0}
                  (EuclideanSpace.{0, 0} Real (Fin (@OfNat.ofNat.{0} Nat (nat_lit 4) _))) (EuclideanSpace.{0, 0} Real κ)
                  _ _ _ _ (Fin (@OfNat.ofNat.{0} Nat (nat_lit 4) _)) (@TheoremT.Continuum.WeakGrushin.yDir κ _)
                  (fun (p : @TheoremT.Continuum.WeakGrushin.Space κ _) =>
                    @HPow.hPow.{0, 0, 0} Real Nat Real _
                      (@Norm.norm.{0} (EuclideanSpace.{0, 0} Real (Fin (@OfNat.ofNat.{0} Nat (nat_lit 4) _))) _
                        (@Prod.fst.{0, 0} (EuclideanSpace.{0, 0} Real (Fin (@OfNat.ofNat.{0} Nat (nat_lit 4) _)))
                          (EuclideanSpace.{0, 0} Real κ) p))
                      (@OfNat.ofNat.{0} Nat (nat_lit 2) _))
                  a p))
              Q0)
  (hP :
    ∀ (φ : @TheoremT.Continuum.WeakGrushin.Space κ _ → Real),
      @ContDiff.{0, 0, 0} Real _ (@TheoremT.Continuum.WeakGrushin.Space κ _) _ _ Real _ _
          (@WithTop.some.{0} ENat (@Top.top.{0} ENat _)) φ →
        @HasCompactSupport.{0, 0} (@TheoremT.Continuum.WeakGrushin.Space κ _) Real _ _ φ →
          @LE.le.{0} (Set.{0} (@TheoremT.Continuum.WeakGrushin.Space κ _)) _
              (@tsupport.{0, 0} (@TheoremT.Continuum.WeakGrushin.Space κ _) Real _ _ φ)
              (Ω (@OfNat.ofNat.{0} Nat (nat_lit 0) _)) →
            @Eq.{1} Complex
              (@MeasureTheory.integral.{0, 0} (Prod.{0, 0} TheoremT.Continuum.KSSpace (EuclideanSpace.{0, 0} Real κ))
                Complex _ _
                (@MeasureTheory.MeasureSpace.toMeasurableSpace.{0}
                  (Prod.{0, 0} TheoremT.Continuum.KSSpace (EuclideanSpace.{0, 0} Real κ)) _)
                (@MeasureTheory.MeasureSpace.volume.{0}
                  (Prod.{0, 0} TheoremT.Continuum.KSSpace (EuclideanSpace.{0, 0} Real κ)) _)
                fun (p : Prod.{0, 0} TheoremT.Continuum.KSSpace (EuclideanSpace.{0, 0} Real κ)) =>
                @HSMul.hSMul.{0, 0, 0} Real Complex Complex _
                  (@TheoremT.Continuum.splitGrushin.{0, 0} (EuclideanSpace.{0, 0} Real κ) _ _ κ _ c
                    (@TheoremT.Continuum.oscillatorBasis.{0} κ _) B φ p)
                  (f p))
              (@MeasureTheory.integral.{0, 0} (@TheoremT.Continuum.WeakGrushin.Space κ _) Complex _ _
                (@MeasureTheory.MeasureSpace.toMeasurableSpace.{0} (@TheoremT.Continuum.WeakGrushin.Space κ _) _)
                (@MeasureTheory.MeasureSpace.volume.{0} (@TheoremT.Continuum.WeakGrushin.Space κ _) _)
                fun (p : @TheoremT.Continuum.WeakGrushin.Space κ _) =>
                @HSMul.hSMul.{0, 0, 0} Real Complex Complex _ (φ p)
                  (S (@List.nil.{0} (Fin (@OfNat.ofNat.{0} Nat (nat_lit 4) _))) (@List.nil.{0} κ) p))),
  And
    (@LE.le.{0} Real _ (@OfNat.ofNat.{0} Real (nat_lit 0) _)
      (TheoremT.Continuum.WeakGrushin.mixedYIterationBudgetSeq c M A L D Q K0 Q0 H0
        (@OfNat.ofNat.{0} Nat (nat_lit 12) _) (@Fintype.card.{0} κ _) Winit (@OfNat.ofNat.{0} Nat (nat_lit 5) _)))
    (@TheoremT.Continuum.WeakGrushin.MixedTriangularState κ _ _ (Ω (@OfNat.ofNat.{0} Nat (nat_lit 5) _)) f
      (@OfNat.ofNat.{0} Nat (nat_lit 12) _) (@OfNat.ofNat.{0} Nat (nat_lit 12) _)
      (TheoremT.Continuum.WeakGrushin.mixedYIterationBudgetSeq c M A L D Q K0 Q0 H0
        (@OfNat.ofNat.{0} Nat (nat_lit 12) _) (@Fintype.card.{0} κ _) Winit (@OfNat.ofNat.{0} Nat (nat_lit 5) _)))
TheoremT.Continuum.WeakGrushin.mixedYSourceBudget_input_mono : ∀ (c K Q : Real) (m d : Nat) {H H' W W' : Real}
  (hH : @LE.le.{0} Real _ H H') (hW : @LE.le.{0} Real _ W W'),
  @LE.le.{0} Real _ (TheoremT.Continuum.WeakGrushin.mixedYSourceBudget c K Q H m d W)
    (TheoremT.Continuum.WeakGrushin.mixedYSourceBudget c K Q H' m d W')
TheoremT.Continuum.WeakGrushin.mixedYIterationNext_input_mono : ∀ (c M A L D Q K0 Q0 : Real) (m d : Nat)
  {H H' W W' : Real} (hL : @LE.le.{0} Real _ (@OfNat.ofNat.{0} Real (nat_lit 0) _) L)
  (hD : @LE.le.{0} Real _ (@OfNat.ofNat.{0} Real (nat_lit 0) _) D)
  (hQ : @LE.le.{0} Real _ (@OfNat.ofNat.{0} Real (nat_lit 0) _) Q) (hH : @LE.le.{0} Real _ H H')
  (hW : @LE.le.{0} Real _ W W'),
  @LE.le.{0} Real _ (TheoremT.Continuum.WeakGrushin.mixedYIterationNext c M A L D Q K0 Q0 H m d W)
    (TheoremT.Continuum.WeakGrushin.mixedYIterationNext c M A L D Q K0 Q0 H' m d W')
TheoremT.Continuum.WeakGrushin.mixedYIterationNext_scale : ∀ (c M A L D Q K0 Q0 H W r : Real) (m d : Nat)
  (hr : @LE.le.{0} Real _ (@OfNat.ofNat.{0} Real (nat_lit 0) _) r),
  @Eq.{1} Real
    (TheoremT.Continuum.WeakGrushin.mixedYIterationNext c M A L D Q K0 Q0 (@HMul.hMul.{0, 0, 0} Real Real Real _ r H) m
      d (@HMul.hMul.{0, 0, 0} Real Real Real _ r W))
    (@HMul.hMul.{0, 0, 0} Real Real Real _ r
      (TheoremT.Continuum.WeakGrushin.mixedYIterationNext c M A L D Q K0 Q0 H m d W))
TheoremT.Continuum.WeakGrushin.mixedYIterationBudgetSeq_scale : ∀ (c : Real) (M A L D Q : Nat → Real)
  (K0 Q0 H W r : Real) (m d n : Nat) (hr : @LE.le.{0} Real _ (@OfNat.ofNat.{0} Real (nat_lit 0) _) r),
  @Eq.{1} Real
    (TheoremT.Continuum.WeakGrushin.mixedYIterationBudgetSeq c M A L D Q K0 Q0
      (@HMul.hMul.{0, 0, 0} Real Real Real _ r H) m d (@HMul.hMul.{0, 0, 0} Real Real Real _ r W) n)
    (@HMul.hMul.{0, 0, 0} Real Real Real _ r
      (TheoremT.Continuum.WeakGrushin.mixedYIterationBudgetSeq c M A L D Q K0 Q0 H m d W n))
TheoremT.Continuum.WeakGrushin.mixedYIterationBudgetSeq_input_mono : ∀ (c : Real) (M A L D Q : Nat → Real)
  (K0 Q0 : Real) (m d : Nat) {H H' W W' : Real} (hH : @LE.le.{0} Real _ H H') (hW : @LE.le.{0} Real _ W W') (n : Nat),
  (∀ (k : Nat), @LT.lt.{0} Nat _ k n → @LE.le.{0} Real _ (@OfNat.ofNat.{0} Real (nat_lit 0) _) (L k)) →
    (∀ (k : Nat), @LT.lt.{0} Nat _ k n → @LE.le.{0} Real _ (@OfNat.ofNat.{0} Real (nat_lit 0) _) (D k)) →
      (∀ (k : Nat), @LT.lt.{0} Nat _ k n → @LE.le.{0} Real _ (@OfNat.ofNat.{0} Real (nat_lit 0) _) (Q k)) →
        @LE.le.{0} Real _ (TheoremT.Continuum.WeakGrushin.mixedYIterationBudgetSeq c M A L D Q K0 Q0 H m d W n)
          (TheoremT.Continuum.WeakGrushin.mixedYIterationBudgetSeq c M A L D Q K0 Q0 H' m d W' n)
TheoremT.Continuum.WeakGrushin.mixedYIterationBudgetSeq_common_bound : ∀ (c : Real) (M A L D Q : Nat → Real)
  (K0 Q0 : Real) (m d : Nat) {H W Hbase Wbase r : Real} (hr : @LE.le.{0} Real _ (@OfNat.ofNat.{0} Real (nat_lit 0) _) r)
  (hH : @LE.le.{0} Real _ H (@HMul.hMul.{0, 0, 0} Real Real Real _ r Hbase))
  (hW : @LE.le.{0} Real _ W (@HMul.hMul.{0, 0, 0} Real Real Real _ r Wbase)) (n : Nat)
  (hL : ∀ (k : Nat), @LT.lt.{0} Nat _ k n → @LE.le.{0} Real _ (@OfNat.ofNat.{0} Real (nat_lit 0) _) (L k))
  (hD : ∀ (k : Nat), @LT.lt.{0} Nat _ k n → @LE.le.{0} Real _ (@OfNat.ofNat.{0} Real (nat_lit 0) _) (D k))
  (hQ : ∀ (k : Nat), @LT.lt.{0} Nat _ k n → @LE.le.{0} Real _ (@OfNat.ofNat.{0} Real (nat_lit 0) _) (Q k)),
  @LE.le.{0} Real _ (TheoremT.Continuum.WeakGrushin.mixedYIterationBudgetSeq c M A L D Q K0 Q0 H m d W n)
    (@HMul.hMul.{0, 0, 0} Real Real Real _ r
      (TheoremT.Continuum.WeakGrushin.mixedYIterationBudgetSeq c M A L D Q K0 Q0 Hbase m d Wbase n))
'TheoremT.Continuum.WeakGrushin.mixedYIterationBudgetSeq' depends on axioms: [propext, Classical.choice, Quot.sound]
'TheoremT.Continuum.WeakGrushin.mixedYIterationBudgetSeq_nonneg' depends on axioms: [propext,
 Classical.choice,
 Quot.sound]
'TheoremT.Continuum.WeakGrushin.mixedYIterationBudgetSeq_le_succ' depends on axioms: [propext,
 Classical.choice,
 Quot.sound]
'TheoremT.Continuum.WeakGrushin.mixedYIterationBudgetSeq_monotone' depends on axioms: [propext,
 Classical.choice,
 Quot.sound]
'TheoremT.Continuum.WeakGrushin.mixedTriangularState_potential_iterate' depends on axioms: [propext,
 Classical.choice,
 Quot.sound]
'TheoremT.Continuum.WeakGrushin.spectatorFiniteState_five_y_steps' depends on axioms: [propext,
 Classical.choice,
 Quot.sound]
'TheoremT.Continuum.WeakGrushin.mixedYSourceBudget_input_mono' depends on axioms: [propext,
 Classical.choice,
 Quot.sound]
'TheoremT.Continuum.WeakGrushin.mixedYIterationNext_input_mono' depends on axioms: [propext,
 Classical.choice,
 Quot.sound]
'TheoremT.Continuum.WeakGrushin.mixedYIterationNext_scale' depends on axioms: [propext, Classical.choice, Quot.sound]
'TheoremT.Continuum.WeakGrushin.mixedYIterationBudgetSeq_scale' depends on axioms: [propext,
 Classical.choice,
 Quot.sound]
'TheoremT.Continuum.WeakGrushin.mixedYIterationBudgetSeq_input_mono' depends on axioms: [propext,
 Classical.choice,
 Quot.sound]
'TheoremT.Continuum.WeakGrushin.mixedYIterationBudgetSeq_common_bound' depends on axioms: [propext,
 Classical.choice,
 Quot.sound]
