TheoremT.Continuum.WeakGrushin.factorialProfileBox : (a :
    @TheoremT.Continuum.WeakGrushin.Space (Fin (@OfNat.ofNat.{0} Nat (nat_lit 3) _)) _) →
  (aY aT s : Real) → Set.{0} (@TheoremT.Continuum.WeakGrushin.Space (Fin (@OfNat.ofNat.{0} Nat (nat_lit 3) _)) _)
TheoremT.Continuum.WeakGrushin.factorialBoxProfile : (D : TheoremT.Continuum.WeakGrushin.FactorialRawJetFamily) →
  (a : @TheoremT.Continuum.WeakGrushin.Space (Fin (@OfNat.ofNat.{0} Nat (nat_lit 3) _)) _) →
    (aY aT : Real) → (r : Nat) → (s : Real) → Real
TheoremT.Continuum.WeakGrushin.factorialProfileBox_antitone : ∀
  (a : @TheoremT.Continuum.WeakGrushin.Space (Fin (@OfNat.ofNat.{0} Nat (nat_lit 3) _)) _) (aY aT : Real) {s t : Real}
  (hst : @LE.le.{0} Real _ s t),
  @LE.le.{0} (Set.{0} (@TheoremT.Continuum.WeakGrushin.Space (Fin (@OfNat.ofNat.{0} Nat (nat_lit 3) _)) _)) _
    (TheoremT.Continuum.WeakGrushin.factorialProfileBox a aY aT t)
    (TheoremT.Continuum.WeakGrushin.factorialProfileBox a aY aT s)
@TheoremT.Continuum.WeakGrushin.factorial_shifted_total_le : ∀ {r : Nat}
  (a : Fin (@OfNat.ofNat.{0} Nat (nat_lit 4) _) → Nat) (b : Fin (@OfNat.ofNat.{0} Nat (nat_lit 3) _) → Nat)
  (hab : @LE.le.{0} Nat _ (TheoremT.Continuum.WeakGrushin.factorialMultiDerivativeCost a b) r)
  (m : TheoremT.Continuum.WeakGrushin.FactorialOuterIndex)
  (hm :
    @Membership.mem.{0, 0} TheoremT.Continuum.WeakGrushin.FactorialOuterIndex
      (Finset.{0} TheoremT.Continuum.WeakGrushin.FactorialOuterIndex) _
      TheoremT.Continuum.WeakGrushin.factorialOuterIndices m),
  @LE.le.{0} Nat _
    (@HAdd.hAdd.{0, 0, 0} Nat Nat Nat _
      (@Finset.sum.{0, 0} (Fin (@OfNat.ofNat.{0} Nat (nat_lit 4) _)) Nat _
        (@Finset.univ.{0} (Fin (@OfNat.ofNat.{0} Nat (nat_lit 4) _)) _)
        fun (i : Fin (@OfNat.ofNat.{0} Nat (nat_lit 4) _)) =>
        @HAdd.hAdd.{0, 0, 0} (Fin (@OfNat.ofNat.{0} Nat (nat_lit 4) _) → Nat)
          (Fin (@OfNat.ofNat.{0} Nat (nat_lit 4) _) → Nat) (Fin (@OfNat.ofNat.{0} Nat (nat_lit 4) _) → Nat) _ a
          (@Prod.fst.{0, 0} (Fin (@OfNat.ofNat.{0} Nat (nat_lit 4) _) → Nat)
            (Prod.{0, 0} (Fin (@OfNat.ofNat.{0} Nat (nat_lit 3) _) → Nat)
              (Fin (@OfNat.ofNat.{0} Nat (nat_lit 4) _) → Nat))
            m)
          i)
      (@Finset.sum.{0, 0} (Fin (@OfNat.ofNat.{0} Nat (nat_lit 3) _)) Nat _
        (@Finset.univ.{0} (Fin (@OfNat.ofNat.{0} Nat (nat_lit 3) _)) _)
        fun (j : Fin (@OfNat.ofNat.{0} Nat (nat_lit 3) _)) =>
        @HAdd.hAdd.{0, 0, 0} (Fin (@OfNat.ofNat.{0} Nat (nat_lit 3) _) → Nat)
          (Fin (@OfNat.ofNat.{0} Nat (nat_lit 3) _) → Nat) (Fin (@OfNat.ofNat.{0} Nat (nat_lit 3) _) → Nat) _ b
          (@Prod.fst.{0, 0} (Fin (@OfNat.ofNat.{0} Nat (nat_lit 3) _) → Nat)
            (Fin (@OfNat.ofNat.{0} Nat (nat_lit 4) _) → Nat)
            (@Prod.snd.{0, 0} (Fin (@OfNat.ofNat.{0} Nat (nat_lit 4) _) → Nat)
              (Prod.{0, 0} (Fin (@OfNat.ofNat.{0} Nat (nat_lit 3) _) → Nat)
                (Fin (@OfNat.ofNat.{0} Nat (nat_lit 4) _) → Nat))
              m))
          j))
    (@HAdd.hAdd.{0, 0, 0} Nat Nat Nat _ r (@OfNat.ofNat.{0} Nat (nat_lit 2) _))
TheoremT.Continuum.WeakGrushin.factorialLocalMemLp_rectangular : ∀
  (D : TheoremT.Continuum.WeakGrushin.FactorialRawJetFamily)
  (a : @TheoremT.Continuum.WeakGrushin.Space (Fin (@OfNat.ofNat.{0} Nat (nat_lit 3) _)) _) {aY aT : Real}
  (hY : @LE.le.{0} Real _ (@OfNat.ofNat.{0} Real (nat_lit 0) _) aY)
  (hT : @LE.le.{0} Real _ (@OfNat.ofNat.{0} Real (nat_lit 0) _) aT) {r m : Nat}
  (hrm : @LE.le.{0} Nat _ (@HAdd.hAdd.{0, 0, 0} Nat Nat Nat _ r (@OfNat.ofNat.{0} Nat (nat_lit 2) _)) m)
  (hF :
    ∀ (α : Fin (@OfNat.ofNat.{0} Nat (nat_lit 4) _) → Nat) (β : Fin (@OfNat.ofNat.{0} Nat (nat_lit 3) _) → Nat),
      @LE.le.{0} Nat _
          (@HAdd.hAdd.{0, 0, 0} Nat Nat Nat _
            (@Finset.sum.{0, 0} (Fin (@OfNat.ofNat.{0} Nat (nat_lit 4) _)) Nat _
              (@Finset.univ.{0} (Fin (@OfNat.ofNat.{0} Nat (nat_lit 4) _)) _)
              fun (i : Fin (@OfNat.ofNat.{0} Nat (nat_lit 4) _)) => α i)
            (@Finset.sum.{0, 0} (Fin (@OfNat.ofNat.{0} Nat (nat_lit 3) _)) Nat _
              (@Finset.univ.{0} (Fin (@OfNat.ofNat.{0} Nat (nat_lit 3) _)) _)
              fun (j : Fin (@OfNat.ofNat.{0} Nat (nat_lit 3) _)) => β j))
          m →
        @MeasureTheory.MemLp.{0, 0} (@TheoremT.Continuum.WeakGrushin.Space (Fin (@OfNat.ofNat.{0} Nat (nat_lit 3) _)) _)
          Complex
          (@MeasureTheory.MeasureSpace.toMeasurableSpace.{0}
            (@TheoremT.Continuum.WeakGrushin.Space (Fin (@OfNat.ofNat.{0} Nat (nat_lit 3) _)) _) _)
          _ _ (D α β) (@OfNat.ofNat.{0} ENNReal (nat_lit 2) _)
          (@MeasureTheory.Measure.restrict.{0}
            (@TheoremT.Continuum.WeakGrushin.Space (Fin (@OfNat.ofNat.{0} Nat (nat_lit 3) _)) _)
            (@MeasureTheory.MeasureSpace.toMeasurableSpace.{0}
              (@TheoremT.Continuum.WeakGrushin.Space (Fin (@OfNat.ofNat.{0} Nat (nat_lit 3) _)) _) _)
            (@MeasureTheory.MeasureSpace.volume.{0}
              (@TheoremT.Continuum.WeakGrushin.Space (Fin (@OfNat.ofNat.{0} Nat (nat_lit 3) _)) _) _)
            (TheoremT.Continuum.WeakGrushin.rectangularOpenBox a aY aT))),
  TheoremT.Continuum.WeakGrushin.FactorialLocalMemLp D (TheoremT.Continuum.WeakGrushin.rectangularOpenBox a aY aT) r
TheoremT.Continuum.WeakGrushin.factorialProfileBox_memLp_of_all_finite_budgets : ∀
  (D : TheoremT.Continuum.WeakGrushin.FactorialRawJetFamily)
  (a : @TheoremT.Continuum.WeakGrushin.Space (Fin (@OfNat.ofNat.{0} Nat (nat_lit 3) _)) _) {aY aT : Real}
  (hY : @LE.le.{0} Real _ (@OfNat.ofNat.{0} Real (nat_lit 0) _) aY)
  (hT : @LE.le.{0} Real _ (@OfNat.ofNat.{0} Real (nat_lit 0) _) aT)
  (hreg :
    ∀ (m : Nat),
      @Exists.{1} Real fun (W : Real) =>
        And (@LE.le.{0} Real _ (@OfNat.ofNat.{0} Real (nat_lit 0) _) W)
          (∀ (α : Fin (@OfNat.ofNat.{0} Nat (nat_lit 4) _) → Nat) (β : Fin (@OfNat.ofNat.{0} Nat (nat_lit 3) _) → Nat),
            @LE.le.{0} Nat _
                (@HAdd.hAdd.{0, 0, 0} Nat Nat Nat _
                  (@Finset.sum.{0, 0} (Fin (@OfNat.ofNat.{0} Nat (nat_lit 4) _)) Nat _
                    (@Finset.univ.{0} (Fin (@OfNat.ofNat.{0} Nat (nat_lit 4) _)) _)
                    fun (i : Fin (@OfNat.ofNat.{0} Nat (nat_lit 4) _)) => α i)
                  (@Finset.sum.{0, 0} (Fin (@OfNat.ofNat.{0} Nat (nat_lit 3) _)) Nat _
                    (@Finset.univ.{0} (Fin (@OfNat.ofNat.{0} Nat (nat_lit 3) _)) _)
                    fun (j : Fin (@OfNat.ofNat.{0} Nat (nat_lit 3) _)) => β j))
                m →
              @TheoremT.Continuum.WeakGrushin.RegionL2Budget (Fin (@OfNat.ofNat.{0} Nat (nat_lit 3) _)) _ (D α β)
                (TheoremT.Continuum.WeakGrushin.rectangularOpenBox a aY aT) W))
  (r : Nat) (s : Real) (hs : @LE.le.{0} Real _ (@OfNat.ofNat.{0} Real (nat_lit 0) _) s),
  TheoremT.Continuum.WeakGrushin.FactorialLocalMemLp D (TheoremT.Continuum.WeakGrushin.factorialProfileBox a aY aT s) r
TheoremT.Continuum.WeakGrushin.factorialBoxProfile_nonneg : ∀ (D : TheoremT.Continuum.WeakGrushin.FactorialRawJetFamily)
  (a : @TheoremT.Continuum.WeakGrushin.Space (Fin (@OfNat.ofNat.{0} Nat (nat_lit 3) _)) _) (aY aT : Real) (r : Nat)
  (s : Real),
  @LE.le.{0} Real _ (@OfNat.ofNat.{0} Real (nat_lit 0) _)
    (TheoremT.Continuum.WeakGrushin.factorialBoxProfile D a aY aT r s)
TheoremT.Continuum.WeakGrushin.factorialBoxProfile_antitone_of_all_finite_budgets : ∀
  (D : TheoremT.Continuum.WeakGrushin.FactorialRawJetFamily)
  (a : @TheoremT.Continuum.WeakGrushin.Space (Fin (@OfNat.ofNat.{0} Nat (nat_lit 3) _)) _) {aY aT : Real}
  (hY : @LE.le.{0} Real _ (@OfNat.ofNat.{0} Real (nat_lit 0) _) aY)
  (hT : @LE.le.{0} Real _ (@OfNat.ofNat.{0} Real (nat_lit 0) _) aT)
  (hreg :
    ∀ (m : Nat),
      @Exists.{1} Real fun (W : Real) =>
        And (@LE.le.{0} Real _ (@OfNat.ofNat.{0} Real (nat_lit 0) _) W)
          (∀ (α : Fin (@OfNat.ofNat.{0} Nat (nat_lit 4) _) → Nat) (β : Fin (@OfNat.ofNat.{0} Nat (nat_lit 3) _) → Nat),
            @LE.le.{0} Nat _
                (@HAdd.hAdd.{0, 0, 0} Nat Nat Nat _
                  (@Finset.sum.{0, 0} (Fin (@OfNat.ofNat.{0} Nat (nat_lit 4) _)) Nat _
                    (@Finset.univ.{0} (Fin (@OfNat.ofNat.{0} Nat (nat_lit 4) _)) _)
                    fun (i : Fin (@OfNat.ofNat.{0} Nat (nat_lit 4) _)) => α i)
                  (@Finset.sum.{0, 0} (Fin (@OfNat.ofNat.{0} Nat (nat_lit 3) _)) Nat _
                    (@Finset.univ.{0} (Fin (@OfNat.ofNat.{0} Nat (nat_lit 3) _)) _)
                    fun (j : Fin (@OfNat.ofNat.{0} Nat (nat_lit 3) _)) => β j))
                m →
              @TheoremT.Continuum.WeakGrushin.RegionL2Budget (Fin (@OfNat.ofNat.{0} Nat (nat_lit 3) _)) _ (D α β)
                (TheoremT.Continuum.WeakGrushin.rectangularOpenBox a aY aT) W))
  (r : Nat) {s t : Real} (hs : @LE.le.{0} Real _ (@OfNat.ofNat.{0} Real (nat_lit 0) _) s) (hst : @LE.le.{0} Real _ s t),
  @LE.le.{0} Real _ (TheoremT.Continuum.WeakGrushin.factorialBoxProfile D a aY aT r t)
    (TheoremT.Continuum.WeakGrushin.factorialBoxProfile D a aY aT r s)
@TheoremT.Continuum.WeakGrushin.local_smooth_weak_grushin_actual_box_profile : ∀
  {Ω : Set.{0} (@TheoremT.Continuum.WeakGrushin.Space (Fin (@OfNat.ofNat.{0} Nat (nat_lit 3) _)) _)}
  (hΩ : @IsOpen.{0} (@TheoremT.Continuum.WeakGrushin.Space (Fin (@OfNat.ofNat.{0} Nat (nat_lit 3) _)) _) _ Ω)
  (a : @TheoremT.Continuum.WeakGrushin.Space (Fin (@OfNat.ofNat.{0} Nat (nat_lit 3) _)) _) {aY aT bY bT c : Real}
  (hby : @LT.lt.{0} Real _ (@OfNat.ofNat.{0} Real (nat_lit 0) _) bY)
  (hbt : @LT.lt.{0} Real _ (@OfNat.ofNat.{0} Real (nat_lit 0) _) bT) (hy : @LT.lt.{0} Real _ bY aY)
  (ht : @LT.lt.{0} Real _ bT aT)
  (hKΩ :
    @LE.le.{0} (Set.{0} (@TheoremT.Continuum.WeakGrushin.Space (Fin (@OfNat.ofNat.{0} Nat (nat_lit 3) _)) _)) _
      (TheoremT.Continuum.WeakGrushin.rectangularClosedBox a aY aT) Ω)
  (hc : @LT.lt.{0} Real _ (@OfNat.ofNat.{0} Real (nat_lit 0) _) c)
  {B : @TheoremT.Continuum.WeakGrushin.Space (Fin (@OfNat.ofNat.{0} Nat (nat_lit 3) _)) _ → Real}
  (hB :
    @ContDiffOn.{0, 0, 0} Real _ (@TheoremT.Continuum.WeakGrushin.Space (Fin (@OfNat.ofNat.{0} Nat (nat_lit 3) _)) _) _
      _ Real _ _ (@WithTop.some.{0} ENat (@Top.top.{0} ENat _)) B Ω)
  {source : @TheoremT.Continuum.WeakGrushin.Space (Fin (@OfNat.ofNat.{0} Nat (nat_lit 3) _)) _ → Complex}
  (hsource :
    @ContDiffOn.{0, 0, 0} Real _ (@TheoremT.Continuum.WeakGrushin.Space (Fin (@OfNat.ofNat.{0} Nat (nat_lit 3) _)) _) _
      _ Complex _ _ (@WithTop.some.{0} ENat (@Top.top.{0} ENat _)) source Ω)
  {f : @TheoremT.Continuum.WeakGrushin.Space (Fin (@OfNat.ofNat.{0} Nat (nat_lit 3) _)) _ → Complex}
  (hf :
    @TheoremT.Continuum.ProductLocallyL2On.{0, 0}
      (EuclideanSpace.{0, 0} Real (Fin (@OfNat.ofNat.{0} Nat (nat_lit 4) _)))
      (EuclideanSpace.{0, 0} Real (Fin (@OfNat.ofNat.{0} Nat (nat_lit 3) _))) _ _ _ _ _ _ _ _ _ _ f Ω)
  (hEq :
    ∀ (φ : @TheoremT.Continuum.WeakGrushin.Space (Fin (@OfNat.ofNat.{0} Nat (nat_lit 3) _)) _ → Real),
      @ContDiff.{0, 0, 0} Real _ (@TheoremT.Continuum.WeakGrushin.Space (Fin (@OfNat.ofNat.{0} Nat (nat_lit 3) _)) _) _
          _ Real _ _ (@WithTop.some.{0} ENat (@Top.top.{0} ENat _)) φ →
        @HasCompactSupport.{0, 0} (@TheoremT.Continuum.WeakGrushin.Space (Fin (@OfNat.ofNat.{0} Nat (nat_lit 3) _)) _)
            Real _ _ φ →
          @LE.le.{0} (Set.{0} (@TheoremT.Continuum.WeakGrushin.Space (Fin (@OfNat.ofNat.{0} Nat (nat_lit 3) _)) _)) _
              (@tsupport.{0, 0} (@TheoremT.Continuum.WeakGrushin.Space (Fin (@OfNat.ofNat.{0} Nat (nat_lit 3) _)) _)
                Real _ _ φ)
              Ω →
            @Eq.{1} Complex
              (@MeasureTheory.integral.{0, 0}
                (Prod.{0, 0} TheoremT.Continuum.KSSpace
                  (EuclideanSpace.{0, 0} Real (Fin (@OfNat.ofNat.{0} Nat (nat_lit 3) _))))
                Complex _ _
                (@MeasureTheory.MeasureSpace.toMeasurableSpace.{0}
                  (Prod.{0, 0} TheoremT.Continuum.KSSpace
                    (EuclideanSpace.{0, 0} Real (Fin (@OfNat.ofNat.{0} Nat (nat_lit 3) _))))
                  _)
                (@MeasureTheory.MeasureSpace.volume.{0}
                  (Prod.{0, 0} TheoremT.Continuum.KSSpace
                    (EuclideanSpace.{0, 0} Real (Fin (@OfNat.ofNat.{0} Nat (nat_lit 3) _))))
                  _)
                fun
                  (p :
                    Prod.{0, 0} TheoremT.Continuum.KSSpace
                      (EuclideanSpace.{0, 0} Real (Fin (@OfNat.ofNat.{0} Nat (nat_lit 3) _)))) =>
                @HSMul.hSMul.{0, 0, 0} Real Complex Complex _
                  (@TheoremT.Continuum.splitGrushin.{0, 0}
                    (EuclideanSpace.{0, 0} Real (Fin (@OfNat.ofNat.{0} Nat (nat_lit 3) _))) _ _
                    (Fin (@OfNat.ofNat.{0} Nat (nat_lit 3) _)) _ c
                    (@TheoremT.Continuum.oscillatorBasis.{0} (Fin (@OfNat.ofNat.{0} Nat (nat_lit 3) _)) _) B φ p)
                  (f p))
              (@MeasureTheory.integral.{0, 0}
                (@TheoremT.Continuum.WeakGrushin.Space (Fin (@OfNat.ofNat.{0} Nat (nat_lit 3) _)) _) Complex _ _
                (@MeasureTheory.MeasureSpace.toMeasurableSpace.{0}
                  (@TheoremT.Continuum.WeakGrushin.Space (Fin (@OfNat.ofNat.{0} Nat (nat_lit 3) _)) _) _)
                (@MeasureTheory.MeasureSpace.volume.{0}
                  (@TheoremT.Continuum.WeakGrushin.Space (Fin (@OfNat.ofNat.{0} Nat (nat_lit 3) _)) _) _)
                fun (p : @TheoremT.Continuum.WeakGrushin.Space (Fin (@OfNat.ofNat.{0} Nat (nat_lit 3) _)) _) =>
                @HSMul.hSMul.{0, 0, 0} Real Complex Complex _ (φ p) (source p))),
  @Exists.{1} TheoremT.Continuum.WeakGrushin.FactorialRawJetFamily
    fun (F : TheoremT.Continuum.WeakGrushin.FactorialRawJetFamily) =>
    And
      (@Eq.{1} (@TheoremT.Continuum.WeakGrushin.Space (Fin (@OfNat.ofNat.{0} Nat (nat_lit 3) _)) _ → Complex)
        (F (@OfNat.ofNat.{0} (Fin (@OfNat.ofNat.{0} Nat (nat_lit 4) _) → Nat) (nat_lit 0) _)
          (@OfNat.ofNat.{0} (Fin (@OfNat.ofNat.{0} Nat (nat_lit 3) _) → Nat) (nat_lit 0) _))
        f)
      (And
        (∀ (m : Nat),
          @Exists.{1} Real fun (W : Real) =>
            And (@LE.le.{0} Real _ (@OfNat.ofNat.{0} Real (nat_lit 0) _) W)
              (∀ (α : Fin (@OfNat.ofNat.{0} Nat (nat_lit 4) _) → Nat)
                (β : Fin (@OfNat.ofNat.{0} Nat (nat_lit 3) _) → Nat),
                @LE.le.{0} Nat _
                    (@HAdd.hAdd.{0, 0, 0} Nat Nat Nat _
                      (@Finset.sum.{0, 0} (Fin (@OfNat.ofNat.{0} Nat (nat_lit 4) _)) Nat _
                        (@Finset.univ.{0} (Fin (@OfNat.ofNat.{0} Nat (nat_lit 4) _)) _)
                        fun (i : Fin (@OfNat.ofNat.{0} Nat (nat_lit 4) _)) => α i)
                      (@Finset.sum.{0, 0} (Fin (@OfNat.ofNat.{0} Nat (nat_lit 3) _)) Nat _
                        (@Finset.univ.{0} (Fin (@OfNat.ofNat.{0} Nat (nat_lit 3) _)) _)
                        fun (j : Fin (@OfNat.ofNat.{0} Nat (nat_lit 3) _)) => β j))
                    m →
                  @TheoremT.Continuum.WeakGrushin.RegionL2Budget (Fin (@OfNat.ofNat.{0} Nat (nat_lit 3) _)) _ (F α β)
                    (TheoremT.Continuum.WeakGrushin.rectangularOpenBox a bY bT) W))
        (And
          (∀ (α : Fin (@OfNat.ofNat.{0} Nat (nat_lit 4) _) → Nat) (β : Fin (@OfNat.ofNat.{0} Nat (nat_lit 3) _) → Nat)
            (i : Fin (@OfNat.ofNat.{0} Nat (nat_lit 4) _)),
            @TheoremT.Continuum.ProductLocalWeakDirectional.{0, 0}
              (EuclideanSpace.{0, 0} Real (Fin (@OfNat.ofNat.{0} Nat (nat_lit 4) _)))
              (EuclideanSpace.{0, 0} Real (Fin (@OfNat.ofNat.{0} Nat (nat_lit 3) _))) _ _ _ _ _ _ _ _ _ _
              (TheoremT.Continuum.WeakGrushin.rectangularOpenBox a bY bT) (F α β)
              (F
                (@HAdd.hAdd.{0, 0, 0} (Fin (@OfNat.ofNat.{0} Nat (nat_lit 4) _) → Nat)
                  ((j : Fin (@OfNat.ofNat.{0} Nat (nat_lit 4) _)) → Nat)
                  (Fin (@OfNat.ofNat.{0} Nat (nat_lit 4) _) → Nat) _ α
                  (@Pi.single.{0, 0} (Fin (@OfNat.ofNat.{0} Nat (nat_lit 4) _))
                    (fun (j : Fin (@OfNat.ofNat.{0} Nat (nat_lit 4) _)) => Nat) _ _ i
                    (@OfNat.ofNat.{0} Nat (nat_lit 1) _)))
                β)
              (@TheoremT.Continuum.WeakGrushin.yDir (Fin (@OfNat.ofNat.{0} Nat (nat_lit 3) _)) _ i))
          (And
            (∀ (α : Fin (@OfNat.ofNat.{0} Nat (nat_lit 4) _) → Nat) (β : Fin (@OfNat.ofNat.{0} Nat (nat_lit 3) _) → Nat)
              (j : Fin (@OfNat.ofNat.{0} Nat (nat_lit 3) _)),
              @TheoremT.Continuum.ProductLocalWeakDirectional.{0, 0}
                (EuclideanSpace.{0, 0} Real (Fin (@OfNat.ofNat.{0} Nat (nat_lit 4) _)))
                (EuclideanSpace.{0, 0} Real (Fin (@OfNat.ofNat.{0} Nat (nat_lit 3) _))) _ _ _ _ _ _ _ _ _ _
                (TheoremT.Continuum.WeakGrushin.rectangularOpenBox a bY bT) (F α β)
                (F α
                  (@HAdd.hAdd.{0, 0, 0} (Fin (@OfNat.ofNat.{0} Nat (nat_lit 3) _) → Nat)
                    ((j : Fin (@OfNat.ofNat.{0} Nat (nat_lit 3) _)) → Nat)
                    (Fin (@OfNat.ofNat.{0} Nat (nat_lit 3) _) → Nat) _ β
                    (@Pi.single.{0, 0} (Fin (@OfNat.ofNat.{0} Nat (nat_lit 3) _))
                      (fun (j : Fin (@OfNat.ofNat.{0} Nat (nat_lit 3) _)) => Nat) _ _ j
                      (@OfNat.ofNat.{0} Nat (nat_lit 1) _))))
                (@TheoremT.Continuum.WeakGrushin.tDir (Fin (@OfNat.ofNat.{0} Nat (nat_lit 3) _)) _ _ j))
            (And
              (∀ (r : Nat) (s : Real),
                @LE.le.{0} Real _ (@OfNat.ofNat.{0} Real (nat_lit 0) _) s →
                  TheoremT.Continuum.WeakGrushin.FactorialLocalMemLp F
                    (TheoremT.Continuum.WeakGrushin.factorialProfileBox a bY bT s) r)
              (And
                (∀ (r : Nat) (s : Real),
                  @LE.le.{0} Real _ (@OfNat.ofNat.{0} Real (nat_lit 0) _) s →
                    @LE.le.{0} Real _ (@OfNat.ofNat.{0} Real (nat_lit 0) _)
                      (TheoremT.Continuum.WeakGrushin.factorialBoxProfile F a bY bT r s))
                (∀ (r : Nat) (s t : Real),
                  @LE.le.{0} Real _ (@OfNat.ofNat.{0} Real (nat_lit 0) _) s →
                    @LE.le.{0} Real _ s t →
                      @LE.le.{0} Real _ (TheoremT.Continuum.WeakGrushin.factorialBoxProfile F a bY bT r t)
                        (TheoremT.Continuum.WeakGrushin.factorialBoxProfile F a bY bT r s)))))))
'TheoremT.Continuum.WeakGrushin.factorialProfileBox' depends on axioms: [propext, Classical.choice, Quot.sound]
'TheoremT.Continuum.WeakGrushin.factorialBoxProfile' depends on axioms: [propext, Classical.choice, Quot.sound]
'TheoremT.Continuum.WeakGrushin.factorialProfileBox_antitone' depends on axioms: [propext, Classical.choice, Quot.sound]
'TheoremT.Continuum.WeakGrushin.factorial_shifted_total_le' depends on axioms: [propext, Classical.choice, Quot.sound]
'TheoremT.Continuum.WeakGrushin.factorialLocalMemLp_rectangular' depends on axioms: [propext,
 Classical.choice,
 Quot.sound]
'TheoremT.Continuum.WeakGrushin.factorialProfileBox_memLp_of_all_finite_budgets' depends on axioms: [propext,
 Classical.choice,
 Quot.sound]
'TheoremT.Continuum.WeakGrushin.factorialBoxProfile_nonneg' depends on axioms: [propext, Classical.choice, Quot.sound]
'TheoremT.Continuum.WeakGrushin.factorialBoxProfile_antitone_of_all_finite_budgets' depends on axioms: [propext,
 Classical.choice,
 Quot.sound]
'TheoremT.Continuum.WeakGrushin.local_smooth_weak_grushin_actual_box_profile' depends on axioms: [propext,
 Classical.choice,
 Quot.sound]
