@TheoremT.Continuum.compact_grushin_slab_graph_bounds : ∀ {ι κ : Type} [inst : Fintype.{0} ι]
  [inst_1 : DecidableEq.{1} ι] [inst_2 : Fintype.{0} κ] [inst_3 : DecidableEq.{1} κ] {c : Real}
  (hc0 : @LE.le.{0} Real _ (@OfNat.ofNat.{0} Real (nat_lit 0) _) c) (i : ι)
  {G : Prod.{0, 0} (EuclideanSpace.{0, 0} Real ι) (EuclideanSpace.{0, 0} Real κ) → Complex}
  (hG :
    @ContDiff.{0, 0, 0} Real _ (Prod.{0, 0} (EuclideanSpace.{0, 0} Real ι) (EuclideanSpace.{0, 0} Real κ)) _ _ Complex _
      _ (@WithTop.some.{0} ENat (@Top.top.{0} ENat _)) G)
  (hc :
    @HasCompactSupport.{0, 0} (Prod.{0, 0} (EuclideanSpace.{0, 0} Real ι) (EuclideanSpace.{0, 0} Real κ)) Complex _ _ G)
  {R : Real} (hR : @LT.lt.{0} Real _ (@OfNat.ofNat.{0} Real (nat_lit 0) _) R)
  (hs :
    ∀ (p : Prod.{0, 0} (EuclideanSpace.{0, 0} Real ι) (EuclideanSpace.{0, 0} Real κ)),
      @Ne.{1} Complex (G p) (@OfNat.ofNat.{0} Complex (nat_lit 0) _) →
        @LE.le.{0} ((fun (x : ι) => Real) i) _
          (@abs.{0} ((fun (x : ι) => Real) i) _ _
            (@WithLp.ofLp.{0} (@OfNat.ofNat.{0} ENNReal (nat_lit 2) _) ((i : ι) → (fun (x : ι) => Real) i)
              (@Prod.fst.{0, 0} (EuclideanSpace.{0, 0} Real ι) (EuclideanSpace.{0, 0} Real κ) p) i))
          R),
  And
    (@LE.le.{0} Real _
      (@MeasureTheory.integral.{0, 0} (Prod.{0, 0} (EuclideanSpace.{0, 0} Real ι) (EuclideanSpace.{0, 0} Real κ)) Real _
        _ (@Prod.instMeasurableSpace.{0, 0} (EuclideanSpace.{0, 0} Real ι) (EuclideanSpace.{0, 0} Real κ) _ _)
        (@MeasureTheory.Measure.prod.{0, 0} (EuclideanSpace.{0, 0} Real ι) (EuclideanSpace.{0, 0} Real κ) _ _
          (@MeasureTheory.MeasureSpace.volume.{0} (EuclideanSpace.{0, 0} Real ι) _)
          (@MeasureTheory.MeasureSpace.volume.{0} (EuclideanSpace.{0, 0} Real κ) _))
        fun (p : Prod.{0, 0} (EuclideanSpace.{0, 0} Real ι) (EuclideanSpace.{0, 0} Real κ)) =>
        @HPow.hPow.{0, 0, 0} Real Nat Real _ (@Norm.norm.{0} Complex _ (G p)) (@OfNat.ofNat.{0} Nat (nat_lit 2) _))
      (@HMul.hMul.{0, 0, 0} Real Real Real _
        (@HPow.hPow.{0, 0, 0} Real Nat Real _
          (@HMul.hMul.{0, 0, 0} Real Real Real _ (@OfNat.ofNat.{0} Real (nat_lit 4) _)
            (@HPow.hPow.{0, 0, 0} Real Nat Real _ R (@OfNat.ofNat.{0} Nat (nat_lit 2) _)))
          (@OfNat.ofNat.{0} Nat (nat_lit 2) _))
        (@MeasureTheory.integral.{0, 0} (Prod.{0, 0} (EuclideanSpace.{0, 0} Real ι) (EuclideanSpace.{0, 0} Real κ)) Real
          _ _ (@Prod.instMeasurableSpace.{0, 0} (EuclideanSpace.{0, 0} Real ι) (EuclideanSpace.{0, 0} Real κ) _ _)
          (@MeasureTheory.Measure.prod.{0, 0} (EuclideanSpace.{0, 0} Real ι) (EuclideanSpace.{0, 0} Real κ) _ _
            (@MeasureTheory.MeasureSpace.volume.{0} (EuclideanSpace.{0, 0} Real ι) _)
            (@MeasureTheory.MeasureSpace.volume.{0} (EuclideanSpace.{0, 0} Real κ) _))
          fun (p : Prod.{0, 0} (EuclideanSpace.{0, 0} Real ι) (EuclideanSpace.{0, 0} Real κ)) =>
          @HPow.hPow.{0, 0, 0} Real Nat Real _
            (@Norm.norm.{0} Complex _ (@TheoremT.Continuum.euclideanGrushin ι κ _ _ _ _ c G p))
            (@OfNat.ofNat.{0} Nat (nat_lit 2) _))))
    (And
      (@LE.le.{0} Real _ (@TheoremT.Continuum.grushinGradientEnergy ι κ _ _ _ _ c G)
        (@HMul.hMul.{0, 0, 0} Real Real Real _
          (@HMul.hMul.{0, 0, 0} Real Real Real _ (@OfNat.ofNat.{0} Real (nat_lit 4) _)
            (@HPow.hPow.{0, 0, 0} Real Nat Real _ R (@OfNat.ofNat.{0} Nat (nat_lit 2) _)))
          (@MeasureTheory.integral.{0, 0} (Prod.{0, 0} (EuclideanSpace.{0, 0} Real ι) (EuclideanSpace.{0, 0} Real κ))
            Real _ _
            (@Prod.instMeasurableSpace.{0, 0} (EuclideanSpace.{0, 0} Real ι) (EuclideanSpace.{0, 0} Real κ) _ _)
            (@MeasureTheory.Measure.prod.{0, 0} (EuclideanSpace.{0, 0} Real ι) (EuclideanSpace.{0, 0} Real κ) _ _
              (@MeasureTheory.MeasureSpace.volume.{0} (EuclideanSpace.{0, 0} Real ι) _)
              (@MeasureTheory.MeasureSpace.volume.{0} (EuclideanSpace.{0, 0} Real κ) _))
            fun (p : Prod.{0, 0} (EuclideanSpace.{0, 0} Real ι) (EuclideanSpace.{0, 0} Real κ)) =>
            @HPow.hPow.{0, 0, 0} Real Nat Real _
              (@Norm.norm.{0} Complex _ (@TheoremT.Continuum.euclideanGrushin ι κ _ _ _ _ c G p))
              (@OfNat.ofNat.{0} Nat (nat_lit 2) _))))
      (@LE.le.{0} Real _
        (@Finset.sum.{0, 0} ι Real _ (@Finset.univ.{0} ι _) fun (j : ι) =>
          @MeasureTheory.integral.{0, 0} (Prod.{0, 0} (EuclideanSpace.{0, 0} Real ι) (EuclideanSpace.{0, 0} Real κ))
            Real _ _
            (@Prod.instMeasurableSpace.{0, 0} (EuclideanSpace.{0, 0} Real ι) (EuclideanSpace.{0, 0} Real κ) _ _)
            (@MeasureTheory.Measure.prod.{0, 0} (EuclideanSpace.{0, 0} Real ι) (EuclideanSpace.{0, 0} Real κ) _ _
              (@MeasureTheory.MeasureSpace.volume.{0} (EuclideanSpace.{0, 0} Real ι) _)
              (@MeasureTheory.MeasureSpace.volume.{0} (EuclideanSpace.{0, 0} Real κ) _))
            fun (p : Prod.{0, 0} (EuclideanSpace.{0, 0} Real ι) (EuclideanSpace.{0, 0} Real κ)) =>
            @HPow.hPow.{0, 0, 0} Real Nat Real _
              (@Norm.norm.{0} Complex _
                (@TheoremT.Continuum.partialYDirectional.{0, 0, 0} (EuclideanSpace.{0, 0} Real ι)
                  (EuclideanSpace.{0, 0} Real κ) Complex _ _ _ _ _ _ G (@TheoremT.Continuum.oscillatorBasis.{0} ι _ j)
                  p))
              (@OfNat.ofNat.{0} Nat (nat_lit 2) _))
        (@HMul.hMul.{0, 0, 0} Real Real Real _
          (@HMul.hMul.{0, 0, 0} Real Real Real _ (@OfNat.ofNat.{0} Real (nat_lit 4) _)
            (@HPow.hPow.{0, 0, 0} Real Nat Real _ R (@OfNat.ofNat.{0} Nat (nat_lit 2) _)))
          (@MeasureTheory.integral.{0, 0} (Prod.{0, 0} (EuclideanSpace.{0, 0} Real ι) (EuclideanSpace.{0, 0} Real κ))
            Real _ _
            (@Prod.instMeasurableSpace.{0, 0} (EuclideanSpace.{0, 0} Real ι) (EuclideanSpace.{0, 0} Real κ) _ _)
            (@MeasureTheory.Measure.prod.{0, 0} (EuclideanSpace.{0, 0} Real ι) (EuclideanSpace.{0, 0} Real κ) _ _
              (@MeasureTheory.MeasureSpace.volume.{0} (EuclideanSpace.{0, 0} Real ι) _)
              (@MeasureTheory.MeasureSpace.volume.{0} (EuclideanSpace.{0, 0} Real κ) _))
            fun (p : Prod.{0, 0} (EuclideanSpace.{0, 0} Real ι) (EuclideanSpace.{0, 0} Real κ)) =>
            @HPow.hPow.{0, 0, 0} Real Nat Real _
              (@Norm.norm.{0} Complex _ (@TheoremT.Continuum.euclideanGrushin ι κ _ _ _ _ c G p))
              (@OfNat.ofNat.{0} Nat (nat_lit 2) _)))))
@TheoremT.Continuum.WeakGrushin.compact_smooth_factorial_outer_graph_bound : ∀ {c : Real}
  (hc : @LT.lt.{0} Real _ (@OfNat.ofNat.{0} Real (nat_lit 0) _) c)
  {G : @TheoremT.Continuum.WeakGrushin.Space (Fin (@OfNat.ofNat.{0} Nat (nat_lit 3) _)) _ → Complex}
  (hG :
    @ContDiff.{0, 0, 0} Real _ (@TheoremT.Continuum.WeakGrushin.Space (Fin (@OfNat.ofNat.{0} Nat (nat_lit 3) _)) _) _ _
      Complex _ _ (@WithTop.some.{0} ENat (@Top.top.{0} ENat _)) G)
  (hcG :
    @HasCompactSupport.{0, 0} (@TheoremT.Continuum.WeakGrushin.Space (Fin (@OfNat.ofNat.{0} Nat (nat_lit 3) _)) _)
      Complex _ _ G)
  (i₀ : Fin (@OfNat.ofNat.{0} Nat (nat_lit 4) _)) {R : Real}
  (hR : @LT.lt.{0} Real _ (@OfNat.ofNat.{0} Real (nat_lit 0) _) R)
  (hs :
    ∀ (p : @TheoremT.Continuum.WeakGrushin.Space (Fin (@OfNat.ofNat.{0} Nat (nat_lit 3) _)) _),
      @Ne.{1} Complex (G p) (@OfNat.ofNat.{0} Complex (nat_lit 0) _) →
        @LE.le.{0} ((fun (x : Fin (@OfNat.ofNat.{0} Nat (nat_lit 4) _)) => Real) i₀) _
          (@abs.{0} ((fun (x : Fin (@OfNat.ofNat.{0} Nat (nat_lit 4) _)) => Real) i₀) _ _
            (@WithLp.ofLp.{0} (@OfNat.ofNat.{0} ENNReal (nat_lit 2) _)
              ((i : Fin (@OfNat.ofNat.{0} Nat (nat_lit 4) _)) →
                (fun (x : Fin (@OfNat.ofNat.{0} Nat (nat_lit 4) _)) => Real) i)
              (@Prod.fst.{0, 0} (EuclideanSpace.{0, 0} Real (Fin (@OfNat.ofNat.{0} Nat (nat_lit 4) _)))
                (EuclideanSpace.{0, 0} Real (Fin (@OfNat.ofNat.{0} Nat (nat_lit 3) _))) p)
              i₀))
          R)
  (S : Real) (hS : @LE.le.{0} Real _ (@OfNat.ofNat.{0} Real (nat_lit 1) _) S)
  (hSG :
    ∀ (p : @TheoremT.Continuum.WeakGrushin.Space (Fin (@OfNat.ofNat.{0} Nat (nat_lit 3) _)) _),
      @Membership.mem.{0, 0} (@TheoremT.Continuum.WeakGrushin.Space (Fin (@OfNat.ofNat.{0} Nat (nat_lit 3) _)) _)
          (Set.{0} (@TheoremT.Continuum.WeakGrushin.Space (Fin (@OfNat.ofNat.{0} Nat (nat_lit 3) _)) _)) _
          (@tsupport.{0, 0} (@TheoremT.Continuum.WeakGrushin.Space (Fin (@OfNat.ofNat.{0} Nat (nat_lit 3) _)) _) Complex
            _ _ G)
          p →
        @LE.le.{0} Real _
          (@Norm.norm.{0} (EuclideanSpace.{0, 0} Real (Fin (@OfNat.ofNat.{0} Nat (nat_lit 4) _))) _
            (@Prod.fst.{0, 0} (EuclideanSpace.{0, 0} Real (Fin (@OfNat.ofNat.{0} Nat (nat_lit 4) _)))
              (EuclideanSpace.{0, 0} Real (Fin (@OfNat.ofNat.{0} Nat (nat_lit 3) _))) p))
          S),
  @Exists.{1}
    (@Subtype.{1}
      (@MeasureTheory.AEEqFun.{0, 0}
        (@TheoremT.Continuum.WeakGrushin.Space (Fin (@OfNat.ofNat.{0} Nat (nat_lit 3) _)) _) Complex _ _
        (@MeasureTheory.MeasureSpace.volume.{0}
          (@TheoremT.Continuum.WeakGrushin.Space (Fin (@OfNat.ofNat.{0} Nat (nat_lit 3) _)) _) _))
      fun
        (x :
          @MeasureTheory.AEEqFun.{0, 0}
            (@TheoremT.Continuum.WeakGrushin.Space (Fin (@OfNat.ofNat.{0} Nat (nat_lit 3) _)) _) Complex _ _
            (@MeasureTheory.MeasureSpace.volume.{0}
              (@TheoremT.Continuum.WeakGrushin.Space (Fin (@OfNat.ofNat.{0} Nat (nat_lit 3) _)) _) _)) =>
      @Membership.mem.{0, 0}
        (@MeasureTheory.AEEqFun.{0, 0}
          (@TheoremT.Continuum.WeakGrushin.Space (Fin (@OfNat.ofNat.{0} Nat (nat_lit 3) _)) _) Complex _ _
          (@MeasureTheory.MeasureSpace.volume.{0}
            (@TheoremT.Continuum.WeakGrushin.Space (Fin (@OfNat.ofNat.{0} Nat (nat_lit 3) _)) _) _))
        (@AddSubgroup.{0}
          (@MeasureTheory.AEEqFun.{0, 0}
            (@TheoremT.Continuum.WeakGrushin.Space (Fin (@OfNat.ofNat.{0} Nat (nat_lit 3) _)) _) Complex _ _
            (@MeasureTheory.MeasureSpace.volume.{0}
              (@TheoremT.Continuum.WeakGrushin.Space (Fin (@OfNat.ofNat.{0} Nat (nat_lit 3) _)) _) _))
          _)
        _
        (@MeasureTheory.Lp.{0, 0} (@TheoremT.Continuum.WeakGrushin.Space (Fin (@OfNat.ofNat.{0} Nat (nat_lit 3) _)) _)
          Complex
          (@MeasureTheory.MeasureSpace.toMeasurableSpace.{0}
            (@TheoremT.Continuum.WeakGrushin.Space (Fin (@OfNat.ofNat.{0} Nat (nat_lit 3) _)) _) _)
          _ (@OfNat.ofNat.{0} ENNReal (nat_lit 2) _)
          (@MeasureTheory.MeasureSpace.volume.{0}
            (@TheoremT.Continuum.WeakGrushin.Space (Fin (@OfNat.ofNat.{0} Nat (nat_lit 3) _)) _) _))
        x)
    fun
      (H :
        @Subtype.{1}
          (@MeasureTheory.AEEqFun.{0, 0}
            (@TheoremT.Continuum.WeakGrushin.Space (Fin (@OfNat.ofNat.{0} Nat (nat_lit 3) _)) _) Complex _ _
            (@MeasureTheory.MeasureSpace.volume.{0}
              (@TheoremT.Continuum.WeakGrushin.Space (Fin (@OfNat.ofNat.{0} Nat (nat_lit 3) _)) _) _))
          fun
            (x :
              @MeasureTheory.AEEqFun.{0, 0}
                (@TheoremT.Continuum.WeakGrushin.Space (Fin (@OfNat.ofNat.{0} Nat (nat_lit 3) _)) _) Complex _ _
                (@MeasureTheory.MeasureSpace.volume.{0}
                  (@TheoremT.Continuum.WeakGrushin.Space (Fin (@OfNat.ofNat.{0} Nat (nat_lit 3) _)) _) _)) =>
          @Membership.mem.{0, 0}
            (@MeasureTheory.AEEqFun.{0, 0}
              (@TheoremT.Continuum.WeakGrushin.Space (Fin (@OfNat.ofNat.{0} Nat (nat_lit 3) _)) _) Complex _ _
              (@MeasureTheory.MeasureSpace.volume.{0}
                (@TheoremT.Continuum.WeakGrushin.Space (Fin (@OfNat.ofNat.{0} Nat (nat_lit 3) _)) _) _))
            (@AddSubgroup.{0}
              (@MeasureTheory.AEEqFun.{0, 0}
                (@TheoremT.Continuum.WeakGrushin.Space (Fin (@OfNat.ofNat.{0} Nat (nat_lit 3) _)) _) Complex _ _
                (@MeasureTheory.MeasureSpace.volume.{0}
                  (@TheoremT.Continuum.WeakGrushin.Space (Fin (@OfNat.ofNat.{0} Nat (nat_lit 3) _)) _) _))
              _)
            _
            (@MeasureTheory.Lp.{0, 0}
              (@TheoremT.Continuum.WeakGrushin.Space (Fin (@OfNat.ofNat.{0} Nat (nat_lit 3) _)) _) Complex
              (@MeasureTheory.MeasureSpace.toMeasurableSpace.{0}
                (@TheoremT.Continuum.WeakGrushin.Space (Fin (@OfNat.ofNat.{0} Nat (nat_lit 3) _)) _) _)
              _ (@OfNat.ofNat.{0} ENNReal (nat_lit 2) _)
              (@MeasureTheory.MeasureSpace.volume.{0}
                (@TheoremT.Continuum.WeakGrushin.Space (Fin (@OfNat.ofNat.{0} Nat (nat_lit 3) _)) _) _))
            x) =>
    And
      (@Filter.EventuallyEq.{0, 0} (@TheoremT.Continuum.WeakGrushin.Space (Fin (@OfNat.ofNat.{0} Nat (nat_lit 3) _)) _)
        Complex
        (@MeasureTheory.ae.{0, 0} (@TheoremT.Continuum.WeakGrushin.Space (Fin (@OfNat.ofNat.{0} Nat (nat_lit 3) _)) _)
          (@MeasureTheory.Measure.{0}
            (@TheoremT.Continuum.WeakGrushin.Space (Fin (@OfNat.ofNat.{0} Nat (nat_lit 3) _)) _) _)
          _ _
          (@MeasureTheory.MeasureSpace.volume.{0}
            (@TheoremT.Continuum.WeakGrushin.Space (Fin (@OfNat.ofNat.{0} Nat (nat_lit 3) _)) _) _))
        (@MeasureTheory.AEEqFun.cast.{0, 0}
          (@TheoremT.Continuum.WeakGrushin.Space (Fin (@OfNat.ofNat.{0} Nat (nat_lit 3) _)) _) Complex _
          (@MeasureTheory.MeasureSpace.volume.{0}
            (@TheoremT.Continuum.WeakGrushin.Space (Fin (@OfNat.ofNat.{0} Nat (nat_lit 3) _)) _) _)
          _
          (@Subtype.val.{1}
            (@MeasureTheory.AEEqFun.{0, 0}
              (@TheoremT.Continuum.WeakGrushin.Space (Fin (@OfNat.ofNat.{0} Nat (nat_lit 3) _)) _) Complex _ _
              (@MeasureTheory.MeasureSpace.volume.{0}
                (@TheoremT.Continuum.WeakGrushin.Space (Fin (@OfNat.ofNat.{0} Nat (nat_lit 3) _)) _) _))
            (fun
                (x :
                  @MeasureTheory.AEEqFun.{0, 0}
                    (@TheoremT.Continuum.WeakGrushin.Space (Fin (@OfNat.ofNat.{0} Nat (nat_lit 3) _)) _) Complex _ _
                    (@MeasureTheory.MeasureSpace.volume.{0}
                      (@TheoremT.Continuum.WeakGrushin.Space (Fin (@OfNat.ofNat.{0} Nat (nat_lit 3) _)) _) _)) =>
              @Membership.mem.{0, 0}
                (@MeasureTheory.AEEqFun.{0, 0}
                  (@TheoremT.Continuum.WeakGrushin.Space (Fin (@OfNat.ofNat.{0} Nat (nat_lit 3) _)) _) Complex _ _
                  (@MeasureTheory.MeasureSpace.volume.{0}
                    (@TheoremT.Continuum.WeakGrushin.Space (Fin (@OfNat.ofNat.{0} Nat (nat_lit 3) _)) _) _))
                (@AddSubgroup.{0}
                  (@MeasureTheory.AEEqFun.{0, 0}
                    (@TheoremT.Continuum.WeakGrushin.Space (Fin (@OfNat.ofNat.{0} Nat (nat_lit 3) _)) _) Complex _ _
                    (@MeasureTheory.MeasureSpace.volume.{0}
                      (@TheoremT.Continuum.WeakGrushin.Space (Fin (@OfNat.ofNat.{0} Nat (nat_lit 3) _)) _) _))
                  _)
                _
                (@MeasureTheory.Lp.{0, 0}
                  (@TheoremT.Continuum.WeakGrushin.Space (Fin (@OfNat.ofNat.{0} Nat (nat_lit 3) _)) _) Complex
                  (@MeasureTheory.MeasureSpace.toMeasurableSpace.{0}
                    (@TheoremT.Continuum.WeakGrushin.Space (Fin (@OfNat.ofNat.{0} Nat (nat_lit 3) _)) _) _)
                  _ (@OfNat.ofNat.{0} ENNReal (nat_lit 2) _)
                  (@MeasureTheory.MeasureSpace.volume.{0}
                    (@TheoremT.Continuum.WeakGrushin.Space (Fin (@OfNat.ofNat.{0} Nat (nat_lit 3) _)) _) _))
                x)
            H))
        (@TheoremT.Continuum.euclideanGrushin (Fin (@OfNat.ofNat.{0} Nat (nat_lit 4) _))
          (Fin (@OfNat.ofNat.{0} Nat (nat_lit 3) _)) _ _ _ _ c G))
      (@Exists.{1}
        (TheoremT.Continuum.WeakGrushin.FactorialOuterIndex →
          @Subtype.{1}
            (@MeasureTheory.AEEqFun.{0, 0}
              (@TheoremT.Continuum.WeakGrushin.Space (Fin (@OfNat.ofNat.{0} Nat (nat_lit 3) _)) _) Complex _ _
              (@MeasureTheory.MeasureSpace.volume.{0}
                (@TheoremT.Continuum.WeakGrushin.Space (Fin (@OfNat.ofNat.{0} Nat (nat_lit 3) _)) _) _))
            fun
              (x :
                @MeasureTheory.AEEqFun.{0, 0}
                  (@TheoremT.Continuum.WeakGrushin.Space (Fin (@OfNat.ofNat.{0} Nat (nat_lit 3) _)) _) Complex _ _
                  (@MeasureTheory.MeasureSpace.volume.{0}
                    (@TheoremT.Continuum.WeakGrushin.Space (Fin (@OfNat.ofNat.{0} Nat (nat_lit 3) _)) _) _)) =>
            @Membership.mem.{0, 0}
              (@MeasureTheory.AEEqFun.{0, 0}
                (@TheoremT.Continuum.WeakGrushin.Space (Fin (@OfNat.ofNat.{0} Nat (nat_lit 3) _)) _) Complex _ _
                (@MeasureTheory.MeasureSpace.volume.{0}
                  (@TheoremT.Continuum.WeakGrushin.Space (Fin (@OfNat.ofNat.{0} Nat (nat_lit 3) _)) _) _))
              (@AddSubgroup.{0}
                (@MeasureTheory.AEEqFun.{0, 0}
                  (@TheoremT.Continuum.WeakGrushin.Space (Fin (@OfNat.ofNat.{0} Nat (nat_lit 3) _)) _) Complex _ _
                  (@MeasureTheory.MeasureSpace.volume.{0}
                    (@TheoremT.Continuum.WeakGrushin.Space (Fin (@OfNat.ofNat.{0} Nat (nat_lit 3) _)) _) _))
                _)
              _
              (@MeasureTheory.Lp.{0, 0}
                (@TheoremT.Continuum.WeakGrushin.Space (Fin (@OfNat.ofNat.{0} Nat (nat_lit 3) _)) _) Complex
                (@MeasureTheory.MeasureSpace.toMeasurableSpace.{0}
                  (@TheoremT.Continuum.WeakGrushin.Space (Fin (@OfNat.ofNat.{0} Nat (nat_lit 3) _)) _) _)
                _ (@OfNat.ofNat.{0} ENNReal (nat_lit 2) _)
                (@MeasureTheory.MeasureSpace.volume.{0}
                  (@TheoremT.Continuum.WeakGrushin.Space (Fin (@OfNat.ofNat.{0} Nat (nat_lit 3) _)) _) _))
              x)
        fun
          (W :
            TheoremT.Continuum.WeakGrushin.FactorialOuterIndex →
              @Subtype.{1}
                (@MeasureTheory.AEEqFun.{0, 0}
                  (@TheoremT.Continuum.WeakGrushin.Space (Fin (@OfNat.ofNat.{0} Nat (nat_lit 3) _)) _) Complex _ _
                  (@MeasureTheory.MeasureSpace.volume.{0}
                    (@TheoremT.Continuum.WeakGrushin.Space (Fin (@OfNat.ofNat.{0} Nat (nat_lit 3) _)) _) _))
                fun
                  (x :
                    @MeasureTheory.AEEqFun.{0, 0}
                      (@TheoremT.Continuum.WeakGrushin.Space (Fin (@OfNat.ofNat.{0} Nat (nat_lit 3) _)) _) Complex _ _
                      (@MeasureTheory.MeasureSpace.volume.{0}
                        (@TheoremT.Continuum.WeakGrushin.Space (Fin (@OfNat.ofNat.{0} Nat (nat_lit 3) _)) _) _)) =>
                @Membership.mem.{0, 0}
                  (@MeasureTheory.AEEqFun.{0, 0}
                    (@TheoremT.Continuum.WeakGrushin.Space (Fin (@OfNat.ofNat.{0} Nat (nat_lit 3) _)) _) Complex _ _
                    (@MeasureTheory.MeasureSpace.volume.{0}
                      (@TheoremT.Continuum.WeakGrushin.Space (Fin (@OfNat.ofNat.{0} Nat (nat_lit 3) _)) _) _))
                  (@AddSubgroup.{0}
                    (@MeasureTheory.AEEqFun.{0, 0}
                      (@TheoremT.Continuum.WeakGrushin.Space (Fin (@OfNat.ofNat.{0} Nat (nat_lit 3) _)) _) Complex _ _
                      (@MeasureTheory.MeasureSpace.volume.{0}
                        (@TheoremT.Continuum.WeakGrushin.Space (Fin (@OfNat.ofNat.{0} Nat (nat_lit 3) _)) _) _))
                    _)
                  _
                  (@MeasureTheory.Lp.{0, 0}
                    (@TheoremT.Continuum.WeakGrushin.Space (Fin (@OfNat.ofNat.{0} Nat (nat_lit 3) _)) _) Complex
                    (@MeasureTheory.MeasureSpace.toMeasurableSpace.{0}
                      (@TheoremT.Continuum.WeakGrushin.Space (Fin (@OfNat.ofNat.{0} Nat (nat_lit 3) _)) _) _)
                    _ (@OfNat.ofNat.{0} ENNReal (nat_lit 2) _)
                    (@MeasureTheory.MeasureSpace.volume.{0}
                      (@TheoremT.Continuum.WeakGrushin.Space (Fin (@OfNat.ofNat.{0} Nat (nat_lit 3) _)) _) _))
                  x) =>
        And
          (@TheoremT.Continuum.WeakGrushin.FactorialOuterL2Rep
            (@MeasureTheory.MeasureSpace.volume.{0}
              (@TheoremT.Continuum.WeakGrushin.Space (Fin (@OfNat.ofNat.{0} Nat (nat_lit 3) _)) _) _)
            (TheoremT.Continuum.WeakGrushin.smoothFactorialJet G) W)
          (@LE.le.{0} Real _
            (@TheoremT.Continuum.WeakGrushin.factorialOuterNorm.{0}
              (@Subtype.{1}
                (@MeasureTheory.AEEqFun.{0, 0}
                  (@TheoremT.Continuum.WeakGrushin.Space (Fin (@OfNat.ofNat.{0} Nat (nat_lit 3) _)) _) Complex _ _
                  (@MeasureTheory.MeasureSpace.volume.{0}
                    (@TheoremT.Continuum.WeakGrushin.Space (Fin (@OfNat.ofNat.{0} Nat (nat_lit 3) _)) _) _))
                fun
                  (x :
                    @MeasureTheory.AEEqFun.{0, 0}
                      (@TheoremT.Continuum.WeakGrushin.Space (Fin (@OfNat.ofNat.{0} Nat (nat_lit 3) _)) _) Complex _ _
                      (@MeasureTheory.MeasureSpace.volume.{0}
                        (@TheoremT.Continuum.WeakGrushin.Space (Fin (@OfNat.ofNat.{0} Nat (nat_lit 3) _)) _) _)) =>
                @Membership.mem.{0, 0}
                  (@MeasureTheory.AEEqFun.{0, 0}
                    (@TheoremT.Continuum.WeakGrushin.Space (Fin (@OfNat.ofNat.{0} Nat (nat_lit 3) _)) _) Complex _ _
                    (@MeasureTheory.MeasureSpace.volume.{0}
                      (@TheoremT.Continuum.WeakGrushin.Space (Fin (@OfNat.ofNat.{0} Nat (nat_lit 3) _)) _) _))
                  (@AddSubgroup.{0}
                    (@MeasureTheory.AEEqFun.{0, 0}
                      (@TheoremT.Continuum.WeakGrushin.Space (Fin (@OfNat.ofNat.{0} Nat (nat_lit 3) _)) _) Complex _ _
                      (@MeasureTheory.MeasureSpace.volume.{0}
                        (@TheoremT.Continuum.WeakGrushin.Space (Fin (@OfNat.ofNat.{0} Nat (nat_lit 3) _)) _) _))
                    _)
                  _
                  (@MeasureTheory.Lp.{0, 0}
                    (@TheoremT.Continuum.WeakGrushin.Space (Fin (@OfNat.ofNat.{0} Nat (nat_lit 3) _)) _) Complex
                    (@MeasureTheory.MeasureSpace.toMeasurableSpace.{0}
                      (@TheoremT.Continuum.WeakGrushin.Space (Fin (@OfNat.ofNat.{0} Nat (nat_lit 3) _)) _) _)
                    _ (@OfNat.ofNat.{0} ENNReal (nat_lit 2) _)
                    (@MeasureTheory.MeasureSpace.volume.{0}
                      (@TheoremT.Continuum.WeakGrushin.Space (Fin (@OfNat.ofNat.{0} Nat (nat_lit 3) _)) _) _))
                  x)
              _ W)
            (@HMul.hMul.{0, 0, 0} Real Real Real _
              (@HMul.hMul.{0, 0, 0} Real Real Real _
                (@HMul.hMul.{0, 0, 0} Real Real Real _ (@OfNat.ofNat.{0} Real (nat_lit 498) _)
                  (@HPow.hPow.{0, 0, 0} Real Nat Real _ S (@OfNat.ofNat.{0} Nat (nat_lit 2) _)))
                (TheoremT.Continuum.WeakGrushin.factorialGraphCoefficient R c))
              (@Norm.norm.{0}
                (@Subtype.{1}
                  (@MeasureTheory.AEEqFun.{0, 0}
                    (@TheoremT.Continuum.WeakGrushin.Space (Fin (@OfNat.ofNat.{0} Nat (nat_lit 3) _)) _) Complex _ _
                    (@MeasureTheory.MeasureSpace.volume.{0}
                      (@TheoremT.Continuum.WeakGrushin.Space (Fin (@OfNat.ofNat.{0} Nat (nat_lit 3) _)) _) _))
                  fun
                    (x :
                      @MeasureTheory.AEEqFun.{0, 0}
                        (@TheoremT.Continuum.WeakGrushin.Space (Fin (@OfNat.ofNat.{0} Nat (nat_lit 3) _)) _) Complex _ _
                        (@MeasureTheory.MeasureSpace.volume.{0}
                          (@TheoremT.Continuum.WeakGrushin.Space (Fin (@OfNat.ofNat.{0} Nat (nat_lit 3) _)) _) _)) =>
                  @Membership.mem.{0, 0}
                    (@MeasureTheory.AEEqFun.{0, 0}
                      (@TheoremT.Continuum.WeakGrushin.Space (Fin (@OfNat.ofNat.{0} Nat (nat_lit 3) _)) _) Complex _ _
                      (@MeasureTheory.MeasureSpace.volume.{0}
                        (@TheoremT.Continuum.WeakGrushin.Space (Fin (@OfNat.ofNat.{0} Nat (nat_lit 3) _)) _) _))
                    (@AddSubgroup.{0}
                      (@MeasureTheory.AEEqFun.{0, 0}
                        (@TheoremT.Continuum.WeakGrushin.Space (Fin (@OfNat.ofNat.{0} Nat (nat_lit 3) _)) _) Complex _ _
                        (@MeasureTheory.MeasureSpace.volume.{0}
                          (@TheoremT.Continuum.WeakGrushin.Space (Fin (@OfNat.ofNat.{0} Nat (nat_lit 3) _)) _) _))
                      _)
                    _
                    (@MeasureTheory.Lp.{0, 0}
                      (@TheoremT.Continuum.WeakGrushin.Space (Fin (@OfNat.ofNat.{0} Nat (nat_lit 3) _)) _) Complex
                      (@MeasureTheory.MeasureSpace.toMeasurableSpace.{0}
                        (@TheoremT.Continuum.WeakGrushin.Space (Fin (@OfNat.ofNat.{0} Nat (nat_lit 3) _)) _) _)
                      _ (@OfNat.ofNat.{0} ENNReal (nat_lit 2) _)
                      (@MeasureTheory.MeasureSpace.volume.{0}
                        (@TheoremT.Continuum.WeakGrushin.Space (Fin (@OfNat.ofNat.{0} Nat (nat_lit 3) _)) _) _))
                    x)
                _ H))))
'TheoremT.Continuum.compact_grushin_slab_graph_bounds' depends on axioms: [propext, Classical.choice, Quot.sound]
'TheoremT.Continuum.WeakGrushin.compact_smooth_factorial_outer_graph_bound' depends on axioms: [propext,
 Classical.choice,
 Quot.sound]
