@TheoremT.Continuum.nuclear_KS_tube_squared_mass_le : ∀ {N : Nat} (i : Fin N)
  {g : @TheoremT.Continuum.NuclearKSSpace N i → Complex} {M : Real}
  (hM : ∀ (q : @TheoremT.Continuum.NuclearKSSpace N i), @LE.le.{0} Real _ (@Norm.norm.{0} Complex _ (g q)) M) (r : Real)
  (T : Set.{0} (@TheoremT.Continuum.SpectatorConfiguration N i)),
  @LE.le.{0} ENNReal _
    (@MeasureTheory.lintegral.{0}
      (Prod.{0, 0} TheoremT.Continuum.KSSpace (@TheoremT.Continuum.SpectatorConfiguration N i))
      (@MeasureTheory.MeasureSpace.toMeasurableSpace.{0}
        (Prod.{0, 0} TheoremT.Continuum.KSSpace (@TheoremT.Continuum.SpectatorConfiguration N i)) _)
      (@MeasureTheory.Measure.restrict.{0}
        (Prod.{0, 0} TheoremT.Continuum.KSSpace (@TheoremT.Continuum.SpectatorConfiguration N i))
        (@MeasureTheory.MeasureSpace.toMeasurableSpace.{0}
          (Prod.{0, 0} TheoremT.Continuum.KSSpace (@TheoremT.Continuum.SpectatorConfiguration N i)) _)
        (@MeasureTheory.MeasureSpace.volume.{0}
          (Prod.{0, 0} TheoremT.Continuum.KSSpace (@TheoremT.Continuum.SpectatorConfiguration N i)) _)
        (@SProd.sprod.{0, 0, 0} (Set.{0} TheoremT.Continuum.KSSpace)
          (Set.{0} (@TheoremT.Continuum.SpectatorConfiguration N i))
          (Set.{0} (Prod.{0, 0} TheoremT.Continuum.KSSpace (@TheoremT.Continuum.SpectatorConfiguration N i))) _
          (@Metric.ball.{0} TheoremT.Continuum.KSSpace _ (@OfNat.ofNat.{0} TheoremT.Continuum.KSSpace (nat_lit 0) _) r)
          T))
      fun (q : Prod.{0, 0} TheoremT.Continuum.KSSpace (@TheoremT.Continuum.SpectatorConfiguration N i)) =>
      @HPow.hPow.{0, 0, 0} ENNReal Nat ENNReal _ (@ENorm.enorm.{0} Complex _ (g q))
        (@OfNat.ofNat.{0} Nat (nat_lit 2) _))
    (@HMul.hMul.{0, 0, 0} ENNReal ENNReal ENNReal _
      (@HPow.hPow.{0, 0, 0} ENNReal Nat ENNReal _ (ENNReal.ofReal M) (@OfNat.ofNat.{0} Nat (nat_lit 2) _))
      (@HMul.hMul.{0, 0, 0} ENNReal ENNReal ENNReal _
        (@HMul.hMul.{0, 0, 0} ENNReal ENNReal ENNReal _
          (@HPow.hPow.{0, 0, 0} ENNReal Nat ENNReal _ (ENNReal.ofReal r) (@OfNat.ofNat.{0} Nat (nat_lit 4) _))
          (ENNReal.ofReal
            (@HDiv.hDiv.{0, 0, 0} Real Real Real _
              (@HPow.hPow.{0, 0, 0} Real Nat Real _ Real.pi (@OfNat.ofNat.{0} Nat (nat_lit 2) _))
              (@OfNat.ofNat.{0} Real (nat_lit 2) _))))
        (@DFunLike.coe.{1, 1, 1} (@MeasureTheory.Measure.{0} (@TheoremT.Continuum.SpectatorConfiguration N i) _)
          (Set.{0} (@TheoremT.Continuum.SpectatorConfiguration N i))
          (fun (x : Set.{0} (@TheoremT.Continuum.SpectatorConfiguration N i)) => ENNReal) _
          (@MeasureTheory.MeasureSpace.volume.{0} (@TheoremT.Continuum.SpectatorConfiguration N i) _) T)))
@TheoremT.Continuum.scalar_coulomb_nuclear_KS_tube_squared_mass : ∀ {N : Nat}
  (hN : @LT.lt.{0} Nat _ (@OfNat.ofNat.{0} Nat (nat_lit 0) _) N) {Z E : Real}
  {f :
    @Subtype.{1}
      (@MeasureTheory.AEEqFun.{0, 0} (TheoremT.Continuum.Configuration N) Complex _ _
        (@MeasureTheory.MeasureSpace.volume.{0} (TheoremT.Continuum.Configuration N) _))
      fun
        (x :
          @MeasureTheory.AEEqFun.{0, 0} (TheoremT.Continuum.Configuration N) Complex _ _
            (@MeasureTheory.MeasureSpace.volume.{0} (TheoremT.Continuum.Configuration N) _)) =>
      @Membership.mem.{0, 0}
        (@MeasureTheory.AEEqFun.{0, 0} (TheoremT.Continuum.Configuration N) Complex _ _
          (@MeasureTheory.MeasureSpace.volume.{0} (TheoremT.Continuum.Configuration N) _))
        (@AddSubgroup.{0}
          (@MeasureTheory.AEEqFun.{0, 0} (TheoremT.Continuum.Configuration N) Complex _ _
            (@MeasureTheory.MeasureSpace.volume.{0} (TheoremT.Continuum.Configuration N) _))
          _)
        _ (TheoremT.Continuum.SpatialL2 N) x}
  (hg :
    TheoremT.Continuum.scalarHamiltonianGraph N Z f
      (@HSMul.hSMul.{0, 0, 0} Complex
        (@Subtype.{1}
          (@MeasureTheory.AEEqFun.{0, 0} (TheoremT.Continuum.Configuration N) Complex _ _
            (@MeasureTheory.MeasureSpace.volume.{0} (TheoremT.Continuum.Configuration N) _))
          fun
            (x :
              @MeasureTheory.AEEqFun.{0, 0} (TheoremT.Continuum.Configuration N) Complex _ _
                (@MeasureTheory.MeasureSpace.volume.{0} (TheoremT.Continuum.Configuration N) _)) =>
          @Membership.mem.{0, 0}
            (@MeasureTheory.AEEqFun.{0, 0} (TheoremT.Continuum.Configuration N) Complex _ _
              (@MeasureTheory.MeasureSpace.volume.{0} (TheoremT.Continuum.Configuration N) _))
            (@AddSubgroup.{0}
              (@MeasureTheory.AEEqFun.{0, 0} (TheoremT.Continuum.Configuration N) Complex _ _
                (@MeasureTheory.MeasureSpace.volume.{0} (TheoremT.Continuum.Configuration N) _))
              _)
            _ (TheoremT.Continuum.SpatialL2 N) x)
        (@Subtype.{1}
          (@MeasureTheory.AEEqFun.{0, 0} (TheoremT.Continuum.Configuration N) Complex _ _
            (@MeasureTheory.MeasureSpace.volume.{0} (TheoremT.Continuum.Configuration N) _))
          fun
            (x :
              @MeasureTheory.AEEqFun.{0, 0} (TheoremT.Continuum.Configuration N) Complex _ _
                (@MeasureTheory.MeasureSpace.volume.{0} (TheoremT.Continuum.Configuration N) _)) =>
          @Membership.mem.{0, 0}
            (@MeasureTheory.AEEqFun.{0, 0} (TheoremT.Continuum.Configuration N) Complex _ _
              (@MeasureTheory.MeasureSpace.volume.{0} (TheoremT.Continuum.Configuration N) _))
            (@AddSubgroup.{0}
              (@MeasureTheory.AEEqFun.{0, 0} (TheoremT.Continuum.Configuration N) Complex _ _
                (@MeasureTheory.MeasureSpace.volume.{0} (TheoremT.Continuum.Configuration N) _))
              _)
            _ (TheoremT.Continuum.SpatialL2 N) x)
        _ (Complex.ofReal E) f))
  {u : TheoremT.Continuum.Configuration N → Complex}
  (hu : @Continuous.{0, 0} (TheoremT.Continuum.Configuration N) Complex _ _ u)
  (hEq :
    @Filter.EventuallyEq.{0, 0} (TheoremT.Continuum.Configuration N) Complex
      (@MeasureTheory.ae.{0, 0} (TheoremT.Continuum.Configuration N)
        (@MeasureTheory.Measure.{0} (TheoremT.Continuum.Configuration N) _) _ _
        (@MeasureTheory.MeasureSpace.volume.{0} (TheoremT.Continuum.Configuration N) _))
      (@MeasureTheory.AEEqFun.cast.{0, 0} (TheoremT.Continuum.Configuration N) Complex _
        (@MeasureTheory.MeasureSpace.volume.{0} (TheoremT.Continuum.Configuration N) _) _
        (@Subtype.val.{1}
          (@MeasureTheory.AEEqFun.{0, 0} (TheoremT.Continuum.Configuration N) Complex _ _
            (@MeasureTheory.MeasureSpace.volume.{0} (TheoremT.Continuum.Configuration N) _))
          (fun
              (x :
                @MeasureTheory.AEEqFun.{0, 0} (TheoremT.Continuum.Configuration N) Complex _ _
                  (@MeasureTheory.MeasureSpace.volume.{0} (TheoremT.Continuum.Configuration N) _)) =>
            @Membership.mem.{0, 0}
              (@MeasureTheory.AEEqFun.{0, 0} (TheoremT.Continuum.Configuration N) Complex _ _
                (@MeasureTheory.MeasureSpace.volume.{0} (TheoremT.Continuum.Configuration N) _))
              (@AddSubgroup.{0}
                (@MeasureTheory.AEEqFun.{0, 0} (TheoremT.Continuum.Configuration N) Complex _ _
                  (@MeasureTheory.MeasureSpace.volume.{0} (TheoremT.Continuum.Configuration N) _))
                _)
              _
              (@MeasureTheory.Lp.{0, 0} (TheoremT.Continuum.Configuration N) Complex
                (@MeasureTheory.MeasureSpace.toMeasurableSpace.{0} (TheoremT.Continuum.Configuration N) _) _
                (@OfNat.ofNat.{0} ENNReal (nat_lit 2) _)
                (@MeasureTheory.MeasureSpace.volume.{0} (TheoremT.Continuum.Configuration N) _))
              x)
          f))
      u)
  (i : Fin N) (r : Real) (T : Set.{0} (@TheoremT.Continuum.SpectatorConfiguration N i)),
  @LE.le.{0} ENNReal _
    (@MeasureTheory.lintegral.{0}
      (Prod.{0, 0} TheoremT.Continuum.KSSpace (@TheoremT.Continuum.SpectatorConfiguration N i))
      (@MeasureTheory.MeasureSpace.toMeasurableSpace.{0}
        (Prod.{0, 0} TheoremT.Continuum.KSSpace (@TheoremT.Continuum.SpectatorConfiguration N i)) _)
      (@MeasureTheory.Measure.restrict.{0}
        (Prod.{0, 0} TheoremT.Continuum.KSSpace (@TheoremT.Continuum.SpectatorConfiguration N i))
        (@MeasureTheory.MeasureSpace.toMeasurableSpace.{0}
          (Prod.{0, 0} TheoremT.Continuum.KSSpace (@TheoremT.Continuum.SpectatorConfiguration N i)) _)
        (@MeasureTheory.MeasureSpace.volume.{0}
          (Prod.{0, 0} TheoremT.Continuum.KSSpace (@TheoremT.Continuum.SpectatorConfiguration N i)) _)
        (@SProd.sprod.{0, 0, 0} (Set.{0} TheoremT.Continuum.KSSpace)
          (Set.{0} (@TheoremT.Continuum.SpectatorConfiguration N i))
          (Set.{0} (Prod.{0, 0} TheoremT.Continuum.KSSpace (@TheoremT.Continuum.SpectatorConfiguration N i))) _
          (@Metric.ball.{0} TheoremT.Continuum.KSSpace _ (@OfNat.ofNat.{0} TheoremT.Continuum.KSSpace (nat_lit 0) _) r)
          T))
      fun (q : Prod.{0, 0} TheoremT.Continuum.KSSpace (@TheoremT.Continuum.SpectatorConfiguration N i)) =>
      @HPow.hPow.{0, 0, 0} ENNReal Nat ENNReal _
        (@ENorm.enorm.{0} Complex _ (u (@TheoremT.Continuum.nuclearKSLift N i q))) (@OfNat.ofNat.{0} Nat (nat_lit 2) _))
    (@HMul.hMul.{0, 0, 0} ENNReal ENNReal ENNReal _
      (@HPow.hPow.{0, 0, 0} ENNReal Nat ENNReal _
        (ENNReal.ofReal
          (@HMul.hMul.{0, 0, 0} Real Real Real _ (TheoremT.Continuum.coulombMoserBoundCoefficient N Z E)
            (@Norm.norm.{0}
              (@Subtype.{1}
                (@MeasureTheory.AEEqFun.{0, 0} (TheoremT.Continuum.Configuration N) Complex _ _
                  (@MeasureTheory.MeasureSpace.volume.{0} (TheoremT.Continuum.Configuration N) _))
                fun
                  (x :
                    @MeasureTheory.AEEqFun.{0, 0} (TheoremT.Continuum.Configuration N) Complex _ _
                      (@MeasureTheory.MeasureSpace.volume.{0} (TheoremT.Continuum.Configuration N) _)) =>
                @Membership.mem.{0, 0}
                  (@MeasureTheory.AEEqFun.{0, 0} (TheoremT.Continuum.Configuration N) Complex _ _
                    (@MeasureTheory.MeasureSpace.volume.{0} (TheoremT.Continuum.Configuration N) _))
                  (@AddSubgroup.{0}
                    (@MeasureTheory.AEEqFun.{0, 0} (TheoremT.Continuum.Configuration N) Complex _ _
                      (@MeasureTheory.MeasureSpace.volume.{0} (TheoremT.Continuum.Configuration N) _))
                    _)
                  _ (TheoremT.Continuum.SpatialL2 N) x)
              _ f)))
        (@OfNat.ofNat.{0} Nat (nat_lit 2) _))
      (@HMul.hMul.{0, 0, 0} ENNReal ENNReal ENNReal _
        (@HMul.hMul.{0, 0, 0} ENNReal ENNReal ENNReal _
          (@HPow.hPow.{0, 0, 0} ENNReal Nat ENNReal _ (ENNReal.ofReal r) (@OfNat.ofNat.{0} Nat (nat_lit 4) _))
          (ENNReal.ofReal
            (@HDiv.hDiv.{0, 0, 0} Real Real Real _
              (@HPow.hPow.{0, 0, 0} Real Nat Real _ Real.pi (@OfNat.ofNat.{0} Nat (nat_lit 2) _))
              (@OfNat.ofNat.{0} Real (nat_lit 2) _))))
        (@DFunLike.coe.{1, 1, 1} (@MeasureTheory.Measure.{0} (@TheoremT.Continuum.SpectatorConfiguration N i) _)
          (Set.{0} (@TheoremT.Continuum.SpectatorConfiguration N i))
          (fun (x : Set.{0} (@TheoremT.Continuum.SpectatorConfiguration N i)) => ENNReal) _
          (@MeasureTheory.MeasureSpace.volume.{0} (@TheoremT.Continuum.SpectatorConfiguration N i) _) T)))
'TheoremT.Continuum.nuclear_KS_tube_squared_mass_le' depends on axioms: [propext, Classical.choice, Quot.sound]
'TheoremT.Continuum.scalar_coulomb_nuclear_KS_tube_squared_mass' depends on axioms: [propext,
 Classical.choice,
 Quot.sound]
