TheoremT.Continuum.nuclearKSPhysicalAnalyticDescent_real_position_slices : ∀
  (g : TheoremT.Continuum.Configuration (@OfNat.ofNat.{0} Nat (nat_lit 2) _) → Complex)
  (i : Fin (@OfNat.ofNat.{0} Nat (nat_lit 2) _)) {t0 : TheoremT.Continuum.Position} {M A F0 W : Real}
  (hdata :
    TheoremT.Continuum.PhysicalKSBoxPointwiseData
      (@Function.comp.{1, 1, 1} (@TheoremT.Continuum.WeakGrushin.Space (Fin (@OfNat.ofNat.{0} Nat (nat_lit 3) _)) _)
        (@TheoremT.Continuum.NuclearKSSpace (@OfNat.ofNat.{0} Nat (nat_lit 2) _) i) Complex
        (@Function.comp.{1, 1, 1} (@TheoremT.Continuum.NuclearKSSpace (@OfNat.ofNat.{0} Nat (nat_lit 2) _) i)
          (TheoremT.Continuum.Configuration (@OfNat.ofNat.{0} Nat (nat_lit 2) _)) Complex g
          (@TheoremT.Continuum.nuclearKSLift (@OfNat.ofNat.{0} Nat (nat_lit 2) _) i))
        (@DFunLike.coe.{1, 1, 1}
          (@LinearIsometryEquiv.{0, 0, 0, 0} Real Real _ _ (@RingHom.id.{0} Real _) (@RingHom.id.{0} Real _) _ _
            (@TheoremT.Continuum.WeakGrushin.Space (Fin (@OfNat.ofNat.{0} Nat (nat_lit 3) _)) _)
            (@TheoremT.Continuum.WeakGrushin.Space
              (@TheoremT.Continuum.SpectatorCoordinate (@OfNat.ofNat.{0} Nat (nat_lit 2) _) i) _)
            _ _ _ _)
          (@TheoremT.Continuum.WeakGrushin.Space (Fin (@OfNat.ofNat.{0} Nat (nat_lit 3) _)) _)
          (fun (a : @TheoremT.Continuum.WeakGrushin.Space (Fin (@OfNat.ofNat.{0} Nat (nat_lit 3) _)) _) =>
            @TheoremT.Continuum.WeakGrushin.Space
              (@TheoremT.Continuum.SpectatorCoordinate (@OfNat.ofNat.{0} Nat (nat_lit 2) _) i) _)
          _
          (@LinearIsometryEquiv.symm.{0, 0, 0, 0} Real Real
            (@TheoremT.Continuum.WeakGrushin.Space
              (@TheoremT.Continuum.SpectatorCoordinate (@OfNat.ofNat.{0} Nat (nat_lit 2) _) i) _)
            (@TheoremT.Continuum.WeakGrushin.Space (Fin (@OfNat.ofNat.{0} Nat (nat_lit 3) _)) _) _ _
            (@RingHom.id.{0} Real _) (@RingHom.id.{0} Real _) _ _ _ _ _ _
            (TheoremT.Continuum.physicalSpectatorReindexAt i))))
      t0 M A F0 W)
  (hA : @LE.le.{0} Real _ (@OfNat.ofNat.{0} Real (nat_lit 1) _) A)
  (hF0 : @LE.le.{0} Real _ (@OfNat.ofNat.{0} Real (nat_lit 0) _) F0) (T : TheoremT.Continuum.Position)
  (hT :
    @LT.lt.{0} Real _
      (@HMul.hMul.{0, 0, 0} Real Real Real _
        (@HMul.hMul.{0, 0, 0} Real Real Real _ (@OfNat.ofNat.{0} Real (nat_lit 7) _)
          (TheoremT.Continuum.physicalKSPointwiseRate M A))
        (@Norm.norm.{0} TheoremT.Continuum.Position _ T))
      (@OfNat.ofNat.{0} Real (nat_lit 1) _)),
  And
    (@AnalyticOnNhd.{0, 0, 0} Real TheoremT.Continuum.Position Complex _ _ _ _ _
      (fun (X : TheoremT.Continuum.Position) =>
        TheoremT.Continuum.physicalKSAnalyticDescentA
          (@Function.comp.{1, 1, 1} (@TheoremT.Continuum.WeakGrushin.Space (Fin (@OfNat.ofNat.{0} Nat (nat_lit 3) _)) _)
            (@TheoremT.Continuum.NuclearKSSpace (@OfNat.ofNat.{0} Nat (nat_lit 2) _) i) Complex
            (@Function.comp.{1, 1, 1} (@TheoremT.Continuum.NuclearKSSpace (@OfNat.ofNat.{0} Nat (nat_lit 2) _) i)
              (TheoremT.Continuum.Configuration (@OfNat.ofNat.{0} Nat (nat_lit 2) _)) Complex g
              (@TheoremT.Continuum.nuclearKSLift (@OfNat.ofNat.{0} Nat (nat_lit 2) _) i))
            (@DFunLike.coe.{1, 1, 1}
              (@LinearIsometryEquiv.{0, 0, 0, 0} Real Real _ _ (@RingHom.id.{0} Real _) (@RingHom.id.{0} Real _) _ _
                (@TheoremT.Continuum.WeakGrushin.Space (Fin (@OfNat.ofNat.{0} Nat (nat_lit 3) _)) _)
                (@TheoremT.Continuum.WeakGrushin.Space
                  (@TheoremT.Continuum.SpectatorCoordinate (@OfNat.ofNat.{0} Nat (nat_lit 2) _) i) _)
                _ _ _ _)
              (@TheoremT.Continuum.WeakGrushin.Space (Fin (@OfNat.ofNat.{0} Nat (nat_lit 3) _)) _)
              (fun (a : @TheoremT.Continuum.WeakGrushin.Space (Fin (@OfNat.ofNat.{0} Nat (nat_lit 3) _)) _) =>
                @TheoremT.Continuum.WeakGrushin.Space
                  (@TheoremT.Continuum.SpectatorCoordinate (@OfNat.ofNat.{0} Nat (nat_lit 2) _) i) _)
              _
              (@LinearIsometryEquiv.symm.{0, 0, 0, 0} Real Real
                (@TheoremT.Continuum.WeakGrushin.Space
                  (@TheoremT.Continuum.SpectatorCoordinate (@OfNat.ofNat.{0} Nat (nat_lit 2) _) i) _)
                (@TheoremT.Continuum.WeakGrushin.Space (Fin (@OfNat.ofNat.{0} Nat (nat_lit 3) _)) _) _ _
                (@RingHom.id.{0} Real _) (@RingHom.id.{0} Real _) _ _ _ _ _ _
                (TheoremT.Continuum.physicalSpectatorReindexAt i))))
          t0
          (@Sum.elim.{0, 0, 1} (Fin (@OfNat.ofNat.{0} Nat (nat_lit 3) _)) (Fin (@OfNat.ofNat.{0} Nat (nat_lit 3) _))
            Complex
            (fun (j : Fin (@OfNat.ofNat.{0} Nat (nat_lit 3) _)) =>
              Complex.ofReal
                (@WithLp.ofLp.{0} (@OfNat.ofNat.{0} ENNReal (nat_lit 2) _)
                  ((i : Fin (@OfNat.ofNat.{0} Nat (nat_lit 3) _)) →
                    (fun (x : Fin (@OfNat.ofNat.{0} Nat (nat_lit 3) _)) => Real) i)
                  X j))
            fun (j : Fin (@OfNat.ofNat.{0} Nat (nat_lit 3) _)) =>
            Complex.ofReal
              (@WithLp.ofLp.{0} (@OfNat.ofNat.{0} ENNReal (nat_lit 2) _)
                ((i : Fin (@OfNat.ofNat.{0} Nat (nat_lit 3) _)) →
                  (fun (x : Fin (@OfNat.ofNat.{0} Nat (nat_lit 3) _)) => Real) i)
                T j)))
      (@Metric.ball.{0} TheoremT.Continuum.Position _ (@OfNat.ofNat.{0} TheoremT.Continuum.Position (nat_lit 0) _)
        (@Inv.inv.{0} Real _
          (@HMul.hMul.{0, 0, 0} Real Real Real _ (@OfNat.ofNat.{0} Real (nat_lit 32) _)
            (@HPow.hPow.{0, 0, 0} Real Nat Real _
              (@HMul.hMul.{0, 0, 0} Real Real Real _ (@OfNat.ofNat.{0} Real (nat_lit 7) _)
                (TheoremT.Continuum.physicalKSPointwiseRate M A))
              (@OfNat.ofNat.{0} Nat (nat_lit 2) _))))))
    (@AnalyticOnNhd.{0, 0, 0} Real TheoremT.Continuum.Position Complex _ _ _ _ _
      (fun (X : TheoremT.Continuum.Position) =>
        TheoremT.Continuum.physicalKSAnalyticDescentB
          (@Function.comp.{1, 1, 1} (@TheoremT.Continuum.WeakGrushin.Space (Fin (@OfNat.ofNat.{0} Nat (nat_lit 3) _)) _)
            (@TheoremT.Continuum.NuclearKSSpace (@OfNat.ofNat.{0} Nat (nat_lit 2) _) i) Complex
            (@Function.comp.{1, 1, 1} (@TheoremT.Continuum.NuclearKSSpace (@OfNat.ofNat.{0} Nat (nat_lit 2) _) i)
              (TheoremT.Continuum.Configuration (@OfNat.ofNat.{0} Nat (nat_lit 2) _)) Complex g
              (@TheoremT.Continuum.nuclearKSLift (@OfNat.ofNat.{0} Nat (nat_lit 2) _) i))
            (@DFunLike.coe.{1, 1, 1}
              (@LinearIsometryEquiv.{0, 0, 0, 0} Real Real _ _ (@RingHom.id.{0} Real _) (@RingHom.id.{0} Real _) _ _
                (@TheoremT.Continuum.WeakGrushin.Space (Fin (@OfNat.ofNat.{0} Nat (nat_lit 3) _)) _)
                (@TheoremT.Continuum.WeakGrushin.Space
                  (@TheoremT.Continuum.SpectatorCoordinate (@OfNat.ofNat.{0} Nat (nat_lit 2) _) i) _)
                _ _ _ _)
              (@TheoremT.Continuum.WeakGrushin.Space (Fin (@OfNat.ofNat.{0} Nat (nat_lit 3) _)) _)
              (fun (a : @TheoremT.Continuum.WeakGrushin.Space (Fin (@OfNat.ofNat.{0} Nat (nat_lit 3) _)) _) =>
                @TheoremT.Continuum.WeakGrushin.Space
                  (@TheoremT.Continuum.SpectatorCoordinate (@OfNat.ofNat.{0} Nat (nat_lit 2) _) i) _)
              _
              (@LinearIsometryEquiv.symm.{0, 0, 0, 0} Real Real
                (@TheoremT.Continuum.WeakGrushin.Space
                  (@TheoremT.Continuum.SpectatorCoordinate (@OfNat.ofNat.{0} Nat (nat_lit 2) _) i) _)
                (@TheoremT.Continuum.WeakGrushin.Space (Fin (@OfNat.ofNat.{0} Nat (nat_lit 3) _)) _) _ _
                (@RingHom.id.{0} Real _) (@RingHom.id.{0} Real _) _ _ _ _ _ _
                (TheoremT.Continuum.physicalSpectatorReindexAt i))))
          t0
          (@Sum.elim.{0, 0, 1} (Fin (@OfNat.ofNat.{0} Nat (nat_lit 3) _)) (Fin (@OfNat.ofNat.{0} Nat (nat_lit 3) _))
            Complex
            (fun (j : Fin (@OfNat.ofNat.{0} Nat (nat_lit 3) _)) =>
              Complex.ofReal
                (@WithLp.ofLp.{0} (@OfNat.ofNat.{0} ENNReal (nat_lit 2) _)
                  ((i : Fin (@OfNat.ofNat.{0} Nat (nat_lit 3) _)) →
                    (fun (x : Fin (@OfNat.ofNat.{0} Nat (nat_lit 3) _)) => Real) i)
                  X j))
            fun (j : Fin (@OfNat.ofNat.{0} Nat (nat_lit 3) _)) =>
            Complex.ofReal
              (@WithLp.ofLp.{0} (@OfNat.ofNat.{0} ENNReal (nat_lit 2) _)
                ((i : Fin (@OfNat.ofNat.{0} Nat (nat_lit 3) _)) →
                  (fun (x : Fin (@OfNat.ofNat.{0} Nat (nat_lit 3) _)) => Real) i)
                T j)))
      (@Metric.ball.{0} TheoremT.Continuum.Position _ (@OfNat.ofNat.{0} TheoremT.Continuum.Position (nat_lit 0) _)
        (@Inv.inv.{0} Real _
          (@HMul.hMul.{0, 0, 0} Real Real Real _ (@OfNat.ofNat.{0} Real (nat_lit 32) _)
            (@HPow.hPow.{0, 0, 0} Real Nat Real _
              (@HMul.hMul.{0, 0, 0} Real Real Real _ (@OfNat.ofNat.{0} Real (nat_lit 7) _)
                (TheoremT.Continuum.physicalKSPointwiseRate M A))
              (@OfNat.ofNat.{0} Nat (nat_lit 2) _))))))
TheoremT.Continuum.pairKSPhysicalAnalyticDescent_real_position_slices : ∀
  (g : TheoremT.Continuum.Configuration (@OfNat.ofNat.{0} Nat (nat_lit 2) _) → Complex)
  {t0 : TheoremT.Continuum.Position} {M A F0 W : Real}
  (hdata :
    TheoremT.Continuum.PhysicalKSBoxPointwiseData
      (@Function.comp.{1, 1, 1} (@TheoremT.Continuum.WeakGrushin.Space (Fin (@OfNat.ofNat.{0} Nat (nat_lit 3) _)) _)
        TheoremT.Continuum.PairKSSpace Complex
        (@Function.comp.{1, 1, 1} TheoremT.Continuum.PairKSSpace
          (TheoremT.Continuum.Configuration (@OfNat.ofNat.{0} Nat (nat_lit 2) _)) Complex g
          TheoremT.Continuum.pairKSLift)
        (@DFunLike.coe.{1, 1, 1}
          (@LinearIsometryEquiv.{0, 0, 0, 0} Real Real _ _ (@RingHom.id.{0} Real _) (@RingHom.id.{0} Real _) _ _
            (@TheoremT.Continuum.WeakGrushin.Space (Fin (@OfNat.ofNat.{0} Nat (nat_lit 3) _)) _)
            (@TheoremT.Continuum.WeakGrushin.Space
              (@TheoremT.Continuum.SpectatorCoordinate (@OfNat.ofNat.{0} Nat (nat_lit 2) _)
                (@OfNat.ofNat.{0} (Fin (@OfNat.ofNat.{0} Nat (nat_lit 2) _)) (nat_lit 0) _))
              _)
            _ _ _ _)
          (@TheoremT.Continuum.WeakGrushin.Space (Fin (@OfNat.ofNat.{0} Nat (nat_lit 3) _)) _)
          (fun (a : @TheoremT.Continuum.WeakGrushin.Space (Fin (@OfNat.ofNat.{0} Nat (nat_lit 3) _)) _) =>
            @TheoremT.Continuum.WeakGrushin.Space
              (@TheoremT.Continuum.SpectatorCoordinate (@OfNat.ofNat.{0} Nat (nat_lit 2) _)
                (@OfNat.ofNat.{0} (Fin (@OfNat.ofNat.{0} Nat (nat_lit 2) _)) (nat_lit 0) _))
              _)
          _
          (@LinearIsometryEquiv.symm.{0, 0, 0, 0} Real Real
            (@TheoremT.Continuum.WeakGrushin.Space
              (@TheoremT.Continuum.SpectatorCoordinate (@OfNat.ofNat.{0} Nat (nat_lit 2) _)
                (@OfNat.ofNat.{0} (Fin (@OfNat.ofNat.{0} Nat (nat_lit 2) _)) (nat_lit 0) _))
              _)
            (@TheoremT.Continuum.WeakGrushin.Space (Fin (@OfNat.ofNat.{0} Nat (nat_lit 3) _)) _) _ _
            (@RingHom.id.{0} Real _) (@RingHom.id.{0} Real _) _ _ _ _ _ _
            (TheoremT.Continuum.physicalSpectatorReindexAt
              (@OfNat.ofNat.{0} (Fin (@OfNat.ofNat.{0} Nat (nat_lit 2) _)) (nat_lit 0) _)))))
      t0 M A F0 W)
  (hA : @LE.le.{0} Real _ (@OfNat.ofNat.{0} Real (nat_lit 1) _) A)
  (hF0 : @LE.le.{0} Real _ (@OfNat.ofNat.{0} Real (nat_lit 0) _) F0) (T : TheoremT.Continuum.Position)
  (hT :
    @LT.lt.{0} Real _
      (@HMul.hMul.{0, 0, 0} Real Real Real _
        (@HMul.hMul.{0, 0, 0} Real Real Real _ (@OfNat.ofNat.{0} Real (nat_lit 7) _)
          (TheoremT.Continuum.physicalKSPointwiseRate M A))
        (@Norm.norm.{0} TheoremT.Continuum.Position _ T))
      (@OfNat.ofNat.{0} Real (nat_lit 1) _)),
  And
    (@AnalyticOnNhd.{0, 0, 0} Real TheoremT.Continuum.Position Complex _ _ _ _ _
      (fun (X : TheoremT.Continuum.Position) =>
        TheoremT.Continuum.physicalKSAnalyticDescentA
          (@Function.comp.{1, 1, 1} (@TheoremT.Continuum.WeakGrushin.Space (Fin (@OfNat.ofNat.{0} Nat (nat_lit 3) _)) _)
            TheoremT.Continuum.PairKSSpace Complex
            (@Function.comp.{1, 1, 1} TheoremT.Continuum.PairKSSpace
              (TheoremT.Continuum.Configuration (@OfNat.ofNat.{0} Nat (nat_lit 2) _)) Complex g
              TheoremT.Continuum.pairKSLift)
            (@DFunLike.coe.{1, 1, 1}
              (@LinearIsometryEquiv.{0, 0, 0, 0} Real Real _ _ (@RingHom.id.{0} Real _) (@RingHom.id.{0} Real _) _ _
                (@TheoremT.Continuum.WeakGrushin.Space (Fin (@OfNat.ofNat.{0} Nat (nat_lit 3) _)) _)
                (@TheoremT.Continuum.WeakGrushin.Space
                  (@TheoremT.Continuum.SpectatorCoordinate (@OfNat.ofNat.{0} Nat (nat_lit 2) _)
                    (@OfNat.ofNat.{0} (Fin (@OfNat.ofNat.{0} Nat (nat_lit 2) _)) (nat_lit 0) _))
                  _)
                _ _ _ _)
              (@TheoremT.Continuum.WeakGrushin.Space (Fin (@OfNat.ofNat.{0} Nat (nat_lit 3) _)) _)
              (fun (a : @TheoremT.Continuum.WeakGrushin.Space (Fin (@OfNat.ofNat.{0} Nat (nat_lit 3) _)) _) =>
                @TheoremT.Continuum.WeakGrushin.Space
                  (@TheoremT.Continuum.SpectatorCoordinate (@OfNat.ofNat.{0} Nat (nat_lit 2) _)
                    (@OfNat.ofNat.{0} (Fin (@OfNat.ofNat.{0} Nat (nat_lit 2) _)) (nat_lit 0) _))
                  _)
              _
              (@LinearIsometryEquiv.symm.{0, 0, 0, 0} Real Real
                (@TheoremT.Continuum.WeakGrushin.Space
                  (@TheoremT.Continuum.SpectatorCoordinate (@OfNat.ofNat.{0} Nat (nat_lit 2) _)
                    (@OfNat.ofNat.{0} (Fin (@OfNat.ofNat.{0} Nat (nat_lit 2) _)) (nat_lit 0) _))
                  _)
                (@TheoremT.Continuum.WeakGrushin.Space (Fin (@OfNat.ofNat.{0} Nat (nat_lit 3) _)) _) _ _
                (@RingHom.id.{0} Real _) (@RingHom.id.{0} Real _) _ _ _ _ _ _
                (TheoremT.Continuum.physicalSpectatorReindexAt
                  (@OfNat.ofNat.{0} (Fin (@OfNat.ofNat.{0} Nat (nat_lit 2) _)) (nat_lit 0) _)))))
          t0
          (@Sum.elim.{0, 0, 1} (Fin (@OfNat.ofNat.{0} Nat (nat_lit 3) _)) (Fin (@OfNat.ofNat.{0} Nat (nat_lit 3) _))
            Complex
            (fun (j : Fin (@OfNat.ofNat.{0} Nat (nat_lit 3) _)) =>
              Complex.ofReal
                (@WithLp.ofLp.{0} (@OfNat.ofNat.{0} ENNReal (nat_lit 2) _)
                  ((i : Fin (@OfNat.ofNat.{0} Nat (nat_lit 3) _)) →
                    (fun (x : Fin (@OfNat.ofNat.{0} Nat (nat_lit 3) _)) => Real) i)
                  X j))
            fun (j : Fin (@OfNat.ofNat.{0} Nat (nat_lit 3) _)) =>
            Complex.ofReal
              (@WithLp.ofLp.{0} (@OfNat.ofNat.{0} ENNReal (nat_lit 2) _)
                ((i : Fin (@OfNat.ofNat.{0} Nat (nat_lit 3) _)) →
                  (fun (x : Fin (@OfNat.ofNat.{0} Nat (nat_lit 3) _)) => Real) i)
                T j)))
      (@Metric.ball.{0} TheoremT.Continuum.Position _ (@OfNat.ofNat.{0} TheoremT.Continuum.Position (nat_lit 0) _)
        (@Inv.inv.{0} Real _
          (@HMul.hMul.{0, 0, 0} Real Real Real _ (@OfNat.ofNat.{0} Real (nat_lit 32) _)
            (@HPow.hPow.{0, 0, 0} Real Nat Real _
              (@HMul.hMul.{0, 0, 0} Real Real Real _ (@OfNat.ofNat.{0} Real (nat_lit 7) _)
                (TheoremT.Continuum.physicalKSPointwiseRate M A))
              (@OfNat.ofNat.{0} Nat (nat_lit 2) _))))))
    (@AnalyticOnNhd.{0, 0, 0} Real TheoremT.Continuum.Position Complex _ _ _ _ _
      (fun (X : TheoremT.Continuum.Position) =>
        TheoremT.Continuum.physicalKSAnalyticDescentB
          (@Function.comp.{1, 1, 1} (@TheoremT.Continuum.WeakGrushin.Space (Fin (@OfNat.ofNat.{0} Nat (nat_lit 3) _)) _)
            TheoremT.Continuum.PairKSSpace Complex
            (@Function.comp.{1, 1, 1} TheoremT.Continuum.PairKSSpace
              (TheoremT.Continuum.Configuration (@OfNat.ofNat.{0} Nat (nat_lit 2) _)) Complex g
              TheoremT.Continuum.pairKSLift)
            (@DFunLike.coe.{1, 1, 1}
              (@LinearIsometryEquiv.{0, 0, 0, 0} Real Real _ _ (@RingHom.id.{0} Real _) (@RingHom.id.{0} Real _) _ _
                (@TheoremT.Continuum.WeakGrushin.Space (Fin (@OfNat.ofNat.{0} Nat (nat_lit 3) _)) _)
                (@TheoremT.Continuum.WeakGrushin.Space
                  (@TheoremT.Continuum.SpectatorCoordinate (@OfNat.ofNat.{0} Nat (nat_lit 2) _)
                    (@OfNat.ofNat.{0} (Fin (@OfNat.ofNat.{0} Nat (nat_lit 2) _)) (nat_lit 0) _))
                  _)
                _ _ _ _)
              (@TheoremT.Continuum.WeakGrushin.Space (Fin (@OfNat.ofNat.{0} Nat (nat_lit 3) _)) _)
              (fun (a : @TheoremT.Continuum.WeakGrushin.Space (Fin (@OfNat.ofNat.{0} Nat (nat_lit 3) _)) _) =>
                @TheoremT.Continuum.WeakGrushin.Space
                  (@TheoremT.Continuum.SpectatorCoordinate (@OfNat.ofNat.{0} Nat (nat_lit 2) _)
                    (@OfNat.ofNat.{0} (Fin (@OfNat.ofNat.{0} Nat (nat_lit 2) _)) (nat_lit 0) _))
                  _)
              _
              (@LinearIsometryEquiv.symm.{0, 0, 0, 0} Real Real
                (@TheoremT.Continuum.WeakGrushin.Space
                  (@TheoremT.Continuum.SpectatorCoordinate (@OfNat.ofNat.{0} Nat (nat_lit 2) _)
                    (@OfNat.ofNat.{0} (Fin (@OfNat.ofNat.{0} Nat (nat_lit 2) _)) (nat_lit 0) _))
                  _)
                (@TheoremT.Continuum.WeakGrushin.Space (Fin (@OfNat.ofNat.{0} Nat (nat_lit 3) _)) _) _ _
                (@RingHom.id.{0} Real _) (@RingHom.id.{0} Real _) _ _ _ _ _ _
                (TheoremT.Continuum.physicalSpectatorReindexAt
                  (@OfNat.ofNat.{0} (Fin (@OfNat.ofNat.{0} Nat (nat_lit 2) _)) (nat_lit 0) _)))))
          t0
          (@Sum.elim.{0, 0, 1} (Fin (@OfNat.ofNat.{0} Nat (nat_lit 3) _)) (Fin (@OfNat.ofNat.{0} Nat (nat_lit 3) _))
            Complex
            (fun (j : Fin (@OfNat.ofNat.{0} Nat (nat_lit 3) _)) =>
              Complex.ofReal
                (@WithLp.ofLp.{0} (@OfNat.ofNat.{0} ENNReal (nat_lit 2) _)
                  ((i : Fin (@OfNat.ofNat.{0} Nat (nat_lit 3) _)) →
                    (fun (x : Fin (@OfNat.ofNat.{0} Nat (nat_lit 3) _)) => Real) i)
                  X j))
            fun (j : Fin (@OfNat.ofNat.{0} Nat (nat_lit 3) _)) =>
            Complex.ofReal
              (@WithLp.ofLp.{0} (@OfNat.ofNat.{0} ENNReal (nat_lit 2) _)
                ((i : Fin (@OfNat.ofNat.{0} Nat (nat_lit 3) _)) →
                  (fun (x : Fin (@OfNat.ofNat.{0} Nat (nat_lit 3) _)) => Real) i)
                T j)))
      (@Metric.ball.{0} TheoremT.Continuum.Position _ (@OfNat.ofNat.{0} TheoremT.Continuum.Position (nat_lit 0) _)
        (@Inv.inv.{0} Real _
          (@HMul.hMul.{0, 0, 0} Real Real Real _ (@OfNat.ofNat.{0} Real (nat_lit 32) _)
            (@HPow.hPow.{0, 0, 0} Real Nat Real _
              (@HMul.hMul.{0, 0, 0} Real Real Real _ (@OfNat.ofNat.{0} Real (nat_lit 7) _)
                (TheoremT.Continuum.physicalKSPointwiseRate M A))
              (@OfNat.ofNat.{0} Nat (nat_lit 2) _))))))
'TheoremT.Continuum.nuclearKSPhysicalAnalyticDescent_real_position_slices' depends on axioms: [propext,
 Classical.choice,
 Quot.sound]
'TheoremT.Continuum.pairKSPhysicalAnalyticDescent_real_position_slices' depends on axioms: [propext,
 Classical.choice,
 Quot.sound]
