@TheoremT.Continuum.ksBalancedMonomialPairing_total : ∀ {a1 a2 b1 b2 : Nat}
  (h : @Eq.{1} Nat (@HAdd.hAdd.{0, 0, 0} Nat Nat Nat _ a1 a2) (@HAdd.hAdd.{0, 0, 0} Nat Nat Nat _ b1 b2)),
  @Eq.{1} Nat
    (@Finset.sum.{0, 0} (Fin (@OfNat.ofNat.{0} Nat (nat_lit 2) _)) Nat _
      (@Finset.univ.{0} (Fin (@OfNat.ofNat.{0} Nat (nat_lit 2) _)) _)
      fun (i : Fin (@OfNat.ofNat.{0} Nat (nat_lit 2) _)) =>
      @Finset.sum.{0, 0} (Fin (@OfNat.ofNat.{0} Nat (nat_lit 2) _)) Nat _
        (@Finset.univ.{0} (Fin (@OfNat.ofNat.{0} Nat (nat_lit 2) _)) _)
        fun (j : Fin (@OfNat.ofNat.{0} Nat (nat_lit 2) _)) =>
        TheoremT.Continuum.ksBalancedMonomialPairing a1 a2 b1 b2 i j)
    (@HAdd.hAdd.{0, 0, 0} Nat Nat Nat _ a1 a2)
@TheoremT.Continuum.ksBalancedMonomialPairing_four_total : ∀ {a1 a2 b1 b2 : Nat}
  (h : @Eq.{1} Nat (@HAdd.hAdd.{0, 0, 0} Nat Nat Nat _ a1 a2) (@HAdd.hAdd.{0, 0, 0} Nat Nat Nat _ b1 b2)),
  @Eq.{1} Nat
    (@HAdd.hAdd.{0, 0, 0} Nat Nat Nat _
      (@HAdd.hAdd.{0, 0, 0} Nat Nat Nat _
        (@HAdd.hAdd.{0, 0, 0} Nat Nat Nat _
          (TheoremT.Continuum.ksBalancedMonomialPairing a1 a2 b1 b2
            (@OfNat.ofNat.{0} (Fin (@OfNat.ofNat.{0} Nat (nat_lit 2) _)) (nat_lit 0) _)
            (@OfNat.ofNat.{0} (Fin (@OfNat.ofNat.{0} Nat (nat_lit 2) _)) (nat_lit 0) _))
          (TheoremT.Continuum.ksBalancedMonomialPairing a1 a2 b1 b2
            (@OfNat.ofNat.{0} (Fin (@OfNat.ofNat.{0} Nat (nat_lit 2) _)) (nat_lit 0) _)
            (@OfNat.ofNat.{0} (Fin (@OfNat.ofNat.{0} Nat (nat_lit 2) _)) (nat_lit 1) _)))
        (TheoremT.Continuum.ksBalancedMonomialPairing a1 a2 b1 b2
          (@OfNat.ofNat.{0} (Fin (@OfNat.ofNat.{0} Nat (nat_lit 2) _)) (nat_lit 1) _)
          (@OfNat.ofNat.{0} (Fin (@OfNat.ofNat.{0} Nat (nat_lit 2) _)) (nat_lit 0) _)))
      (TheoremT.Continuum.ksBalancedMonomialPairing a1 a2 b1 b2
        (@OfNat.ofNat.{0} (Fin (@OfNat.ofNat.{0} Nat (nat_lit 2) _)) (nat_lit 1) _)
        (@OfNat.ofNat.{0} (Fin (@OfNat.ofNat.{0} Nat (nat_lit 2) _)) (nat_lit 1) _)))
    (@HAdd.hAdd.{0, 0, 0} Nat Nat Nat _ a1 a2)
@TheoremT.Continuum.ksBalancedMonomialPairing_entry_le_total : ∀ {a1 a2 b1 b2 : Nat}
  (h : @Eq.{1} Nat (@HAdd.hAdd.{0, 0, 0} Nat Nat Nat _ a1 a2) (@HAdd.hAdd.{0, 0, 0} Nat Nat Nat _ b1 b2))
  (i j : Fin (@OfNat.ofNat.{0} Nat (nat_lit 2) _)),
  @LE.le.{0} Nat _ (TheoremT.Continuum.ksBalancedMonomialPairing a1 a2 b1 b2 i j)
    (@HAdd.hAdd.{0, 0, 0} Nat Nat Nat _ a1 a2)
TheoremT.Continuum.ksDescentQuadraticPolynomial : Fin (@OfNat.ofNat.{0} Nat (nat_lit 2) _) →
  Fin (@OfNat.ofNat.{0} Nat (nat_lit 2) _) → @MvPolynomial.{0, 0} (Fin (@OfNat.ofNat.{0} Nat (nat_lit 4) _)) Complex _
TheoremT.Continuum.ksDescentQuadraticPolynomial_homogeneous : ∀ (i j : Fin (@OfNat.ofNat.{0} Nat (nat_lit 2) _)),
  @MvPolynomial.IsHomogeneous.{0, 0} (Fin (@OfNat.ofNat.{0} Nat (nat_lit 4) _)) Complex _
    (TheoremT.Continuum.ksDescentQuadraticPolynomial i j) (@OfNat.ofNat.{0} Nat (nat_lit 1) _)
TheoremT.Continuum.ksDescentQuadraticPolynomial_eval : ∀ (X0 : Fin (@OfNat.ofNat.{0} Nat (nat_lit 3) _) → Complex)
  (r : Complex) (i j : Fin (@OfNat.ofNat.{0} Nat (nat_lit 2) _)),
  @Eq.{1} Complex
    (@DFunLike.coe.{1, 1, 1}
      (@RingHom.{0, 0}
        (@MvPolynomial.{0, 0}
          (Fin
            (@HAdd.hAdd.{0, 0, 0} Nat Nat Nat _ (@OfNat.ofNat.{0} Nat (nat_lit 3) _)
              (@OfNat.ofNat.{0} Nat (nat_lit 1) _)))
          Complex _)
        Complex _ _)
      (@MvPolynomial.{0, 0}
        (Fin
          (@HAdd.hAdd.{0, 0, 0} Nat Nat Nat _ (@OfNat.ofNat.{0} Nat (nat_lit 3) _)
            (@OfNat.ofNat.{0} Nat (nat_lit 1) _)))
        Complex _)
      (fun
          (x :
            @MvPolynomial.{0, 0}
              (Fin
                (@HAdd.hAdd.{0, 0, 0} Nat Nat Nat _ (@OfNat.ofNat.{0} Nat (nat_lit 3) _)
                  (@OfNat.ofNat.{0} Nat (nat_lit 1) _)))
              Complex _) =>
        Complex)
      _
      (@MvPolynomial.eval.{0, 0} Complex
        (Fin
          (@HAdd.hAdd.{0, 0, 0} Nat Nat Nat _ (@OfNat.ofNat.{0} Nat (nat_lit 3) _)
            (@OfNat.ofNat.{0} Nat (nat_lit 1) _)))
        _
        (@Fin.snoc.{1} (@OfNat.ofNat.{0} Nat (nat_lit 3) _)
          (fun
              (a :
                Fin
                  (@HAdd.hAdd.{0, 0, 0} Nat Nat Nat _ (@OfNat.ofNat.{0} Nat (nat_lit 3) _)
                    (@OfNat.ofNat.{0} Nat (nat_lit 1) _))) =>
            Complex)
          X0 r))
      (TheoremT.Continuum.ksDescentQuadraticPolynomial i j))
    (TheoremT.Continuum.ksDescentQuadratic X0 r i j)
TheoremT.Continuum.ksBalancedDescentPolynomial : (a1 a2 b1 b2 : Nat) →
  @MvPolynomial.{0, 0} (Fin (@OfNat.ofNat.{0} Nat (nat_lit 4) _)) Complex _
@TheoremT.Continuum.ksBalancedDescentPolynomial_homogeneous : ∀ {a1 a2 b1 b2 : Nat}
  (h : @Eq.{1} Nat (@HAdd.hAdd.{0, 0, 0} Nat Nat Nat _ a1 a2) (@HAdd.hAdd.{0, 0, 0} Nat Nat Nat _ b1 b2)),
  @MvPolynomial.IsHomogeneous.{0, 0} (Fin (@OfNat.ofNat.{0} Nat (nat_lit 4) _)) Complex _
    (TheoremT.Continuum.ksBalancedDescentPolynomial a1 a2 b1 b2) (@HAdd.hAdd.{0, 0, 0} Nat Nat Nat _ a1 a2)
TheoremT.Continuum.ksBalancedDescentPolynomial_eval : ∀ (X0 : Fin (@OfNat.ofNat.{0} Nat (nat_lit 3) _) → Complex)
  (r : Complex) (a1 a2 b1 b2 : Nat),
  @Eq.{1} Complex
    (@DFunLike.coe.{1, 1, 1}
      (@RingHom.{0, 0}
        (@MvPolynomial.{0, 0}
          (Fin
            (@HAdd.hAdd.{0, 0, 0} Nat Nat Nat _ (@OfNat.ofNat.{0} Nat (nat_lit 3) _)
              (@OfNat.ofNat.{0} Nat (nat_lit 1) _)))
          Complex _)
        Complex _ _)
      (@MvPolynomial.{0, 0}
        (Fin
          (@HAdd.hAdd.{0, 0, 0} Nat Nat Nat _ (@OfNat.ofNat.{0} Nat (nat_lit 3) _)
            (@OfNat.ofNat.{0} Nat (nat_lit 1) _)))
        Complex _)
      (fun
          (x :
            @MvPolynomial.{0, 0}
              (Fin
                (@HAdd.hAdd.{0, 0, 0} Nat Nat Nat _ (@OfNat.ofNat.{0} Nat (nat_lit 3) _)
                  (@OfNat.ofNat.{0} Nat (nat_lit 1) _)))
              Complex _) =>
        Complex)
      _
      (@MvPolynomial.eval.{0, 0} Complex
        (Fin
          (@HAdd.hAdd.{0, 0, 0} Nat Nat Nat _ (@OfNat.ofNat.{0} Nat (nat_lit 3) _)
            (@OfNat.ofNat.{0} Nat (nat_lit 1) _)))
        _
        (@Fin.snoc.{1} (@OfNat.ofNat.{0} Nat (nat_lit 3) _)
          (fun
              (a :
                Fin
                  (@HAdd.hAdd.{0, 0, 0} Nat Nat Nat _ (@OfNat.ofNat.{0} Nat (nat_lit 3) _)
                    (@OfNat.ofNat.{0} Nat (nat_lit 1) _))) =>
            Complex)
          X0 r))
      (TheoremT.Continuum.ksBalancedDescentPolynomial a1 a2 b1 b2))
    (@HMul.hMul.{0, 0, 0} Complex Complex Complex _
      (@HMul.hMul.{0, 0, 0} Complex Complex Complex _
        (@HMul.hMul.{0, 0, 0} Complex Complex Complex _
          (@HPow.hPow.{0, 0, 0} Complex Nat Complex _
            (TheoremT.Continuum.ksDescentQuadratic X0 r
              (@OfNat.ofNat.{0} (Fin (@OfNat.ofNat.{0} Nat (nat_lit 2) _)) (nat_lit 0) _)
              (@OfNat.ofNat.{0} (Fin (@OfNat.ofNat.{0} Nat (nat_lit 2) _)) (nat_lit 0) _))
            (TheoremT.Continuum.ksBalancedMonomialPairing a1 a2 b1 b2
              (@OfNat.ofNat.{0} (Fin (@OfNat.ofNat.{0} Nat (nat_lit 2) _)) (nat_lit 0) _)
              (@OfNat.ofNat.{0} (Fin (@OfNat.ofNat.{0} Nat (nat_lit 2) _)) (nat_lit 0) _)))
          (@HPow.hPow.{0, 0, 0} Complex Nat Complex _
            (TheoremT.Continuum.ksDescentQuadratic X0 r
              (@OfNat.ofNat.{0} (Fin (@OfNat.ofNat.{0} Nat (nat_lit 2) _)) (nat_lit 0) _)
              (@OfNat.ofNat.{0} (Fin (@OfNat.ofNat.{0} Nat (nat_lit 2) _)) (nat_lit 1) _))
            (TheoremT.Continuum.ksBalancedMonomialPairing a1 a2 b1 b2
              (@OfNat.ofNat.{0} (Fin (@OfNat.ofNat.{0} Nat (nat_lit 2) _)) (nat_lit 0) _)
              (@OfNat.ofNat.{0} (Fin (@OfNat.ofNat.{0} Nat (nat_lit 2) _)) (nat_lit 1) _))))
        (@HPow.hPow.{0, 0, 0} Complex Nat Complex _
          (TheoremT.Continuum.ksDescentQuadratic X0 r
            (@OfNat.ofNat.{0} (Fin (@OfNat.ofNat.{0} Nat (nat_lit 2) _)) (nat_lit 1) _)
            (@OfNat.ofNat.{0} (Fin (@OfNat.ofNat.{0} Nat (nat_lit 2) _)) (nat_lit 0) _))
          (TheoremT.Continuum.ksBalancedMonomialPairing a1 a2 b1 b2
            (@OfNat.ofNat.{0} (Fin (@OfNat.ofNat.{0} Nat (nat_lit 2) _)) (nat_lit 1) _)
            (@OfNat.ofNat.{0} (Fin (@OfNat.ofNat.{0} Nat (nat_lit 2) _)) (nat_lit 0) _))))
      (@HPow.hPow.{0, 0, 0} Complex Nat Complex _
        (TheoremT.Continuum.ksDescentQuadratic X0 r
          (@OfNat.ofNat.{0} (Fin (@OfNat.ofNat.{0} Nat (nat_lit 2) _)) (nat_lit 1) _)
          (@OfNat.ofNat.{0} (Fin (@OfNat.ofNat.{0} Nat (nat_lit 2) _)) (nat_lit 1) _))
        (TheoremT.Continuum.ksBalancedMonomialPairing a1 a2 b1 b2
          (@OfNat.ofNat.{0} (Fin (@OfNat.ofNat.{0} Nat (nat_lit 2) _)) (nat_lit 1) _)
          (@OfNat.ofNat.{0} (Fin (@OfNat.ofNat.{0} Nat (nat_lit 2) _)) (nat_lit 1) _))))
TheoremT.Continuum.ksSpinor_balanced_descent_polynomial : ∀ (y : TheoremT.Continuum.KSSpace) {a1 a2 b1 b2 : Nat}
  (h : @Eq.{1} Nat (@HAdd.hAdd.{0, 0, 0} Nat Nat Nat _ a1 a2) (@HAdd.hAdd.{0, 0, 0} Nat Nat Nat _ b1 b2)),
  @Eq.{1} Complex
    (@HMul.hMul.{0, 0, 0} Complex Complex Complex _
      (@HMul.hMul.{0, 0, 0} Complex Complex Complex _
        (@HMul.hMul.{0, 0, 0} Complex Complex Complex _
          (@HPow.hPow.{0, 0, 0} Complex Nat Complex _
            (TheoremT.Continuum.ksSpinor y (@OfNat.ofNat.{0} (Fin (@OfNat.ofNat.{0} Nat (nat_lit 2) _)) (nat_lit 0) _))
            a1)
          (@HPow.hPow.{0, 0, 0} Complex Nat Complex _
            (TheoremT.Continuum.ksSpinor y (@OfNat.ofNat.{0} (Fin (@OfNat.ofNat.{0} Nat (nat_lit 2) _)) (nat_lit 1) _))
            a2))
        (@HPow.hPow.{0, 0, 0} Complex Nat Complex _
          (@Star.star.{0} Complex _
            (TheoremT.Continuum.ksSpinor y (@OfNat.ofNat.{0} (Fin (@OfNat.ofNat.{0} Nat (nat_lit 2) _)) (nat_lit 0) _)))
          b1))
      (@HPow.hPow.{0, 0, 0} Complex Nat Complex _
        (@Star.star.{0} Complex _
          (TheoremT.Continuum.ksSpinor y (@OfNat.ofNat.{0} (Fin (@OfNat.ofNat.{0} Nat (nat_lit 2) _)) (nat_lit 1) _)))
        b2))
    (@DFunLike.coe.{1, 1, 1}
      (@RingHom.{0, 0}
        (@MvPolynomial.{0, 0}
          (Fin
            (@HAdd.hAdd.{0, 0, 0} Nat Nat Nat _ (@OfNat.ofNat.{0} Nat (nat_lit 3) _)
              (@OfNat.ofNat.{0} Nat (nat_lit 1) _)))
          Complex _)
        Complex _ _)
      (@MvPolynomial.{0, 0}
        (Fin
          (@HAdd.hAdd.{0, 0, 0} Nat Nat Nat _ (@OfNat.ofNat.{0} Nat (nat_lit 3) _)
            (@OfNat.ofNat.{0} Nat (nat_lit 1) _)))
        Complex _)
      (fun
          (x :
            @MvPolynomial.{0, 0}
              (Fin
                (@HAdd.hAdd.{0, 0, 0} Nat Nat Nat _ (@OfNat.ofNat.{0} Nat (nat_lit 3) _)
                  (@OfNat.ofNat.{0} Nat (nat_lit 1) _)))
              Complex _) =>
        Complex)
      _
      (@MvPolynomial.eval.{0, 0} Complex
        (Fin
          (@HAdd.hAdd.{0, 0, 0} Nat Nat Nat _ (@OfNat.ofNat.{0} Nat (nat_lit 3) _)
            (@OfNat.ofNat.{0} Nat (nat_lit 1) _)))
        _
        (@Fin.snoc.{1} (@OfNat.ofNat.{0} Nat (nat_lit 3) _)
          (fun
              (a :
                Fin
                  (@HAdd.hAdd.{0, 0, 0} Nat Nat Nat _ (@OfNat.ofNat.{0} Nat (nat_lit 3) _)
                    (@OfNat.ofNat.{0} Nat (nat_lit 1) _))) =>
            Complex)
          (fun (k : Fin (@OfNat.ofNat.{0} Nat (nat_lit 3) _)) =>
            Complex.ofReal
              (@WithLp.ofLp.{0} (@OfNat.ofNat.{0} ENNReal (nat_lit 2) _)
                ((i : Fin (@OfNat.ofNat.{0} Nat (nat_lit 3) _)) →
                  (fun (x : Fin (@OfNat.ofNat.{0} Nat (nat_lit 3) _)) => Real) i)
                (TheoremT.Continuum.ksMap y) k))
          (Complex.ofReal
            (@HPow.hPow.{0, 0, 0} Real Nat Real _ (@Norm.norm.{0} TheoremT.Continuum.KSSpace _ y)
              (@OfNat.ofNat.{0} Nat (nat_lit 2) _)))))
      (TheoremT.Continuum.ksBalancedDescentPolynomial a1 a2 b1 b2))
'TheoremT.Continuum.ksBalancedMonomialPairing_total' depends on axioms: [propext, Classical.choice, Quot.sound]
'TheoremT.Continuum.ksBalancedMonomialPairing_four_total' depends on axioms: [propext, Classical.choice, Quot.sound]
'TheoremT.Continuum.ksBalancedMonomialPairing_entry_le_total' depends on axioms: [propext, Classical.choice, Quot.sound]
'TheoremT.Continuum.ksDescentQuadraticPolynomial' depends on axioms: [propext, Classical.choice, Quot.sound]
'TheoremT.Continuum.ksDescentQuadraticPolynomial_homogeneous' depends on axioms: [propext, Classical.choice, Quot.sound]
'TheoremT.Continuum.ksDescentQuadraticPolynomial_eval' depends on axioms: [propext, Classical.choice, Quot.sound]
'TheoremT.Continuum.ksBalancedDescentPolynomial' depends on axioms: [propext, Classical.choice, Quot.sound]
'TheoremT.Continuum.ksBalancedDescentPolynomial_homogeneous' depends on axioms: [propext, Classical.choice, Quot.sound]
'TheoremT.Continuum.ksBalancedDescentPolynomial_eval' depends on axioms: [propext, Classical.choice, Quot.sound]
'TheoremT.Continuum.ksSpinor_balanced_descent_polynomial' depends on axioms: [propext, Classical.choice, Quot.sound]
