@TheoremT.Continuum.WeakGrushin.compact_weakH2_oscillator_bound : ∀ {κ : Type} [inst : Fintype.{0} κ]
  [DecidableEq.{1} κ]
  (L :
    @ContinuousLinearMap.{0, 0, 0, 0} Real Real _ _ (@RingHom.id.{0} Real _) (@TheoremT.Continuum.WeakGrushin.Space κ _)
      _ _ Real _ _ _ _)
  (v : @TheoremT.Continuum.WeakGrushin.Space κ _)
  (hLv :
    @Eq.{1} Real
      (@DFunLike.coe.{1, 1, 1}
        (@ContinuousLinearMap.{0, 0, 0, 0} Real Real _ _ (@RingHom.id.{0} Real _)
          (@TheoremT.Continuum.WeakGrushin.Space κ _) _ _ Real _ _ _ _)
        (@TheoremT.Continuum.WeakGrushin.Space κ _) (fun (x : @TheoremT.Continuum.WeakGrushin.Space κ _) => Real) _ L v)
      (@OfNat.ofNat.{0} Real (nat_lit 1) _))
  {f :
    @Subtype.{1}
      (@MeasureTheory.AEEqFun.{0, 0} (@TheoremT.Continuum.WeakGrushin.Space κ _) Complex _ _
        (@MeasureTheory.MeasureSpace.volume.{0} (@TheoremT.Continuum.WeakGrushin.Space κ _) _))
      fun
        (x :
          @MeasureTheory.AEEqFun.{0, 0} (@TheoremT.Continuum.WeakGrushin.Space κ _) Complex _ _
            (@MeasureTheory.MeasureSpace.volume.{0} (@TheoremT.Continuum.WeakGrushin.Space κ _) _)) =>
      @Membership.mem.{0, 0}
        (@MeasureTheory.AEEqFun.{0, 0} (@TheoremT.Continuum.WeakGrushin.Space κ _) Complex _ _
          (@MeasureTheory.MeasureSpace.volume.{0} (@TheoremT.Continuum.WeakGrushin.Space κ _) _))
        (@AddSubgroup.{0}
          (@MeasureTheory.AEEqFun.{0, 0} (@TheoremT.Continuum.WeakGrushin.Space κ _) Complex _ _
            (@MeasureTheory.MeasureSpace.volume.{0} (@TheoremT.Continuum.WeakGrushin.Space κ _) _))
          _)
        _
        (@MeasureTheory.Lp.{0, 0} (@TheoremT.Continuum.WeakGrushin.Space κ _) Complex
          (@MeasureTheory.MeasureSpace.toMeasurableSpace.{0} (@TheoremT.Continuum.WeakGrushin.Space κ _) _) _
          (@OfNat.ofNat.{0} ENNReal (nat_lit 2) _)
          (@MeasureTheory.MeasureSpace.volume.{0} (@TheoremT.Continuum.WeakGrushin.Space κ _) _))
        x}
  (d :
    @TheoremT.Continuum.WeakGrushin.Space κ _ →
      @Subtype.{1}
        (@MeasureTheory.AEEqFun.{0, 0} (@TheoremT.Continuum.WeakGrushin.Space κ _) Complex _ _
          (@MeasureTheory.MeasureSpace.volume.{0} (@TheoremT.Continuum.WeakGrushin.Space κ _) _))
        fun
          (x :
            @MeasureTheory.AEEqFun.{0, 0} (@TheoremT.Continuum.WeakGrushin.Space κ _) Complex _ _
              (@MeasureTheory.MeasureSpace.volume.{0} (@TheoremT.Continuum.WeakGrushin.Space κ _) _)) =>
        @Membership.mem.{0, 0}
          (@MeasureTheory.AEEqFun.{0, 0} (@TheoremT.Continuum.WeakGrushin.Space κ _) Complex _ _
            (@MeasureTheory.MeasureSpace.volume.{0} (@TheoremT.Continuum.WeakGrushin.Space κ _) _))
          (@AddSubgroup.{0}
            (@MeasureTheory.AEEqFun.{0, 0} (@TheoremT.Continuum.WeakGrushin.Space κ _) Complex _ _
              (@MeasureTheory.MeasureSpace.volume.{0} (@TheoremT.Continuum.WeakGrushin.Space κ _) _))
            _)
          _
          (@MeasureTheory.Lp.{0, 0} (@TheoremT.Continuum.WeakGrushin.Space κ _) Complex
            (@MeasureTheory.MeasureSpace.toMeasurableSpace.{0} (@TheoremT.Continuum.WeakGrushin.Space κ _) _) _
            (@OfNat.ofNat.{0} ENNReal (nat_lit 2) _)
            (@MeasureTheory.MeasureSpace.volume.{0} (@TheoremT.Continuum.WeakGrushin.Space κ _) _))
          x)
  (e : @TheoremT.Continuum.WeakGrushin.Jet κ _)
  (hd :
    ∀ (w : @TheoremT.Continuum.WeakGrushin.Space κ _),
      @TheoremT.Continuum.WeakProductL2Directional.{0, 0}
        (EuclideanSpace.{0, 0} Real (Fin (@OfNat.ofNat.{0} Nat (nat_lit 4) _))) (EuclideanSpace.{0, 0} Real κ) _ _ _ _ _
        _ _ _ _ _ f (d w) w)
  (he :
    ∀ (w z : @TheoremT.Continuum.WeakGrushin.Space κ _),
      @TheoremT.Continuum.WeakProductL2Directional.{0, 0}
        (EuclideanSpace.{0, 0} Real (Fin (@OfNat.ofNat.{0} Nat (nat_lit 4) _))) (EuclideanSpace.{0, 0} Real κ) _ _ _ _ _
        _ _ _ _ _ (d w) (e w z) z)
  {K : Set.{0} (@TheoremT.Continuum.WeakGrushin.Space κ _)}
  (hK : @IsCompact.{0} (@TheoremT.Continuum.WeakGrushin.Space κ _) _ K)
  (hs :
    @Filter.Eventually.{0} (@TheoremT.Continuum.WeakGrushin.Space κ _)
      (fun (p : @TheoremT.Continuum.WeakGrushin.Space κ _) =>
        Not
            (@Membership.mem.{0, 0} (@TheoremT.Continuum.WeakGrushin.Space κ _)
              (Set.{0} (@TheoremT.Continuum.WeakGrushin.Space κ _)) _ K p) →
          @Eq.{1} Complex
            (@MeasureTheory.AEEqFun.cast.{0, 0} (@TheoremT.Continuum.WeakGrushin.Space κ _) Complex _
              (@MeasureTheory.MeasureSpace.volume.{0} (@TheoremT.Continuum.WeakGrushin.Space κ _) _) _
              (@Subtype.val.{1}
                (@MeasureTheory.AEEqFun.{0, 0} (@TheoremT.Continuum.WeakGrushin.Space κ _) Complex _ _
                  (@MeasureTheory.MeasureSpace.volume.{0} (@TheoremT.Continuum.WeakGrushin.Space κ _) _))
                (fun
                    (x :
                      @MeasureTheory.AEEqFun.{0, 0} (@TheoremT.Continuum.WeakGrushin.Space κ _) Complex _ _
                        (@MeasureTheory.MeasureSpace.volume.{0} (@TheoremT.Continuum.WeakGrushin.Space κ _) _)) =>
                  @Membership.mem.{0, 0}
                    (@MeasureTheory.AEEqFun.{0, 0} (@TheoremT.Continuum.WeakGrushin.Space κ _) Complex _ _
                      (@MeasureTheory.MeasureSpace.volume.{0} (@TheoremT.Continuum.WeakGrushin.Space κ _) _))
                    (@AddSubgroup.{0}
                      (@MeasureTheory.AEEqFun.{0, 0} (@TheoremT.Continuum.WeakGrushin.Space κ _) Complex _ _
                        (@MeasureTheory.MeasureSpace.volume.{0} (@TheoremT.Continuum.WeakGrushin.Space κ _) _))
                      _)
                    _
                    (@MeasureTheory.Lp.{0, 0} (@TheoremT.Continuum.WeakGrushin.Space κ _) Complex
                      (@MeasureTheory.MeasureSpace.toMeasurableSpace.{0} (@TheoremT.Continuum.WeakGrushin.Space κ _) _)
                      _ (@OfNat.ofNat.{0} ENNReal (nat_lit 2) _)
                      (@MeasureTheory.MeasureSpace.volume.{0} (@TheoremT.Continuum.WeakGrushin.Space κ _) _))
                    x)
                f)
              p)
            (@OfNat.ofNat.{0} Complex (nat_lit 0) _))
      (@MeasureTheory.ae.{0, 0} (@TheoremT.Continuum.WeakGrushin.Space κ _)
        (@MeasureTheory.Measure.{0} (@TheoremT.Continuum.WeakGrushin.Space κ _) _) _ _
        (@MeasureTheory.MeasureSpace.volume.{0} (@TheoremT.Continuum.WeakGrushin.Space κ _) _)))
  (a : Real),
  @LE.le.{0} Real _
    (@HMul.hMul.{0, 0, 0} Real Real Real _ a
      (@MeasureTheory.integral.{0, 0} (@TheoremT.Continuum.WeakGrushin.Space κ _) Real _ _
        (@MeasureTheory.MeasureSpace.toMeasurableSpace.{0} (@TheoremT.Continuum.WeakGrushin.Space κ _) _)
        (@MeasureTheory.MeasureSpace.volume.{0} (@TheoremT.Continuum.WeakGrushin.Space κ _) _)
        fun (p : @TheoremT.Continuum.WeakGrushin.Space κ _) =>
        @HPow.hPow.{0, 0, 0} Real Nat Real _
          (@Norm.norm.{0} Complex _
            (@MeasureTheory.AEEqFun.cast.{0, 0} (@TheoremT.Continuum.WeakGrushin.Space κ _) Complex _
              (@MeasureTheory.MeasureSpace.volume.{0} (@TheoremT.Continuum.WeakGrushin.Space κ _) _) _
              (@Subtype.val.{1}
                (@MeasureTheory.AEEqFun.{0, 0} (@TheoremT.Continuum.WeakGrushin.Space κ _) Complex _ _
                  (@MeasureTheory.MeasureSpace.volume.{0} (@TheoremT.Continuum.WeakGrushin.Space κ _) _))
                (fun
                    (x :
                      @MeasureTheory.AEEqFun.{0, 0} (@TheoremT.Continuum.WeakGrushin.Space κ _) Complex _ _
                        (@MeasureTheory.MeasureSpace.volume.{0} (@TheoremT.Continuum.WeakGrushin.Space κ _) _)) =>
                  @Membership.mem.{0, 0}
                    (@MeasureTheory.AEEqFun.{0, 0} (@TheoremT.Continuum.WeakGrushin.Space κ _) Complex _ _
                      (@MeasureTheory.MeasureSpace.volume.{0} (@TheoremT.Continuum.WeakGrushin.Space κ _) _))
                    (@AddSubgroup.{0}
                      (@MeasureTheory.AEEqFun.{0, 0} (@TheoremT.Continuum.WeakGrushin.Space κ _) Complex _ _
                        (@MeasureTheory.MeasureSpace.volume.{0} (@TheoremT.Continuum.WeakGrushin.Space κ _) _))
                      _)
                    _
                    (@MeasureTheory.Lp.{0, 0} (@TheoremT.Continuum.WeakGrushin.Space κ _) Complex
                      (@MeasureTheory.MeasureSpace.toMeasurableSpace.{0} (@TheoremT.Continuum.WeakGrushin.Space κ _) _)
                      _ (@OfNat.ofNat.{0} ENNReal (nat_lit 2) _)
                      (@MeasureTheory.MeasureSpace.volume.{0} (@TheoremT.Continuum.WeakGrushin.Space κ _) _))
                    x)
                f)
              p))
          (@OfNat.ofNat.{0} Nat (nat_lit 2) _)))
    (@HAdd.hAdd.{0, 0, 0} Real Real Real _
      (@MeasureTheory.integral.{0, 0} (@TheoremT.Continuum.WeakGrushin.Space κ _) Real _ _
        (@MeasureTheory.MeasureSpace.toMeasurableSpace.{0} (@TheoremT.Continuum.WeakGrushin.Space κ _) _)
        (@MeasureTheory.MeasureSpace.volume.{0} (@TheoremT.Continuum.WeakGrushin.Space κ _) _)
        fun (p : @TheoremT.Continuum.WeakGrushin.Space κ _) =>
        @HPow.hPow.{0, 0, 0} Real Nat Real _
          (@Norm.norm.{0} Complex _
            (@MeasureTheory.AEEqFun.cast.{0, 0} (@TheoremT.Continuum.WeakGrushin.Space κ _) Complex _
              (@MeasureTheory.MeasureSpace.volume.{0} (@TheoremT.Continuum.WeakGrushin.Space κ _) _) _
              (@Subtype.val.{1}
                (@MeasureTheory.AEEqFun.{0, 0} (@TheoremT.Continuum.WeakGrushin.Space κ _) Complex _ _
                  (@MeasureTheory.MeasureSpace.volume.{0} (@TheoremT.Continuum.WeakGrushin.Space κ _) _))
                (fun
                    (x :
                      @MeasureTheory.AEEqFun.{0, 0} (@TheoremT.Continuum.WeakGrushin.Space κ _) Complex _ _
                        (@MeasureTheory.MeasureSpace.volume.{0} (@TheoremT.Continuum.WeakGrushin.Space κ _) _)) =>
                  @Membership.mem.{0, 0}
                    (@MeasureTheory.AEEqFun.{0, 0} (@TheoremT.Continuum.WeakGrushin.Space κ _) Complex _ _
                      (@MeasureTheory.MeasureSpace.volume.{0} (@TheoremT.Continuum.WeakGrushin.Space κ _) _))
                    (@AddSubgroup.{0}
                      (@MeasureTheory.AEEqFun.{0, 0} (@TheoremT.Continuum.WeakGrushin.Space κ _) Complex _ _
                        (@MeasureTheory.MeasureSpace.volume.{0} (@TheoremT.Continuum.WeakGrushin.Space κ _) _))
                      _)
                    _
                    (@MeasureTheory.Lp.{0, 0} (@TheoremT.Continuum.WeakGrushin.Space κ _) Complex
                      (@MeasureTheory.MeasureSpace.toMeasurableSpace.{0} (@TheoremT.Continuum.WeakGrushin.Space κ _) _)
                      _ (@OfNat.ofNat.{0} ENNReal (nat_lit 2) _)
                      (@MeasureTheory.MeasureSpace.volume.{0} (@TheoremT.Continuum.WeakGrushin.Space κ _) _))
                    x)
                (d v))
              p))
          (@OfNat.ofNat.{0} Nat (nat_lit 2) _))
      (@HMul.hMul.{0, 0, 0} Real Real Real _
        (@HPow.hPow.{0, 0, 0} Real Nat Real _ a (@OfNat.ofNat.{0} Nat (nat_lit 2) _))
        (@MeasureTheory.integral.{0, 0} (@TheoremT.Continuum.WeakGrushin.Space κ _) Real _ _
          (@MeasureTheory.MeasureSpace.toMeasurableSpace.{0} (@TheoremT.Continuum.WeakGrushin.Space κ _) _)
          (@MeasureTheory.MeasureSpace.volume.{0} (@TheoremT.Continuum.WeakGrushin.Space κ _) _)
          fun (p : @TheoremT.Continuum.WeakGrushin.Space κ _) =>
          @HPow.hPow.{0, 0, 0} Real Nat Real _
            (@Norm.norm.{0} Complex _
              (@HSMul.hSMul.{0, 0, 0} Real Complex Complex _
                (@DFunLike.coe.{1, 1, 1}
                  (@ContinuousLinearMap.{0, 0, 0, 0} Real Real _ _ (@RingHom.id.{0} Real _)
                    (@TheoremT.Continuum.WeakGrushin.Space κ _) _ _ Real _ _ _ _)
                  (@TheoremT.Continuum.WeakGrushin.Space κ _)
                  (fun (x : @TheoremT.Continuum.WeakGrushin.Space κ _) => Real) _ L p)
                (@MeasureTheory.AEEqFun.cast.{0, 0} (@TheoremT.Continuum.WeakGrushin.Space κ _) Complex _
                  (@MeasureTheory.MeasureSpace.volume.{0} (@TheoremT.Continuum.WeakGrushin.Space κ _) _) _
                  (@Subtype.val.{1}
                    (@MeasureTheory.AEEqFun.{0, 0} (@TheoremT.Continuum.WeakGrushin.Space κ _) Complex _ _
                      (@MeasureTheory.MeasureSpace.volume.{0} (@TheoremT.Continuum.WeakGrushin.Space κ _) _))
                    (fun
                        (x :
                          @MeasureTheory.AEEqFun.{0, 0} (@TheoremT.Continuum.WeakGrushin.Space κ _) Complex _ _
                            (@MeasureTheory.MeasureSpace.volume.{0} (@TheoremT.Continuum.WeakGrushin.Space κ _) _)) =>
                      @Membership.mem.{0, 0}
                        (@MeasureTheory.AEEqFun.{0, 0} (@TheoremT.Continuum.WeakGrushin.Space κ _) Complex _ _
                          (@MeasureTheory.MeasureSpace.volume.{0} (@TheoremT.Continuum.WeakGrushin.Space κ _) _))
                        (@AddSubgroup.{0}
                          (@MeasureTheory.AEEqFun.{0, 0} (@TheoremT.Continuum.WeakGrushin.Space κ _) Complex _ _
                            (@MeasureTheory.MeasureSpace.volume.{0} (@TheoremT.Continuum.WeakGrushin.Space κ _) _))
                          _)
                        _
                        (@MeasureTheory.Lp.{0, 0} (@TheoremT.Continuum.WeakGrushin.Space κ _) Complex
                          (@MeasureTheory.MeasureSpace.toMeasurableSpace.{0} (@TheoremT.Continuum.WeakGrushin.Space κ _)
                            _)
                          _ (@OfNat.ofNat.{0} ENNReal (nat_lit 2) _)
                          (@MeasureTheory.MeasureSpace.volume.{0} (@TheoremT.Continuum.WeakGrushin.Space κ _) _))
                        x)
                    f)
                  p)))
            (@OfNat.ofNat.{0} Nat (nat_lit 2) _))))
@TheoremT.Continuum.WeakGrushin.compact_l2_slab_weight_integral_bound : ∀ {κ : Type} [inst : Fintype.{0} κ]
  [DecidableEq.{1} κ]
  (L :
    @ContinuousLinearMap.{0, 0, 0, 0} Real Real _ _ (@RingHom.id.{0} Real _) (@TheoremT.Continuum.WeakGrushin.Space κ _)
      _ _ Real _ _ _ _)
  {f :
    @Subtype.{1}
      (@MeasureTheory.AEEqFun.{0, 0} (@TheoremT.Continuum.WeakGrushin.Space κ _) Complex _ _
        (@MeasureTheory.MeasureSpace.volume.{0} (@TheoremT.Continuum.WeakGrushin.Space κ _) _))
      fun
        (x :
          @MeasureTheory.AEEqFun.{0, 0} (@TheoremT.Continuum.WeakGrushin.Space κ _) Complex _ _
            (@MeasureTheory.MeasureSpace.volume.{0} (@TheoremT.Continuum.WeakGrushin.Space κ _) _)) =>
      @Membership.mem.{0, 0}
        (@MeasureTheory.AEEqFun.{0, 0} (@TheoremT.Continuum.WeakGrushin.Space κ _) Complex _ _
          (@MeasureTheory.MeasureSpace.volume.{0} (@TheoremT.Continuum.WeakGrushin.Space κ _) _))
        (@AddSubgroup.{0}
          (@MeasureTheory.AEEqFun.{0, 0} (@TheoremT.Continuum.WeakGrushin.Space κ _) Complex _ _
            (@MeasureTheory.MeasureSpace.volume.{0} (@TheoremT.Continuum.WeakGrushin.Space κ _) _))
          _)
        _
        (@MeasureTheory.Lp.{0, 0} (@TheoremT.Continuum.WeakGrushin.Space κ _) Complex
          (@MeasureTheory.MeasureSpace.toMeasurableSpace.{0} (@TheoremT.Continuum.WeakGrushin.Space κ _) _) _
          (@OfNat.ofNat.{0} ENNReal (nat_lit 2) _)
          (@MeasureTheory.MeasureSpace.volume.{0} (@TheoremT.Continuum.WeakGrushin.Space κ _) _))
        x}
  {K : Set.{0} (@TheoremT.Continuum.WeakGrushin.Space κ _)}
  (hK : @IsCompact.{0} (@TheoremT.Continuum.WeakGrushin.Space κ _) _ K)
  (hs :
    @Filter.Eventually.{0} (@TheoremT.Continuum.WeakGrushin.Space κ _)
      (fun (p : @TheoremT.Continuum.WeakGrushin.Space κ _) =>
        Not
            (@Membership.mem.{0, 0} (@TheoremT.Continuum.WeakGrushin.Space κ _)
              (Set.{0} (@TheoremT.Continuum.WeakGrushin.Space κ _)) _ K p) →
          @Eq.{1} Complex
            (@MeasureTheory.AEEqFun.cast.{0, 0} (@TheoremT.Continuum.WeakGrushin.Space κ _) Complex _
              (@MeasureTheory.MeasureSpace.volume.{0} (@TheoremT.Continuum.WeakGrushin.Space κ _) _) _
              (@Subtype.val.{1}
                (@MeasureTheory.AEEqFun.{0, 0} (@TheoremT.Continuum.WeakGrushin.Space κ _) Complex _ _
                  (@MeasureTheory.MeasureSpace.volume.{0} (@TheoremT.Continuum.WeakGrushin.Space κ _) _))
                (fun
                    (x :
                      @MeasureTheory.AEEqFun.{0, 0} (@TheoremT.Continuum.WeakGrushin.Space κ _) Complex _ _
                        (@MeasureTheory.MeasureSpace.volume.{0} (@TheoremT.Continuum.WeakGrushin.Space κ _) _)) =>
                  @Membership.mem.{0, 0}
                    (@MeasureTheory.AEEqFun.{0, 0} (@TheoremT.Continuum.WeakGrushin.Space κ _) Complex _ _
                      (@MeasureTheory.MeasureSpace.volume.{0} (@TheoremT.Continuum.WeakGrushin.Space κ _) _))
                    (@AddSubgroup.{0}
                      (@MeasureTheory.AEEqFun.{0, 0} (@TheoremT.Continuum.WeakGrushin.Space κ _) Complex _ _
                        (@MeasureTheory.MeasureSpace.volume.{0} (@TheoremT.Continuum.WeakGrushin.Space κ _) _))
                      _)
                    _
                    (@MeasureTheory.Lp.{0, 0} (@TheoremT.Continuum.WeakGrushin.Space κ _) Complex
                      (@MeasureTheory.MeasureSpace.toMeasurableSpace.{0} (@TheoremT.Continuum.WeakGrushin.Space κ _) _)
                      _ (@OfNat.ofNat.{0} ENNReal (nat_lit 2) _)
                      (@MeasureTheory.MeasureSpace.volume.{0} (@TheoremT.Continuum.WeakGrushin.Space κ _) _))
                    x)
                f)
              p)
            (@OfNat.ofNat.{0} Complex (nat_lit 0) _))
      (@MeasureTheory.ae.{0, 0} (@TheoremT.Continuum.WeakGrushin.Space κ _)
        (@MeasureTheory.Measure.{0} (@TheoremT.Continuum.WeakGrushin.Space κ _) _) _ _
        (@MeasureTheory.MeasureSpace.volume.{0} (@TheoremT.Continuum.WeakGrushin.Space κ _) _)))
  {R : Real} (hR : @LE.le.{0} Real _ (@OfNat.ofNat.{0} Real (nat_lit 0) _) R)
  (hslab :
    @Filter.Eventually.{0} (@TheoremT.Continuum.WeakGrushin.Space κ _)
      (fun (p : @TheoremT.Continuum.WeakGrushin.Space κ _) =>
        @Ne.{1} Complex
            (@MeasureTheory.AEEqFun.cast.{0, 0} (@TheoremT.Continuum.WeakGrushin.Space κ _) Complex _
              (@MeasureTheory.MeasureSpace.volume.{0} (@TheoremT.Continuum.WeakGrushin.Space κ _) _) _
              (@Subtype.val.{1}
                (@MeasureTheory.AEEqFun.{0, 0} (@TheoremT.Continuum.WeakGrushin.Space κ _) Complex _ _
                  (@MeasureTheory.MeasureSpace.volume.{0} (@TheoremT.Continuum.WeakGrushin.Space κ _) _))
                (fun
                    (x :
                      @MeasureTheory.AEEqFun.{0, 0} (@TheoremT.Continuum.WeakGrushin.Space κ _) Complex _ _
                        (@MeasureTheory.MeasureSpace.volume.{0} (@TheoremT.Continuum.WeakGrushin.Space κ _) _)) =>
                  @Membership.mem.{0, 0}
                    (@MeasureTheory.AEEqFun.{0, 0} (@TheoremT.Continuum.WeakGrushin.Space κ _) Complex _ _
                      (@MeasureTheory.MeasureSpace.volume.{0} (@TheoremT.Continuum.WeakGrushin.Space κ _) _))
                    (@AddSubgroup.{0}
                      (@MeasureTheory.AEEqFun.{0, 0} (@TheoremT.Continuum.WeakGrushin.Space κ _) Complex _ _
                        (@MeasureTheory.MeasureSpace.volume.{0} (@TheoremT.Continuum.WeakGrushin.Space κ _) _))
                      _)
                    _
                    (@MeasureTheory.Lp.{0, 0} (@TheoremT.Continuum.WeakGrushin.Space κ _) Complex
                      (@MeasureTheory.MeasureSpace.toMeasurableSpace.{0} (@TheoremT.Continuum.WeakGrushin.Space κ _) _)
                      _ (@OfNat.ofNat.{0} ENNReal (nat_lit 2) _)
                      (@MeasureTheory.MeasureSpace.volume.{0} (@TheoremT.Continuum.WeakGrushin.Space κ _) _))
                    x)
                f)
              p)
            (@OfNat.ofNat.{0} Complex (nat_lit 0) _) →
          @LE.le.{0} Real _
            (@abs.{0} Real _ _
              (@DFunLike.coe.{1, 1, 1}
                (@ContinuousLinearMap.{0, 0, 0, 0} Real Real _ _ (@RingHom.id.{0} Real _)
                  (@TheoremT.Continuum.WeakGrushin.Space κ _) _ _ Real _ _ _ _)
                (@TheoremT.Continuum.WeakGrushin.Space κ _)
                (fun (x : @TheoremT.Continuum.WeakGrushin.Space κ _) => Real) _ L p))
            R)
      (@MeasureTheory.ae.{0, 0} (@TheoremT.Continuum.WeakGrushin.Space κ _)
        (@MeasureTheory.Measure.{0} (@TheoremT.Continuum.WeakGrushin.Space κ _) _) _ _
        (@MeasureTheory.MeasureSpace.volume.{0} (@TheoremT.Continuum.WeakGrushin.Space κ _) _))),
  @LE.le.{0} Real _
    (@MeasureTheory.integral.{0, 0} (@TheoremT.Continuum.WeakGrushin.Space κ _) Real _ _
      (@MeasureTheory.MeasureSpace.toMeasurableSpace.{0} (@TheoremT.Continuum.WeakGrushin.Space κ _) _)
      (@MeasureTheory.MeasureSpace.volume.{0} (@TheoremT.Continuum.WeakGrushin.Space κ _) _)
      fun (p : @TheoremT.Continuum.WeakGrushin.Space κ _) =>
      @HPow.hPow.{0, 0, 0} Real Nat Real _
        (@Norm.norm.{0} Complex _
          (@HSMul.hSMul.{0, 0, 0} Real Complex Complex _
            (@DFunLike.coe.{1, 1, 1}
              (@ContinuousLinearMap.{0, 0, 0, 0} Real Real _ _ (@RingHom.id.{0} Real _)
                (@TheoremT.Continuum.WeakGrushin.Space κ _) _ _ Real _ _ _ _)
              (@TheoremT.Continuum.WeakGrushin.Space κ _) (fun (x : @TheoremT.Continuum.WeakGrushin.Space κ _) => Real)
              _ L p)
            (@MeasureTheory.AEEqFun.cast.{0, 0} (@TheoremT.Continuum.WeakGrushin.Space κ _) Complex _
              (@MeasureTheory.MeasureSpace.volume.{0} (@TheoremT.Continuum.WeakGrushin.Space κ _) _) _
              (@Subtype.val.{1}
                (@MeasureTheory.AEEqFun.{0, 0} (@TheoremT.Continuum.WeakGrushin.Space κ _) Complex _ _
                  (@MeasureTheory.MeasureSpace.volume.{0} (@TheoremT.Continuum.WeakGrushin.Space κ _) _))
                (fun
                    (x :
                      @MeasureTheory.AEEqFun.{0, 0} (@TheoremT.Continuum.WeakGrushin.Space κ _) Complex _ _
                        (@MeasureTheory.MeasureSpace.volume.{0} (@TheoremT.Continuum.WeakGrushin.Space κ _) _)) =>
                  @Membership.mem.{0, 0}
                    (@MeasureTheory.AEEqFun.{0, 0} (@TheoremT.Continuum.WeakGrushin.Space κ _) Complex _ _
                      (@MeasureTheory.MeasureSpace.volume.{0} (@TheoremT.Continuum.WeakGrushin.Space κ _) _))
                    (@AddSubgroup.{0}
                      (@MeasureTheory.AEEqFun.{0, 0} (@TheoremT.Continuum.WeakGrushin.Space κ _) Complex _ _
                        (@MeasureTheory.MeasureSpace.volume.{0} (@TheoremT.Continuum.WeakGrushin.Space κ _) _))
                      _)
                    _
                    (@MeasureTheory.Lp.{0, 0} (@TheoremT.Continuum.WeakGrushin.Space κ _) Complex
                      (@MeasureTheory.MeasureSpace.toMeasurableSpace.{0} (@TheoremT.Continuum.WeakGrushin.Space κ _) _)
                      _ (@OfNat.ofNat.{0} ENNReal (nat_lit 2) _)
                      (@MeasureTheory.MeasureSpace.volume.{0} (@TheoremT.Continuum.WeakGrushin.Space κ _) _))
                    x)
                f)
              p)))
        (@OfNat.ofNat.{0} Nat (nat_lit 2) _))
    (@HMul.hMul.{0, 0, 0} Real Real Real _ (@HPow.hPow.{0, 0, 0} Real Nat Real _ R (@OfNat.ofNat.{0} Nat (nat_lit 2) _))
      (@MeasureTheory.integral.{0, 0} (@TheoremT.Continuum.WeakGrushin.Space κ _) Real _ _
        (@MeasureTheory.MeasureSpace.toMeasurableSpace.{0} (@TheoremT.Continuum.WeakGrushin.Space κ _) _)
        (@MeasureTheory.MeasureSpace.volume.{0} (@TheoremT.Continuum.WeakGrushin.Space κ _) _)
        fun (p : @TheoremT.Continuum.WeakGrushin.Space κ _) =>
        @HPow.hPow.{0, 0, 0} Real Nat Real _
          (@Norm.norm.{0} Complex _
            (@MeasureTheory.AEEqFun.cast.{0, 0} (@TheoremT.Continuum.WeakGrushin.Space κ _) Complex _
              (@MeasureTheory.MeasureSpace.volume.{0} (@TheoremT.Continuum.WeakGrushin.Space κ _) _) _
              (@Subtype.val.{1}
                (@MeasureTheory.AEEqFun.{0, 0} (@TheoremT.Continuum.WeakGrushin.Space κ _) Complex _ _
                  (@MeasureTheory.MeasureSpace.volume.{0} (@TheoremT.Continuum.WeakGrushin.Space κ _) _))
                (fun
                    (x :
                      @MeasureTheory.AEEqFun.{0, 0} (@TheoremT.Continuum.WeakGrushin.Space κ _) Complex _ _
                        (@MeasureTheory.MeasureSpace.volume.{0} (@TheoremT.Continuum.WeakGrushin.Space κ _) _)) =>
                  @Membership.mem.{0, 0}
                    (@MeasureTheory.AEEqFun.{0, 0} (@TheoremT.Continuum.WeakGrushin.Space κ _) Complex _ _
                      (@MeasureTheory.MeasureSpace.volume.{0} (@TheoremT.Continuum.WeakGrushin.Space κ _) _))
                    (@AddSubgroup.{0}
                      (@MeasureTheory.AEEqFun.{0, 0} (@TheoremT.Continuum.WeakGrushin.Space κ _) Complex _ _
                        (@MeasureTheory.MeasureSpace.volume.{0} (@TheoremT.Continuum.WeakGrushin.Space κ _) _))
                      _)
                    _
                    (@MeasureTheory.Lp.{0, 0} (@TheoremT.Continuum.WeakGrushin.Space κ _) Complex
                      (@MeasureTheory.MeasureSpace.toMeasurableSpace.{0} (@TheoremT.Continuum.WeakGrushin.Space κ _) _)
                      _ (@OfNat.ofNat.{0} ENNReal (nat_lit 2) _)
                      (@MeasureTheory.MeasureSpace.volume.{0} (@TheoremT.Continuum.WeakGrushin.Space κ _) _))
                    x)
                f)
              p))
          (@OfNat.ofNat.{0} Nat (nat_lit 2) _)))
@TheoremT.Continuum.WeakGrushin.compact_weakH2_slab_poincare_integral : ∀ {κ : Type} [inst : Fintype.{0} κ]
  [DecidableEq.{1} κ]
  (L :
    @ContinuousLinearMap.{0, 0, 0, 0} Real Real _ _ (@RingHom.id.{0} Real _) (@TheoremT.Continuum.WeakGrushin.Space κ _)
      _ _ Real _ _ _ _)
  (v : @TheoremT.Continuum.WeakGrushin.Space κ _)
  (hLv :
    @Eq.{1} Real
      (@DFunLike.coe.{1, 1, 1}
        (@ContinuousLinearMap.{0, 0, 0, 0} Real Real _ _ (@RingHom.id.{0} Real _)
          (@TheoremT.Continuum.WeakGrushin.Space κ _) _ _ Real _ _ _ _)
        (@TheoremT.Continuum.WeakGrushin.Space κ _) (fun (x : @TheoremT.Continuum.WeakGrushin.Space κ _) => Real) _ L v)
      (@OfNat.ofNat.{0} Real (nat_lit 1) _))
  {f :
    @Subtype.{1}
      (@MeasureTheory.AEEqFun.{0, 0} (@TheoremT.Continuum.WeakGrushin.Space κ _) Complex _ _
        (@MeasureTheory.MeasureSpace.volume.{0} (@TheoremT.Continuum.WeakGrushin.Space κ _) _))
      fun
        (x :
          @MeasureTheory.AEEqFun.{0, 0} (@TheoremT.Continuum.WeakGrushin.Space κ _) Complex _ _
            (@MeasureTheory.MeasureSpace.volume.{0} (@TheoremT.Continuum.WeakGrushin.Space κ _) _)) =>
      @Membership.mem.{0, 0}
        (@MeasureTheory.AEEqFun.{0, 0} (@TheoremT.Continuum.WeakGrushin.Space κ _) Complex _ _
          (@MeasureTheory.MeasureSpace.volume.{0} (@TheoremT.Continuum.WeakGrushin.Space κ _) _))
        (@AddSubgroup.{0}
          (@MeasureTheory.AEEqFun.{0, 0} (@TheoremT.Continuum.WeakGrushin.Space κ _) Complex _ _
            (@MeasureTheory.MeasureSpace.volume.{0} (@TheoremT.Continuum.WeakGrushin.Space κ _) _))
          _)
        _
        (@MeasureTheory.Lp.{0, 0} (@TheoremT.Continuum.WeakGrushin.Space κ _) Complex
          (@MeasureTheory.MeasureSpace.toMeasurableSpace.{0} (@TheoremT.Continuum.WeakGrushin.Space κ _) _) _
          (@OfNat.ofNat.{0} ENNReal (nat_lit 2) _)
          (@MeasureTheory.MeasureSpace.volume.{0} (@TheoremT.Continuum.WeakGrushin.Space κ _) _))
        x}
  (d :
    @TheoremT.Continuum.WeakGrushin.Space κ _ →
      @Subtype.{1}
        (@MeasureTheory.AEEqFun.{0, 0} (@TheoremT.Continuum.WeakGrushin.Space κ _) Complex _ _
          (@MeasureTheory.MeasureSpace.volume.{0} (@TheoremT.Continuum.WeakGrushin.Space κ _) _))
        fun
          (x :
            @MeasureTheory.AEEqFun.{0, 0} (@TheoremT.Continuum.WeakGrushin.Space κ _) Complex _ _
              (@MeasureTheory.MeasureSpace.volume.{0} (@TheoremT.Continuum.WeakGrushin.Space κ _) _)) =>
        @Membership.mem.{0, 0}
          (@MeasureTheory.AEEqFun.{0, 0} (@TheoremT.Continuum.WeakGrushin.Space κ _) Complex _ _
            (@MeasureTheory.MeasureSpace.volume.{0} (@TheoremT.Continuum.WeakGrushin.Space κ _) _))
          (@AddSubgroup.{0}
            (@MeasureTheory.AEEqFun.{0, 0} (@TheoremT.Continuum.WeakGrushin.Space κ _) Complex _ _
              (@MeasureTheory.MeasureSpace.volume.{0} (@TheoremT.Continuum.WeakGrushin.Space κ _) _))
            _)
          _
          (@MeasureTheory.Lp.{0, 0} (@TheoremT.Continuum.WeakGrushin.Space κ _) Complex
            (@MeasureTheory.MeasureSpace.toMeasurableSpace.{0} (@TheoremT.Continuum.WeakGrushin.Space κ _) _) _
            (@OfNat.ofNat.{0} ENNReal (nat_lit 2) _)
            (@MeasureTheory.MeasureSpace.volume.{0} (@TheoremT.Continuum.WeakGrushin.Space κ _) _))
          x)
  (e : @TheoremT.Continuum.WeakGrushin.Jet κ _)
  (hd :
    ∀ (w : @TheoremT.Continuum.WeakGrushin.Space κ _),
      @TheoremT.Continuum.WeakProductL2Directional.{0, 0}
        (EuclideanSpace.{0, 0} Real (Fin (@OfNat.ofNat.{0} Nat (nat_lit 4) _))) (EuclideanSpace.{0, 0} Real κ) _ _ _ _ _
        _ _ _ _ _ f (d w) w)
  (he :
    ∀ (w z : @TheoremT.Continuum.WeakGrushin.Space κ _),
      @TheoremT.Continuum.WeakProductL2Directional.{0, 0}
        (EuclideanSpace.{0, 0} Real (Fin (@OfNat.ofNat.{0} Nat (nat_lit 4) _))) (EuclideanSpace.{0, 0} Real κ) _ _ _ _ _
        _ _ _ _ _ (d w) (e w z) z)
  {K : Set.{0} (@TheoremT.Continuum.WeakGrushin.Space κ _)}
  (hK : @IsCompact.{0} (@TheoremT.Continuum.WeakGrushin.Space κ _) _ K)
  (hs :
    @Filter.Eventually.{0} (@TheoremT.Continuum.WeakGrushin.Space κ _)
      (fun (p : @TheoremT.Continuum.WeakGrushin.Space κ _) =>
        Not
            (@Membership.mem.{0, 0} (@TheoremT.Continuum.WeakGrushin.Space κ _)
              (Set.{0} (@TheoremT.Continuum.WeakGrushin.Space κ _)) _ K p) →
          @Eq.{1} Complex
            (@MeasureTheory.AEEqFun.cast.{0, 0} (@TheoremT.Continuum.WeakGrushin.Space κ _) Complex _
              (@MeasureTheory.MeasureSpace.volume.{0} (@TheoremT.Continuum.WeakGrushin.Space κ _) _) _
              (@Subtype.val.{1}
                (@MeasureTheory.AEEqFun.{0, 0} (@TheoremT.Continuum.WeakGrushin.Space κ _) Complex _ _
                  (@MeasureTheory.MeasureSpace.volume.{0} (@TheoremT.Continuum.WeakGrushin.Space κ _) _))
                (fun
                    (x :
                      @MeasureTheory.AEEqFun.{0, 0} (@TheoremT.Continuum.WeakGrushin.Space κ _) Complex _ _
                        (@MeasureTheory.MeasureSpace.volume.{0} (@TheoremT.Continuum.WeakGrushin.Space κ _) _)) =>
                  @Membership.mem.{0, 0}
                    (@MeasureTheory.AEEqFun.{0, 0} (@TheoremT.Continuum.WeakGrushin.Space κ _) Complex _ _
                      (@MeasureTheory.MeasureSpace.volume.{0} (@TheoremT.Continuum.WeakGrushin.Space κ _) _))
                    (@AddSubgroup.{0}
                      (@MeasureTheory.AEEqFun.{0, 0} (@TheoremT.Continuum.WeakGrushin.Space κ _) Complex _ _
                        (@MeasureTheory.MeasureSpace.volume.{0} (@TheoremT.Continuum.WeakGrushin.Space κ _) _))
                      _)
                    _
                    (@MeasureTheory.Lp.{0, 0} (@TheoremT.Continuum.WeakGrushin.Space κ _) Complex
                      (@MeasureTheory.MeasureSpace.toMeasurableSpace.{0} (@TheoremT.Continuum.WeakGrushin.Space κ _) _)
                      _ (@OfNat.ofNat.{0} ENNReal (nat_lit 2) _)
                      (@MeasureTheory.MeasureSpace.volume.{0} (@TheoremT.Continuum.WeakGrushin.Space κ _) _))
                    x)
                f)
              p)
            (@OfNat.ofNat.{0} Complex (nat_lit 0) _))
      (@MeasureTheory.ae.{0, 0} (@TheoremT.Continuum.WeakGrushin.Space κ _)
        (@MeasureTheory.Measure.{0} (@TheoremT.Continuum.WeakGrushin.Space κ _) _) _ _
        (@MeasureTheory.MeasureSpace.volume.{0} (@TheoremT.Continuum.WeakGrushin.Space κ _) _)))
  {R : Real} (hR : @LT.lt.{0} Real _ (@OfNat.ofNat.{0} Real (nat_lit 0) _) R)
  (hslab :
    @Filter.Eventually.{0} (@TheoremT.Continuum.WeakGrushin.Space κ _)
      (fun (p : @TheoremT.Continuum.WeakGrushin.Space κ _) =>
        @Ne.{1} Complex
            (@MeasureTheory.AEEqFun.cast.{0, 0} (@TheoremT.Continuum.WeakGrushin.Space κ _) Complex _
              (@MeasureTheory.MeasureSpace.volume.{0} (@TheoremT.Continuum.WeakGrushin.Space κ _) _) _
              (@Subtype.val.{1}
                (@MeasureTheory.AEEqFun.{0, 0} (@TheoremT.Continuum.WeakGrushin.Space κ _) Complex _ _
                  (@MeasureTheory.MeasureSpace.volume.{0} (@TheoremT.Continuum.WeakGrushin.Space κ _) _))
                (fun
                    (x :
                      @MeasureTheory.AEEqFun.{0, 0} (@TheoremT.Continuum.WeakGrushin.Space κ _) Complex _ _
                        (@MeasureTheory.MeasureSpace.volume.{0} (@TheoremT.Continuum.WeakGrushin.Space κ _) _)) =>
                  @Membership.mem.{0, 0}
                    (@MeasureTheory.AEEqFun.{0, 0} (@TheoremT.Continuum.WeakGrushin.Space κ _) Complex _ _
                      (@MeasureTheory.MeasureSpace.volume.{0} (@TheoremT.Continuum.WeakGrushin.Space κ _) _))
                    (@AddSubgroup.{0}
                      (@MeasureTheory.AEEqFun.{0, 0} (@TheoremT.Continuum.WeakGrushin.Space κ _) Complex _ _
                        (@MeasureTheory.MeasureSpace.volume.{0} (@TheoremT.Continuum.WeakGrushin.Space κ _) _))
                      _)
                    _
                    (@MeasureTheory.Lp.{0, 0} (@TheoremT.Continuum.WeakGrushin.Space κ _) Complex
                      (@MeasureTheory.MeasureSpace.toMeasurableSpace.{0} (@TheoremT.Continuum.WeakGrushin.Space κ _) _)
                      _ (@OfNat.ofNat.{0} ENNReal (nat_lit 2) _)
                      (@MeasureTheory.MeasureSpace.volume.{0} (@TheoremT.Continuum.WeakGrushin.Space κ _) _))
                    x)
                f)
              p)
            (@OfNat.ofNat.{0} Complex (nat_lit 0) _) →
          @LE.le.{0} Real _
            (@abs.{0} Real _ _
              (@DFunLike.coe.{1, 1, 1}
                (@ContinuousLinearMap.{0, 0, 0, 0} Real Real _ _ (@RingHom.id.{0} Real _)
                  (@TheoremT.Continuum.WeakGrushin.Space κ _) _ _ Real _ _ _ _)
                (@TheoremT.Continuum.WeakGrushin.Space κ _)
                (fun (x : @TheoremT.Continuum.WeakGrushin.Space κ _) => Real) _ L p))
            R)
      (@MeasureTheory.ae.{0, 0} (@TheoremT.Continuum.WeakGrushin.Space κ _)
        (@MeasureTheory.Measure.{0} (@TheoremT.Continuum.WeakGrushin.Space κ _) _) _ _
        (@MeasureTheory.MeasureSpace.volume.{0} (@TheoremT.Continuum.WeakGrushin.Space κ _) _))),
  @LE.le.{0} Real _
    (@MeasureTheory.integral.{0, 0} (@TheoremT.Continuum.WeakGrushin.Space κ _) Real _ _
      (@MeasureTheory.MeasureSpace.toMeasurableSpace.{0} (@TheoremT.Continuum.WeakGrushin.Space κ _) _)
      (@MeasureTheory.MeasureSpace.volume.{0} (@TheoremT.Continuum.WeakGrushin.Space κ _) _)
      fun (p : @TheoremT.Continuum.WeakGrushin.Space κ _) =>
      @HPow.hPow.{0, 0, 0} Real Nat Real _
        (@Norm.norm.{0} Complex _
          (@MeasureTheory.AEEqFun.cast.{0, 0} (@TheoremT.Continuum.WeakGrushin.Space κ _) Complex _
            (@MeasureTheory.MeasureSpace.volume.{0} (@TheoremT.Continuum.WeakGrushin.Space κ _) _) _
            (@Subtype.val.{1}
              (@MeasureTheory.AEEqFun.{0, 0} (@TheoremT.Continuum.WeakGrushin.Space κ _) Complex _ _
                (@MeasureTheory.MeasureSpace.volume.{0} (@TheoremT.Continuum.WeakGrushin.Space κ _) _))
              (fun
                  (x :
                    @MeasureTheory.AEEqFun.{0, 0} (@TheoremT.Continuum.WeakGrushin.Space κ _) Complex _ _
                      (@MeasureTheory.MeasureSpace.volume.{0} (@TheoremT.Continuum.WeakGrushin.Space κ _) _)) =>
                @Membership.mem.{0, 0}
                  (@MeasureTheory.AEEqFun.{0, 0} (@TheoremT.Continuum.WeakGrushin.Space κ _) Complex _ _
                    (@MeasureTheory.MeasureSpace.volume.{0} (@TheoremT.Continuum.WeakGrushin.Space κ _) _))
                  (@AddSubgroup.{0}
                    (@MeasureTheory.AEEqFun.{0, 0} (@TheoremT.Continuum.WeakGrushin.Space κ _) Complex _ _
                      (@MeasureTheory.MeasureSpace.volume.{0} (@TheoremT.Continuum.WeakGrushin.Space κ _) _))
                    _)
                  _
                  (@MeasureTheory.Lp.{0, 0} (@TheoremT.Continuum.WeakGrushin.Space κ _) Complex
                    (@MeasureTheory.MeasureSpace.toMeasurableSpace.{0} (@TheoremT.Continuum.WeakGrushin.Space κ _) _) _
                    (@OfNat.ofNat.{0} ENNReal (nat_lit 2) _)
                    (@MeasureTheory.MeasureSpace.volume.{0} (@TheoremT.Continuum.WeakGrushin.Space κ _) _))
                  x)
              f)
            p))
        (@OfNat.ofNat.{0} Nat (nat_lit 2) _))
    (@HMul.hMul.{0, 0, 0} Real Real Real _
      (@HMul.hMul.{0, 0, 0} Real Real Real _ (@OfNat.ofNat.{0} Real (nat_lit 4) _)
        (@HPow.hPow.{0, 0, 0} Real Nat Real _ R (@OfNat.ofNat.{0} Nat (nat_lit 2) _)))
      (@MeasureTheory.integral.{0, 0} (@TheoremT.Continuum.WeakGrushin.Space κ _) Real _ _
        (@MeasureTheory.MeasureSpace.toMeasurableSpace.{0} (@TheoremT.Continuum.WeakGrushin.Space κ _) _)
        (@MeasureTheory.MeasureSpace.volume.{0} (@TheoremT.Continuum.WeakGrushin.Space κ _) _)
        fun (p : @TheoremT.Continuum.WeakGrushin.Space κ _) =>
        @HPow.hPow.{0, 0, 0} Real Nat Real _
          (@Norm.norm.{0} Complex _
            (@MeasureTheory.AEEqFun.cast.{0, 0} (@TheoremT.Continuum.WeakGrushin.Space κ _) Complex _
              (@MeasureTheory.MeasureSpace.volume.{0} (@TheoremT.Continuum.WeakGrushin.Space κ _) _) _
              (@Subtype.val.{1}
                (@MeasureTheory.AEEqFun.{0, 0} (@TheoremT.Continuum.WeakGrushin.Space κ _) Complex _ _
                  (@MeasureTheory.MeasureSpace.volume.{0} (@TheoremT.Continuum.WeakGrushin.Space κ _) _))
                (fun
                    (x :
                      @MeasureTheory.AEEqFun.{0, 0} (@TheoremT.Continuum.WeakGrushin.Space κ _) Complex _ _
                        (@MeasureTheory.MeasureSpace.volume.{0} (@TheoremT.Continuum.WeakGrushin.Space κ _) _)) =>
                  @Membership.mem.{0, 0}
                    (@MeasureTheory.AEEqFun.{0, 0} (@TheoremT.Continuum.WeakGrushin.Space κ _) Complex _ _
                      (@MeasureTheory.MeasureSpace.volume.{0} (@TheoremT.Continuum.WeakGrushin.Space κ _) _))
                    (@AddSubgroup.{0}
                      (@MeasureTheory.AEEqFun.{0, 0} (@TheoremT.Continuum.WeakGrushin.Space κ _) Complex _ _
                        (@MeasureTheory.MeasureSpace.volume.{0} (@TheoremT.Continuum.WeakGrushin.Space κ _) _))
                      _)
                    _
                    (@MeasureTheory.Lp.{0, 0} (@TheoremT.Continuum.WeakGrushin.Space κ _) Complex
                      (@MeasureTheory.MeasureSpace.toMeasurableSpace.{0} (@TheoremT.Continuum.WeakGrushin.Space κ _) _)
                      _ (@OfNat.ofNat.{0} ENNReal (nat_lit 2) _)
                      (@MeasureTheory.MeasureSpace.volume.{0} (@TheoremT.Continuum.WeakGrushin.Space κ _) _))
                    x)
                (d v))
              p))
          (@OfNat.ofNat.{0} Nat (nat_lit 2) _)))
@TheoremT.Continuum.WeakGrushin.compact_weakH2_y_slab_poincare_integral : ∀ {κ : Type} [inst : Fintype.{0} κ]
  [DecidableEq.{1} κ]
  {f :
    @Subtype.{1}
      (@MeasureTheory.AEEqFun.{0, 0} (@TheoremT.Continuum.WeakGrushin.Space κ _) Complex _ _
        (@MeasureTheory.MeasureSpace.volume.{0} (@TheoremT.Continuum.WeakGrushin.Space κ _) _))
      fun
        (x :
          @MeasureTheory.AEEqFun.{0, 0} (@TheoremT.Continuum.WeakGrushin.Space κ _) Complex _ _
            (@MeasureTheory.MeasureSpace.volume.{0} (@TheoremT.Continuum.WeakGrushin.Space κ _) _)) =>
      @Membership.mem.{0, 0}
        (@MeasureTheory.AEEqFun.{0, 0} (@TheoremT.Continuum.WeakGrushin.Space κ _) Complex _ _
          (@MeasureTheory.MeasureSpace.volume.{0} (@TheoremT.Continuum.WeakGrushin.Space κ _) _))
        (@AddSubgroup.{0}
          (@MeasureTheory.AEEqFun.{0, 0} (@TheoremT.Continuum.WeakGrushin.Space κ _) Complex _ _
            (@MeasureTheory.MeasureSpace.volume.{0} (@TheoremT.Continuum.WeakGrushin.Space κ _) _))
          _)
        _
        (@MeasureTheory.Lp.{0, 0} (@TheoremT.Continuum.WeakGrushin.Space κ _) Complex
          (@MeasureTheory.MeasureSpace.toMeasurableSpace.{0} (@TheoremT.Continuum.WeakGrushin.Space κ _) _) _
          (@OfNat.ofNat.{0} ENNReal (nat_lit 2) _)
          (@MeasureTheory.MeasureSpace.volume.{0} (@TheoremT.Continuum.WeakGrushin.Space κ _) _))
        x}
  (d :
    @TheoremT.Continuum.WeakGrushin.Space κ _ →
      @Subtype.{1}
        (@MeasureTheory.AEEqFun.{0, 0} (@TheoremT.Continuum.WeakGrushin.Space κ _) Complex _ _
          (@MeasureTheory.MeasureSpace.volume.{0} (@TheoremT.Continuum.WeakGrushin.Space κ _) _))
        fun
          (x :
            @MeasureTheory.AEEqFun.{0, 0} (@TheoremT.Continuum.WeakGrushin.Space κ _) Complex _ _
              (@MeasureTheory.MeasureSpace.volume.{0} (@TheoremT.Continuum.WeakGrushin.Space κ _) _)) =>
        @Membership.mem.{0, 0}
          (@MeasureTheory.AEEqFun.{0, 0} (@TheoremT.Continuum.WeakGrushin.Space κ _) Complex _ _
            (@MeasureTheory.MeasureSpace.volume.{0} (@TheoremT.Continuum.WeakGrushin.Space κ _) _))
          (@AddSubgroup.{0}
            (@MeasureTheory.AEEqFun.{0, 0} (@TheoremT.Continuum.WeakGrushin.Space κ _) Complex _ _
              (@MeasureTheory.MeasureSpace.volume.{0} (@TheoremT.Continuum.WeakGrushin.Space κ _) _))
            _)
          _
          (@MeasureTheory.Lp.{0, 0} (@TheoremT.Continuum.WeakGrushin.Space κ _) Complex
            (@MeasureTheory.MeasureSpace.toMeasurableSpace.{0} (@TheoremT.Continuum.WeakGrushin.Space κ _) _) _
            (@OfNat.ofNat.{0} ENNReal (nat_lit 2) _)
            (@MeasureTheory.MeasureSpace.volume.{0} (@TheoremT.Continuum.WeakGrushin.Space κ _) _))
          x)
  (e : @TheoremT.Continuum.WeakGrushin.Jet κ _)
  (hd :
    ∀ (w : @TheoremT.Continuum.WeakGrushin.Space κ _),
      @TheoremT.Continuum.WeakProductL2Directional.{0, 0}
        (EuclideanSpace.{0, 0} Real (Fin (@OfNat.ofNat.{0} Nat (nat_lit 4) _))) (EuclideanSpace.{0, 0} Real κ) _ _ _ _ _
        _ _ _ _ _ f (d w) w)
  (he :
    ∀ (w z : @TheoremT.Continuum.WeakGrushin.Space κ _),
      @TheoremT.Continuum.WeakProductL2Directional.{0, 0}
        (EuclideanSpace.{0, 0} Real (Fin (@OfNat.ofNat.{0} Nat (nat_lit 4) _))) (EuclideanSpace.{0, 0} Real κ) _ _ _ _ _
        _ _ _ _ _ (d w) (e w z) z)
  {K : Set.{0} (@TheoremT.Continuum.WeakGrushin.Space κ _)}
  (hK : @IsCompact.{0} (@TheoremT.Continuum.WeakGrushin.Space κ _) _ K)
  (hs :
    @Filter.Eventually.{0} (@TheoremT.Continuum.WeakGrushin.Space κ _)
      (fun (p : @TheoremT.Continuum.WeakGrushin.Space κ _) =>
        Not
            (@Membership.mem.{0, 0} (@TheoremT.Continuum.WeakGrushin.Space κ _)
              (Set.{0} (@TheoremT.Continuum.WeakGrushin.Space κ _)) _ K p) →
          @Eq.{1} Complex
            (@MeasureTheory.AEEqFun.cast.{0, 0} (@TheoremT.Continuum.WeakGrushin.Space κ _) Complex _
              (@MeasureTheory.MeasureSpace.volume.{0} (@TheoremT.Continuum.WeakGrushin.Space κ _) _) _
              (@Subtype.val.{1}
                (@MeasureTheory.AEEqFun.{0, 0} (@TheoremT.Continuum.WeakGrushin.Space κ _) Complex _ _
                  (@MeasureTheory.MeasureSpace.volume.{0} (@TheoremT.Continuum.WeakGrushin.Space κ _) _))
                (fun
                    (x :
                      @MeasureTheory.AEEqFun.{0, 0} (@TheoremT.Continuum.WeakGrushin.Space κ _) Complex _ _
                        (@MeasureTheory.MeasureSpace.volume.{0} (@TheoremT.Continuum.WeakGrushin.Space κ _) _)) =>
                  @Membership.mem.{0, 0}
                    (@MeasureTheory.AEEqFun.{0, 0} (@TheoremT.Continuum.WeakGrushin.Space κ _) Complex _ _
                      (@MeasureTheory.MeasureSpace.volume.{0} (@TheoremT.Continuum.WeakGrushin.Space κ _) _))
                    (@AddSubgroup.{0}
                      (@MeasureTheory.AEEqFun.{0, 0} (@TheoremT.Continuum.WeakGrushin.Space κ _) Complex _ _
                        (@MeasureTheory.MeasureSpace.volume.{0} (@TheoremT.Continuum.WeakGrushin.Space κ _) _))
                      _)
                    _
                    (@MeasureTheory.Lp.{0, 0} (@TheoremT.Continuum.WeakGrushin.Space κ _) Complex
                      (@MeasureTheory.MeasureSpace.toMeasurableSpace.{0} (@TheoremT.Continuum.WeakGrushin.Space κ _) _)
                      _ (@OfNat.ofNat.{0} ENNReal (nat_lit 2) _)
                      (@MeasureTheory.MeasureSpace.volume.{0} (@TheoremT.Continuum.WeakGrushin.Space κ _) _))
                    x)
                f)
              p)
            (@OfNat.ofNat.{0} Complex (nat_lit 0) _))
      (@MeasureTheory.ae.{0, 0} (@TheoremT.Continuum.WeakGrushin.Space κ _)
        (@MeasureTheory.Measure.{0} (@TheoremT.Continuum.WeakGrushin.Space κ _) _) _ _
        (@MeasureTheory.MeasureSpace.volume.{0} (@TheoremT.Continuum.WeakGrushin.Space κ _) _)))
  (i : Fin (@OfNat.ofNat.{0} Nat (nat_lit 4) _)) {R : Real}
  (hR : @LT.lt.{0} Real _ (@OfNat.ofNat.{0} Real (nat_lit 0) _) R)
  (hslab :
    @Filter.Eventually.{0} (@TheoremT.Continuum.WeakGrushin.Space κ _)
      (fun (p : @TheoremT.Continuum.WeakGrushin.Space κ _) =>
        @Ne.{1} Complex
            (@MeasureTheory.AEEqFun.cast.{0, 0} (@TheoremT.Continuum.WeakGrushin.Space κ _) Complex _
              (@MeasureTheory.MeasureSpace.volume.{0} (@TheoremT.Continuum.WeakGrushin.Space κ _) _) _
              (@Subtype.val.{1}
                (@MeasureTheory.AEEqFun.{0, 0} (@TheoremT.Continuum.WeakGrushin.Space κ _) Complex _ _
                  (@MeasureTheory.MeasureSpace.volume.{0} (@TheoremT.Continuum.WeakGrushin.Space κ _) _))
                (fun
                    (x :
                      @MeasureTheory.AEEqFun.{0, 0} (@TheoremT.Continuum.WeakGrushin.Space κ _) Complex _ _
                        (@MeasureTheory.MeasureSpace.volume.{0} (@TheoremT.Continuum.WeakGrushin.Space κ _) _)) =>
                  @Membership.mem.{0, 0}
                    (@MeasureTheory.AEEqFun.{0, 0} (@TheoremT.Continuum.WeakGrushin.Space κ _) Complex _ _
                      (@MeasureTheory.MeasureSpace.volume.{0} (@TheoremT.Continuum.WeakGrushin.Space κ _) _))
                    (@AddSubgroup.{0}
                      (@MeasureTheory.AEEqFun.{0, 0} (@TheoremT.Continuum.WeakGrushin.Space κ _) Complex _ _
                        (@MeasureTheory.MeasureSpace.volume.{0} (@TheoremT.Continuum.WeakGrushin.Space κ _) _))
                      _)
                    _
                    (@MeasureTheory.Lp.{0, 0} (@TheoremT.Continuum.WeakGrushin.Space κ _) Complex
                      (@MeasureTheory.MeasureSpace.toMeasurableSpace.{0} (@TheoremT.Continuum.WeakGrushin.Space κ _) _)
                      _ (@OfNat.ofNat.{0} ENNReal (nat_lit 2) _)
                      (@MeasureTheory.MeasureSpace.volume.{0} (@TheoremT.Continuum.WeakGrushin.Space κ _) _))
                    x)
                f)
              p)
            (@OfNat.ofNat.{0} Complex (nat_lit 0) _) →
          @LE.le.{0} ((fun (x : Fin (@OfNat.ofNat.{0} Nat (nat_lit 4) _)) => Real) i) _
            (@abs.{0} ((fun (x : Fin (@OfNat.ofNat.{0} Nat (nat_lit 4) _)) => Real) i) _ _
              (@WithLp.ofLp.{0} (@OfNat.ofNat.{0} ENNReal (nat_lit 2) _)
                ((i : Fin (@OfNat.ofNat.{0} Nat (nat_lit 4) _)) →
                  (fun (x : Fin (@OfNat.ofNat.{0} Nat (nat_lit 4) _)) => Real) i)
                (@Prod.fst.{0, 0} (EuclideanSpace.{0, 0} Real (Fin (@OfNat.ofNat.{0} Nat (nat_lit 4) _)))
                  (EuclideanSpace.{0, 0} Real κ) p)
                i))
            R)
      (@MeasureTheory.ae.{0, 0} (@TheoremT.Continuum.WeakGrushin.Space κ _)
        (@MeasureTheory.Measure.{0} (@TheoremT.Continuum.WeakGrushin.Space κ _) _) _ _
        (@MeasureTheory.MeasureSpace.volume.{0} (@TheoremT.Continuum.WeakGrushin.Space κ _) _))),
  @LE.le.{0} Real _
    (@MeasureTheory.integral.{0, 0} (@TheoremT.Continuum.WeakGrushin.Space κ _) Real _ _
      (@MeasureTheory.MeasureSpace.toMeasurableSpace.{0} (@TheoremT.Continuum.WeakGrushin.Space κ _) _)
      (@MeasureTheory.MeasureSpace.volume.{0} (@TheoremT.Continuum.WeakGrushin.Space κ _) _)
      fun (p : @TheoremT.Continuum.WeakGrushin.Space κ _) =>
      @HPow.hPow.{0, 0, 0} Real Nat Real _
        (@Norm.norm.{0} Complex _
          (@MeasureTheory.AEEqFun.cast.{0, 0} (@TheoremT.Continuum.WeakGrushin.Space κ _) Complex _
            (@MeasureTheory.MeasureSpace.volume.{0} (@TheoremT.Continuum.WeakGrushin.Space κ _) _) _
            (@Subtype.val.{1}
              (@MeasureTheory.AEEqFun.{0, 0} (@TheoremT.Continuum.WeakGrushin.Space κ _) Complex _ _
                (@MeasureTheory.MeasureSpace.volume.{0} (@TheoremT.Continuum.WeakGrushin.Space κ _) _))
              (fun
                  (x :
                    @MeasureTheory.AEEqFun.{0, 0} (@TheoremT.Continuum.WeakGrushin.Space κ _) Complex _ _
                      (@MeasureTheory.MeasureSpace.volume.{0} (@TheoremT.Continuum.WeakGrushin.Space κ _) _)) =>
                @Membership.mem.{0, 0}
                  (@MeasureTheory.AEEqFun.{0, 0} (@TheoremT.Continuum.WeakGrushin.Space κ _) Complex _ _
                    (@MeasureTheory.MeasureSpace.volume.{0} (@TheoremT.Continuum.WeakGrushin.Space κ _) _))
                  (@AddSubgroup.{0}
                    (@MeasureTheory.AEEqFun.{0, 0} (@TheoremT.Continuum.WeakGrushin.Space κ _) Complex _ _
                      (@MeasureTheory.MeasureSpace.volume.{0} (@TheoremT.Continuum.WeakGrushin.Space κ _) _))
                    _)
                  _
                  (@MeasureTheory.Lp.{0, 0} (@TheoremT.Continuum.WeakGrushin.Space κ _) Complex
                    (@MeasureTheory.MeasureSpace.toMeasurableSpace.{0} (@TheoremT.Continuum.WeakGrushin.Space κ _) _) _
                    (@OfNat.ofNat.{0} ENNReal (nat_lit 2) _)
                    (@MeasureTheory.MeasureSpace.volume.{0} (@TheoremT.Continuum.WeakGrushin.Space κ _) _))
                  x)
              f)
            p))
        (@OfNat.ofNat.{0} Nat (nat_lit 2) _))
    (@HMul.hMul.{0, 0, 0} Real Real Real _
      (@HMul.hMul.{0, 0, 0} Real Real Real _ (@OfNat.ofNat.{0} Real (nat_lit 4) _)
        (@HPow.hPow.{0, 0, 0} Real Nat Real _ R (@OfNat.ofNat.{0} Nat (nat_lit 2) _)))
      (@MeasureTheory.integral.{0, 0} (@TheoremT.Continuum.WeakGrushin.Space κ _) Real _ _
        (@MeasureTheory.MeasureSpace.toMeasurableSpace.{0} (@TheoremT.Continuum.WeakGrushin.Space κ _) _)
        (@MeasureTheory.MeasureSpace.volume.{0} (@TheoremT.Continuum.WeakGrushin.Space κ _) _)
        fun (p : @TheoremT.Continuum.WeakGrushin.Space κ _) =>
        @HPow.hPow.{0, 0, 0} Real Nat Real _
          (@Norm.norm.{0} Complex _
            (@MeasureTheory.AEEqFun.cast.{0, 0} (@TheoremT.Continuum.WeakGrushin.Space κ _) Complex _
              (@MeasureTheory.MeasureSpace.volume.{0} (@TheoremT.Continuum.WeakGrushin.Space κ _) _) _
              (@Subtype.val.{1}
                (@MeasureTheory.AEEqFun.{0, 0} (@TheoremT.Continuum.WeakGrushin.Space κ _) Complex _ _
                  (@MeasureTheory.MeasureSpace.volume.{0} (@TheoremT.Continuum.WeakGrushin.Space κ _) _))
                (fun
                    (x :
                      @MeasureTheory.AEEqFun.{0, 0} (@TheoremT.Continuum.WeakGrushin.Space κ _) Complex _ _
                        (@MeasureTheory.MeasureSpace.volume.{0} (@TheoremT.Continuum.WeakGrushin.Space κ _) _)) =>
                  @Membership.mem.{0, 0}
                    (@MeasureTheory.AEEqFun.{0, 0} (@TheoremT.Continuum.WeakGrushin.Space κ _) Complex _ _
                      (@MeasureTheory.MeasureSpace.volume.{0} (@TheoremT.Continuum.WeakGrushin.Space κ _) _))
                    (@AddSubgroup.{0}
                      (@MeasureTheory.AEEqFun.{0, 0} (@TheoremT.Continuum.WeakGrushin.Space κ _) Complex _ _
                        (@MeasureTheory.MeasureSpace.volume.{0} (@TheoremT.Continuum.WeakGrushin.Space κ _) _))
                      _)
                    _
                    (@MeasureTheory.Lp.{0, 0} (@TheoremT.Continuum.WeakGrushin.Space κ _) Complex
                      (@MeasureTheory.MeasureSpace.toMeasurableSpace.{0} (@TheoremT.Continuum.WeakGrushin.Space κ _) _)
                      _ (@OfNat.ofNat.{0} ENNReal (nat_lit 2) _)
                      (@MeasureTheory.MeasureSpace.volume.{0} (@TheoremT.Continuum.WeakGrushin.Space κ _) _))
                    x)
                (d (@TheoremT.Continuum.WeakGrushin.yDir κ _ i)))
              p))
          (@OfNat.ofNat.{0} Nat (nat_lit 2) _)))
@TheoremT.Continuum.WeakGrushin.compact_weakH2_y_slab_poincare_on_compact : ∀ {κ : Type} [inst : Fintype.{0} κ]
  [DecidableEq.{1} κ]
  {f :
    @Subtype.{1}
      (@MeasureTheory.AEEqFun.{0, 0} (@TheoremT.Continuum.WeakGrushin.Space κ _) Complex _ _
        (@MeasureTheory.MeasureSpace.volume.{0} (@TheoremT.Continuum.WeakGrushin.Space κ _) _))
      fun
        (x :
          @MeasureTheory.AEEqFun.{0, 0} (@TheoremT.Continuum.WeakGrushin.Space κ _) Complex _ _
            (@MeasureTheory.MeasureSpace.volume.{0} (@TheoremT.Continuum.WeakGrushin.Space κ _) _)) =>
      @Membership.mem.{0, 0}
        (@MeasureTheory.AEEqFun.{0, 0} (@TheoremT.Continuum.WeakGrushin.Space κ _) Complex _ _
          (@MeasureTheory.MeasureSpace.volume.{0} (@TheoremT.Continuum.WeakGrushin.Space κ _) _))
        (@AddSubgroup.{0}
          (@MeasureTheory.AEEqFun.{0, 0} (@TheoremT.Continuum.WeakGrushin.Space κ _) Complex _ _
            (@MeasureTheory.MeasureSpace.volume.{0} (@TheoremT.Continuum.WeakGrushin.Space κ _) _))
          _)
        _
        (@MeasureTheory.Lp.{0, 0} (@TheoremT.Continuum.WeakGrushin.Space κ _) Complex
          (@MeasureTheory.MeasureSpace.toMeasurableSpace.{0} (@TheoremT.Continuum.WeakGrushin.Space κ _) _) _
          (@OfNat.ofNat.{0} ENNReal (nat_lit 2) _)
          (@MeasureTheory.MeasureSpace.volume.{0} (@TheoremT.Continuum.WeakGrushin.Space κ _) _))
        x}
  (d :
    @TheoremT.Continuum.WeakGrushin.Space κ _ →
      @Subtype.{1}
        (@MeasureTheory.AEEqFun.{0, 0} (@TheoremT.Continuum.WeakGrushin.Space κ _) Complex _ _
          (@MeasureTheory.MeasureSpace.volume.{0} (@TheoremT.Continuum.WeakGrushin.Space κ _) _))
        fun
          (x :
            @MeasureTheory.AEEqFun.{0, 0} (@TheoremT.Continuum.WeakGrushin.Space κ _) Complex _ _
              (@MeasureTheory.MeasureSpace.volume.{0} (@TheoremT.Continuum.WeakGrushin.Space κ _) _)) =>
        @Membership.mem.{0, 0}
          (@MeasureTheory.AEEqFun.{0, 0} (@TheoremT.Continuum.WeakGrushin.Space κ _) Complex _ _
            (@MeasureTheory.MeasureSpace.volume.{0} (@TheoremT.Continuum.WeakGrushin.Space κ _) _))
          (@AddSubgroup.{0}
            (@MeasureTheory.AEEqFun.{0, 0} (@TheoremT.Continuum.WeakGrushin.Space κ _) Complex _ _
              (@MeasureTheory.MeasureSpace.volume.{0} (@TheoremT.Continuum.WeakGrushin.Space κ _) _))
            _)
          _
          (@MeasureTheory.Lp.{0, 0} (@TheoremT.Continuum.WeakGrushin.Space κ _) Complex
            (@MeasureTheory.MeasureSpace.toMeasurableSpace.{0} (@TheoremT.Continuum.WeakGrushin.Space κ _) _) _
            (@OfNat.ofNat.{0} ENNReal (nat_lit 2) _)
            (@MeasureTheory.MeasureSpace.volume.{0} (@TheoremT.Continuum.WeakGrushin.Space κ _) _))
          x)
  (e : @TheoremT.Continuum.WeakGrushin.Jet κ _)
  (hd :
    ∀ (w : @TheoremT.Continuum.WeakGrushin.Space κ _),
      @TheoremT.Continuum.WeakProductL2Directional.{0, 0}
        (EuclideanSpace.{0, 0} Real (Fin (@OfNat.ofNat.{0} Nat (nat_lit 4) _))) (EuclideanSpace.{0, 0} Real κ) _ _ _ _ _
        _ _ _ _ _ f (d w) w)
  (he :
    ∀ (w z : @TheoremT.Continuum.WeakGrushin.Space κ _),
      @TheoremT.Continuum.WeakProductL2Directional.{0, 0}
        (EuclideanSpace.{0, 0} Real (Fin (@OfNat.ofNat.{0} Nat (nat_lit 4) _))) (EuclideanSpace.{0, 0} Real κ) _ _ _ _ _
        _ _ _ _ _ (d w) (e w z) z)
  {K : Set.{0} (@TheoremT.Continuum.WeakGrushin.Space κ _)}
  (hK : @IsCompact.{0} (@TheoremT.Continuum.WeakGrushin.Space κ _) _ K)
  (hs :
    @Filter.Eventually.{0} (@TheoremT.Continuum.WeakGrushin.Space κ _)
      (fun (p : @TheoremT.Continuum.WeakGrushin.Space κ _) =>
        Not
            (@Membership.mem.{0, 0} (@TheoremT.Continuum.WeakGrushin.Space κ _)
              (Set.{0} (@TheoremT.Continuum.WeakGrushin.Space κ _)) _ K p) →
          @Eq.{1} Complex
            (@MeasureTheory.AEEqFun.cast.{0, 0} (@TheoremT.Continuum.WeakGrushin.Space κ _) Complex _
              (@MeasureTheory.MeasureSpace.volume.{0} (@TheoremT.Continuum.WeakGrushin.Space κ _) _) _
              (@Subtype.val.{1}
                (@MeasureTheory.AEEqFun.{0, 0} (@TheoremT.Continuum.WeakGrushin.Space κ _) Complex _ _
                  (@MeasureTheory.MeasureSpace.volume.{0} (@TheoremT.Continuum.WeakGrushin.Space κ _) _))
                (fun
                    (x :
                      @MeasureTheory.AEEqFun.{0, 0} (@TheoremT.Continuum.WeakGrushin.Space κ _) Complex _ _
                        (@MeasureTheory.MeasureSpace.volume.{0} (@TheoremT.Continuum.WeakGrushin.Space κ _) _)) =>
                  @Membership.mem.{0, 0}
                    (@MeasureTheory.AEEqFun.{0, 0} (@TheoremT.Continuum.WeakGrushin.Space κ _) Complex _ _
                      (@MeasureTheory.MeasureSpace.volume.{0} (@TheoremT.Continuum.WeakGrushin.Space κ _) _))
                    (@AddSubgroup.{0}
                      (@MeasureTheory.AEEqFun.{0, 0} (@TheoremT.Continuum.WeakGrushin.Space κ _) Complex _ _
                        (@MeasureTheory.MeasureSpace.volume.{0} (@TheoremT.Continuum.WeakGrushin.Space κ _) _))
                      _)
                    _
                    (@MeasureTheory.Lp.{0, 0} (@TheoremT.Continuum.WeakGrushin.Space κ _) Complex
                      (@MeasureTheory.MeasureSpace.toMeasurableSpace.{0} (@TheoremT.Continuum.WeakGrushin.Space κ _) _)
                      _ (@OfNat.ofNat.{0} ENNReal (nat_lit 2) _)
                      (@MeasureTheory.MeasureSpace.volume.{0} (@TheoremT.Continuum.WeakGrushin.Space κ _) _))
                    x)
                f)
              p)
            (@OfNat.ofNat.{0} Complex (nat_lit 0) _))
      (@MeasureTheory.ae.{0, 0} (@TheoremT.Continuum.WeakGrushin.Space κ _)
        (@MeasureTheory.Measure.{0} (@TheoremT.Continuum.WeakGrushin.Space κ _) _) _ _
        (@MeasureTheory.MeasureSpace.volume.{0} (@TheoremT.Continuum.WeakGrushin.Space κ _) _)))
  (i : Fin (@OfNat.ofNat.{0} Nat (nat_lit 4) _)) {R : Real}
  (hR : @LT.lt.{0} Real _ (@OfNat.ofNat.{0} Real (nat_lit 0) _) R)
  (hslab :
    ∀ (p : @TheoremT.Continuum.WeakGrushin.Space κ _),
      @Membership.mem.{0, 0} (@TheoremT.Continuum.WeakGrushin.Space κ _)
          (Set.{0} (@TheoremT.Continuum.WeakGrushin.Space κ _)) _ K p →
        @LE.le.{0} ((fun (x : Fin (@OfNat.ofNat.{0} Nat (nat_lit 4) _)) => Real) i) _
          (@abs.{0} ((fun (x : Fin (@OfNat.ofNat.{0} Nat (nat_lit 4) _)) => Real) i) _ _
            (@WithLp.ofLp.{0} (@OfNat.ofNat.{0} ENNReal (nat_lit 2) _)
              ((i : Fin (@OfNat.ofNat.{0} Nat (nat_lit 4) _)) →
                (fun (x : Fin (@OfNat.ofNat.{0} Nat (nat_lit 4) _)) => Real) i)
              (@Prod.fst.{0, 0} (EuclideanSpace.{0, 0} Real (Fin (@OfNat.ofNat.{0} Nat (nat_lit 4) _)))
                (EuclideanSpace.{0, 0} Real κ) p)
              i))
          R),
  @LE.le.{0} Real _
    (@MeasureTheory.integral.{0, 0} (@TheoremT.Continuum.WeakGrushin.Space κ _) Real _ _
      (@MeasureTheory.MeasureSpace.toMeasurableSpace.{0} (@TheoremT.Continuum.WeakGrushin.Space κ _) _)
      (@MeasureTheory.MeasureSpace.volume.{0} (@TheoremT.Continuum.WeakGrushin.Space κ _) _)
      fun (p : @TheoremT.Continuum.WeakGrushin.Space κ _) =>
      @HPow.hPow.{0, 0, 0} Real Nat Real _
        (@Norm.norm.{0} Complex _
          (@MeasureTheory.AEEqFun.cast.{0, 0} (@TheoremT.Continuum.WeakGrushin.Space κ _) Complex _
            (@MeasureTheory.MeasureSpace.volume.{0} (@TheoremT.Continuum.WeakGrushin.Space κ _) _) _
            (@Subtype.val.{1}
              (@MeasureTheory.AEEqFun.{0, 0} (@TheoremT.Continuum.WeakGrushin.Space κ _) Complex _ _
                (@MeasureTheory.MeasureSpace.volume.{0} (@TheoremT.Continuum.WeakGrushin.Space κ _) _))
              (fun
                  (x :
                    @MeasureTheory.AEEqFun.{0, 0} (@TheoremT.Continuum.WeakGrushin.Space κ _) Complex _ _
                      (@MeasureTheory.MeasureSpace.volume.{0} (@TheoremT.Continuum.WeakGrushin.Space κ _) _)) =>
                @Membership.mem.{0, 0}
                  (@MeasureTheory.AEEqFun.{0, 0} (@TheoremT.Continuum.WeakGrushin.Space κ _) Complex _ _
                    (@MeasureTheory.MeasureSpace.volume.{0} (@TheoremT.Continuum.WeakGrushin.Space κ _) _))
                  (@AddSubgroup.{0}
                    (@MeasureTheory.AEEqFun.{0, 0} (@TheoremT.Continuum.WeakGrushin.Space κ _) Complex _ _
                      (@MeasureTheory.MeasureSpace.volume.{0} (@TheoremT.Continuum.WeakGrushin.Space κ _) _))
                    _)
                  _
                  (@MeasureTheory.Lp.{0, 0} (@TheoremT.Continuum.WeakGrushin.Space κ _) Complex
                    (@MeasureTheory.MeasureSpace.toMeasurableSpace.{0} (@TheoremT.Continuum.WeakGrushin.Space κ _) _) _
                    (@OfNat.ofNat.{0} ENNReal (nat_lit 2) _)
                    (@MeasureTheory.MeasureSpace.volume.{0} (@TheoremT.Continuum.WeakGrushin.Space κ _) _))
                  x)
              f)
            p))
        (@OfNat.ofNat.{0} Nat (nat_lit 2) _))
    (@HMul.hMul.{0, 0, 0} Real Real Real _
      (@HMul.hMul.{0, 0, 0} Real Real Real _ (@OfNat.ofNat.{0} Real (nat_lit 4) _)
        (@HPow.hPow.{0, 0, 0} Real Nat Real _ R (@OfNat.ofNat.{0} Nat (nat_lit 2) _)))
      (@MeasureTheory.integral.{0, 0} (@TheoremT.Continuum.WeakGrushin.Space κ _) Real _ _
        (@MeasureTheory.MeasureSpace.toMeasurableSpace.{0} (@TheoremT.Continuum.WeakGrushin.Space κ _) _)
        (@MeasureTheory.MeasureSpace.volume.{0} (@TheoremT.Continuum.WeakGrushin.Space κ _) _)
        fun (p : @TheoremT.Continuum.WeakGrushin.Space κ _) =>
        @HPow.hPow.{0, 0, 0} Real Nat Real _
          (@Norm.norm.{0} Complex _
            (@MeasureTheory.AEEqFun.cast.{0, 0} (@TheoremT.Continuum.WeakGrushin.Space κ _) Complex _
              (@MeasureTheory.MeasureSpace.volume.{0} (@TheoremT.Continuum.WeakGrushin.Space κ _) _) _
              (@Subtype.val.{1}
                (@MeasureTheory.AEEqFun.{0, 0} (@TheoremT.Continuum.WeakGrushin.Space κ _) Complex _ _
                  (@MeasureTheory.MeasureSpace.volume.{0} (@TheoremT.Continuum.WeakGrushin.Space κ _) _))
                (fun
                    (x :
                      @MeasureTheory.AEEqFun.{0, 0} (@TheoremT.Continuum.WeakGrushin.Space κ _) Complex _ _
                        (@MeasureTheory.MeasureSpace.volume.{0} (@TheoremT.Continuum.WeakGrushin.Space κ _) _)) =>
                  @Membership.mem.{0, 0}
                    (@MeasureTheory.AEEqFun.{0, 0} (@TheoremT.Continuum.WeakGrushin.Space κ _) Complex _ _
                      (@MeasureTheory.MeasureSpace.volume.{0} (@TheoremT.Continuum.WeakGrushin.Space κ _) _))
                    (@AddSubgroup.{0}
                      (@MeasureTheory.AEEqFun.{0, 0} (@TheoremT.Continuum.WeakGrushin.Space κ _) Complex _ _
                        (@MeasureTheory.MeasureSpace.volume.{0} (@TheoremT.Continuum.WeakGrushin.Space κ _) _))
                      _)
                    _
                    (@MeasureTheory.Lp.{0, 0} (@TheoremT.Continuum.WeakGrushin.Space κ _) Complex
                      (@MeasureTheory.MeasureSpace.toMeasurableSpace.{0} (@TheoremT.Continuum.WeakGrushin.Space κ _) _)
                      _ (@OfNat.ofNat.{0} ENNReal (nat_lit 2) _)
                      (@MeasureTheory.MeasureSpace.volume.{0} (@TheoremT.Continuum.WeakGrushin.Space κ _) _))
                    x)
                (d (@TheoremT.Continuum.WeakGrushin.yDir κ _ i)))
              p))
          (@OfNat.ofNat.{0} Nat (nat_lit 2) _)))
'TheoremT.Continuum.WeakGrushin.compact_weakH2_oscillator_bound' depends on axioms: [propext,
 Classical.choice,
 Quot.sound]
'TheoremT.Continuum.WeakGrushin.compact_l2_slab_weight_integral_bound' depends on axioms: [propext,
 Classical.choice,
 Quot.sound]
'TheoremT.Continuum.WeakGrushin.compact_weakH2_slab_poincare_integral' depends on axioms: [propext,
 Classical.choice,
 Quot.sound]
'TheoremT.Continuum.WeakGrushin.compact_weakH2_y_slab_poincare_integral' depends on axioms: [propext,
 Classical.choice,
 Quot.sound]
'TheoremT.Continuum.WeakGrushin.compact_weakH2_y_slab_poincare_on_compact' depends on axioms: [propext,
 Classical.choice,
 Quot.sound]
