TheoremT.Continuum.physicalKSTaylorSpectatorFamily_grouped : ∀
  (f : @TheoremT.Continuum.WeakGrushin.Space (Fin (@OfNat.ofNat.{0} Nat (nat_lit 3) _)) _ → Complex)
  (x : @TheoremT.Continuum.WeakGrushin.Space (Fin (@OfNat.ofNat.{0} Nat (nat_lit 3) _)) _) (n : Nat),
  @Eq.{1}
    (@MvPolynomial.{0, 0}
      (Sum.{0, 0} (Fin (@OfNat.ofNat.{0} Nat (nat_lit 4) _)) (Fin (@OfNat.ofNat.{0} Nat (nat_lit 3) _))) Complex _)
    (@TheoremT.Continuum.groupedHomogeneousSpectatorPolynomial.{0} (Fin (@OfNat.ofNat.{0} Nat (nat_lit 4) _))
      (@OfNat.ofNat.{0} Nat (nat_lit 3) _) (TheoremT.Continuum.physicalKSTaylorSpectatorFamily f x) n)
    (TheoremT.Continuum.physicalKSTaylorPolynomial f x n)
@TheoremT.Continuum.physicalKSTaylorSpectatorFamily_hasSum_complex : ∀
  {f : @TheoremT.Continuum.WeakGrushin.Space (Fin (@OfNat.ofNat.{0} Nat (nat_lit 3) _)) _ → Complex}
  {t0 : TheoremT.Continuum.Position} {M A F0 W : Real}
  (hdata : TheoremT.Continuum.PhysicalKSBoxPointwiseData f t0 M A F0 W)
  (hA : @LE.le.{0} Real _ (@OfNat.ofNat.{0} Real (nat_lit 1) _) A)
  (hF0 : @LE.le.{0} Real _ (@OfNat.ofNat.{0} Real (nat_lit 0) _) F0)
  {x : @TheoremT.Continuum.WeakGrushin.Space (Fin (@OfNat.ofNat.{0} Nat (nat_lit 3) _)) _}
  (hx :
    @Membership.mem.{0, 0} (@TheoremT.Continuum.WeakGrushin.Space (Fin (@OfNat.ofNat.{0} Nat (nat_lit 3) _)) _)
      (Set.{0} (@TheoremT.Continuum.WeakGrushin.Space (Fin (@OfNat.ofNat.{0} Nat (nat_lit 3) _)) _)) _
      (TheoremT.Continuum.WeakGrushin.rectangularOpenBox
        (@Prod.mk.{0, 0} (EuclideanSpace.{0, 0} Real (Fin (@OfNat.ofNat.{0} Nat (nat_lit 4) _)))
          (EuclideanSpace.{0, 0} Real (Fin (@OfNat.ofNat.{0} Nat (nat_lit 3) _)))
          (@OfNat.ofNat.{0} (EuclideanSpace.{0, 0} Real (Fin (@OfNat.ofNat.{0} Nat (nat_lit 4) _))) (nat_lit 0) _) t0)
        (@HDiv.hDiv.{0, 0, 0} Real Real Real _ (@OfNat.ofNat.{0} Real (nat_lit 1) _)
          (@OfNat.ofNat.{0} Real (nat_lit 512) _))
        (@HDiv.hDiv.{0, 0, 0} Real Real Real _ (@OfNat.ofNat.{0} Real (nat_lit 1) _)
          (@OfNat.ofNat.{0} Real (nat_lit 512) _)))
      x)
  (y : Fin (@OfNat.ofNat.{0} Nat (nat_lit 4) _) → Complex) (t : Fin (@OfNat.ofNat.{0} Nat (nat_lit 3) _) → Complex)
  (hy :
    @LT.lt.{0} Real _
      (@HMul.hMul.{0, 0, 0} Real Real Real _
        (@HMul.hMul.{0, 0, 0} Real Real Real _ (@OfNat.ofNat.{0} Real (nat_lit 7) _)
          (TheoremT.Continuum.physicalKSPointwiseRate M A))
        (@Norm.norm.{0} (Fin (@OfNat.ofNat.{0} Nat (nat_lit 4) _) → Complex) _ y))
      (@OfNat.ofNat.{0} Real (nat_lit 1) _))
  (ht :
    @LT.lt.{0} Real _
      (@HMul.hMul.{0, 0, 0} Real Real Real _
        (@HMul.hMul.{0, 0, 0} Real Real Real _ (@OfNat.ofNat.{0} Real (nat_lit 7) _)
          (TheoremT.Continuum.physicalKSPointwiseRate M A))
        (@Norm.norm.{0} (Fin (@OfNat.ofNat.{0} Nat (nat_lit 3) _) → Complex) _ t))
      (@OfNat.ofNat.{0} Real (nat_lit 1) _)),
  @HasSum.{0, 0} Complex (Prod.{0, 0} Nat (Fin (@OfNat.ofNat.{0} Nat (nat_lit 3) _) → Nat)) _ _
    (fun (k : Prod.{0, 0} Nat (Fin (@OfNat.ofNat.{0} Nat (nat_lit 3) _) → Nat)) =>
      @HMul.hMul.{0, 0, 0} Complex Complex Complex _
        (@DFunLike.coe.{1, 1, 1}
          (@RingHom.{0, 0} (@MvPolynomial.{0, 0} (Fin (@OfNat.ofNat.{0} Nat (nat_lit 4) _)) Complex _) Complex _ _)
          (@MvPolynomial.{0, 0} (Fin (@OfNat.ofNat.{0} Nat (nat_lit 4) _)) Complex _)
          (fun (x : @MvPolynomial.{0, 0} (Fin (@OfNat.ofNat.{0} Nat (nat_lit 4) _)) Complex _) => Complex) _
          (@MvPolynomial.eval.{0, 0} Complex (Fin (@OfNat.ofNat.{0} Nat (nat_lit 4) _)) _ y)
          (TheoremT.Continuum.physicalKSTaylorSpectatorFamily f x
            (@Prod.fst.{0, 0} Nat (Fin (@OfNat.ofNat.{0} Nat (nat_lit 3) _) → Nat) k)
            (@Prod.snd.{0, 0} Nat (Fin (@OfNat.ofNat.{0} Nat (nat_lit 3) _) → Nat) k)))
        (@Finset.prod.{0, 0} (Fin (@OfNat.ofNat.{0} Nat (nat_lit 3) _)) Complex _
          (@Finset.univ.{0} (Fin (@OfNat.ofNat.{0} Nat (nat_lit 3) _)) _)
          fun (i : Fin (@OfNat.ofNat.{0} Nat (nat_lit 3) _)) =>
          @HPow.hPow.{0, 0, 0} Complex Nat Complex _ (t i)
            (@Prod.snd.{0, 0} Nat (Fin (@OfNat.ofNat.{0} Nat (nat_lit 3) _) → Nat) k i)))
    (TheoremT.Continuum.physicalKSComplexTaylorExtension f x
      (@Sum.elim.{0, 0, 1} (Fin (@OfNat.ofNat.{0} Nat (nat_lit 4) _)) (Fin (@OfNat.ofNat.{0} Nat (nat_lit 3) _)) Complex
        y t))
    (SummationFilter.unconditional.{0} (Prod.{0, 0} Nat (Fin (@OfNat.ofNat.{0} Nat (nat_lit 3) _) → Nat)))
@TheoremT.Continuum.physicalKSTaylorSpectatorFamily_hasSum_real_ball : ∀
  {f : @TheoremT.Continuum.WeakGrushin.Space (Fin (@OfNat.ofNat.{0} Nat (nat_lit 3) _)) _ → Complex}
  {t0 : TheoremT.Continuum.Position} {M A F0 W : Real}
  (hdata : TheoremT.Continuum.PhysicalKSBoxPointwiseData f t0 M A F0 W)
  (hA : @LE.le.{0} Real _ (@OfNat.ofNat.{0} Real (nat_lit 1) _) A)
  (hF0 : @LE.le.{0} Real _ (@OfNat.ofNat.{0} Real (nat_lit 0) _) F0),
  @Exists.{1} NNReal fun (r : NNReal) =>
    And (@LT.lt.{0} NNReal _ (@OfNat.ofNat.{0} NNReal (nat_lit 0) _) r)
      (And
        (@Eq.{1} Real (NNReal.toReal r)
          (@Min.min.{0} Real _
            (@HDiv.hDiv.{0, 0, 0} Real Real Real _ (@OfNat.ofNat.{0} Real (nat_lit 1) _)
              (@OfNat.ofNat.{0} Real (nat_lit 1024) _))
            (@Inv.inv.{0} Real _
              (@HMul.hMul.{0, 0, 0} Real Real Real _ (@OfNat.ofNat.{0} Real (nat_lit 7) _)
                (TheoremT.Continuum.physicalKSPointwiseRate M A)))))
        (∀ (x : @TheoremT.Continuum.WeakGrushin.Space (Fin (@OfNat.ofNat.{0} Nat (nat_lit 3) _)) _),
          @Membership.mem.{0, 0} (@TheoremT.Continuum.WeakGrushin.Space (Fin (@OfNat.ofNat.{0} Nat (nat_lit 3) _)) _)
              (Set.{0} (@TheoremT.Continuum.WeakGrushin.Space (Fin (@OfNat.ofNat.{0} Nat (nat_lit 3) _)) _)) _
              (TheoremT.Continuum.WeakGrushin.rectangularClosedBox
                (@Prod.mk.{0, 0} (EuclideanSpace.{0, 0} Real (Fin (@OfNat.ofNat.{0} Nat (nat_lit 4) _)))
                  (EuclideanSpace.{0, 0} Real (Fin (@OfNat.ofNat.{0} Nat (nat_lit 3) _)))
                  (@OfNat.ofNat.{0} (EuclideanSpace.{0, 0} Real (Fin (@OfNat.ofNat.{0} Nat (nat_lit 4) _))) (nat_lit 0)
                    _)
                  t0)
                (@HDiv.hDiv.{0, 0, 0} Real Real Real _ (@OfNat.ofNat.{0} Real (nat_lit 1) _)
                  (@OfNat.ofNat.{0} Real (nat_lit 1024) _))
                (@HDiv.hDiv.{0, 0, 0} Real Real Real _ (@OfNat.ofNat.{0} Real (nat_lit 1) _)
                  (@OfNat.ofNat.{0} Real (nat_lit 1024) _)))
              x →
            ∀ (q : @TheoremT.Continuum.WeakGrushin.Space (Fin (@OfNat.ofNat.{0} Nat (nat_lit 3) _)) _),
              @Membership.mem.{0, 0}
                  (@TheoremT.Continuum.WeakGrushin.Space (Fin (@OfNat.ofNat.{0} Nat (nat_lit 3) _)) _)
                  (Set.{0} (@TheoremT.Continuum.WeakGrushin.Space (Fin (@OfNat.ofNat.{0} Nat (nat_lit 3) _)) _)) _
                  (@Metric.eball.{0}
                    (@TheoremT.Continuum.WeakGrushin.Space (Fin (@OfNat.ofNat.{0} Nat (nat_lit 3) _)) _) _
                    (@OfNat.ofNat.{0}
                      (@TheoremT.Continuum.WeakGrushin.Space (Fin (@OfNat.ofNat.{0} Nat (nat_lit 3) _)) _) (nat_lit 0)
                      _)
                    (ENNReal.ofNNReal r))
                  q →
                @HasSum.{0, 0} Complex (Prod.{0, 0} Nat (Fin (@OfNat.ofNat.{0} Nat (nat_lit 3) _) → Nat)) _ _
                  (fun (k : Prod.{0, 0} Nat (Fin (@OfNat.ofNat.{0} Nat (nat_lit 3) _) → Nat)) =>
                    @HMul.hMul.{0, 0, 0} Complex Complex Complex _
                      (@DFunLike.coe.{1, 1, 1}
                        (@RingHom.{0, 0} (@MvPolynomial.{0, 0} (Fin (@OfNat.ofNat.{0} Nat (nat_lit 4) _)) Complex _)
                          Complex _ _)
                        (@MvPolynomial.{0, 0} (Fin (@OfNat.ofNat.{0} Nat (nat_lit 4) _)) Complex _)
                        (fun (x : @MvPolynomial.{0, 0} (Fin (@OfNat.ofNat.{0} Nat (nat_lit 4) _)) Complex _) => Complex)
                        _
                        (@MvPolynomial.eval.{0, 0} Complex (Fin (@OfNat.ofNat.{0} Nat (nat_lit 4) _)) _
                          fun (i : Fin (@OfNat.ofNat.{0} Nat (nat_lit 4) _)) =>
                          Complex.ofReal
                            (@WithLp.ofLp.{0} (@OfNat.ofNat.{0} ENNReal (nat_lit 2) _)
                              ((i : Fin (@OfNat.ofNat.{0} Nat (nat_lit 4) _)) →
                                (fun (x : Fin (@OfNat.ofNat.{0} Nat (nat_lit 4) _)) => Real) i)
                              (@Prod.fst.{0, 0} (EuclideanSpace.{0, 0} Real (Fin (@OfNat.ofNat.{0} Nat (nat_lit 4) _)))
                                (EuclideanSpace.{0, 0} Real (Fin (@OfNat.ofNat.{0} Nat (nat_lit 3) _))) q)
                              i))
                        (TheoremT.Continuum.physicalKSTaylorSpectatorFamily f x
                          (@Prod.fst.{0, 0} Nat (Fin (@OfNat.ofNat.{0} Nat (nat_lit 3) _) → Nat) k)
                          (@Prod.snd.{0, 0} Nat (Fin (@OfNat.ofNat.{0} Nat (nat_lit 3) _) → Nat) k)))
                      (@Finset.prod.{0, 0} (Fin (@OfNat.ofNat.{0} Nat (nat_lit 3) _)) Complex _
                        (@Finset.univ.{0} (Fin (@OfNat.ofNat.{0} Nat (nat_lit 3) _)) _)
                        fun (i : Fin (@OfNat.ofNat.{0} Nat (nat_lit 3) _)) =>
                        @HPow.hPow.{0, 0, 0} Complex Nat Complex _
                          (Complex.ofReal
                            (@WithLp.ofLp.{0} (@OfNat.ofNat.{0} ENNReal (nat_lit 2) _)
                              ((i : Fin (@OfNat.ofNat.{0} Nat (nat_lit 3) _)) →
                                (fun (x : Fin (@OfNat.ofNat.{0} Nat (nat_lit 3) _)) => Real) i)
                              (@Prod.snd.{0, 0} (EuclideanSpace.{0, 0} Real (Fin (@OfNat.ofNat.{0} Nat (nat_lit 4) _)))
                                (EuclideanSpace.{0, 0} Real (Fin (@OfNat.ofNat.{0} Nat (nat_lit 3) _))) q)
                              i))
                          (@Prod.snd.{0, 0} Nat (Fin (@OfNat.ofNat.{0} Nat (nat_lit 3) _) → Nat) k i)))
                  (f
                    (@HAdd.hAdd.{0, 0, 0}
                      (@TheoremT.Continuum.WeakGrushin.Space (Fin (@OfNat.ofNat.{0} Nat (nat_lit 3) _)) _)
                      (@TheoremT.Continuum.WeakGrushin.Space (Fin (@OfNat.ofNat.{0} Nat (nat_lit 3) _)) _)
                      (@TheoremT.Continuum.WeakGrushin.Space (Fin (@OfNat.ofNat.{0} Nat (nat_lit 3) _)) _) _ x q))
                  (SummationFilter.unconditional.{0}
                    (Prod.{0, 0} Nat (Fin (@OfNat.ofNat.{0} Nat (nat_lit 3) _) → Nat)))))
'TheoremT.Continuum.physicalKSTaylorSpectatorFamily_grouped' depends on axioms: [propext, Classical.choice, Quot.sound]
'TheoremT.Continuum.physicalKSTaylorSpectatorFamily_hasSum_complex' depends on axioms: [propext,
 Classical.choice,
 Quot.sound]
'TheoremT.Continuum.physicalKSTaylorSpectatorFamily_hasSum_real_ball' depends on axioms: [propext,
 Classical.choice,
 Quot.sound]
