@TheoremT.Continuum.WeakGrushin.compact_weak_grushin_outer_raw_family_bound : ∀ {c : Real}
  (hc : @LT.lt.{0} Real _ (@OfNat.ofNat.{0} Real (nat_lit 0) _) c)
  {f h :
    @Subtype.{1}
      (@MeasureTheory.AEEqFun.{0, 0}
        (@TheoremT.Continuum.WeakGrushin.Space (Fin (@OfNat.ofNat.{0} Nat (nat_lit 3) _)) _) Complex _ _
        (@MeasureTheory.MeasureSpace.volume.{0}
          (@TheoremT.Continuum.WeakGrushin.Space (Fin (@OfNat.ofNat.{0} Nat (nat_lit 3) _)) _) _))
      fun
        (x :
          @MeasureTheory.AEEqFun.{0, 0}
            (@TheoremT.Continuum.WeakGrushin.Space (Fin (@OfNat.ofNat.{0} Nat (nat_lit 3) _)) _) Complex _ _
            (@MeasureTheory.MeasureSpace.volume.{0}
              (@TheoremT.Continuum.WeakGrushin.Space (Fin (@OfNat.ofNat.{0} Nat (nat_lit 3) _)) _) _)) =>
      @Membership.mem.{0, 0}
        (@MeasureTheory.AEEqFun.{0, 0}
          (@TheoremT.Continuum.WeakGrushin.Space (Fin (@OfNat.ofNat.{0} Nat (nat_lit 3) _)) _) Complex _ _
          (@MeasureTheory.MeasureSpace.volume.{0}
            (@TheoremT.Continuum.WeakGrushin.Space (Fin (@OfNat.ofNat.{0} Nat (nat_lit 3) _)) _) _))
        (@AddSubgroup.{0}
          (@MeasureTheory.AEEqFun.{0, 0}
            (@TheoremT.Continuum.WeakGrushin.Space (Fin (@OfNat.ofNat.{0} Nat (nat_lit 3) _)) _) Complex _ _
            (@MeasureTheory.MeasureSpace.volume.{0}
              (@TheoremT.Continuum.WeakGrushin.Space (Fin (@OfNat.ofNat.{0} Nat (nat_lit 3) _)) _) _))
          _)
        _
        (@MeasureTheory.Lp.{0, 0} (@TheoremT.Continuum.WeakGrushin.Space (Fin (@OfNat.ofNat.{0} Nat (nat_lit 3) _)) _)
          Complex
          (@MeasureTheory.MeasureSpace.toMeasurableSpace.{0}
            (@TheoremT.Continuum.WeakGrushin.Space (Fin (@OfNat.ofNat.{0} Nat (nat_lit 3) _)) _) _)
          _ (@OfNat.ofNat.{0} ENNReal (nat_lit 2) _)
          (@MeasureTheory.MeasureSpace.volume.{0}
            (@TheoremT.Continuum.WeakGrushin.Space (Fin (@OfNat.ofNat.{0} Nat (nat_lit 3) _)) _) _))
        x}
  (d :
    @TheoremT.Continuum.WeakGrushin.Space (Fin (@OfNat.ofNat.{0} Nat (nat_lit 3) _)) _ →
      @Subtype.{1}
        (@MeasureTheory.AEEqFun.{0, 0}
          (@TheoremT.Continuum.WeakGrushin.Space (Fin (@OfNat.ofNat.{0} Nat (nat_lit 3) _)) _) Complex _ _
          (@MeasureTheory.MeasureSpace.volume.{0}
            (@TheoremT.Continuum.WeakGrushin.Space (Fin (@OfNat.ofNat.{0} Nat (nat_lit 3) _)) _) _))
        fun
          (x :
            @MeasureTheory.AEEqFun.{0, 0}
              (@TheoremT.Continuum.WeakGrushin.Space (Fin (@OfNat.ofNat.{0} Nat (nat_lit 3) _)) _) Complex _ _
              (@MeasureTheory.MeasureSpace.volume.{0}
                (@TheoremT.Continuum.WeakGrushin.Space (Fin (@OfNat.ofNat.{0} Nat (nat_lit 3) _)) _) _)) =>
        @Membership.mem.{0, 0}
          (@MeasureTheory.AEEqFun.{0, 0}
            (@TheoremT.Continuum.WeakGrushin.Space (Fin (@OfNat.ofNat.{0} Nat (nat_lit 3) _)) _) Complex _ _
            (@MeasureTheory.MeasureSpace.volume.{0}
              (@TheoremT.Continuum.WeakGrushin.Space (Fin (@OfNat.ofNat.{0} Nat (nat_lit 3) _)) _) _))
          (@AddSubgroup.{0}
            (@MeasureTheory.AEEqFun.{0, 0}
              (@TheoremT.Continuum.WeakGrushin.Space (Fin (@OfNat.ofNat.{0} Nat (nat_lit 3) _)) _) Complex _ _
              (@MeasureTheory.MeasureSpace.volume.{0}
                (@TheoremT.Continuum.WeakGrushin.Space (Fin (@OfNat.ofNat.{0} Nat (nat_lit 3) _)) _) _))
            _)
          _
          (@MeasureTheory.Lp.{0, 0} (@TheoremT.Continuum.WeakGrushin.Space (Fin (@OfNat.ofNat.{0} Nat (nat_lit 3) _)) _)
            Complex
            (@MeasureTheory.MeasureSpace.toMeasurableSpace.{0}
              (@TheoremT.Continuum.WeakGrushin.Space (Fin (@OfNat.ofNat.{0} Nat (nat_lit 3) _)) _) _)
            _ (@OfNat.ofNat.{0} ENNReal (nat_lit 2) _)
            (@MeasureTheory.MeasureSpace.volume.{0}
              (@TheoremT.Continuum.WeakGrushin.Space (Fin (@OfNat.ofNat.{0} Nat (nat_lit 3) _)) _) _))
          x)
  (e : @TheoremT.Continuum.WeakGrushin.Jet (Fin (@OfNat.ofNat.{0} Nat (nat_lit 3) _)) _)
  (hd :
    ∀ (v : @TheoremT.Continuum.WeakGrushin.Space (Fin (@OfNat.ofNat.{0} Nat (nat_lit 3) _)) _),
      @TheoremT.Continuum.WeakProductL2Directional.{0, 0}
        (EuclideanSpace.{0, 0} Real (Fin (@OfNat.ofNat.{0} Nat (nat_lit 4) _)))
        (EuclideanSpace.{0, 0} Real (Fin (@OfNat.ofNat.{0} Nat (nat_lit 3) _))) _ _ _ _ _ _ _ _ _ _ f (d v) v)
  (he :
    ∀ (v w : @TheoremT.Continuum.WeakGrushin.Space (Fin (@OfNat.ofNat.{0} Nat (nat_lit 3) _)) _),
      @TheoremT.Continuum.WeakProductL2Directional.{0, 0}
        (EuclideanSpace.{0, 0} Real (Fin (@OfNat.ofNat.{0} Nat (nat_lit 4) _)))
        (EuclideanSpace.{0, 0} Real (Fin (@OfNat.ofNat.{0} Nat (nat_lit 3) _))) _ _ _ _ _ _ _ _ _ _ (d v) (e v w) w)
  {K Ω : Set.{0} (@TheoremT.Continuum.WeakGrushin.Space (Fin (@OfNat.ofNat.{0} Nat (nat_lit 3) _)) _)}
  (hK : @IsCompact.{0} (@TheoremT.Continuum.WeakGrushin.Space (Fin (@OfNat.ofNat.{0} Nat (nat_lit 3) _)) _) _ K)
  (hΩ : @IsOpen.{0} (@TheoremT.Continuum.WeakGrushin.Space (Fin (@OfNat.ofNat.{0} Nat (nat_lit 3) _)) _) _ Ω)
  (hKΩ :
    @LE.le.{0} (Set.{0} (@TheoremT.Continuum.WeakGrushin.Space (Fin (@OfNat.ofNat.{0} Nat (nat_lit 3) _)) _)) _ K Ω)
  (hs :
    @Filter.Eventually.{0} (@TheoremT.Continuum.WeakGrushin.Space (Fin (@OfNat.ofNat.{0} Nat (nat_lit 3) _)) _)
      (fun (p : @TheoremT.Continuum.WeakGrushin.Space (Fin (@OfNat.ofNat.{0} Nat (nat_lit 3) _)) _) =>
        Not
            (@Membership.mem.{0, 0} (@TheoremT.Continuum.WeakGrushin.Space (Fin (@OfNat.ofNat.{0} Nat (nat_lit 3) _)) _)
              (Set.{0} (@TheoremT.Continuum.WeakGrushin.Space (Fin (@OfNat.ofNat.{0} Nat (nat_lit 3) _)) _)) _ K p) →
          @Eq.{1} Complex
            (@MeasureTheory.AEEqFun.cast.{0, 0}
              (@TheoremT.Continuum.WeakGrushin.Space (Fin (@OfNat.ofNat.{0} Nat (nat_lit 3) _)) _) Complex _
              (@MeasureTheory.MeasureSpace.volume.{0}
                (@TheoremT.Continuum.WeakGrushin.Space (Fin (@OfNat.ofNat.{0} Nat (nat_lit 3) _)) _) _)
              _
              (@Subtype.val.{1}
                (@MeasureTheory.AEEqFun.{0, 0}
                  (@TheoremT.Continuum.WeakGrushin.Space (Fin (@OfNat.ofNat.{0} Nat (nat_lit 3) _)) _) Complex _ _
                  (@MeasureTheory.MeasureSpace.volume.{0}
                    (@TheoremT.Continuum.WeakGrushin.Space (Fin (@OfNat.ofNat.{0} Nat (nat_lit 3) _)) _) _))
                (fun
                    (x :
                      @MeasureTheory.AEEqFun.{0, 0}
                        (@TheoremT.Continuum.WeakGrushin.Space (Fin (@OfNat.ofNat.{0} Nat (nat_lit 3) _)) _) Complex _ _
                        (@MeasureTheory.MeasureSpace.volume.{0}
                          (@TheoremT.Continuum.WeakGrushin.Space (Fin (@OfNat.ofNat.{0} Nat (nat_lit 3) _)) _) _)) =>
                  @Membership.mem.{0, 0}
                    (@MeasureTheory.AEEqFun.{0, 0}
                      (@TheoremT.Continuum.WeakGrushin.Space (Fin (@OfNat.ofNat.{0} Nat (nat_lit 3) _)) _) Complex _ _
                      (@MeasureTheory.MeasureSpace.volume.{0}
                        (@TheoremT.Continuum.WeakGrushin.Space (Fin (@OfNat.ofNat.{0} Nat (nat_lit 3) _)) _) _))
                    (@AddSubgroup.{0}
                      (@MeasureTheory.AEEqFun.{0, 0}
                        (@TheoremT.Continuum.WeakGrushin.Space (Fin (@OfNat.ofNat.{0} Nat (nat_lit 3) _)) _) Complex _ _
                        (@MeasureTheory.MeasureSpace.volume.{0}
                          (@TheoremT.Continuum.WeakGrushin.Space (Fin (@OfNat.ofNat.{0} Nat (nat_lit 3) _)) _) _))
                      _)
                    _
                    (@MeasureTheory.Lp.{0, 0}
                      (@TheoremT.Continuum.WeakGrushin.Space (Fin (@OfNat.ofNat.{0} Nat (nat_lit 3) _)) _) Complex
                      (@MeasureTheory.MeasureSpace.toMeasurableSpace.{0}
                        (@TheoremT.Continuum.WeakGrushin.Space (Fin (@OfNat.ofNat.{0} Nat (nat_lit 3) _)) _) _)
                      _ (@OfNat.ofNat.{0} ENNReal (nat_lit 2) _)
                      (@MeasureTheory.MeasureSpace.volume.{0}
                        (@TheoremT.Continuum.WeakGrushin.Space (Fin (@OfNat.ofNat.{0} Nat (nat_lit 3) _)) _) _))
                    x)
                f)
              p)
            (@OfNat.ofNat.{0} Complex (nat_lit 0) _))
      (@MeasureTheory.ae.{0, 0} (@TheoremT.Continuum.WeakGrushin.Space (Fin (@OfNat.ofNat.{0} Nat (nat_lit 3) _)) _)
        (@MeasureTheory.Measure.{0} (@TheoremT.Continuum.WeakGrushin.Space (Fin (@OfNat.ofNat.{0} Nat (nat_lit 3) _)) _)
          _)
        _ _
        (@MeasureTheory.MeasureSpace.volume.{0}
          (@TheoremT.Continuum.WeakGrushin.Space (Fin (@OfNat.ofNat.{0} Nat (nat_lit 3) _)) _) _)))
  (hP :
    ∀ (φ : @TheoremT.Continuum.WeakGrushin.Space (Fin (@OfNat.ofNat.{0} Nat (nat_lit 3) _)) _ → Real),
      @ContDiff.{0, 0, 0} Real _ (@TheoremT.Continuum.WeakGrushin.Space (Fin (@OfNat.ofNat.{0} Nat (nat_lit 3) _)) _) _
          _ Real _ _ (@WithTop.some.{0} ENat (@Top.top.{0} ENat _)) φ →
        @HasCompactSupport.{0, 0} (@TheoremT.Continuum.WeakGrushin.Space (Fin (@OfNat.ofNat.{0} Nat (nat_lit 3) _)) _)
            Real _ _ φ →
          @Eq.{1} Complex
            (@MeasureTheory.integral.{0, 0}
              (Prod.{0, 0} TheoremT.Continuum.KSSpace
                (EuclideanSpace.{0, 0} Real (Fin (@OfNat.ofNat.{0} Nat (nat_lit 3) _))))
              Complex _ _
              (@MeasureTheory.MeasureSpace.toMeasurableSpace.{0}
                (Prod.{0, 0} TheoremT.Continuum.KSSpace
                  (EuclideanSpace.{0, 0} Real (Fin (@OfNat.ofNat.{0} Nat (nat_lit 3) _))))
                _)
              (@MeasureTheory.MeasureSpace.volume.{0}
                (Prod.{0, 0} TheoremT.Continuum.KSSpace
                  (EuclideanSpace.{0, 0} Real (Fin (@OfNat.ofNat.{0} Nat (nat_lit 3) _))))
                _)
              fun
                (p :
                  Prod.{0, 0} TheoremT.Continuum.KSSpace
                    (EuclideanSpace.{0, 0} Real (Fin (@OfNat.ofNat.{0} Nat (nat_lit 3) _)))) =>
              @HSMul.hSMul.{0, 0, 0} Real Complex Complex _
                (@TheoremT.Continuum.splitGrushin.{0, 0}
                  (EuclideanSpace.{0, 0} Real (Fin (@OfNat.ofNat.{0} Nat (nat_lit 3) _))) _ _
                  (Fin (@OfNat.ofNat.{0} Nat (nat_lit 3) _)) _ c
                  (@TheoremT.Continuum.oscillatorBasis.{0} (Fin (@OfNat.ofNat.{0} Nat (nat_lit 3) _)) _)
                  (fun
                      (x :
                        Prod.{0, 0} TheoremT.Continuum.KSSpace
                          (EuclideanSpace.{0, 0} Real (Fin (@OfNat.ofNat.{0} Nat (nat_lit 3) _)))) =>
                    @OfNat.ofNat.{0} Real (nat_lit 0) _)
                  φ p)
                (@MeasureTheory.AEEqFun.cast.{0, 0}
                  (@TheoremT.Continuum.WeakGrushin.Space (Fin (@OfNat.ofNat.{0} Nat (nat_lit 3) _)) _) Complex _
                  (@MeasureTheory.MeasureSpace.volume.{0}
                    (@TheoremT.Continuum.WeakGrushin.Space (Fin (@OfNat.ofNat.{0} Nat (nat_lit 3) _)) _) _)
                  _
                  (@Subtype.val.{1}
                    (@MeasureTheory.AEEqFun.{0, 0}
                      (@TheoremT.Continuum.WeakGrushin.Space (Fin (@OfNat.ofNat.{0} Nat (nat_lit 3) _)) _) Complex _ _
                      (@MeasureTheory.MeasureSpace.volume.{0}
                        (@TheoremT.Continuum.WeakGrushin.Space (Fin (@OfNat.ofNat.{0} Nat (nat_lit 3) _)) _) _))
                    (fun
                        (x :
                          @MeasureTheory.AEEqFun.{0, 0}
                            (@TheoremT.Continuum.WeakGrushin.Space (Fin (@OfNat.ofNat.{0} Nat (nat_lit 3) _)) _) Complex
                            _ _
                            (@MeasureTheory.MeasureSpace.volume.{0}
                              (@TheoremT.Continuum.WeakGrushin.Space (Fin (@OfNat.ofNat.{0} Nat (nat_lit 3) _)) _)
                              _)) =>
                      @Membership.mem.{0, 0}
                        (@MeasureTheory.AEEqFun.{0, 0}
                          (@TheoremT.Continuum.WeakGrushin.Space (Fin (@OfNat.ofNat.{0} Nat (nat_lit 3) _)) _) Complex _
                          _
                          (@MeasureTheory.MeasureSpace.volume.{0}
                            (@TheoremT.Continuum.WeakGrushin.Space (Fin (@OfNat.ofNat.{0} Nat (nat_lit 3) _)) _) _))
                        (@AddSubgroup.{0}
                          (@MeasureTheory.AEEqFun.{0, 0}
                            (@TheoremT.Continuum.WeakGrushin.Space (Fin (@OfNat.ofNat.{0} Nat (nat_lit 3) _)) _) Complex
                            _ _
                            (@MeasureTheory.MeasureSpace.volume.{0}
                              (@TheoremT.Continuum.WeakGrushin.Space (Fin (@OfNat.ofNat.{0} Nat (nat_lit 3) _)) _) _))
                          _)
                        _
                        (@MeasureTheory.Lp.{0, 0}
                          (@TheoremT.Continuum.WeakGrushin.Space (Fin (@OfNat.ofNat.{0} Nat (nat_lit 3) _)) _) Complex
                          (@MeasureTheory.MeasureSpace.toMeasurableSpace.{0}
                            (@TheoremT.Continuum.WeakGrushin.Space (Fin (@OfNat.ofNat.{0} Nat (nat_lit 3) _)) _) _)
                          _ (@OfNat.ofNat.{0} ENNReal (nat_lit 2) _)
                          (@MeasureTheory.MeasureSpace.volume.{0}
                            (@TheoremT.Continuum.WeakGrushin.Space (Fin (@OfNat.ofNat.{0} Nat (nat_lit 3) _)) _) _))
                        x)
                    f)
                  p))
            (@MeasureTheory.integral.{0, 0}
              (@TheoremT.Continuum.WeakGrushin.Space (Fin (@OfNat.ofNat.{0} Nat (nat_lit 3) _)) _) Complex _ _
              (@MeasureTheory.MeasureSpace.toMeasurableSpace.{0}
                (@TheoremT.Continuum.WeakGrushin.Space (Fin (@OfNat.ofNat.{0} Nat (nat_lit 3) _)) _) _)
              (@MeasureTheory.MeasureSpace.volume.{0}
                (@TheoremT.Continuum.WeakGrushin.Space (Fin (@OfNat.ofNat.{0} Nat (nat_lit 3) _)) _) _)
              fun (p : @TheoremT.Continuum.WeakGrushin.Space (Fin (@OfNat.ofNat.{0} Nat (nat_lit 3) _)) _) =>
              @HSMul.hSMul.{0, 0, 0} Real Complex Complex _ (φ p)
                (@MeasureTheory.AEEqFun.cast.{0, 0}
                  (@TheoremT.Continuum.WeakGrushin.Space (Fin (@OfNat.ofNat.{0} Nat (nat_lit 3) _)) _) Complex _
                  (@MeasureTheory.MeasureSpace.volume.{0}
                    (@TheoremT.Continuum.WeakGrushin.Space (Fin (@OfNat.ofNat.{0} Nat (nat_lit 3) _)) _) _)
                  _
                  (@Subtype.val.{1}
                    (@MeasureTheory.AEEqFun.{0, 0}
                      (@TheoremT.Continuum.WeakGrushin.Space (Fin (@OfNat.ofNat.{0} Nat (nat_lit 3) _)) _) Complex _ _
                      (@MeasureTheory.MeasureSpace.volume.{0}
                        (@TheoremT.Continuum.WeakGrushin.Space (Fin (@OfNat.ofNat.{0} Nat (nat_lit 3) _)) _) _))
                    (fun
                        (x :
                          @MeasureTheory.AEEqFun.{0, 0}
                            (@TheoremT.Continuum.WeakGrushin.Space (Fin (@OfNat.ofNat.{0} Nat (nat_lit 3) _)) _) Complex
                            _ _
                            (@MeasureTheory.MeasureSpace.volume.{0}
                              (@TheoremT.Continuum.WeakGrushin.Space (Fin (@OfNat.ofNat.{0} Nat (nat_lit 3) _)) _)
                              _)) =>
                      @Membership.mem.{0, 0}
                        (@MeasureTheory.AEEqFun.{0, 0}
                          (@TheoremT.Continuum.WeakGrushin.Space (Fin (@OfNat.ofNat.{0} Nat (nat_lit 3) _)) _) Complex _
                          _
                          (@MeasureTheory.MeasureSpace.volume.{0}
                            (@TheoremT.Continuum.WeakGrushin.Space (Fin (@OfNat.ofNat.{0} Nat (nat_lit 3) _)) _) _))
                        (@AddSubgroup.{0}
                          (@MeasureTheory.AEEqFun.{0, 0}
                            (@TheoremT.Continuum.WeakGrushin.Space (Fin (@OfNat.ofNat.{0} Nat (nat_lit 3) _)) _) Complex
                            _ _
                            (@MeasureTheory.MeasureSpace.volume.{0}
                              (@TheoremT.Continuum.WeakGrushin.Space (Fin (@OfNat.ofNat.{0} Nat (nat_lit 3) _)) _) _))
                          _)
                        _
                        (@MeasureTheory.Lp.{0, 0}
                          (@TheoremT.Continuum.WeakGrushin.Space (Fin (@OfNat.ofNat.{0} Nat (nat_lit 3) _)) _) Complex
                          (@MeasureTheory.MeasureSpace.toMeasurableSpace.{0}
                            (@TheoremT.Continuum.WeakGrushin.Space (Fin (@OfNat.ofNat.{0} Nat (nat_lit 3) _)) _) _)
                          _ (@OfNat.ofNat.{0} ENNReal (nat_lit 2) _)
                          (@MeasureTheory.MeasureSpace.volume.{0}
                            (@TheoremT.Continuum.WeakGrushin.Space (Fin (@OfNat.ofNat.{0} Nat (nat_lit 3) _)) _) _))
                        x)
                    h)
                  p)))
  (i₀ : Fin (@OfNat.ofNat.{0} Nat (nat_lit 4) _)) {R : Real}
  (hR : @LT.lt.{0} Real _ (@OfNat.ofNat.{0} Real (nat_lit 0) _) R)
  (hslab :
    ∀ (p : @TheoremT.Continuum.WeakGrushin.Space (Fin (@OfNat.ofNat.{0} Nat (nat_lit 3) _)) _),
      @Membership.mem.{0, 0} (@TheoremT.Continuum.WeakGrushin.Space (Fin (@OfNat.ofNat.{0} Nat (nat_lit 3) _)) _)
          (Set.{0} (@TheoremT.Continuum.WeakGrushin.Space (Fin (@OfNat.ofNat.{0} Nat (nat_lit 3) _)) _)) _ K p →
        @LE.le.{0} ((fun (x : Fin (@OfNat.ofNat.{0} Nat (nat_lit 4) _)) => Real) i₀) _
          (@abs.{0} ((fun (x : Fin (@OfNat.ofNat.{0} Nat (nat_lit 4) _)) => Real) i₀) _ _
            (@WithLp.ofLp.{0} (@OfNat.ofNat.{0} ENNReal (nat_lit 2) _)
              ((i : Fin (@OfNat.ofNat.{0} Nat (nat_lit 4) _)) →
                (fun (x : Fin (@OfNat.ofNat.{0} Nat (nat_lit 4) _)) => Real) i)
              (@Prod.fst.{0, 0} (EuclideanSpace.{0, 0} Real (Fin (@OfNat.ofNat.{0} Nat (nat_lit 4) _)))
                (EuclideanSpace.{0, 0} Real (Fin (@OfNat.ofNat.{0} Nat (nat_lit 3) _))) p)
              i₀))
          R)
  (S : Real) (hS : @LE.le.{0} Real _ (@OfNat.ofNat.{0} Real (nat_lit 1) _) S)
  (hSK :
    ∀ (p : @TheoremT.Continuum.WeakGrushin.Space (Fin (@OfNat.ofNat.{0} Nat (nat_lit 3) _)) _),
      @Membership.mem.{0, 0} (@TheoremT.Continuum.WeakGrushin.Space (Fin (@OfNat.ofNat.{0} Nat (nat_lit 3) _)) _)
          (Set.{0} (@TheoremT.Continuum.WeakGrushin.Space (Fin (@OfNat.ofNat.{0} Nat (nat_lit 3) _)) _)) _ K p →
        @LE.le.{0} Real _
          (@Norm.norm.{0} (EuclideanSpace.{0, 0} Real (Fin (@OfNat.ofNat.{0} Nat (nat_lit 4) _))) _
            (@Prod.fst.{0, 0} (EuclideanSpace.{0, 0} Real (Fin (@OfNat.ofNat.{0} Nat (nat_lit 4) _)))
              (EuclideanSpace.{0, 0} Real (Fin (@OfNat.ofNat.{0} Nat (nat_lit 3) _))) p))
          S)
  (D :
    (Fin (@OfNat.ofNat.{0} Nat (nat_lit 4) _) → Nat) →
      (Fin (@OfNat.ofNat.{0} Nat (nat_lit 3) _) → Nat) →
        @TheoremT.Continuum.WeakGrushin.Space (Fin (@OfNat.ofNat.{0} Nat (nat_lit 3) _)) _ → Complex)
  (hD :
    ∀ (α : Fin (@OfNat.ofNat.{0} Nat (nat_lit 4) _) → Nat) (β : Fin (@OfNat.ofNat.{0} Nat (nat_lit 3) _) → Nat),
      @LE.le.{0} Nat _
          (@HAdd.hAdd.{0, 0, 0} Nat Nat Nat _
            (@Finset.sum.{0, 0} (Fin (@OfNat.ofNat.{0} Nat (nat_lit 4) _)) Nat _
              (@Finset.univ.{0} (Fin (@OfNat.ofNat.{0} Nat (nat_lit 4) _)) _)
              fun (i : Fin (@OfNat.ofNat.{0} Nat (nat_lit 4) _)) => α i)
            (@Finset.sum.{0, 0} (Fin (@OfNat.ofNat.{0} Nat (nat_lit 3) _)) Nat _
              (@Finset.univ.{0} (Fin (@OfNat.ofNat.{0} Nat (nat_lit 3) _)) _)
              fun (j : Fin (@OfNat.ofNat.{0} Nat (nat_lit 3) _)) => β j))
          (@OfNat.ofNat.{0} Nat (nat_lit 2) _) →
        @TheoremT.Continuum.ProductLocallyL2On.{0, 0}
          (EuclideanSpace.{0, 0} Real (Fin (@OfNat.ofNat.{0} Nat (nat_lit 4) _)))
          (EuclideanSpace.{0, 0} Real (Fin (@OfNat.ofNat.{0} Nat (nat_lit 3) _))) _ _ _ _ _ _ _ _ _ _ (D α β) Ω)
  (hDs :
    ∀ (α : Fin (@OfNat.ofNat.{0} Nat (nat_lit 4) _) → Nat) (β : Fin (@OfNat.ofNat.{0} Nat (nat_lit 3) _) → Nat),
      @LE.le.{0} Nat _
          (@HAdd.hAdd.{0, 0, 0} Nat Nat Nat _
            (@Finset.sum.{0, 0} (Fin (@OfNat.ofNat.{0} Nat (nat_lit 4) _)) Nat _
              (@Finset.univ.{0} (Fin (@OfNat.ofNat.{0} Nat (nat_lit 4) _)) _)
              fun (i : Fin (@OfNat.ofNat.{0} Nat (nat_lit 4) _)) => α i)
            (@Finset.sum.{0, 0} (Fin (@OfNat.ofNat.{0} Nat (nat_lit 3) _)) Nat _
              (@Finset.univ.{0} (Fin (@OfNat.ofNat.{0} Nat (nat_lit 3) _)) _)
              fun (j : Fin (@OfNat.ofNat.{0} Nat (nat_lit 3) _)) => β j))
          (@OfNat.ofNat.{0} Nat (nat_lit 2) _) →
        @Filter.Eventually.{0} (@TheoremT.Continuum.WeakGrushin.Space (Fin (@OfNat.ofNat.{0} Nat (nat_lit 3) _)) _)
          (fun (p : @TheoremT.Continuum.WeakGrushin.Space (Fin (@OfNat.ofNat.{0} Nat (nat_lit 3) _)) _) =>
            Not
                (@Membership.mem.{0, 0}
                  (@TheoremT.Continuum.WeakGrushin.Space (Fin (@OfNat.ofNat.{0} Nat (nat_lit 3) _)) _)
                  (Set.{0} (@TheoremT.Continuum.WeakGrushin.Space (Fin (@OfNat.ofNat.{0} Nat (nat_lit 3) _)) _)) _ K
                  p) →
              @Eq.{1} Complex (D α β p) (@OfNat.ofNat.{0} Complex (nat_lit 0) _))
          (@MeasureTheory.ae.{0, 0} (@TheoremT.Continuum.WeakGrushin.Space (Fin (@OfNat.ofNat.{0} Nat (nat_lit 3) _)) _)
            (@MeasureTheory.Measure.{0}
              (@TheoremT.Continuum.WeakGrushin.Space (Fin (@OfNat.ofNat.{0} Nat (nat_lit 3) _)) _) _)
            _ _
            (@MeasureTheory.MeasureSpace.volume.{0}
              (@TheoremT.Continuum.WeakGrushin.Space (Fin (@OfNat.ofNat.{0} Nat (nat_lit 3) _)) _) _)))
  (hTest :
    ∀ (α : Fin (@OfNat.ofNat.{0} Nat (nat_lit 4) _) → Nat) (β : Fin (@OfNat.ofNat.{0} Nat (nat_lit 3) _) → Nat),
      @LE.le.{0} Nat _
          (@HAdd.hAdd.{0, 0, 0} Nat Nat Nat _
            (@Finset.sum.{0, 0} (Fin (@OfNat.ofNat.{0} Nat (nat_lit 4) _)) Nat _
              (@Finset.univ.{0} (Fin (@OfNat.ofNat.{0} Nat (nat_lit 4) _)) _)
              fun (i : Fin (@OfNat.ofNat.{0} Nat (nat_lit 4) _)) => α i)
            (@Finset.sum.{0, 0} (Fin (@OfNat.ofNat.{0} Nat (nat_lit 3) _)) Nat _
              (@Finset.univ.{0} (Fin (@OfNat.ofNat.{0} Nat (nat_lit 3) _)) _)
              fun (j : Fin (@OfNat.ofNat.{0} Nat (nat_lit 3) _)) => β j))
          (@OfNat.ofNat.{0} Nat (nat_lit 2) _) →
        ∀ (φ : @TheoremT.Continuum.WeakGrushin.Space (Fin (@OfNat.ofNat.{0} Nat (nat_lit 3) _)) _ → Real),
          @ContDiff.{0, 0, 0} Real _
              (@TheoremT.Continuum.WeakGrushin.Space (Fin (@OfNat.ofNat.{0} Nat (nat_lit 3) _)) _) _ _ Real _ _
              (@WithTop.some.{0} ENat (@Top.top.{0} ENat _)) φ →
            @HasCompactSupport.{0, 0}
                (@TheoremT.Continuum.WeakGrushin.Space (Fin (@OfNat.ofNat.{0} Nat (nat_lit 3) _)) _) Real _ _ φ →
              @LE.le.{0} (Set.{0} (@TheoremT.Continuum.WeakGrushin.Space (Fin (@OfNat.ofNat.{0} Nat (nat_lit 3) _)) _))
                  _
                  (@tsupport.{0, 0} (@TheoremT.Continuum.WeakGrushin.Space (Fin (@OfNat.ofNat.{0} Nat (nat_lit 3) _)) _)
                    Real _ _ φ)
                  Ω →
                @Eq.{1} Complex
                  (@MeasureTheory.integral.{0, 0}
                    (@TheoremT.Continuum.WeakGrushin.Space (Fin (@OfNat.ofNat.{0} Nat (nat_lit 3) _)) _) Complex _ _
                    (@MeasureTheory.MeasureSpace.toMeasurableSpace.{0}
                      (@TheoremT.Continuum.WeakGrushin.Space (Fin (@OfNat.ofNat.{0} Nat (nat_lit 3) _)) _) _)
                    (@MeasureTheory.MeasureSpace.volume.{0}
                      (@TheoremT.Continuum.WeakGrushin.Space (Fin (@OfNat.ofNat.{0} Nat (nat_lit 3) _)) _) _)
                    fun (p : @TheoremT.Continuum.WeakGrushin.Space (Fin (@OfNat.ofNat.{0} Nat (nat_lit 3) _)) _) =>
                    @HSMul.hSMul.{0, 0, 0} Real Complex Complex _ (φ p) (D α β p))
                  (@HSMul.hSMul.{0, 0, 0} Real Complex Complex _
                    (@HPow.hPow.{0, 0, 0} Real Nat Real _ (@Neg.neg.{0} Real _ (@OfNat.ofNat.{0} Real (nat_lit 1) _))
                      (@HAdd.hAdd.{0, 0, 0} Nat Nat Nat _
                        (@Finset.sum.{0, 0} (Fin (@OfNat.ofNat.{0} Nat (nat_lit 4) _)) Nat _
                          (@Finset.univ.{0} (Fin (@OfNat.ofNat.{0} Nat (nat_lit 4) _)) _)
                          fun (i : Fin (@OfNat.ofNat.{0} Nat (nat_lit 4) _)) => α i)
                        (@Finset.sum.{0, 0} (Fin (@OfNat.ofNat.{0} Nat (nat_lit 3) _)) Nat _
                          (@Finset.univ.{0} (Fin (@OfNat.ofNat.{0} Nat (nat_lit 3) _)) _)
                          fun (j : Fin (@OfNat.ofNat.{0} Nat (nat_lit 3) _)) => β j)))
                    (@MeasureTheory.integral.{0, 0}
                      (@TheoremT.Continuum.WeakGrushin.Space (Fin (@OfNat.ofNat.{0} Nat (nat_lit 3) _)) _) Complex _ _
                      (@MeasureTheory.MeasureSpace.toMeasurableSpace.{0}
                        (@TheoremT.Continuum.WeakGrushin.Space (Fin (@OfNat.ofNat.{0} Nat (nat_lit 3) _)) _) _)
                      (@MeasureTheory.MeasureSpace.volume.{0}
                        (@TheoremT.Continuum.WeakGrushin.Space (Fin (@OfNat.ofNat.{0} Nat (nat_lit 3) _)) _) _)
                      fun (p : @TheoremT.Continuum.WeakGrushin.Space (Fin (@OfNat.ofNat.{0} Nat (nat_lit 3) _)) _) =>
                      @HSMul.hSMul.{0, 0, 0} Real Complex Complex _
                        (@TheoremT.Continuum.WeakGrushin.productCoordinateTestWord
                          (Fin (@OfNat.ofNat.{0} Nat (nat_lit 3) _)) _ _ (TheoremT.Continuum.mixedMultiIndexWord α β) φ
                          p)
                        (@MeasureTheory.AEEqFun.cast.{0, 0}
                          (@TheoremT.Continuum.WeakGrushin.Space (Fin (@OfNat.ofNat.{0} Nat (nat_lit 3) _)) _) Complex _
                          (@MeasureTheory.MeasureSpace.volume.{0}
                            (@TheoremT.Continuum.WeakGrushin.Space (Fin (@OfNat.ofNat.{0} Nat (nat_lit 3) _)) _) _)
                          _
                          (@Subtype.val.{1}
                            (@MeasureTheory.AEEqFun.{0, 0}
                              (@TheoremT.Continuum.WeakGrushin.Space (Fin (@OfNat.ofNat.{0} Nat (nat_lit 3) _)) _)
                              Complex _ _
                              (@MeasureTheory.MeasureSpace.volume.{0}
                                (@TheoremT.Continuum.WeakGrushin.Space (Fin (@OfNat.ofNat.{0} Nat (nat_lit 3) _)) _) _))
                            (fun
                                (x :
                                  @MeasureTheory.AEEqFun.{0, 0}
                                    (@TheoremT.Continuum.WeakGrushin.Space (Fin (@OfNat.ofNat.{0} Nat (nat_lit 3) _)) _)
                                    Complex _ _
                                    (@MeasureTheory.MeasureSpace.volume.{0}
                                      (@TheoremT.Continuum.WeakGrushin.Space (Fin (@OfNat.ofNat.{0} Nat (nat_lit 3) _))
                                        _)
                                      _)) =>
                              @Membership.mem.{0, 0}
                                (@MeasureTheory.AEEqFun.{0, 0}
                                  (@TheoremT.Continuum.WeakGrushin.Space (Fin (@OfNat.ofNat.{0} Nat (nat_lit 3) _)) _)
                                  Complex _ _
                                  (@MeasureTheory.MeasureSpace.volume.{0}
                                    (@TheoremT.Continuum.WeakGrushin.Space (Fin (@OfNat.ofNat.{0} Nat (nat_lit 3) _)) _)
                                    _))
                                (@AddSubgroup.{0}
                                  (@MeasureTheory.AEEqFun.{0, 0}
                                    (@TheoremT.Continuum.WeakGrushin.Space (Fin (@OfNat.ofNat.{0} Nat (nat_lit 3) _)) _)
                                    Complex _ _
                                    (@MeasureTheory.MeasureSpace.volume.{0}
                                      (@TheoremT.Continuum.WeakGrushin.Space (Fin (@OfNat.ofNat.{0} Nat (nat_lit 3) _))
                                        _)
                                      _))
                                  _)
                                _
                                (@MeasureTheory.Lp.{0, 0}
                                  (@TheoremT.Continuum.WeakGrushin.Space (Fin (@OfNat.ofNat.{0} Nat (nat_lit 3) _)) _)
                                  Complex
                                  (@MeasureTheory.MeasureSpace.toMeasurableSpace.{0}
                                    (@TheoremT.Continuum.WeakGrushin.Space (Fin (@OfNat.ofNat.{0} Nat (nat_lit 3) _)) _)
                                    _)
                                  _ (@OfNat.ofNat.{0} ENNReal (nat_lit 2) _)
                                  (@MeasureTheory.MeasureSpace.volume.{0}
                                    (@TheoremT.Continuum.WeakGrushin.Space (Fin (@OfNat.ofNat.{0} Nat (nat_lit 3) _)) _)
                                    _))
                                x)
                            f)
                          p)))),
  And
    (∀ (α : Fin (@OfNat.ofNat.{0} Nat (nat_lit 4) _) → Nat) (β : Fin (@OfNat.ofNat.{0} Nat (nat_lit 3) _) → Nat),
      @LE.le.{0} Nat _
          (@HAdd.hAdd.{0, 0, 0} Nat Nat Nat _
            (@Finset.sum.{0, 0} (Fin (@OfNat.ofNat.{0} Nat (nat_lit 4) _)) Nat _
              (@Finset.univ.{0} (Fin (@OfNat.ofNat.{0} Nat (nat_lit 4) _)) _)
              fun (i : Fin (@OfNat.ofNat.{0} Nat (nat_lit 4) _)) => α i)
            (@Finset.sum.{0, 0} (Fin (@OfNat.ofNat.{0} Nat (nat_lit 3) _)) Nat _
              (@Finset.univ.{0} (Fin (@OfNat.ofNat.{0} Nat (nat_lit 3) _)) _)
              fun (j : Fin (@OfNat.ofNat.{0} Nat (nat_lit 3) _)) => β j))
          (@OfNat.ofNat.{0} Nat (nat_lit 2) _) →
        @MeasureTheory.MemLp.{0, 0} (@TheoremT.Continuum.WeakGrushin.Space (Fin (@OfNat.ofNat.{0} Nat (nat_lit 3) _)) _)
          Complex
          (@MeasureTheory.MeasureSpace.toMeasurableSpace.{0}
            (@TheoremT.Continuum.WeakGrushin.Space (Fin (@OfNat.ofNat.{0} Nat (nat_lit 3) _)) _) _)
          _ _ (D α β) (@OfNat.ofNat.{0} ENNReal (nat_lit 2) _)
          (@MeasureTheory.MeasureSpace.volume.{0}
            (@TheoremT.Continuum.WeakGrushin.Space (Fin (@OfNat.ofNat.{0} Nat (nat_lit 3) _)) _) _))
    (@Exists.{1}
      (TheoremT.Continuum.WeakGrushin.FactorialOuterIndex →
        @Subtype.{1}
          (@MeasureTheory.AEEqFun.{0, 0}
            (@TheoremT.Continuum.WeakGrushin.Space (Fin (@OfNat.ofNat.{0} Nat (nat_lit 3) _)) _) Complex _ _
            (@MeasureTheory.MeasureSpace.volume.{0}
              (@TheoremT.Continuum.WeakGrushin.Space (Fin (@OfNat.ofNat.{0} Nat (nat_lit 3) _)) _) _))
          fun
            (x :
              @MeasureTheory.AEEqFun.{0, 0}
                (@TheoremT.Continuum.WeakGrushin.Space (Fin (@OfNat.ofNat.{0} Nat (nat_lit 3) _)) _) Complex _ _
                (@MeasureTheory.MeasureSpace.volume.{0}
                  (@TheoremT.Continuum.WeakGrushin.Space (Fin (@OfNat.ofNat.{0} Nat (nat_lit 3) _)) _) _)) =>
          @Membership.mem.{0, 0}
            (@MeasureTheory.AEEqFun.{0, 0}
              (@TheoremT.Continuum.WeakGrushin.Space (Fin (@OfNat.ofNat.{0} Nat (nat_lit 3) _)) _) Complex _ _
              (@MeasureTheory.MeasureSpace.volume.{0}
                (@TheoremT.Continuum.WeakGrushin.Space (Fin (@OfNat.ofNat.{0} Nat (nat_lit 3) _)) _) _))
            (@AddSubgroup.{0}
              (@MeasureTheory.AEEqFun.{0, 0}
                (@TheoremT.Continuum.WeakGrushin.Space (Fin (@OfNat.ofNat.{0} Nat (nat_lit 3) _)) _) Complex _ _
                (@MeasureTheory.MeasureSpace.volume.{0}
                  (@TheoremT.Continuum.WeakGrushin.Space (Fin (@OfNat.ofNat.{0} Nat (nat_lit 3) _)) _) _))
              _)
            _
            (@MeasureTheory.Lp.{0, 0}
              (@TheoremT.Continuum.WeakGrushin.Space (Fin (@OfNat.ofNat.{0} Nat (nat_lit 3) _)) _) Complex
              (@MeasureTheory.MeasureSpace.toMeasurableSpace.{0}
                (@TheoremT.Continuum.WeakGrushin.Space (Fin (@OfNat.ofNat.{0} Nat (nat_lit 3) _)) _) _)
              _ (@OfNat.ofNat.{0} ENNReal (nat_lit 2) _)
              (@MeasureTheory.MeasureSpace.volume.{0}
                (@TheoremT.Continuum.WeakGrushin.Space (Fin (@OfNat.ofNat.{0} Nat (nat_lit 3) _)) _) _))
            x)
      fun
        (W :
          TheoremT.Continuum.WeakGrushin.FactorialOuterIndex →
            @Subtype.{1}
              (@MeasureTheory.AEEqFun.{0, 0}
                (@TheoremT.Continuum.WeakGrushin.Space (Fin (@OfNat.ofNat.{0} Nat (nat_lit 3) _)) _) Complex _ _
                (@MeasureTheory.MeasureSpace.volume.{0}
                  (@TheoremT.Continuum.WeakGrushin.Space (Fin (@OfNat.ofNat.{0} Nat (nat_lit 3) _)) _) _))
              fun
                (x :
                  @MeasureTheory.AEEqFun.{0, 0}
                    (@TheoremT.Continuum.WeakGrushin.Space (Fin (@OfNat.ofNat.{0} Nat (nat_lit 3) _)) _) Complex _ _
                    (@MeasureTheory.MeasureSpace.volume.{0}
                      (@TheoremT.Continuum.WeakGrushin.Space (Fin (@OfNat.ofNat.{0} Nat (nat_lit 3) _)) _) _)) =>
              @Membership.mem.{0, 0}
                (@MeasureTheory.AEEqFun.{0, 0}
                  (@TheoremT.Continuum.WeakGrushin.Space (Fin (@OfNat.ofNat.{0} Nat (nat_lit 3) _)) _) Complex _ _
                  (@MeasureTheory.MeasureSpace.volume.{0}
                    (@TheoremT.Continuum.WeakGrushin.Space (Fin (@OfNat.ofNat.{0} Nat (nat_lit 3) _)) _) _))
                (@AddSubgroup.{0}
                  (@MeasureTheory.AEEqFun.{0, 0}
                    (@TheoremT.Continuum.WeakGrushin.Space (Fin (@OfNat.ofNat.{0} Nat (nat_lit 3) _)) _) Complex _ _
                    (@MeasureTheory.MeasureSpace.volume.{0}
                      (@TheoremT.Continuum.WeakGrushin.Space (Fin (@OfNat.ofNat.{0} Nat (nat_lit 3) _)) _) _))
                  _)
                _
                (@MeasureTheory.Lp.{0, 0}
                  (@TheoremT.Continuum.WeakGrushin.Space (Fin (@OfNat.ofNat.{0} Nat (nat_lit 3) _)) _) Complex
                  (@MeasureTheory.MeasureSpace.toMeasurableSpace.{0}
                    (@TheoremT.Continuum.WeakGrushin.Space (Fin (@OfNat.ofNat.{0} Nat (nat_lit 3) _)) _) _)
                  _ (@OfNat.ofNat.{0} ENNReal (nat_lit 2) _)
                  (@MeasureTheory.MeasureSpace.volume.{0}
                    (@TheoremT.Continuum.WeakGrushin.Space (Fin (@OfNat.ofNat.{0} Nat (nat_lit 3) _)) _) _))
                x) =>
      And
        (@TheoremT.Continuum.WeakGrushin.FactorialOuterL2Rep
          (@MeasureTheory.MeasureSpace.volume.{0}
            (@TheoremT.Continuum.WeakGrushin.Space (Fin (@OfNat.ofNat.{0} Nat (nat_lit 3) _)) _) _)
          D W)
        (@LE.le.{0} Real _
          (@TheoremT.Continuum.WeakGrushin.factorialOuterNorm.{0}
            (@Subtype.{1}
              (@MeasureTheory.AEEqFun.{0, 0}
                (@TheoremT.Continuum.WeakGrushin.Space (Fin (@OfNat.ofNat.{0} Nat (nat_lit 3) _)) _) Complex _ _
                (@MeasureTheory.MeasureSpace.volume.{0}
                  (@TheoremT.Continuum.WeakGrushin.Space (Fin (@OfNat.ofNat.{0} Nat (nat_lit 3) _)) _) _))
              fun
                (x :
                  @MeasureTheory.AEEqFun.{0, 0}
                    (@TheoremT.Continuum.WeakGrushin.Space (Fin (@OfNat.ofNat.{0} Nat (nat_lit 3) _)) _) Complex _ _
                    (@MeasureTheory.MeasureSpace.volume.{0}
                      (@TheoremT.Continuum.WeakGrushin.Space (Fin (@OfNat.ofNat.{0} Nat (nat_lit 3) _)) _) _)) =>
              @Membership.mem.{0, 0}
                (@MeasureTheory.AEEqFun.{0, 0}
                  (@TheoremT.Continuum.WeakGrushin.Space (Fin (@OfNat.ofNat.{0} Nat (nat_lit 3) _)) _) Complex _ _
                  (@MeasureTheory.MeasureSpace.volume.{0}
                    (@TheoremT.Continuum.WeakGrushin.Space (Fin (@OfNat.ofNat.{0} Nat (nat_lit 3) _)) _) _))
                (@AddSubgroup.{0}
                  (@MeasureTheory.AEEqFun.{0, 0}
                    (@TheoremT.Continuum.WeakGrushin.Space (Fin (@OfNat.ofNat.{0} Nat (nat_lit 3) _)) _) Complex _ _
                    (@MeasureTheory.MeasureSpace.volume.{0}
                      (@TheoremT.Continuum.WeakGrushin.Space (Fin (@OfNat.ofNat.{0} Nat (nat_lit 3) _)) _) _))
                  _)
                _
                (@MeasureTheory.Lp.{0, 0}
                  (@TheoremT.Continuum.WeakGrushin.Space (Fin (@OfNat.ofNat.{0} Nat (nat_lit 3) _)) _) Complex
                  (@MeasureTheory.MeasureSpace.toMeasurableSpace.{0}
                    (@TheoremT.Continuum.WeakGrushin.Space (Fin (@OfNat.ofNat.{0} Nat (nat_lit 3) _)) _) _)
                  _ (@OfNat.ofNat.{0} ENNReal (nat_lit 2) _)
                  (@MeasureTheory.MeasureSpace.volume.{0}
                    (@TheoremT.Continuum.WeakGrushin.Space (Fin (@OfNat.ofNat.{0} Nat (nat_lit 3) _)) _) _))
                x)
            _ W)
          (@HMul.hMul.{0, 0, 0} Real Real Real _
            (@HMul.hMul.{0, 0, 0} Real Real Real _
              (@HMul.hMul.{0, 0, 0} Real Real Real _ (@OfNat.ofNat.{0} Real (nat_lit 498) _)
                (@HPow.hPow.{0, 0, 0} Real Nat Real _ S (@OfNat.ofNat.{0} Nat (nat_lit 2) _)))
              (@HAdd.hAdd.{0, 0, 0} Real Real Real _
                (@HAdd.hAdd.{0, 0, 0} Real Real Real _
                  (@HAdd.hAdd.{0, 0, 0} Real Real Real _
                    (@HMul.hMul.{0, 0, 0} Real Real Real _ (@OfNat.ofNat.{0} Real (nat_lit 4) _)
                      (@HPow.hPow.{0, 0, 0} Real Nat Real _ R (@OfNat.ofNat.{0} Nat (nat_lit 2) _)))
                    (@HMul.hMul.{0, 0, 0} Real Real Real _ (@OfNat.ofNat.{0} Real (nat_lit 2) _) R))
                  (@OfNat.ofNat.{0} Real (nat_lit 2) _))
                (@HDiv.hDiv.{0, 0, 0} Real Real Real _ (@OfNat.ofNat.{0} Real (nat_lit 2) _) c)))
            (@Norm.norm.{0}
              (@Subtype.{1}
                (@MeasureTheory.AEEqFun.{0, 0}
                  (@TheoremT.Continuum.WeakGrushin.Space (Fin (@OfNat.ofNat.{0} Nat (nat_lit 3) _)) _) Complex _ _
                  (@MeasureTheory.MeasureSpace.volume.{0}
                    (@TheoremT.Continuum.WeakGrushin.Space (Fin (@OfNat.ofNat.{0} Nat (nat_lit 3) _)) _) _))
                fun
                  (x :
                    @MeasureTheory.AEEqFun.{0, 0}
                      (@TheoremT.Continuum.WeakGrushin.Space (Fin (@OfNat.ofNat.{0} Nat (nat_lit 3) _)) _) Complex _ _
                      (@MeasureTheory.MeasureSpace.volume.{0}
                        (@TheoremT.Continuum.WeakGrushin.Space (Fin (@OfNat.ofNat.{0} Nat (nat_lit 3) _)) _) _)) =>
                @Membership.mem.{0, 0}
                  (@MeasureTheory.AEEqFun.{0, 0}
                    (@TheoremT.Continuum.WeakGrushin.Space (Fin (@OfNat.ofNat.{0} Nat (nat_lit 3) _)) _) Complex _ _
                    (@MeasureTheory.MeasureSpace.volume.{0}
                      (@TheoremT.Continuum.WeakGrushin.Space (Fin (@OfNat.ofNat.{0} Nat (nat_lit 3) _)) _) _))
                  (@AddSubgroup.{0}
                    (@MeasureTheory.AEEqFun.{0, 0}
                      (@TheoremT.Continuum.WeakGrushin.Space (Fin (@OfNat.ofNat.{0} Nat (nat_lit 3) _)) _) Complex _ _
                      (@MeasureTheory.MeasureSpace.volume.{0}
                        (@TheoremT.Continuum.WeakGrushin.Space (Fin (@OfNat.ofNat.{0} Nat (nat_lit 3) _)) _) _))
                    _)
                  _
                  (@MeasureTheory.Lp.{0, 0}
                    (@TheoremT.Continuum.WeakGrushin.Space (Fin (@OfNat.ofNat.{0} Nat (nat_lit 3) _)) _) Complex
                    (@MeasureTheory.MeasureSpace.toMeasurableSpace.{0}
                      (@TheoremT.Continuum.WeakGrushin.Space (Fin (@OfNat.ofNat.{0} Nat (nat_lit 3) _)) _) _)
                    _ (@OfNat.ofNat.{0} ENNReal (nat_lit 2) _)
                    (@MeasureTheory.MeasureSpace.volume.{0}
                      (@TheoremT.Continuum.WeakGrushin.Space (Fin (@OfNat.ofNat.{0} Nat (nat_lit 3) _)) _) _))
                  x)
              _ h))))
'TheoremT.Continuum.WeakGrushin.compact_weak_grushin_outer_raw_family_bound' depends on axioms: [propext,
 Classical.choice,
 Quot.sound]
